
> test
> jest

  console.error
    Error loading test-page page Error: Content loading failed
        at Object.<anonymous> (/Users/todddunning/Desktop/Z-Beam/z-beam-test-push/tests/components/UniversalPage.test.tsx:82:42)
        at Promise.finally.completed (/Users/todddunning/Desktop/Z-Beam/z-beam-test-push/node_modules/jest-circus/build/jestAdapterInit.js:1556:28)
        at new Promise (<anonymous>)
        at callAsyncCircusFn (/Users/todddunning/Desktop/Z-Beam/z-beam-test-push/node_modules/jest-circus/build/jestAdapterInit.js:1496:10)
        at _callCircusTest (/Users/todddunning/Desktop/Z-Beam/z-beam-test-push/node_modules/jest-circus/build/jestAdapterInit.js:1006:40)
        at _runTest (/Users/todddunning/Desktop/Z-Beam/z-beam-test-push/node_modules/jest-circus/build/jestAdapterInit.js:946:3)
        at _runTestsForDescribeBlock (/Users/todddunning/Desktop/Z-Beam/z-beam-test-push/node_modules/jest-circus/build/jestAdapterInit.js:839:13)
        at _runTestsForDescribeBlock (/Users/todddunning/Desktop/Z-Beam/z-beam-test-push/node_modules/jest-circus/build/jestAdapterInit.js:829:11)
        at _runTestsForDescribeBlock (/Users/todddunning/Desktop/Z-Beam/z-beam-test-push/node_modules/jest-circus/build/jestAdapterInit.js:829:11)
        at run (/Users/todddunning/Desktop/Z-Beam/z-beam-test-push/node_modules/jest-circus/build/jestAdapterInit.js:757:3)
        at runAndTransformResultsToJestFormat (/Users/todddunning/Desktop/Z-Beam/z-beam-test-push/node_modules/jest-circus/build/jestAdapterInit.js:1917:21)
        at jestAdapter (/Users/todddunning/Desktop/Z-Beam/z-beam-test-push/node_modules/jest-circus/build/runner.js:101:19)
        at runTestInternal (/Users/todddunning/Desktop/Z-Beam/z-beam-test-push/node_modules/jest-runner/build/testWorker.js:275:16)
        at runTest (/Users/todddunning/Desktop/Z-Beam/z-beam-test-push/node_modules/jest-runner/build/testWorker.js:343:7)
        at Object.worker (/Users/todddunning/Desktop/Z-Beam/z-beam-test-push/node_modules/jest-runner/build/testWorker.js:497:12)

      70 |     );
      71 |   } catch (error) {
    > 72 |     console.error(`Error loading ${slug} page`, error);
         |             ^
      73 |     
      74 |     return (
      75 |       <div className={CONTAINER_STYLES.standard}>

      at error (app/components/Templates/UniversalPage.tsx:72:13)
      at Object.<anonymous> (tests/components/UniversalPage.test.tsx:84:22)

  console.error
    Error loading missing-page page Error: File not found
        at Object.<anonymous> (/Users/todddunning/Desktop/Z-Beam/z-beam-test-push/tests/components/UniversalPage.test.tsx:137:40)
        at Promise.finally.completed (/Users/todddunning/Desktop/Z-Beam/z-beam-test-push/node_modules/jest-circus/build/jestAdapterInit.js:1556:28)
        at new Promise (<anonymous>)
        at callAsyncCircusFn (/Users/todddunning/Desktop/Z-Beam/z-beam-test-push/node_modules/jest-circus/build/jestAdapterInit.js:1496:10)
        at _callCircusTest (/Users/todddunning/Desktop/Z-Beam/z-beam-test-push/node_modules/jest-circus/build/jestAdapterInit.js:1006:40)
        at _runTest (/Users/todddunning/Desktop/Z-Beam/z-beam-test-push/node_modules/jest-circus/build/jestAdapterInit.js:946:3)
        at _runTestsForDescribeBlock (/Users/todddunning/Desktop/Z-Beam/z-beam-test-push/node_modules/jest-circus/build/jestAdapterInit.js:839:13)
        at _runTestsForDescribeBlock (/Users/todddunning/Desktop/Z-Beam/z-beam-test-push/node_modules/jest-circus/build/jestAdapterInit.js:829:11)
        at _runTestsForDescribeBlock (/Users/todddunning/Desktop/Z-Beam/z-beam-test-push/node_modules/jest-circus/build/jestAdapterInit.js:829:11)
        at run (/Users/todddunning/Desktop/Z-Beam/z-beam-test-push/node_modules/jest-circus/build/jestAdapterInit.js:757:3)
        at runAndTransformResultsToJestFormat (/Users/todddunning/Desktop/Z-Beam/z-beam-test-push/node_modules/jest-circus/build/jestAdapterInit.js:1917:21)
        at jestAdapter (/Users/todddunning/Desktop/Z-Beam/z-beam-test-push/node_modules/jest-circus/build/runner.js:101:19)
        at runTestInternal (/Users/todddunning/Desktop/Z-Beam/z-beam-test-push/node_modules/jest-runner/build/testWorker.js:275:16)
        at runTest (/Users/todddunning/Desktop/Z-Beam/z-beam-test-push/node_modules/jest-runner/build/testWorker.js:343:7)
        at Object.worker (/Users/todddunning/Desktop/Z-Beam/z-beam-test-push/node_modules/jest-runner/build/testWorker.js:497:12)

      70 |     );
      71 |   } catch (error) {
    > 72 |     console.error(`Error loading ${slug} page`, error);
         |             ^
      73 |     
      74 |     return (
      75 |       <div className={CONTAINER_STYLES.standard}>

      at error (app/components/Templates/UniversalPage.tsx:72:13)
      at Object.<anonymous> (tests/components/UniversalPage.test.tsx:139:22)

  console.error
    Error loading invalid-config page Error: Either useContentAPI must be true or markdownPath must be provided
        at UniversalPageComponent (/Users/todddunning/Desktop/Z-Beam/z-beam-test-push/app/components/Templates/UniversalPage.tsx:59:13)
        at Object.<anonymous> (/Users/todddunning/Desktop/Z-Beam/z-beam-test-push/tests/components/UniversalPage.test.tsx:154:41)
        at Promise.finally.completed (/Users/todddunning/Desktop/Z-Beam/z-beam-test-push/node_modules/jest-circus/build/jestAdapterInit.js:1556:28)
        at new Promise (<anonymous>)
        at callAsyncCircusFn (/Users/todddunning/Desktop/Z-Beam/z-beam-test-push/node_modules/jest-circus/build/jestAdapterInit.js:1496:10)
        at _callCircusTest (/Users/todddunning/Desktop/Z-Beam/z-beam-test-push/node_modules/jest-circus/build/jestAdapterInit.js:1006:40)
        at _runTest (/Users/todddunning/Desktop/Z-Beam/z-beam-test-push/node_modules/jest-circus/build/jestAdapterInit.js:946:3)
        at _runTestsForDescribeBlock (/Users/todddunning/Desktop/Z-Beam/z-beam-test-push/node_modules/jest-circus/build/jestAdapterInit.js:839:13)
        at _runTestsForDescribeBlock (/Users/todddunning/Desktop/Z-Beam/z-beam-test-push/node_modules/jest-circus/build/jestAdapterInit.js:829:11)
        at _runTestsForDescribeBlock (/Users/todddunning/Desktop/Z-Beam/z-beam-test-push/node_modules/jest-circus/build/jestAdapterInit.js:829:11)
        at run (/Users/todddunning/Desktop/Z-Beam/z-beam-test-push/node_modules/jest-circus/build/jestAdapterInit.js:757:3)
        at runAndTransformResultsToJestFormat (/Users/todddunning/Desktop/Z-Beam/z-beam-test-push/node_modules/jest-circus/build/jestAdapterInit.js:1917:21)
        at jestAdapter (/Users/todddunning/Desktop/Z-Beam/z-beam-test-push/node_modules/jest-circus/build/runner.js:101:19)
        at runTestInternal (/Users/todddunning/Desktop/Z-Beam/z-beam-test-push/node_modules/jest-runner/build/testWorker.js:275:16)
        at runTest (/Users/todddunning/Desktop/Z-Beam/z-beam-test-push/node_modules/jest-runner/build/testWorker.js:343:7)
        at Object.worker (/Users/todddunning/Desktop/Z-Beam/z-beam-test-push/node_modules/jest-runner/build/testWorker.js:497:12)

      70 |     );
      71 |   } catch (error) {
    > 72 |     console.error(`Error loading ${slug} page`, error);
         |             ^
      73 |     
      74 |     return (
      75 |       <div className={CONTAINER_STYLES.standard}>

      at error (app/components/Templates/UniversalPage.tsx:72:13)
      at Object.<anonymous> (tests/components/UniversalPage.test.tsx:154:41)

  console.error
    Error loading error-page page Error: Test error
        at Object.<anonymous> (/Users/todddunning/Desktop/Z-Beam/z-beam-test-push/tests/components/UniversalPage.test.tsx:166:42)
        at Promise.finally.completed (/Users/todddunning/Desktop/Z-Beam/z-beam-test-push/node_modules/jest-circus/build/jestAdapterInit.js:1556:28)
        at new Promise (<anonymous>)
        at callAsyncCircusFn (/Users/todddunning/Desktop/Z-Beam/z-beam-test-push/node_modules/jest-circus/build/jestAdapterInit.js:1496:10)
        at _callCircusTest (/Users/todddunning/Desktop/Z-Beam/z-beam-test-push/node_modules/jest-circus/build/jestAdapterInit.js:1006:40)
        at _runTest (/Users/todddunning/Desktop/Z-Beam/z-beam-test-push/node_modules/jest-circus/build/jestAdapterInit.js:946:3)
        at _runTestsForDescribeBlock (/Users/todddunning/Desktop/Z-Beam/z-beam-test-push/node_modules/jest-circus/build/jestAdapterInit.js:839:13)
        at _runTestsForDescribeBlock (/Users/todddunning/Desktop/Z-Beam/z-beam-test-push/node_modules/jest-circus/build/jestAdapterInit.js:829:11)
        at _runTestsForDescribeBlock (/Users/todddunning/Desktop/Z-Beam/z-beam-test-push/node_modules/jest-circus/build/jestAdapterInit.js:829:11)
        at run (/Users/todddunning/Desktop/Z-Beam/z-beam-test-push/node_modules/jest-circus/build/jestAdapterInit.js:757:3)
        at runAndTransformResultsToJestFormat (/Users/todddunning/Desktop/Z-Beam/z-beam-test-push/node_modules/jest-circus/build/jestAdapterInit.js:1917:21)
        at jestAdapter (/Users/todddunning/Desktop/Z-Beam/z-beam-test-push/node_modules/jest-circus/build/runner.js:101:19)
        at runTestInternal (/Users/todddunning/Desktop/Z-Beam/z-beam-test-push/node_modules/jest-runner/build/testWorker.js:275:16)
        at runTest (/Users/todddunning/Desktop/Z-Beam/z-beam-test-push/node_modules/jest-runner/build/testWorker.js:343:7)
        at Object.worker (/Users/todddunning/Desktop/Z-Beam/z-beam-test-push/node_modules/jest-runner/build/testWorker.js:497:12)

      70 |     );
      71 |   } catch (error) {
    > 72 |     console.error(`Error loading ${slug} page`, error);
         |             ^
      73 |     
      74 |     return (
      75 |       <div className={CONTAINER_STYLES.standard}>

      at error (app/components/Templates/UniversalPage.tsx:72:13)
      at Object.<anonymous> (tests/components/UniversalPage.test.tsx:168:22)

FAIL jsdom tests/components/UniversalPage.test.tsx
  UniversalPage
    contentAPI strategy
      ✓ should render with contentAPI data successfully (42 ms)
      ✓ should handle contentAPI loading errors gracefully (92 ms)
    markdown file strategy
      ✓ should render with markdown file data successfully (13 ms)
      ✓ should handle markdown file loading errors gracefully (18 ms)
    validation and error handling
      ✓ should throw error when neither contentAPI nor markdownPath is provided (34 ms)
      ✓ should use default error messages when not provided (7 ms)
    props validation
      ✓ should handle optional props correctly (4 ms)
      ✓ should prioritize passed title over metadata title (3 ms)
  createPageComponent
    ✓ should create a page component with given configuration (5 ms)
  pageConfigs
    ✕ should have predefined configurations for common pages (7 ms)
    ✓ should have all required fields for each config (3 ms)
  Integration with LayoutSystem
    ✓ should pass correct props to UniversalLayout (6 ms)

  ● pageConfigs › should have predefined configurations for common pages

    expect(received).toEqual(expected) // deep equality

    - Expected  - 0
    + Received  + 1

      Object {
        "description": StringContaining "Z-Beam's mission",
    +   "showHero": true,
        "slug": "about",
        "title": "About Z-Beam",
        "useContentAPI": true,
      }

      254 | describe('pageConfigs', () => {
      255 |   it('should have predefined configurations for common pages', () => {
    > 256 |     expect(pageConfigs.about).toEqual({
          |                               ^
      257 |       slug: 'about',
      258 |       title: 'About Z-Beam',
      259 |       description: expect.stringContaining('Z-Beam\'s mission'),

      at Object.toEqual (tests/components/UniversalPage.test.tsx:256:31)

  console.error
    Warning: Received `false` for a non-boolean attribute `priority`.
    
    If you want to write it to the DOM, pass a string instead: priority="false" or priority={value.toString()}.
    
    If you used to conditionally omit it with priority={condition && value}, pass priority={condition ? value : undefined} instead.
        at img
        at default
        at div
        at figure
        at div
        at section
        at frontmatter (/Users/todddunning/Desktop/Z-Beam/z-beam-test-push/app/components/Caption/Caption.tsx:13:27)

      23 |   describe('WCAG 2.1 AA Compliance', () => {
      24 |     test('implements complete semantic HTML structure', () => {
    > 25 |       render(<Caption frontmatter={{ caption: mockData }} />);
         |             ^
      26 |       
      27 |       // Main container is semantic section with region role
      28 |       const mainSection = screen.getByRole('region');

      at printWarning (node_modules/react-dom/cjs/react-dom.development.js:86:30)
      at error (node_modules/react-dom/cjs/react-dom.development.js:60:7)
      at validateProperty$1 (node_modules/react-dom/cjs/react-dom.development.js:3767:9)
      at warnUnknownProperties (node_modules/react-dom/cjs/react-dom.development.js:3803:21)
      at validateProperties$2 (node_modules/react-dom/cjs/react-dom.development.js:3827:3)
      at validatePropertiesInDevelopment (node_modules/react-dom/cjs/react-dom.development.js:9541:5)
      at setInitialProperties (node_modules/react-dom/cjs/react-dom.development.js:9830:5)
      at finalizeInitialChildren (node_modules/react-dom/cjs/react-dom.development.js:10950:3)
      at completeWork (node_modules/react-dom/cjs/react-dom.development.js:22232:17)
      at completeUnitOfWork (node_modules/react-dom/cjs/react-dom.development.js:26632:16)
      at performUnitOfWork (node_modules/react-dom/cjs/react-dom.development.js:26607:5)
      at workLoopSync (node_modules/react-dom/cjs/react-dom.development.js:26505:5)
      at renderRootSync (node_modules/react-dom/cjs/react-dom.development.js:26473:7)
      at performConcurrentWorkOnRoot (node_modules/react-dom/cjs/react-dom.development.js:25777:74)
      at flushActQueue (node_modules/react/cjs/react.development.js:2667:24)
      at act (node_modules/react/cjs/react.development.js:2582:11)
      at node_modules/@testing-library/react/dist/act-compat.js:47:25
      at renderRoot (node_modules/@testing-library/react/dist/pure.js:190:26)
      at render (node_modules/@testing-library/react/dist/pure.js:292:10)
      at Object.<anonymous> (tests/accessibility/Caption.comprehensive.test.tsx:25:13)

FAIL jsdom tests/accessibility/Caption.semantic-enhancement.test.tsx
  Caption Semantic Enhancement Tests
    Quality Metrics Semantic Enhancement
      ✕ implements comprehensive data attributes for quality metrics (31 ms)
      ✕ calculates precision correctly for quality metrics (5 ms)
      ✕ calculates magnitude correctly for quality metrics (4 ms)
      ✕ provides consistent property naming (4 ms)
    Material Context Integration
      ✓ includes material information in data attributes (3 ms)
      ✓ handles different material names correctly (4 ms)
      ✓ handles missing material gracefully (2 ms)
    Schema.org Integration for Surface Analysis
      ✕ implements structured data for surface analysis context (3 ms)
      ✓ provides complete property value structure (3 ms)
    SEO Enhancement for Surface Analysis
      ✕ enables surface analysis specific queries (3 ms)
      ✕ supports material-specific property searches (3 ms)
      ✕ enables precision-based filtering (3 ms)
      ✕ enables magnitude-based classification (3 ms)
    Accessibility Integration with Semantic Enhancement
      ✕ maintains accessibility while adding semantic attributes (101 ms)
      ✕ screen reader descriptions include semantic context (4 ms)
    Performance with Enhanced Markup
      ✓ renders enhanced quality metrics efficiently (1 ms)
      ✓ maintains reasonable markup size with enhancements (1 ms)
    Edge Cases and Error Handling
      ✓ handles empty quality metrics gracefully (2 ms)
      ✕ handles null/undefined quality metric values (2 ms)
      ✕ handles non-numeric quality metric values (2 ms)

  ● Caption Semantic Enhancement Tests › Quality Metrics Semantic Enhancement › implements comprehensive data attributes for quality metrics

    expect(received).toBe(expected) // Object.is equality

    Expected: 7
    Received: 0

      32 |       // Find quality metric data elements
      33 |       const metricDataElements = container.querySelectorAll('data[data-metric-type="quality_measurement"]');
    > 34 |       expect(metricDataElements.length).toBe(7); // Number of quality metrics
         |                                         ^
      35 |       
      36 |       metricDataElements.forEach((element: Element) => {
      37 |         expect(element).toHaveAttribute('data-metric-type', 'quality_measurement');

      at Object.toBe (tests/accessibility/Caption.semantic-enhancement.test.tsx:34:41)

  ● Caption Semantic Enhancement Tests › Quality Metrics Semantic Enhancement › calculates precision correctly for quality metrics

    expect(received).toHaveAttribute()

    received value must be an HTMLElement or an SVGElement.
    Received has value: null

      48 |       // Check specific precision calculations
      49 |       const roughnessRaElement = container.querySelector('data[data-property="surface_roughness_ra"]');
    > 50 |       expect(roughnessRaElement).toHaveAttribute('data-precision', '1'); // 0.8 has 1 decimal place
         |                                  ^
      51 |       
      52 |       const thermalElement = container.querySelector('data[data-property="thermal_conductivity"]');
      53 |       expect(thermalElement).toHaveAttribute('data-precision', '0'); // 167 has 0 decimal places

      at __EXTERNAL_MATCHER_TRAP__ (node_modules/expect/build/index.js:2240:22)
      at Object.throwingMatcher (node_modules/expect/build/index.js:2241:6)
      at Object.toHaveAttribute (tests/accessibility/Caption.semantic-enhancement.test.tsx:50:34)

  ● Caption Semantic Enhancement Tests › Quality Metrics Semantic Enhancement › calculates magnitude correctly for quality metrics

    expect(received).toHaveAttribute()

    received value must be an HTMLElement or an SVGElement.
    Received has value: null

      62 |       // Check magnitude classifications
      63 |       const roughnessElement = container.querySelector('data[data-property="surface_roughness_ra"]');
    > 64 |       expect(roughnessElement).toHaveAttribute('data-magnitude', 'low'); // 0.8 < 1
         |                                ^
      65 |       
      66 |       const thermalElement = container.querySelector('data[data-property="thermal_conductivity"]');
      67 |       expect(thermalElement).toHaveAttribute('data-magnitude', 'high'); // 167 >= 100

      at __EXTERNAL_MATCHER_TRAP__ (node_modules/expect/build/index.js:2240:22)
      at Object.throwingMatcher (node_modules/expect/build/index.js:2241:6)
      at Object.toHaveAttribute (tests/accessibility/Caption.semantic-enhancement.test.tsx:64:32)

  ● Caption Semantic Enhancement Tests › Quality Metrics Semantic Enhancement › provides consistent property naming

    expect(received).toBeInTheDocument()

    received value must be an HTMLElement or an SVGElement.
    Received has value: null

      86 |       expectedProperties.forEach(property => {
      87 |         const element = container.querySelector(`data[data-property="${property}"]`);
    > 88 |         expect(element).toBeInTheDocument();
         |                         ^
      89 |         expect(element).toHaveAttribute('data-context', 'surface_analysis');
      90 |       });
      91 |     });

      at __EXTERNAL_MATCHER_TRAP__ (node_modules/expect/build/index.js:2240:22)
      at Object.throwingMatcher [as toBeInTheDocument] (node_modules/expect/build/index.js:2241:6)
      at toBeInTheDocument (tests/accessibility/Caption.semantic-enhancement.test.tsx:88:25)
          at Array.forEach (<anonymous>)
      at Object.forEach (tests/accessibility/Caption.semantic-enhancement.test.tsx:86:26)

  ● Caption Semantic Enhancement Tests › Schema.org Integration for Surface Analysis › implements structured data for surface analysis context

    expect(received).toBeGreaterThan(expected)

    Expected: > 0
    Received:   0

      135 |       // Check for Schema.org PropertyValue integration
      136 |       const schemaElements = container.querySelectorAll('[itemType="https://schema.org/PropertyValue"]');
    > 137 |       expect(schemaElements.length).toBeGreaterThan(0);
          |                                     ^
      138 |       
      139 |       schemaElements.forEach((element: Element) => {
      140 |         expect(element).toHaveAttribute('itemProp', 'value');

      at Object.toBeGreaterThan (tests/accessibility/Caption.semantic-enhancement.test.tsx:137:37)

  ● Caption Semantic Enhancement Tests › SEO Enhancement for Surface Analysis › enables surface analysis specific queries

    expect(received).toBe(expected) // Object.is equality

    Expected: 7
    Received: 0

      164 |       // All quality metrics should be queryable by surface analysis context
      165 |       const surfaceAnalysisElements = container.querySelectorAll('[data-context="surface_analysis"]');
    > 166 |       expect(surfaceAnalysisElements.length).toBe(7); // All quality metrics
          |                                              ^
      167 |       
      168 |       surfaceAnalysisElements.forEach((element: Element) => {
      169 |         expect(element).toHaveAttribute('data-metric-type', 'quality_measurement');

      at Object.toBe (tests/accessibility/Caption.semantic-enhancement.test.tsx:166:46)

  ● Caption Semantic Enhancement Tests › SEO Enhancement for Surface Analysis › supports material-specific property searches

    expect(received).toBeGreaterThan(expected)

    Expected: > 0
    Received:   0

      176 |       // Should be able to query for aluminum-specific properties
      177 |       const aluminumElements = container.querySelectorAll('[data-material*="Aluminum"]');
    > 178 |       expect(aluminumElements.length).toBeGreaterThan(0);
          |                                       ^
      179 |       
      180 |       aluminumElements.forEach((element: Element) => {
      181 |         expect(element).toHaveAttribute('data-context', 'surface_analysis');

      at Object.toBeGreaterThan (tests/accessibility/Caption.semantic-enhancement.test.tsx:178:39)

  ● Caption Semantic Enhancement Tests › SEO Enhancement for Surface Analysis › enables precision-based filtering

    expect(received).toBeGreaterThan(expected)

    Expected: > 0
    Received:   0

      190 |       const lowPrecisionElements = container.querySelectorAll('[data-precision="0"]');
      191 |       
    > 192 |       expect(highPrecisionElements.length).toBeGreaterThan(0);
          |                                            ^
      193 |       expect(lowPrecisionElements.length).toBeGreaterThan(0);
      194 |     });
      195 |

      at Object.toBeGreaterThan (tests/accessibility/Caption.semantic-enhancement.test.tsx:192:44)

  ● Caption Semantic Enhancement Tests › SEO Enhancement for Surface Analysis › enables magnitude-based classification

    expect(received).toBeGreaterThan(expected)

    Expected: > 0
    Received:   0

      202 |       const highMagnitudeElements = container.querySelectorAll('[data-magnitude="high"]');
      203 |       
    > 204 |       expect(lowMagnitudeElements.length).toBeGreaterThan(0);
          |                                           ^
      205 |       expect(mediumMagnitudeElements.length).toBeGreaterThan(0);
      206 |       expect(highMagnitudeElements.length).toBeGreaterThan(0);
      207 |     });

      at Object.toBeGreaterThan (tests/accessibility/Caption.semantic-enhancement.test.tsx:204:43)

  ● Caption Semantic Enhancement Tests › Accessibility Integration with Semantic Enhancement › maintains accessibility while adding semantic attributes

    TestingLibraryElementError: Unable to find an accessible element with the role "region"

    There are no accessible roles. But there might be some inaccessible roles. If you wish to access them, then set the `hidden` option to `true`. Learn more about this here: https://testing-library.com/docs/dom-testing-library/api-queries#byrole

    Ignored nodes: comments, script, style
    [36m<body>[39m
      [36m<div />[39m
    [36m</body>[39m

      213 |       
      214 |       // Should still have all accessibility features
    > 215 |       const mainSection = screen.getByRole('region');
          |                                  ^
      216 |       expect(mainSection).toHaveAttribute('aria-labelledby');
      217 |       expect(mainSection).toHaveAttribute('aria-describedby');
      218 |       

      at Object.getElementError (node_modules/@testing-library/dom/dist/config.js:37:19)
      at node_modules/@testing-library/dom/dist/query-helpers.js:76:38
      at node_modules/@testing-library/dom/dist/query-helpers.js:52:17
      at node_modules/@testing-library/dom/dist/query-helpers.js:95:19
      at Object.getByRole (tests/accessibility/Caption.semantic-enhancement.test.tsx:215:34)

  ● Caption Semantic Enhancement Tests › Accessibility Integration with Semantic Enhancement › screen reader descriptions include semantic context

    TestingLibraryElementError: Unable to find an element with the text: /Metric:.*Value:/. This could be because the text is broken up by multiple elements. In this case, you can provide a function for your text matcher to make your matcher more flexible.

    Ignored nodes: comments, script, style
    [36m<body>[39m
      [36m<div />[39m
    [36m</body>[39m

      228 |       
      229 |       // Hidden descriptions should include comprehensive context
    > 230 |       const descriptions = screen.getAllByText(/Metric:.*Value:/);
          |                                   ^
      231 |       expect(descriptions.length).toBeGreaterThan(0);
      232 |       
      233 |       descriptions.forEach(desc => {

      at Object.getElementError (node_modules/@testing-library/dom/dist/config.js:37:19)
      at node_modules/@testing-library/dom/dist/query-helpers.js:76:38
      at node_modules/@testing-library/dom/dist/query-helpers.js:109:15
      at Object.getAllByText (tests/accessibility/Caption.semantic-enhancement.test.tsx:230:35)

  ● Caption Semantic Enhancement Tests › Edge Cases and Error Handling › handles null/undefined quality metric values

    expect(received).toBe(expected) // Object.is equality

    Expected: 1
    Received: 0

      285 |       // Should only render valid metrics
      286 |       const metricElements = container.querySelectorAll('[data-metric-type="quality_measurement"]');
    > 287 |       expect(metricElements.length).toBe(1); // Only valid_metric
          |                                     ^
      288 |     });
      289 |
      290 |     test('handles non-numeric quality metric values', () => {

      at Object.toBe (tests/accessibility/Caption.semantic-enhancement.test.tsx:287:37)

  ● Caption Semantic Enhancement Tests › Edge Cases and Error Handling › handles non-numeric quality metric values

    expect(received).toBe(expected) // Object.is equality

    Expected: 3
    Received: 0

      302 |       // Should handle string values appropriately
      303 |       const metricElements = container.querySelectorAll('[data-metric-type="quality_measurement"]');
    > 304 |       expect(metricElements.length).toBe(3);
          |                                     ^
      305 |       
      306 |       // String values should have different magnitude classification
      307 |       const excellentElement = container.querySelector('[data-property="surface_condition"]');

      at Object.toBe (tests/accessibility/Caption.semantic-enhancement.test.tsx:304:37)

  console.warn
    Failed to parse YAML for aluminum-laser-cleaning: YAMLParseError: Unexpected scalar at node end at line 110, column 61:
    
    …NIST Standard Reference Database 120: 'Thermophysical Properties of Materials …
                                            ^^^^^^^^^^^^^^^^^^^^^^^^^^^^^^^^^^^^^^^^
    
        at Composer.onError (/Users/todddunning/Desktop/Z-Beam/z-beam-test-push/node_modules/yaml/dist/compose/composer.js:70:34)
        at Object.resolveEnd (/Users/todddunning/Desktop/Z-Beam/z-beam-test-push/node_modules/yaml/dist/compose/resolve-end.js:31:21)
        at Object.resolveFlowScalar (/Users/todddunning/Desktop/Z-Beam/z-beam-test-push/node_modules/yaml/dist/compose/resolve-flow-scalar.js:35:27)
        at Object.composeScalar (/Users/todddunning/Desktop/Z-Beam/z-beam-test-push/node_modules/yaml/dist/compose/compose-scalar.js:11:29)
        at composeNode (/Users/todddunning/Desktop/Z-Beam/z-beam-test-push/node_modules/yaml/dist/compose/compose-node.js:26:34)
        at Object.resolveBlockMap (/Users/todddunning/Desktop/Z-Beam/z-beam-test-push/node_modules/yaml/dist/compose/resolve-block-map.js:85:19)
        at resolveCollection (/Users/todddunning/Desktop/Z-Beam/z-beam-test-push/node_modules/yaml/dist/compose/compose-collection.js:13:27)
        at Object.composeCollection (/Users/todddunning/Desktop/Z-Beam/z-beam-test-push/node_modules/yaml/dist/compose/compose-collection.js:59:16)
        at composeNode (/Users/todddunning/Desktop/Z-Beam/z-beam-test-push/node_modules/yaml/dist/compose/compose-node.js:33:38)
        at Object.resolveBlockMap (/Users/todddunning/Desktop/Z-Beam/z-beam-test-push/node_modules/yaml/dist/compose/resolve-block-map.js:85:19)
        at resolveCollection (/Users/todddunning/Desktop/Z-Beam/z-beam-test-push/node_modules/yaml/dist/compose/compose-collection.js:13:27)
        at Object.composeCollection (/Users/todddunning/Desktop/Z-Beam/z-beam-test-push/node_modules/yaml/dist/compose/compose-collection.js:59:16)
        at composeNode (/Users/todddunning/Desktop/Z-Beam/z-beam-test-push/node_modules/yaml/dist/compose/compose-node.js:33:38)
        at Object.resolveBlockMap (/Users/todddunning/Desktop/Z-Beam/z-beam-test-push/node_modules/yaml/dist/compose/resolve-block-map.js:85:19)
        at resolveCollection (/Users/todddunning/Desktop/Z-Beam/z-beam-test-push/node_modules/yaml/dist/compose/compose-collection.js:13:27)
        at Object.composeCollection (/Users/todddunning/Desktop/Z-Beam/z-beam-test-push/node_modules/yaml/dist/compose/compose-collection.js:59:16)
        at Object.composeNode (/Users/todddunning/Desktop/Z-Beam/z-beam-test-push/node_modules/yaml/dist/compose/compose-node.js:33:38)
        at Object.composeDoc (/Users/todddunning/Desktop/Z-Beam/z-beam-test-push/node_modules/yaml/dist/compose/compose-doc.js:35:23)
        at Composer.next (/Users/todddunning/Desktop/Z-Beam/z-beam-test-push/node_modules/yaml/dist/compose/composer.js:150:40)
        at next (<anonymous>)
        at Composer.compose (/Users/todddunning/Desktop/Z-Beam/z-beam-test-push/node_modules/yaml/dist/compose/composer.js:132:25)
        at compose.next (<anonymous>)
        at parseDocument (/Users/todddunning/Desktop/Z-Beam/z-beam-test-push/node_modules/yaml/dist/public-api.js:46:16)
        at Object.parse (/Users/todddunning/Desktop/Z-Beam/z-beam-test-push/node_modules/yaml/dist/public-api.js:68:17)
        at parse (/Users/todddunning/Desktop/Z-Beam/z-beam-test-push/app/utils/contentAPI.ts:92:25)
        at op (/Users/todddunning/Desktop/Z-Beam/z-beam-test-push/app/utils/contentAPI.ts:25:18)
        at safeContentOperation (/Users/todddunning/Desktop/Z-Beam/z-beam-test-push/app/utils/contentAPI.ts:58:10)
        at loadFrontmatterDataInline (/Users/todddunning/Desktop/Z-Beam/z-beam-test-push/app/utils/contentAPI.ts:760:35)
        at op (/Users/todddunning/Desktop/Z-Beam/z-beam-test-push/app/utils/contentAPI.ts:25:18)
        at safeContentOperation (/Users/todddunning/Desktop/Z-Beam/z-beam-test-push/app/utils/contentAPI.ts:758:10)
        at Object.getArticle (/Users/todddunning/Desktop/Z-Beam/z-beam-test-push/tests/components/author-architecture.test.js:122:30)
        at Promise.finally.completed (/Users/todddunning/Desktop/Z-Beam/z-beam-test-push/node_modules/jest-circus/build/jestAdapterInit.js:1556:28)
        at new Promise (<anonymous>)
        at callAsyncCircusFn (/Users/todddunning/Desktop/Z-Beam/z-beam-test-push/node_modules/jest-circus/build/jestAdapterInit.js:1496:10)
        at _callCircusTest (/Users/todddunning/Desktop/Z-Beam/z-beam-test-push/node_modules/jest-circus/build/jestAdapterInit.js:1006:40)
        at _runTest (/Users/todddunning/Desktop/Z-Beam/z-beam-test-push/node_modules/jest-circus/build/jestAdapterInit.js:946:3)
        at _runTestsForDescribeBlock (/Users/todddunning/Desktop/Z-Beam/z-beam-test-push/node_modules/jest-circus/build/jestAdapterInit.js:839:13)
        at _runTestsForDescribeBlock (/Users/todddunning/Desktop/Z-Beam/z-beam-test-push/node_modules/jest-circus/build/jestAdapterInit.js:829:11)
        at _runTestsForDescribeBlock (/Users/todddunning/Desktop/Z-Beam/z-beam-test-push/node_modules/jest-circus/build/jestAdapterInit.js:829:11)
        at run (/Users/todddunning/Desktop/Z-Beam/z-beam-test-push/node_modules/jest-circus/build/jestAdapterInit.js:757:3)
        at runAndTransformResultsToJestFormat (/Users/todddunning/Desktop/Z-Beam/z-beam-test-push/node_modules/jest-circus/build/jestAdapterInit.js:1917:21)
        at jestAdapter (/Users/todddunning/Desktop/Z-Beam/z-beam-test-push/node_modules/jest-circus/build/runner.js:101:19)
        at runTestInternal (/Users/todddunning/Desktop/Z-Beam/z-beam-test-push/node_modules/jest-runner/build/testWorker.js:275:16)
        at runTest (/Users/todddunning/Desktop/Z-Beam/z-beam-test-push/node_modules/jest-runner/build/testWorker.js:343:7)
        at Object.worker (/Users/todddunning/Desktop/Z-Beam/z-beam-test-push/node_modules/jest-runner/build/testWorker.js:497:12) {
      code: 'UNEXPECTED_TOKEN',
      pos: [ 2513, 2668 ],
      linePos: [ { line: 110, col: 61 }, { line: 110, col: 216 } ]
    }

      104 |       return data || {};
      105 |     } catch (error) {
    > 106 |       console.warn(`Failed to parse YAML for ${validatedSlug}:`, error);
          |               ^
      107 |       return {};
      108 |     }
      109 |   }, {}, 'loadFrontmatterDataInline', slug);

      at warn (app/utils/contentAPI.ts:106:15)
      at op (app/utils/contentAPI.ts:25:18)
      at safeContentOperation (app/utils/contentAPI.ts:58:10)
      at loadFrontmatterDataInline (app/utils/contentAPI.ts:760:35)
      at op (app/utils/contentAPI.ts:25:18)
      at safeContentOperation (app/utils/contentAPI.ts:758:10)
      at Object.getArticle (tests/components/author-architecture.test.js:122:30)

  console.log
    getArticle debug for slug: aluminum-laser-cleaning

      at log (app/utils/contentAPI.ts:763:15)

  console.log
    frontmatterData: []

      at log (app/utils/contentAPI.ts:764:15)

  console.log
    Has title? undefined

      at log (app/utils/contentAPI.ts:765:15)

  console.log
    Returning null - no frontmatter data found

      at log (app/utils/contentAPI.ts:766:15)

  console.log
    Aluminum page not found, skipping test

      at Object.log (tests/components/author-architecture.test.js:137:17)

  console.warn
    Failed to parse YAML for copper-laser-cleaning: YAMLParseError: Missing closing 'quote at line 232, column 27:
    
      sustainabilityBenefit: '
                              ^
    
        at Composer.onError (/Users/todddunning/Desktop/Z-Beam/z-beam-test-push/node_modules/yaml/dist/compose/composer.js:70:34)
        at _onError (/Users/todddunning/Desktop/Z-Beam/z-beam-test-push/node_modules/yaml/dist/compose/resolve-flow-scalar.js:10:42)
        at singleQuotedValue (/Users/todddunning/Desktop/Z-Beam/z-beam-test-push/node_modules/yaml/dist/compose/resolve-flow-scalar.js:73:9)
        at Object.resolveFlowScalar (/Users/todddunning/Desktop/Z-Beam/z-beam-test-push/node_modules/yaml/dist/compose/resolve-flow-scalar.js:18:21)
        at Object.composeScalar (/Users/todddunning/Desktop/Z-Beam/z-beam-test-push/node_modules/yaml/dist/compose/compose-scalar.js:11:29)
        at composeNode (/Users/todddunning/Desktop/Z-Beam/z-beam-test-push/node_modules/yaml/dist/compose/compose-node.js:26:34)
        at Object.resolveBlockMap (/Users/todddunning/Desktop/Z-Beam/z-beam-test-push/node_modules/yaml/dist/compose/resolve-block-map.js:85:19)
        at resolveCollection (/Users/todddunning/Desktop/Z-Beam/z-beam-test-push/node_modules/yaml/dist/compose/compose-collection.js:13:27)
        at Object.composeCollection (/Users/todddunning/Desktop/Z-Beam/z-beam-test-push/node_modules/yaml/dist/compose/compose-collection.js:59:16)
        at composeNode (/Users/todddunning/Desktop/Z-Beam/z-beam-test-push/node_modules/yaml/dist/compose/compose-node.js:33:38)
        at Object.resolveBlockSeq (/Users/todddunning/Desktop/Z-Beam/z-beam-test-push/node_modules/yaml/dist/compose/resolve-block-seq.js:40:15)
        at resolveCollection (/Users/todddunning/Desktop/Z-Beam/z-beam-test-push/node_modules/yaml/dist/compose/compose-collection.js:15:31)
        at Object.composeCollection (/Users/todddunning/Desktop/Z-Beam/z-beam-test-push/node_modules/yaml/dist/compose/compose-collection.js:59:16)
        at composeNode (/Users/todddunning/Desktop/Z-Beam/z-beam-test-push/node_modules/yaml/dist/compose/compose-node.js:33:38)
        at Object.resolveBlockMap (/Users/todddunning/Desktop/Z-Beam/z-beam-test-push/node_modules/yaml/dist/compose/resolve-block-map.js:85:19)
        at resolveCollection (/Users/todddunning/Desktop/Z-Beam/z-beam-test-push/node_modules/yaml/dist/compose/compose-collection.js:13:27)
        at Object.composeCollection (/Users/todddunning/Desktop/Z-Beam/z-beam-test-push/node_modules/yaml/dist/compose/compose-collection.js:59:16)
        at Object.composeNode (/Users/todddunning/Desktop/Z-Beam/z-beam-test-push/node_modules/yaml/dist/compose/compose-node.js:33:38)
        at Object.composeDoc (/Users/todddunning/Desktop/Z-Beam/z-beam-test-push/node_modules/yaml/dist/compose/compose-doc.js:35:23)
        at Composer.next (/Users/todddunning/Desktop/Z-Beam/z-beam-test-push/node_modules/yaml/dist/compose/composer.js:150:40)
        at next (<anonymous>)
        at Composer.compose (/Users/todddunning/Desktop/Z-Beam/z-beam-test-push/node_modules/yaml/dist/compose/composer.js:132:25)
        at compose.next (<anonymous>)
        at parseDocument (/Users/todddunning/Desktop/Z-Beam/z-beam-test-push/node_modules/yaml/dist/public-api.js:46:16)
        at Object.parse (/Users/todddunning/Desktop/Z-Beam/z-beam-test-push/node_modules/yaml/dist/public-api.js:68:17)
        at parse (/Users/todddunning/Desktop/Z-Beam/z-beam-test-push/app/utils/contentAPI.ts:92:25)
        at op (/Users/todddunning/Desktop/Z-Beam/z-beam-test-push/app/utils/contentAPI.ts:25:18)
        at safeContentOperation (/Users/todddunning/Desktop/Z-Beam/z-beam-test-push/app/utils/contentAPI.ts:58:10)
        at loadFrontmatterDataInline (/Users/todddunning/Desktop/Z-Beam/z-beam-test-push/app/utils/contentAPI.ts:760:35)
        at op (/Users/todddunning/Desktop/Z-Beam/z-beam-test-push/app/utils/contentAPI.ts:25:18)
        at safeContentOperation (/Users/todddunning/Desktop/Z-Beam/z-beam-test-push/app/utils/contentAPI.ts:758:10)
        at Object.getArticle (/Users/todddunning/Desktop/Z-Beam/z-beam-test-push/tests/components/author-architecture.test.js:143:30)
        at Promise.finally.completed (/Users/todddunning/Desktop/Z-Beam/z-beam-test-push/node_modules/jest-circus/build/jestAdapterInit.js:1556:28)
        at new Promise (<anonymous>)
        at callAsyncCircusFn (/Users/todddunning/Desktop/Z-Beam/z-beam-test-push/node_modules/jest-circus/build/jestAdapterInit.js:1496:10)
        at _callCircusTest (/Users/todddunning/Desktop/Z-Beam/z-beam-test-push/node_modules/jest-circus/build/jestAdapterInit.js:1006:40)
        at _runTest (/Users/todddunning/Desktop/Z-Beam/z-beam-test-push/node_modules/jest-circus/build/jestAdapterInit.js:946:3)
        at _runTestsForDescribeBlock (/Users/todddunning/Desktop/Z-Beam/z-beam-test-push/node_modules/jest-circus/build/jestAdapterInit.js:839:13)
        at _runTestsForDescribeBlock (/Users/todddunning/Desktop/Z-Beam/z-beam-test-push/node_modules/jest-circus/build/jestAdapterInit.js:829:11)
        at _runTestsForDescribeBlock (/Users/todddunning/Desktop/Z-Beam/z-beam-test-push/node_modules/jest-circus/build/jestAdapterInit.js:829:11)
        at run (/Users/todddunning/Desktop/Z-Beam/z-beam-test-push/node_modules/jest-circus/build/jestAdapterInit.js:757:3)
        at runAndTransformResultsToJestFormat (/Users/todddunning/Desktop/Z-Beam/z-beam-test-push/node_modules/jest-circus/build/jestAdapterInit.js:1917:21)
        at jestAdapter (/Users/todddunning/Desktop/Z-Beam/z-beam-test-push/node_modules/jest-circus/build/runner.js:101:19)
        at runTestInternal (/Users/todddunning/Desktop/Z-Beam/z-beam-test-push/node_modules/jest-runner/build/testWorker.js:275:16)
        at runTest (/Users/todddunning/Desktop/Z-Beam/z-beam-test-push/node_modules/jest-runner/build/testWorker.js:343:7)
        at Object.worker (/Users/todddunning/Desktop/Z-Beam/z-beam-test-push/node_modules/jest-runner/build/testWorker.js:497:12) {
      code: 'MISSING_CHAR',
      pos: [ 5809, 5810 ],
      linePos: [ { line: 232, col: 27 }, { line: 233, col: 1 } ]
    }

      104 |       return data || {};
      105 |     } catch (error) {
    > 106 |       console.warn(`Failed to parse YAML for ${validatedSlug}:`, error);
          |               ^
      107 |       return {};
      108 |     }
      109 |   }, {}, 'loadFrontmatterDataInline', slug);

      at warn (app/utils/contentAPI.ts:106:15)
      at op (app/utils/contentAPI.ts:25:18)
      at safeContentOperation (app/utils/contentAPI.ts:58:10)
      at loadFrontmatterDataInline (app/utils/contentAPI.ts:760:35)
      at op (app/utils/contentAPI.ts:25:18)
      at safeContentOperation (app/utils/contentAPI.ts:758:10)
      at Object.getArticle (tests/components/author-architecture.test.js:143:30)

  console.log
    getArticle debug for slug: copper-laser-cleaning

      at log (app/utils/contentAPI.ts:763:15)

  console.log
    frontmatterData: []

      at log (app/utils/contentAPI.ts:764:15)

  console.log
    Has title? undefined

      at log (app/utils/contentAPI.ts:765:15)

  console.log
    Returning null - no frontmatter data found

      at log (app/utils/contentAPI.ts:766:15)

  console.log
    Copper page not found, skipping test

      at Object.log (tests/components/author-architecture.test.js:158:17)

  console.warn
    Failed to parse YAML for aluminum-laser-cleaning: YAMLParseError: Unexpected scalar at node end at line 110, column 61:
    
    …NIST Standard Reference Database 120: 'Thermophysical Properties of Materials …
                                            ^^^^^^^^^^^^^^^^^^^^^^^^^^^^^^^^^^^^^^^^
    
        at Composer.onError (/Users/todddunning/Desktop/Z-Beam/z-beam-test-push/node_modules/yaml/dist/compose/composer.js:70:34)
        at Object.resolveEnd (/Users/todddunning/Desktop/Z-Beam/z-beam-test-push/node_modules/yaml/dist/compose/resolve-end.js:31:21)
        at Object.resolveFlowScalar (/Users/todddunning/Desktop/Z-Beam/z-beam-test-push/node_modules/yaml/dist/compose/resolve-flow-scalar.js:35:27)
        at Object.composeScalar (/Users/todddunning/Desktop/Z-Beam/z-beam-test-push/node_modules/yaml/dist/compose/compose-scalar.js:11:29)
        at composeNode (/Users/todddunning/Desktop/Z-Beam/z-beam-test-push/node_modules/yaml/dist/compose/compose-node.js:26:34)
        at Object.resolveBlockMap (/Users/todddunning/Desktop/Z-Beam/z-beam-test-push/node_modules/yaml/dist/compose/resolve-block-map.js:85:19)
        at resolveCollection (/Users/todddunning/Desktop/Z-Beam/z-beam-test-push/node_modules/yaml/dist/compose/compose-collection.js:13:27)
        at Object.composeCollection (/Users/todddunning/Desktop/Z-Beam/z-beam-test-push/node_modules/yaml/dist/compose/compose-collection.js:59:16)
        at composeNode (/Users/todddunning/Desktop/Z-Beam/z-beam-test-push/node_modules/yaml/dist/compose/compose-node.js:33:38)
        at Object.resolveBlockMap (/Users/todddunning/Desktop/Z-Beam/z-beam-test-push/node_modules/yaml/dist/compose/resolve-block-map.js:85:19)
        at resolveCollection (/Users/todddunning/Desktop/Z-Beam/z-beam-test-push/node_modules/yaml/dist/compose/compose-collection.js:13:27)
        at Object.composeCollection (/Users/todddunning/Desktop/Z-Beam/z-beam-test-push/node_modules/yaml/dist/compose/compose-collection.js:59:16)
        at composeNode (/Users/todddunning/Desktop/Z-Beam/z-beam-test-push/node_modules/yaml/dist/compose/compose-node.js:33:38)
        at Object.resolveBlockMap (/Users/todddunning/Desktop/Z-Beam/z-beam-test-push/node_modules/yaml/dist/compose/resolve-block-map.js:85:19)
        at resolveCollection (/Users/todddunning/Desktop/Z-Beam/z-beam-test-push/node_modules/yaml/dist/compose/compose-collection.js:13:27)
        at Object.composeCollection (/Users/todddunning/Desktop/Z-Beam/z-beam-test-push/node_modules/yaml/dist/compose/compose-collection.js:59:16)
        at Object.composeNode (/Users/todddunning/Desktop/Z-Beam/z-beam-test-push/node_modules/yaml/dist/compose/compose-node.js:33:38)
        at Object.composeDoc (/Users/todddunning/Desktop/Z-Beam/z-beam-test-push/node_modules/yaml/dist/compose/compose-doc.js:35:23)
        at Composer.next (/Users/todddunning/Desktop/Z-Beam/z-beam-test-push/node_modules/yaml/dist/compose/composer.js:150:40)
        at next (<anonymous>)
        at Composer.compose (/Users/todddunning/Desktop/Z-Beam/z-beam-test-push/node_modules/yaml/dist/compose/composer.js:132:25)
        at compose.next (<anonymous>)
        at parseDocument (/Users/todddunning/Desktop/Z-Beam/z-beam-test-push/node_modules/yaml/dist/public-api.js:46:16)
        at Object.parse (/Users/todddunning/Desktop/Z-Beam/z-beam-test-push/node_modules/yaml/dist/public-api.js:68:17)
        at parse (/Users/todddunning/Desktop/Z-Beam/z-beam-test-push/app/utils/contentAPI.ts:92:25)
        at op (/Users/todddunning/Desktop/Z-Beam/z-beam-test-push/app/utils/contentAPI.ts:25:18)
        at safeContentOperation (/Users/todddunning/Desktop/Z-Beam/z-beam-test-push/app/utils/contentAPI.ts:58:10)
        at loadFrontmatterDataInline (/Users/todddunning/Desktop/Z-Beam/z-beam-test-push/app/utils/contentAPI.ts:760:35)
        at op (/Users/todddunning/Desktop/Z-Beam/z-beam-test-push/app/utils/contentAPI.ts:25:18)
        at safeContentOperation (/Users/todddunning/Desktop/Z-Beam/z-beam-test-push/app/utils/contentAPI.ts:758:10)
        at Object.getArticle (/Users/todddunning/Desktop/Z-Beam/z-beam-test-push/tests/components/author-architecture.test.js:332:30)
        at Promise.finally.completed (/Users/todddunning/Desktop/Z-Beam/z-beam-test-push/node_modules/jest-circus/build/jestAdapterInit.js:1556:28)
        at new Promise (<anonymous>)
        at callAsyncCircusFn (/Users/todddunning/Desktop/Z-Beam/z-beam-test-push/node_modules/jest-circus/build/jestAdapterInit.js:1496:10)
        at _callCircusTest (/Users/todddunning/Desktop/Z-Beam/z-beam-test-push/node_modules/jest-circus/build/jestAdapterInit.js:1006:40)
        at _runTest (/Users/todddunning/Desktop/Z-Beam/z-beam-test-push/node_modules/jest-circus/build/jestAdapterInit.js:946:3)
        at _runTestsForDescribeBlock (/Users/todddunning/Desktop/Z-Beam/z-beam-test-push/node_modules/jest-circus/build/jestAdapterInit.js:839:13)
        at _runTestsForDescribeBlock (/Users/todddunning/Desktop/Z-Beam/z-beam-test-push/node_modules/jest-circus/build/jestAdapterInit.js:829:11)
        at _runTestsForDescribeBlock (/Users/todddunning/Desktop/Z-Beam/z-beam-test-push/node_modules/jest-circus/build/jestAdapterInit.js:829:11)
        at run (/Users/todddunning/Desktop/Z-Beam/z-beam-test-push/node_modules/jest-circus/build/jestAdapterInit.js:757:3)
        at runAndTransformResultsToJestFormat (/Users/todddunning/Desktop/Z-Beam/z-beam-test-push/node_modules/jest-circus/build/jestAdapterInit.js:1917:21)
        at jestAdapter (/Users/todddunning/Desktop/Z-Beam/z-beam-test-push/node_modules/jest-circus/build/runner.js:101:19)
        at runTestInternal (/Users/todddunning/Desktop/Z-Beam/z-beam-test-push/node_modules/jest-runner/build/testWorker.js:275:16)
        at runTest (/Users/todddunning/Desktop/Z-Beam/z-beam-test-push/node_modules/jest-runner/build/testWorker.js:343:7)
        at Object.worker (/Users/todddunning/Desktop/Z-Beam/z-beam-test-push/node_modules/jest-runner/build/testWorker.js:497:12) {
      code: 'UNEXPECTED_TOKEN',
      pos: [ 2513, 2668 ],
      linePos: [ { line: 110, col: 61 }, { line: 110, col: 216 } ]
    }

      104 |       return data || {};
      105 |     } catch (error) {
    > 106 |       console.warn(`Failed to parse YAML for ${validatedSlug}:`, error);
          |               ^
      107 |       return {};
      108 |     }
      109 |   }, {}, 'loadFrontmatterDataInline', slug);

      at warn (app/utils/contentAPI.ts:106:15)
      at op (app/utils/contentAPI.ts:25:18)
      at safeContentOperation (app/utils/contentAPI.ts:58:10)
      at loadFrontmatterDataInline (app/utils/contentAPI.ts:760:35)
      at op (app/utils/contentAPI.ts:25:18)
      at safeContentOperation (app/utils/contentAPI.ts:758:10)
      at Object.getArticle (tests/components/author-architecture.test.js:332:30)

  console.log
    getArticle debug for slug: aluminum-laser-cleaning

      at log (app/utils/contentAPI.ts:763:15)

  console.log
    frontmatterData: []

      at log (app/utils/contentAPI.ts:764:15)

  console.log
    Has title? undefined

      at log (app/utils/contentAPI.ts:765:15)

  console.log
    Returning null - no frontmatter data found

      at log (app/utils/contentAPI.ts:766:15)

FAIL jsdom tests/image-naming-conventions.test.js
  Image Naming Conventions
    Legacy Pattern Removal
      ✓ should not contain any cleaning-analysis.jpg references (2 ms)
      ✓ should not contain any cleaning-analysis-social.jpg references (1 ms)
    New Pattern Implementation
      ✓ should use laser-cleaning-micro.jpg pattern in TypeScript files (1 ms)
      ✓ should use laser-cleaning-micro-social.jpg pattern for social images
    YAML Files Pattern Compliance
      ✓ should verify YAML files use new naming pattern (1 ms)
    Caption Files Pattern Compliance
      ○ skipped should verify caption YAML files use new naming pattern
    Image Path Validation
      ✕ should validate image path structure follows conventions (2 ms)
      ✕ should validate social image path structure
      ✓ should reject old naming patterns (1 ms)
    Documentation Compliance
      ✓ should have image naming conventions documentation (2 ms)
      ✓ should reference image naming in main README (2 ms)
    Migration Verification
      ✓ should verify migration completeness (1 ms)
      ✓ should validate consistency across file types

  ● Image Naming Conventions › Image Path Validation › should validate image path structure follows conventions

    expect(received).toMatch(expected)

    Expected pattern: /^\/images\/[a-z0-9\-]+-laser-cleaning-(micro|hero)\.jpg$/
    Received string:  "/images/material/oak-laser-cleaning-micro.jpg"

      200 |       
      201 |       testPaths.forEach(path => {
    > 202 |         expect(path).toMatch(pattern);
          |                      ^
      203 |       });
      204 |     });
      205 |

      at toMatch (tests/image-naming-conventions.test.js:202:22)
          at Array.forEach (<anonymous>)
      at Object.forEach (tests/image-naming-conventions.test.js:201:17)

  ● Image Naming Conventions › Image Path Validation › should validate social image path structure

    expect(received).toMatch(expected)

    Expected pattern: /^\/images\/[a-z0-9\-]+-laser-cleaning-micro-social\.jpg$/
    Received string:  "/images/material/oak-laser-cleaning-micro-social.jpg"

      213 |       
      214 |       testPaths.forEach(path => {
    > 215 |         expect(path).toMatch(pattern);
          |                      ^
      216 |       });
      217 |     });
      218 |

      at toMatch (tests/image-naming-conventions.test.js:215:22)
          at Array.forEach (<anonymous>)
      at Object.forEach (tests/image-naming-conventions.test.js:214:17)

FAIL jsdom tests/components/Tags.test.tsx
  Tags Component
    String Format Support (Legacy)
      ✓ should render tags from comma-separated string (55 ms)
      ✓ should handle empty string content (5 ms)
      ✓ should trim whitespace from string tags (8 ms)
    YAML v2.0 Format Support
      ✓ should render tags from YAML data structure (8 ms)
      ✓ should prefer tags array over categories when both exist (8 ms)
      ✓ should flatten categories when no tags array exists (10 ms)
      ✓ should handle empty YAML data gracefully (4 ms)
    Metadata Display
      ✓ should show metadata when showMetadata is enabled (10 ms)
      ✓ should hide metadata when showMetadata is disabled (5 ms)
      ✓ should show categories in metadata (11 ms)
    Categorized Display
      ✕ should show categorized view when showCategorized is enabled (21 ms)
      ✓ should show flat view when showCategorized is disabled (5 ms)
    Configuration Options
      ✓ should apply custom className (4 ms)
      ✓ should show custom title (3 ms)
      ✓ should use custom link prefix (76 ms)
      ✓ should handle click events when onClick is provided (29 ms)
      ✓ should apply custom styling classes (9 ms)
    Edge Cases
      ✓ should handle null content (1 ms)
      ✓ should handle undefined content (1 ms)
      ✓ should handle malformed YAML data (2 ms)
      ✓ should handle mixed data types in categories (4 ms)
    Accessibility
      ✓ should have proper ARIA labels for links (7 ms)
      ✓ should have proper ARIA labels for buttons (12 ms)
    Performance
      ✓ should not render when content is empty (1 ms)
      ✓ should handle large datasets efficiently (39 ms)

  ● Tags Component › Categorized Display › should show categorized view when showCategorized is enabled

    TestingLibraryElementError: Unable to find an element with the text: Industry. This could be because the text is broken up by multiple elements. In this case, you can provide a function for your text matcher to make your matcher more flexible.

    Ignored nodes: comments, script, style
    [36m<body>[39m
      [36m<div>[39m
        [36m<div[39m
          [33mclass[39m=[32m"tags-container my-6"[39m
          [33mdata-testid[39m=[32m"tags-container"[39m
        [36m>[39m
          [36m<header[39m
            [33maria-labelledby[39m=[32m"card-header-tags-1jpdl"[39m
            [33mclass[39m=[32m"header-wrapper w-full "[39m
            [33mdata-header-level[39m=[32m"card"[39m
            [33mdata-priority[39m=[32m"medium"[39m
            [33mdata-search-keywords[39m=[32m""[39m
          [36m>[39m
            [36m<h3[39m
              [33maria-level[39m=[32m"3"[39m
              [33mclass[39m=[32m"font-semibold text-white transition-all duration-200 ease-in-out focus:outline-none focus:ring-2 focus:ring-blue-500 focus:ring-offset-2 focus:ring-offset-gray-900 text-base font-semibold mb-2 text-gray-200 text-left priority-medium"[39m
              [33mdata-testid[39m=[32m"header-card"[39m
              [33mid[39m=[32m"card-header-tags-1jpdl"[39m
              [33mrole[39m=[32m"heading"[39m
              [33mtabindex[39m=[32m"-1"[39m
            [36m>[39m
              [0mTags[0m
            [36m</h3>[39m
          [36m</header>[39m
          [0m      [0m
          [36m<div[39m
            [33mclass[39m=[32m"space-y-3"[39m
          [36m>[39m
            [36m<div>[39m
              [36m<header[39m
                [33maria-labelledby[39m=[32m"card-header-industry-tags-cae32z"[39m
                [33mclass[39m=[32m"header-wrapper w-full "[39m
                [33mdata-header-level[39m=[32m"card"[39m
                [33mdata-priority[39m=[32m"medium"[39m
                [33mdata-search-keywords[39m=[32m""[39m
              [36m>[39m
                [36m<h3[39m
                  [33maria-level[39m=[32m"3"[39m
                  [33mclass[39m=[32m"font-semibold text-white transition-all duration-200 ease-in-out focus:outline-none focus:ring-2 focus:ring-blue-500 focus:ring-offset-2 focus:ring-offset-gray-900 text-base font-semibold mb-2 text-gray-200 text-left priority-medium text-sm font-semibold mb-2 text-gray-700 dark:text-gray-300"[39m
                  [33mdata-testid[39m=[32m"header-card"[39m
                  [33mid[39m=[32m"card-header-industry-tags-cae32z"[39m
                  [33mrole[39m=[32m"heading"[39m
                  [33mtabindex[39m=[32m"-1"[39m
                [36m>[39m
                  [0mIndustry Tags[0m
                [36m</h3>[39m
              [36m</header>[39m
              [36m<div[39m
                [33mclass[39m=[32m"flex flex-wrap gap-2"[39m
              [36m>[39m
                [36m<a[39m
                  [33maria-label[39m=[32m"View all articles tagged with electronics"[39m
                  [33mclass[39m=[32m"inline-block px-3 py-2 rounded-full text-sm font-medium bg-gray-800 text-blue-800 dark:text-blue-200  cursor-pointer flex items-center"[39m
                  [33mhref[39m=[32m"/search?q=electronics"[39m
                  [33mtitle[39m=[32m"View all articles tagged with electronics"[39m
                [36m>[39m
                  [0mElectronics[0m
                [36m</a>[39m
                [36m<a[39m
                  [33maria-label[39m=[32m"View all articles tagged with aerospace"[39m
                  [33mclass[39m=[32m"inline-block px-3 py-2 rounded-full text-sm font-medium bg-gray-800 text-blue-800 dark:text-blue-200  cursor-pointer flex items-center"[39m
                  [33mhref[39m=[32m"/search?q=aerospace"[39m
                  [33mtitle[39m=[32m"View all articles tagged with aerospace"[39m
                [36m>[39m
                  [0mAerospace[0m
                [36m</a>[39m
              [36m</div>[39m
            [36m</div>[39m
            [36m<div>[39m
              [36m<header[39m
                [33maria-labelledby[39m=[32m"card-header-process-tags-ypff56"[39m
                [33mclass[39m=[32m"header-wrapper w-full "[39m
                [33mdata-header-level[39m=[32m"card"[39m
                [33mdata-priority[39m=[32m"medium"[39m
                [33mdata-search-keywords[39m=[32m""[39m
              [36m>[39m
                [36m<h3[39m
                  [33maria-level[39m=[32m"3"[39m
                  [33mclass[39m=[32m"font-semibold text-white transition-all duration-200 ease-in-out focus:outline-none focus:ring-2 focus:ring-blue-500 focus:ring-offset-2 focus:ring-offset-gray-900 text-base font-semibold mb-2 text-gray-200 text-left priority-medium text-sm font-semibold mb-2 text-gray-700 dark:text-gray-300"[39m
                  [33mdata-testid[39m=[32m"header-card"[39m
                  [33mid[39m=[32m"card-header-process-tags-ypff56"[39m
                  [33mrole[39m=[32m"heading"[39m
                  [33mtabindex[39m=[32m"-1"[39m
                [36m>[39m
                  [0mProcess Tags[0m
                [36m</h3>[39m
              [36m</header>[39m
              [36m<div[39m
                [33mclass[39m=[32m"flex flex-wrap gap-2"[39m
              [36m>[39m
                [36m<a[39m
                  [33maria-label[39m=[32m"View all articles tagged with passivation"[39m
                  [33mclass[39m=[32m"inline-block px-3 py-2 rounded-full text-sm font-medium bg-gray-800 text-blue-800 dark:text-blue-200  cursor-pointer flex items-center"[39m
                  [33mhref[39m=[32m"/search?q=passivation"[39m
                  [33mtitle[39m=[32m"View all articles tagged with passivation"[39m
                [36m>[39m
                  [0mPassivation[0m
                [36m</a>[39m
                [36m<a[39m
                  [33maria-label[39m=[32m"View all articles tagged with polishing"[39m
                  [33mclass[39m=[32m"inline-block px-3 py-2 rounded-full text-sm font-medium bg-gray-800 text-blue-800 dark:text-blue-200  cursor-pointer flex items-center"[39m
                  [33mhref[39m=[32m"/search?q=polishing"[39m
                  [33mtitle[39m=[32m"View all articles tagged with polishing"[39m
                [36m>[39m
                  [0mPolishing[0m
                [36m</a>[39m
              [36m</div>[39m
            [36m</div>[39m
            [36m<div>[39m
              [36m<header[39m
                [33maria-labelledby[39m=[32m"card-header-other-tags-sz5ieh"[39m
                [33mclass[39m=[32m"header-wrapper w-full "[39m
                [33mdata-header-level[39m=[32m"card"[39m
                [33mdata-priority[39m=[32m"medium"[39m
                [33mdata-search-keywords[39m=[32m""[39m
              [36m>[39m
                [36m<h3[39m
                  [33maria-level[39m=[32m"3"[39m
                  [33mclass[39m=[32m"font-semibold text-white transition-all duration-200 ease-in-out focus:outline-none focus:ring-2 focus:ring-blue-500 focus:ring-offset-2 focus:ring-offset-gray-900 text-base font-semibold mb-2 text-gray-200 text-left priority-medium text-sm font-semibold mb-2 text-gray-700 dark:text-gray-300"[39m
                  [33mdata-testid[39m=[32m"header-card"[39m
                  [33mid[39m=[32m"card-header-other-tags-sz5ieh"[39m
                  [33mrole[39m=[32m"heading"[39m
                  [33mtabindex[39m=[32m"-1"[39m
                [36m>[39m
                  [0mOther Tags[0m
                [36m</h3>[39m
              [36m</header>[39m
              [36m<div[39m
                [33mclass[39m=[32m"flex flex-wrap gap-2"[39m
              [36m>[39m
                [36m<a[39m
                  [33maria-label[39m=[32m"View all articles tagged with expert"[39m
                  [33mclass[39m=[32m"inline-block px-3 py-2 rounded-full text-sm font-medium bg-gray-800 text-blue-800 dark:text-blue-200  cursor-pointer flex items-center"[39m
                  [33mhref[39m=[32m"/search?q=expert"[39m
                  [33mtitle[39m=[32m"View all articles tagged with expert"[39m
                [36m>[39m
                  [0mExpert[0m
                [36m</a>[39m
              [36m</div>[39m
            [36m</div>[39m
          [36m</div>[39m
        [36m</div>[39m
      [36m</div>[39m
    [36m</body>[39m

      196 |       );
      197 |       
    > 198 |       expect(screen.getByText('Industry')).toBeInTheDocument();
          |                     ^
      199 |       expect(screen.getByText('Process')).toBeInTheDocument();
      200 |       expect(screen.getByText('Other')).toBeInTheDocument();
      201 |       

      at Object.getElementError (node_modules/@testing-library/dom/dist/config.js:37:19)
      at node_modules/@testing-library/dom/dist/query-helpers.js:76:38
      at node_modules/@testing-library/dom/dist/query-helpers.js:52:17
      at node_modules/@testing-library/dom/dist/query-helpers.js:95:19
      at Object.getByText (tests/components/Tags.test.tsx:198:21)

FAIL jsdom tests/components/author-architecture.test.js
  Author Architecture Tests
    1. Centralized Types
      ✓ AuthorInfo interface structure is correct (10 ms)
    2. YAML Author Loading
      ✕ loadComponent loads existing authors correctly (5 ms)
      ✕ loadComponent loads Todd Dunning correctly (3 ms)
      ✓ loadComponent returns null for non-existent authors (3 ms)
      ✓ YAML files have correct structure
    3. Author Integration in Content
      ✓ getArticle includes author info for aluminum page (252 ms)
      ✓ getArticle includes author info for copper page (33 ms)
      ✓ author slug generation works correctly (2 ms)
    4. Author Image Assets
      ✓ author images exist in correct location (2 ms)
      ✓ author image paths are correctly formatted (2 ms)
    5. Data Validation
      ✓ author data types are correct (1 ms)
      ✓ author sex field has valid values (1 ms)
      ✓ author expertise areas are non-empty
    6. Error Handling
      ✓ handles missing YAML files gracefully (1 ms)
      ✓ handles malformed author names (1 ms)
      ✓ handles missing profile data gracefully (1 ms)
    7. Performance Tests
      ✓ author loading is reasonably fast (1 ms)
      ✓ multiple author loads are efficient (1 ms)
    8. Integration with Article System
      ✓ author info is properly merged into article metadata (31 ms)
      ✓ articles without authors handle gracefully (1 ms)

  ● Author Architecture Tests › 2. YAML Author Loading › loadComponent loads existing authors correctly

    expect(received).toBeDefined()

    Received: undefined

      50 |       const ikmanda = result?.config;
      51 |       
    > 52 |       expect(ikmanda).toBeDefined();
         |                       ^
      53 |       expect(ikmanda.name).toBe('Ikmanda Roswati');
      54 |       expect(ikmanda.title).toBe('Ph.D.');
      55 |       expect(ikmanda.expertise).toBe('Ultrafast Laser Physics and Material Interactions');

      at Object.toBeDefined (tests/components/author-architecture.test.js:52:23)

  ● Author Architecture Tests › 2. YAML Author Loading › loadComponent loads Todd Dunning correctly

    expect(received).toBeDefined()

    Received: undefined

      68 |       const todd = result?.config;
      69 |       
    > 70 |       expect(todd).toBeDefined();
         |                    ^
      71 |       expect(todd.name).toBe('Todd Dunning');
      72 |       expect(todd.title).toBe('MA');
      73 |       expect(todd.expertise).toBe('Optical Materials for Laser Systems');

      at Object.toBeDefined (tests/components/author-architecture.test.js:70:20)

FAIL jsdom tests/accessibility/MetricsCard.semantic-enhancement.test.tsx
  MetricsCard Semantic Enhancement Tests
    Maximum Specificity Data Attributes
      ✕ implements comprehensive data attributes on main value element (89 ms)
      ✕ implements range-specific attributes on min/max values (26 ms)
      ✕ calculates precision correctly for different value formats (25 ms)
      ✕ calculates magnitude correctly for different value ranges (17 ms)
    Component-Level Semantic Attributes
      ✓ implements comprehensive article-level attributes (60 ms)
      ✓ implements progress bar semantic attributes (21 ms)
      ✓ implements title semantic attributes (23 ms)
    Schema.org Integration
      ✓ implements complete PropertyValue schema (16 ms)
      ✓ supports structured data extraction (12 ms)
    SEO and Machine Readability
      ✓ provides comprehensive property identification (11 ms)
      ✓ enables property-based queries through attributes (10 ms)
      ✓ supports unit-based queries (8 ms)
    Conditional Enhancement
      ✓ handles missing fullPropertyName gracefully (13 ms)
      ✓ handles non-searchable cards appropriately (9 ms)
      ✓ handles cards without range data (7 ms)
    Performance Impact Validation
      ✓ renders enhanced markup efficiently (5 ms)
      ✓ maintains reasonable markup size (9 ms)

  ● MetricsCard Semantic Enhancement Tests › Maximum Specificity Data Attributes › implements comprehensive data attributes on main value element

    TestingLibraryElementError: Unable to find an element with the display value: 45.5.

    Ignored nodes: comments, script, style
    [36m<body>[39m
      [36m<div>[39m
        [36m<a[39m
          [33maria-describedby[39m=[32m"metric-desc-Thermal Conductivity"[39m
          [33maria-label[39m=[32m"Navigate to search results for thermal_conductivity: 45.5W/mK"[39m
          [33mclass[39m=[32m"rounded-lg p-3 block h-24 cursor-pointer hover:shadow-xl hover:scale-[1.03] hover:-translate-y-1 transition-all duration-300 ease-out focus:ring-2 focus:ring-blue-500 focus:outline-none focus:ring-offset-2 min-h-[44px] min-w-[44px] "[39m
          [33mhref[39m=[32m"/search?property=thermal_conductivity&value=45.5"[39m
          [33mstyle[39m=[32m"--hover-bg-color: undefined80; transition: all 0.3s ease-out;"[39m
          [33mtitle[39m=[32m"Search for thermal_conductivity: 45.5W/mK"[39m
        [36m>[39m
          [36m<article[39m
            [33maria-describedby[39m=[32m"metric-desc-Thermal Conductivity"[39m
            [33maria-labelledby[39m=[32m"metric-title-Thermal Conductivity"[39m
            [33mclass[39m=[32m"h-full flex flex-col"[39m
            [33mdata-component[39m=[32m"metrics-card"[39m
            [33mdata-has-range[39m=[32m"true"[39m
            [33mdata-property[39m=[32m"thermal_conductivity"[39m
            [33mdata-searchable[39m=[32m"true"[39m
            [33mdata-unit[39m=[32m"W/mK"[39m
            [33mdata-value[39m=[32m"45.5"[39m
            [33mid[39m=[32m"metric-card-Thermal Conductivity"[39m
            [33mitemscope[39m=[32m""[39m
            [33mitemtype[39m=[32m"https://schema.org/PropertyValue"[39m
            [33mrole[39m=[32m"article"[39m
            [33mtabindex[39m=[32m"0"[39m
          [36m>[39m
            [36m<div[39m
              [33mclass[39m=[32m"sr-only"[39m
              [33mid[39m=[32m"metric-desc-Thermal Conductivity"[39m
            [36m>[39m
              [0mMetric showing thermal_conductivity with value 45.5 W/mK, ranging from 0.1 to 429 W/mK[0m
              [0m. Press Enter or Space to search for this metric.[0m
            [36m</div>[39m
            [36m<section[39m
              [33maria-label[39m=[32m"Metric visualization"[39m
              [33mclass[39m=[32m"mb-1"[39m
            [36m>[39m
              [36m<figure[39m
                [33maria-describedby[39m=[32m"progress-desc-Thermal Conductivity"[39m
                [33maria-labelledby[39m=[32m"progress-label-Thermal Conductivity"[39m
                [33mclass[39m=[32m"w-full"[39m
                [33mrole[39m=[32m"img"[39m
              [36m>[39m
                [36m<figcaption[39m
                  [33mclass[39m=[32m"sr-only"[39m
                  [33mid[39m=[32m"progress-label-Thermal Conductivity"[39m
                [36m>[39m
                  [0mThermal Conductivity[0m
                  [0m progress indicator[0m
                [36m</figcaption>[39m
                [36m<div[39m
                  [33mclass[39m=[32m"sr-only"[39m
                  [33mid[39m=[32m"progress-desc-Thermal Conductivity"[39m
                [36m>[39m
                  [0mCurrent value: [0m
                  [36m<data[39m
                    [33mdata-context[39m=[32m"material_property"[39m
                    [33mdata-magnitude[39m=[32m"medium"[39m
                    [33mdata-precision[39m=[32m"1"[39m
                    [33mdata-property[39m=[32m"thermal_conductivity"[39m
                    [33mdata-type[39m=[32m"measurement"[39m
                    [33mdata-unit[39m=[32m"W/mK"[39m
                    [33mitemprop[39m=[32m"value"[39m
                    [33mitemtype[39m=[32m"https://schema.org/PropertyValue"[39m
                    [33mvalue[39m=[32m"45.5"[39m
                  [36m>[39m
                    [0m45.5[0m
                  [36m</data>[39m
                  [0m [0m
                  [0mW/mK[0m
                  [0m. Range: [0m
                  [0m0.1[0m
                  [0m to [0m
                  [0m429[0m
                  [0m [0m
                  [0mW/mK[0m
                  [0m. Progress: [0m
                  [0m11[0m
                  [0m% of maximum.[0m
                [36m</div>[39m
                [36m<div[39m
                  [33mclass[39m=[32m"relative w-full mb-1 h-4"[39m
                [36m>[39m
                  [36m<div[39m
                    [33maria-hidden[39m=[32m"true"[39m
                    [33mclass[39m=[32m"absolute text-lg font-bold text-white/90 z-10"[39m
                    [33mstyle[39m=[32m"left: 10.585217999533691%; transform: none; top: -8px;"[39m
                  [36m>[39m
                    [36m<data[39m
                      [33mdata-context[39m=[32m"material_property"[39m
                      [33mdata-magnitude[39m=[32m"medium"[39m
                      [33mdata-position[39m=[32m"current"[39m
                      [33mdata-precision[39m=[32m"1"[39m
                      [33mdata-property[39m=[32m"thermal_conductivity"[39m
                      [33mdata-type[39m=[32m"measurement"[39m
                      [33mdata-unit[39m=[32m"W/mK"[39m
                      [33mitemprop[39m=[32m"value"[39m
                      [33mitemtype[39m=[32m"https://schema.org/PropertyValue"[39m
                      [33mvalue[39m=[32m"45.5"[39m
                    [36m>[39m
                      [0m45.5[0m
                    [36m</data>[39m
                  [36m</div>[39m
                [36m</div>[39m
                [36m<div[39m
                  [33mclass[39m=[32m"relative w-full mb-1"[39m
                [36m>[39m
                  [36m<div[39m
                    [33maria-describedby[39m=[32m"progress-desc-Thermal Conductivity"[39m
                    [33maria-labelledby[39m=[32m"progress-label-Thermal Conductivity"[39m
                    [33maria-valuemax[39m=[32m"429"[39m
                    [33maria-valuemin[39m=[32m"0.1"[39m
                    [33maria-valuenow[39m=[32m"45.5"[39m
                    [33mclass[39m=[32m"w-full h-3 bg-white/20 dark:bg-white/10 rounded-full overflow-hidden focus:ring-2 focus:ring-blue-500 focus:outline-none"[39m
                    [33mdata-component[39m=[32m"progress-bar"[39m
                    [33mdata-percentage[39m=[32m"11"[39m
                    [33mdata-property[39m=[32m"thermal_conductivity"[39m
                    [33mid[39m=[32m"progress-Thermal Conductivity"[39m
                    [33mitemprop[39m=[32m"value"[39m
                    [33mrole[39m=[32m"progressbar"[39m
                    [33mtabindex[39m=[32m"0"[39m
                  [36m>[39m
                    [36m<div[39m
                      [33maria-hidden[39m=[32m"true"[39m
                      [33mclass[39m=[32m"h-full opacity-30 rounded-full"[39m
                      [33mstyle[39m=[32m"background-color: rgb(79, 70, 229); width: 100%;"[39m
                    [36m/>[39m
                    [36m<div[39m
                      [33maria-hidden[39m=[32m"true"[39m
                      [33mclass[39m=[32m"absolute top-0 left-0 h-full opacity-90 rounded-l-full transition-all duration-300"[39m
                      [33mstyle[39m=[32m"background-color: rgb(79, 70, 229); width: 10.585217999533691%;"[39m
                    [36m/>[39m
                  [36m</div>[39m
                  [36m<div[39m
                    [33maria-hidden[39m=[32m"true"[39m
                    [33mclass[39m=[32m"absolute top-0 h-3 w-0.5 bg-white dark:bg-white/90 transform -translate-x-0.25 shadow-md rounded-full"[39m
                    [33mstyle[39m=[32m"left: 10.585217999533691%;"[39m
                  [36m/>[39m
                [36m</div>[39m
                [36m<div[39m
                  [33maria-hidden[39m=[32m"true"[39m
                  [33mclass[39m=[32m"flex justify-between items-center"[39m
                [36m>[39m
                  [36m<span[39m
                    [33mclass[39m=[32m"text-xs font-medium text-white/50"[39m
                  [36m>[39m
                    [36m<data[39m
                      [33mdata-context[39m=[32m"material_property"[39m
                      [33mdata-magnitude[39m=[32m"low"[39m
                      [33mdata-position[39m=[32m"minimum"[39m
                      [33mdata-precision[39m=[32m"1"[39m
                      [33mdata-property[39m=[32m"thermal_conductivity"[39m
                      [33mdata-type[39m=[32m"range_minimum"[39m
                      [33mdata-unit[39m=[32m"W/mK"[39m
                      [33mitemprop[39m=[32m"minValue"[39m
                      [33mitemtype[39m=[32m"https://schema.org/PropertyValue"[39m
                      [33mvalue[39m=[32m"0.1"[39m
                    [36m>[39m
                      [0m0.1[0m
                    [36m</data>[39m
                  [36m</span>[39m
                  [36m<span[39m
                    [33mclass[39m=[32m"text-xs font-medium text-white/50"[39m
                  [36m>[39m
                    [36m<data[39m
                      [33mdata-context[39m=[32m"material_property"[39m
                      [33mdata-magnitude[39m=[32m"medium"[39m
                      [33mdata-position[39m=[32m"maximum"[39m
                      [33mdata-precision[39m=[32m"0"[39m
                      [33mdata-property[39m=[32m"thermal_conductivity"[39m
                      [33mdata-type[39m=[32m"range_maximum"[39m
                      [33mdata-unit[39m=[32m"W/mK"[39m
                      [33mitemprop[39m=[32m"maxValue"[39m
                      [33mitemtype[39m=[32m"https://schema.org/PropertyValue"[39m
                      [33mvalue[39m=[32m"429"[39m
                    [36m>[39m
                      [0m429[0m
                    [36m</data>[39m
                  [36m</span>[39m
                [36m</div>[39m
              [36m</figure>[39m
            [36m</section>[39m
            [36m<section[39m
              [33mclass[39m=[32m"flex-1 flex flex-col justify-center text-center"[39m
            [36m>[39m
              [36m<h4[39m
                [33mclass[39m=[32m"font-bold text-xs text-white/90"[39m
                [33mdata-component[39m=[32m"metric-title"[39m
                [33mdata-property[39m=[32m"thermal_conductivity"[39m
                [33mid[39m=[32m"metric-title-Thermal Conductivity"[39m
                [33mitemprop[39m=[32m"name"[39m
              [36m>[39m
                [0mThermal Conductivity[0m
                [36m<span[39m
                  [33mclass[39m=[32m"font-normal ml-1"[39m
                  [33mtitle[39m=[32m"W/mK"[39m
                [36m>[39m
                  [0mW/mK[0m
                [36m</span>[39m
              [36m</h4>[39m
            [36m</section>[39m
          [36m</article>[39m
        [36m</a>[39m
      [36m</div>[39m
    [36m</body>[39m

      20 |       
      21 |       // Find the main data element (in progress bar context)
    > 22 |       const dataElements = screen.getAllByDisplayValue('45.5');
         |                                   ^
      23 |       const mainDataElement = dataElements.find(el => 
      24 |         el.getAttribute('data-type') === 'measurement'
      25 |       );

      at Object.getElementError (node_modules/@testing-library/dom/dist/config.js:37:19)
      at node_modules/@testing-library/dom/dist/query-helpers.js:76:38
      at node_modules/@testing-library/dom/dist/query-helpers.js:109:15
      at Object.getAllByDisplayValue (tests/accessibility/MetricsCard.semantic-enhancement.test.tsx:22:35)

  ● MetricsCard Semantic Enhancement Tests › Maximum Specificity Data Attributes › implements range-specific attributes on min/max values

    TestingLibraryElementError: Unable to find an element with the display value: 0.1.

    Ignored nodes: comments, script, style
    [36m<body>[39m
      [36m<div>[39m
        [36m<a[39m
          [33maria-describedby[39m=[32m"metric-desc-Thermal Conductivity"[39m
          [33maria-label[39m=[32m"Navigate to search results for thermal_conductivity: 45.5W/mK"[39m
          [33mclass[39m=[32m"rounded-lg p-3 block h-24 cursor-pointer hover:shadow-xl hover:scale-[1.03] hover:-translate-y-1 transition-all duration-300 ease-out focus:ring-2 focus:ring-blue-500 focus:outline-none focus:ring-offset-2 min-h-[44px] min-w-[44px] "[39m
          [33mhref[39m=[32m"/search?property=thermal_conductivity&value=45.5"[39m
          [33mstyle[39m=[32m"--hover-bg-color: undefined80; transition: all 0.3s ease-out;"[39m
          [33mtitle[39m=[32m"Search for thermal_conductivity: 45.5W/mK"[39m
        [36m>[39m
          [36m<article[39m
            [33maria-describedby[39m=[32m"metric-desc-Thermal Conductivity"[39m
            [33maria-labelledby[39m=[32m"metric-title-Thermal Conductivity"[39m
            [33mclass[39m=[32m"h-full flex flex-col"[39m
            [33mdata-component[39m=[32m"metrics-card"[39m
            [33mdata-has-range[39m=[32m"true"[39m
            [33mdata-property[39m=[32m"thermal_conductivity"[39m
            [33mdata-searchable[39m=[32m"true"[39m
            [33mdata-unit[39m=[32m"W/mK"[39m
            [33mdata-value[39m=[32m"45.5"[39m
            [33mid[39m=[32m"metric-card-Thermal Conductivity"[39m
            [33mitemscope[39m=[32m""[39m
            [33mitemtype[39m=[32m"https://schema.org/PropertyValue"[39m
            [33mrole[39m=[32m"article"[39m
            [33mtabindex[39m=[32m"0"[39m
          [36m>[39m
            [36m<div[39m
              [33mclass[39m=[32m"sr-only"[39m
              [33mid[39m=[32m"metric-desc-Thermal Conductivity"[39m
            [36m>[39m
              [0mMetric showing thermal_conductivity with value 45.5 W/mK, ranging from 0.1 to 429 W/mK[0m
              [0m. Press Enter or Space to search for this metric.[0m
            [36m</div>[39m
            [36m<section[39m
              [33maria-label[39m=[32m"Metric visualization"[39m
              [33mclass[39m=[32m"mb-1"[39m
            [36m>[39m
              [36m<figure[39m
                [33maria-describedby[39m=[32m"progress-desc-Thermal Conductivity"[39m
                [33maria-labelledby[39m=[32m"progress-label-Thermal Conductivity"[39m
                [33mclass[39m=[32m"w-full"[39m
                [33mrole[39m=[32m"img"[39m
              [36m>[39m
                [36m<figcaption[39m
                  [33mclass[39m=[32m"sr-only"[39m
                  [33mid[39m=[32m"progress-label-Thermal Conductivity"[39m
                [36m>[39m
                  [0mThermal Conductivity[0m
                  [0m progress indicator[0m
                [36m</figcaption>[39m
                [36m<div[39m
                  [33mclass[39m=[32m"sr-only"[39m
                  [33mid[39m=[32m"progress-desc-Thermal Conductivity"[39m
                [36m>[39m
                  [0mCurrent value: [0m
                  [36m<data[39m
                    [33mdata-context[39m=[32m"material_property"[39m
                    [33mdata-magnitude[39m=[32m"medium"[39m
                    [33mdata-precision[39m=[32m"1"[39m
                    [33mdata-property[39m=[32m"thermal_conductivity"[39m
                    [33mdata-type[39m=[32m"measurement"[39m
                    [33mdata-unit[39m=[32m"W/mK"[39m
                    [33mitemprop[39m=[32m"value"[39m
                    [33mitemtype[39m=[32m"https://schema.org/PropertyValue"[39m
                    [33mvalue[39m=[32m"45.5"[39m
                  [36m>[39m
                    [0m45.5[0m
                  [36m</data>[39m
                  [0m [0m
                  [0mW/mK[0m
                  [0m. Range: [0m
                  [0m0.1[0m
                  [0m to [0m
                  [0m429[0m
                  [0m [0m
                  [0mW/mK[0m
                  [0m. Progress: [0m
                  [0m11[0m
                  [0m% of maximum.[0m
                [36m</div>[39m
                [36m<div[39m
                  [33mclass[39m=[32m"relative w-full mb-1 h-4"[39m
                [36m>[39m
                  [36m<div[39m
                    [33maria-hidden[39m=[32m"true"[39m
                    [33mclass[39m=[32m"absolute text-lg font-bold text-white/90 z-10"[39m
                    [33mstyle[39m=[32m"left: 10.585217999533691%; transform: none; top: -8px;"[39m
                  [36m>[39m
                    [36m<data[39m
                      [33mdata-context[39m=[32m"material_property"[39m
                      [33mdata-magnitude[39m=[32m"medium"[39m
                      [33mdata-position[39m=[32m"current"[39m
                      [33mdata-precision[39m=[32m"1"[39m
                      [33mdata-property[39m=[32m"thermal_conductivity"[39m
                      [33mdata-type[39m=[32m"measurement"[39m
                      [33mdata-unit[39m=[32m"W/mK"[39m
                      [33mitemprop[39m=[32m"value"[39m
                      [33mitemtype[39m=[32m"https://schema.org/PropertyValue"[39m
                      [33mvalue[39m=[32m"45.5"[39m
                    [36m>[39m
                      [0m45.5[0m
                    [36m</data>[39m
                  [36m</div>[39m
                [36m</div>[39m
                [36m<div[39m
                  [33mclass[39m=[32m"relative w-full mb-1"[39m
                [36m>[39m
                  [36m<div[39m
                    [33maria-describedby[39m=[32m"progress-desc-Thermal Conductivity"[39m
                    [33maria-labelledby[39m=[32m"progress-label-Thermal Conductivity"[39m
                    [33maria-valuemax[39m=[32m"429"[39m
                    [33maria-valuemin[39m=[32m"0.1"[39m
                    [33maria-valuenow[39m=[32m"45.5"[39m
                    [33mclass[39m=[32m"w-full h-3 bg-white/20 dark:bg-white/10 rounded-full overflow-hidden focus:ring-2 focus:ring-blue-500 focus:outline-none"[39m
                    [33mdata-component[39m=[32m"progress-bar"[39m
                    [33mdata-percentage[39m=[32m"11"[39m
                    [33mdata-property[39m=[32m"thermal_conductivity"[39m
                    [33mid[39m=[32m"progress-Thermal Conductivity"[39m
                    [33mitemprop[39m=[32m"value"[39m
                    [33mrole[39m=[32m"progressbar"[39m
                    [33mtabindex[39m=[32m"0"[39m
                  [36m>[39m
                    [36m<div[39m
                      [33maria-hidden[39m=[32m"true"[39m
                      [33mclass[39m=[32m"h-full opacity-30 rounded-full"[39m
                      [33mstyle[39m=[32m"background-color: rgb(79, 70, 229); width: 100%;"[39m
                    [36m/>[39m
                    [36m<div[39m
                      [33maria-hidden[39m=[32m"true"[39m
                      [33mclass[39m=[32m"absolute top-0 left-0 h-full opacity-90 rounded-l-full transition-all duration-300"[39m
                      [33mstyle[39m=[32m"background-color: rgb(79, 70, 229); width: 10.585217999533691%;"[39m
                    [36m/>[39m
                  [36m</div>[39m
                  [36m<div[39m
                    [33maria-hidden[39m=[32m"true"[39m
                    [33mclass[39m=[32m"absolute top-0 h-3 w-0.5 bg-white dark:bg-white/90 transform -translate-x-0.25 shadow-md rounded-full"[39m
                    [33mstyle[39m=[32m"left: 10.585217999533691%;"[39m
                  [36m/>[39m
                [36m</div>[39m
                [36m<div[39m
                  [33maria-hidden[39m=[32m"true"[39m
                  [33mclass[39m=[32m"flex justify-between items-center"[39m
                [36m>[39m
                  [36m<span[39m
                    [33mclass[39m=[32m"text-xs font-medium text-white/50"[39m
                  [36m>[39m
                    [36m<data[39m
                      [33mdata-context[39m=[32m"material_property"[39m
                      [33mdata-magnitude[39m=[32m"low"[39m
                      [33mdata-position[39m=[32m"minimum"[39m
                      [33mdata-precision[39m=[32m"1"[39m
                      [33mdata-property[39m=[32m"thermal_conductivity"[39m
                      [33mdata-type[39m=[32m"range_minimum"[39m
                      [33mdata-unit[39m=[32m"W/mK"[39m
                      [33mitemprop[39m=[32m"minValue"[39m
                      [33mitemtype[39m=[32m"https://schema.org/PropertyValue"[39m
                      [33mvalue[39m=[32m"0.1"[39m
                    [36m>[39m
                      [0m0.1[0m
                    [36m</data>[39m
                  [36m</span>[39m
                  [36m<span[39m
                    [33mclass[39m=[32m"text-xs font-medium text-white/50"[39m
                  [36m>[39m
                    [36m<data[39m
                      [33mdata-context[39m=[32m"material_property"[39m
                      [33mdata-magnitude[39m=[32m"medium"[39m
                      [33mdata-position[39m=[32m"maximum"[39m
                      [33mdata-precision[39m=[32m"0"[39m
                      [33mdata-property[39m=[32m"thermal_conductivity"[39m
                      [33mdata-type[39m=[32m"range_maximum"[39m
                      [33mdata-unit[39m=[32m"W/mK"[39m
                      [33mitemprop[39m=[32m"maxValue"[39m
                      [33mitemtype[39m=[32m"https://schema.org/PropertyValue"[39m
                      [33mvalue[39m=[32m"429"[39m
                    [36m>[39m
                      [0m429[0m
                    [36m</data>[39m
                  [36m</span>[39m
                [36m</div>[39m
              [36m</figure>[39m
            [36m</section>[39m
            [36m<section[39m
              [33mclass[39m=[32m"flex-1 flex flex-col justify-center text-center"[39m
            [36m>[39m
              [36m<h4[39m
                [33mclass[39m=[32m"font-bold text-xs text-white/90"[39m
                [33mdata-component[39m=[32m"metric-title"[39m
                [33mdata-property[39m=[32m"thermal_conductivity"[39m
                [33mid[39m=[32m"metric-title-Thermal Conductivity"[39m
                [33mitemprop[39m=[32m"name"[39m
              [36m>[39m
                [0mThermal Conductivity[0m
                [36m<span[39m
                  [33mclass[39m=[32m"font-normal ml-1"[39m
                  [33mtitle[39m=[32m"W/mK"[39m
                [36m>[39m
                  [0mW/mK[0m
                [36m</span>[39m
              [36m</h4>[39m
            [36m</section>[39m
          [36m</article>[39m
        [36m</a>[39m
      [36m</div>[39m
    [36m</body>[39m

      40 |       render(<MetricsCard {...mockProps} />);
      41 |       
    > 42 |       const minDataElement = screen.getByDisplayValue('0.1');
         |                                     ^
      43 |       expect(minDataElement).toHaveAttribute('data-type', 'range_minimum');
      44 |       expect(minDataElement).toHaveAttribute('data-position', 'minimum');
      45 |       expect(minDataElement).toHaveAttribute('data-precision', '1');

      at Object.getElementError (node_modules/@testing-library/dom/dist/config.js:37:19)
      at node_modules/@testing-library/dom/dist/query-helpers.js:76:38
      at node_modules/@testing-library/dom/dist/query-helpers.js:52:17
      at node_modules/@testing-library/dom/dist/query-helpers.js:95:19
      at Object.getByDisplayValue (tests/accessibility/MetricsCard.semantic-enhancement.test.tsx:42:37)

  ● MetricsCard Semantic Enhancement Tests › Maximum Specificity Data Attributes › calculates precision correctly for different value formats

    TestingLibraryElementError: Unable to find an element with the display value: 45.5.

    Ignored nodes: comments, script, style
    [36m<body>[39m
      [36m<div>[39m
        [36m<a[39m
          [33maria-describedby[39m=[32m"metric-desc-Thermal Conductivity"[39m
          [33maria-label[39m=[32m"Navigate to search results for thermal_conductivity: 45.5W/mK"[39m
          [33mclass[39m=[32m"rounded-lg p-3 block h-24 cursor-pointer hover:shadow-xl hover:scale-[1.03] hover:-translate-y-1 transition-all duration-300 ease-out focus:ring-2 focus:ring-blue-500 focus:outline-none focus:ring-offset-2 min-h-[44px] min-w-[44px] "[39m
          [33mhref[39m=[32m"/search?property=thermal_conductivity&value=45.5"[39m
          [33mstyle[39m=[32m"--hover-bg-color: undefined80; transition: all 0.3s ease-out;"[39m
          [33mtitle[39m=[32m"Search for thermal_conductivity: 45.5W/mK"[39m
        [36m>[39m
          [36m<article[39m
            [33maria-describedby[39m=[32m"metric-desc-Thermal Conductivity"[39m
            [33maria-labelledby[39m=[32m"metric-title-Thermal Conductivity"[39m
            [33mclass[39m=[32m"h-full flex flex-col"[39m
            [33mdata-component[39m=[32m"metrics-card"[39m
            [33mdata-has-range[39m=[32m"true"[39m
            [33mdata-property[39m=[32m"thermal_conductivity"[39m
            [33mdata-searchable[39m=[32m"true"[39m
            [33mdata-unit[39m=[32m"W/mK"[39m
            [33mdata-value[39m=[32m"45.5"[39m
            [33mid[39m=[32m"metric-card-Thermal Conductivity"[39m
            [33mitemscope[39m=[32m""[39m
            [33mitemtype[39m=[32m"https://schema.org/PropertyValue"[39m
            [33mrole[39m=[32m"article"[39m
            [33mtabindex[39m=[32m"0"[39m
          [36m>[39m
            [36m<div[39m
              [33mclass[39m=[32m"sr-only"[39m
              [33mid[39m=[32m"metric-desc-Thermal Conductivity"[39m
            [36m>[39m
              [0mMetric showing thermal_conductivity with value 45.5 W/mK, ranging from 0.1 to 429 W/mK[0m
              [0m. Press Enter or Space to search for this metric.[0m
            [36m</div>[39m
            [36m<section[39m
              [33maria-label[39m=[32m"Metric visualization"[39m
              [33mclass[39m=[32m"mb-1"[39m
            [36m>[39m
              [36m<figure[39m
                [33maria-describedby[39m=[32m"progress-desc-Thermal Conductivity"[39m
                [33maria-labelledby[39m=[32m"progress-label-Thermal Conductivity"[39m
                [33mclass[39m=[32m"w-full"[39m
                [33mrole[39m=[32m"img"[39m
              [36m>[39m
                [36m<figcaption[39m
                  [33mclass[39m=[32m"sr-only"[39m
                  [33mid[39m=[32m"progress-label-Thermal Conductivity"[39m
                [36m>[39m
                  [0mThermal Conductivity[0m
                  [0m progress indicator[0m
                [36m</figcaption>[39m
                [36m<div[39m
                  [33mclass[39m=[32m"sr-only"[39m
                  [33mid[39m=[32m"progress-desc-Thermal Conductivity"[39m
                [36m>[39m
                  [0mCurrent value: [0m
                  [36m<data[39m
                    [33mdata-context[39m=[32m"material_property"[39m
                    [33mdata-magnitude[39m=[32m"medium"[39m
                    [33mdata-precision[39m=[32m"1"[39m
                    [33mdata-property[39m=[32m"thermal_conductivity"[39m
                    [33mdata-type[39m=[32m"measurement"[39m
                    [33mdata-unit[39m=[32m"W/mK"[39m
                    [33mitemprop[39m=[32m"value"[39m
                    [33mitemtype[39m=[32m"https://schema.org/PropertyValue"[39m
                    [33mvalue[39m=[32m"45.5"[39m
                  [36m>[39m
                    [0m45.5[0m
                  [36m</data>[39m
                  [0m [0m
                  [0mW/mK[0m
                  [0m. Range: [0m
                  [0m0.1[0m
                  [0m to [0m
                  [0m429[0m
                  [0m [0m
                  [0mW/mK[0m
                  [0m. Progress: [0m
                  [0m11[0m
                  [0m% of maximum.[0m
                [36m</div>[39m
                [36m<div[39m
                  [33mclass[39m=[32m"relative w-full mb-1 h-4"[39m
                [36m>[39m
                  [36m<div[39m
                    [33maria-hidden[39m=[32m"true"[39m
                    [33mclass[39m=[32m"absolute text-lg font-bold text-white/90 z-10"[39m
                    [33mstyle[39m=[32m"left: 10.585217999533691%; transform: none; top: -8px;"[39m
                  [36m>[39m
                    [36m<data[39m
                      [33mdata-context[39m=[32m"material_property"[39m
                      [33mdata-magnitude[39m=[32m"medium"[39m
                      [33mdata-position[39m=[32m"current"[39m
                      [33mdata-precision[39m=[32m"1"[39m
                      [33mdata-property[39m=[32m"thermal_conductivity"[39m
                      [33mdata-type[39m=[32m"measurement"[39m
                      [33mdata-unit[39m=[32m"W/mK"[39m
                      [33mitemprop[39m=[32m"value"[39m
                      [33mitemtype[39m=[32m"https://schema.org/PropertyValue"[39m
                      [33mvalue[39m=[32m"45.5"[39m
                    [36m>[39m
                      [0m45.5[0m
                    [36m</data>[39m
                  [36m</div>[39m
                [36m</div>[39m
                [36m<div[39m
                  [33mclass[39m=[32m"relative w-full mb-1"[39m
                [36m>[39m
                  [36m<div[39m
                    [33maria-describedby[39m=[32m"progress-desc-Thermal Conductivity"[39m
                    [33maria-labelledby[39m=[32m"progress-label-Thermal Conductivity"[39m
                    [33maria-valuemax[39m=[32m"429"[39m
                    [33maria-valuemin[39m=[32m"0.1"[39m
                    [33maria-valuenow[39m=[32m"45.5"[39m
                    [33mclass[39m=[32m"w-full h-3 bg-white/20 dark:bg-white/10 rounded-full overflow-hidden focus:ring-2 focus:ring-blue-500 focus:outline-none"[39m
                    [33mdata-component[39m=[32m"progress-bar"[39m
                    [33mdata-percentage[39m=[32m"11"[39m
                    [33mdata-property[39m=[32m"thermal_conductivity"[39m
                    [33mid[39m=[32m"progress-Thermal Conductivity"[39m
                    [33mitemprop[39m=[32m"value"[39m
                    [33mrole[39m=[32m"progressbar"[39m
                    [33mtabindex[39m=[32m"0"[39m
                  [36m>[39m
                    [36m<div[39m
                      [33maria-hidden[39m=[32m"true"[39m
                      [33mclass[39m=[32m"h-full opacity-30 rounded-full"[39m
                      [33mstyle[39m=[32m"background-color: rgb(79, 70, 229); width: 100%;"[39m
                    [36m/>[39m
                    [36m<div[39m
                      [33maria-hidden[39m=[32m"true"[39m
                      [33mclass[39m=[32m"absolute top-0 left-0 h-full opacity-90 rounded-l-full transition-all duration-300"[39m
                      [33mstyle[39m=[32m"background-color: rgb(79, 70, 229); width: 10.585217999533691%;"[39m
                    [36m/>[39m
                  [36m</div>[39m
                  [36m<div[39m
                    [33maria-hidden[39m=[32m"true"[39m
                    [33mclass[39m=[32m"absolute top-0 h-3 w-0.5 bg-white dark:bg-white/90 transform -translate-x-0.25 shadow-md rounded-full"[39m
                    [33mstyle[39m=[32m"left: 10.585217999533691%;"[39m
                  [36m/>[39m
                [36m</div>[39m
                [36m<div[39m
                  [33maria-hidden[39m=[32m"true"[39m
                  [33mclass[39m=[32m"flex justify-between items-center"[39m
                [36m>[39m
                  [36m<span[39m
                    [33mclass[39m=[32m"text-xs font-medium text-white/50"[39m
                  [36m>[39m
                    [36m<data[39m
                      [33mdata-context[39m=[32m"material_property"[39m
                      [33mdata-magnitude[39m=[32m"low"[39m
                      [33mdata-position[39m=[32m"minimum"[39m
                      [33mdata-precision[39m=[32m"1"[39m
                      [33mdata-property[39m=[32m"thermal_conductivity"[39m
                      [33mdata-type[39m=[32m"range_minimum"[39m
                      [33mdata-unit[39m=[32m"W/mK"[39m
                      [33mitemprop[39m=[32m"minValue"[39m
                      [33mitemtype[39m=[32m"https://schema.org/PropertyValue"[39m
                      [33mvalue[39m=[32m"0.1"[39m
                    [36m>[39m
                      [0m0.1[0m
                    [36m</data>[39m
                  [36m</span>[39m
                  [36m<span[39m
                    [33mclass[39m=[32m"text-xs font-medium text-white/50"[39m
                  [36m>[39m
                    [36m<data[39m
                      [33mdata-context[39m=[32m"material_property"[39m
                      [33mdata-magnitude[39m=[32m"medium"[39m
                      [33mdata-position[39m=[32m"maximum"[39m
                      [33mdata-precision[39m=[32m"0"[39m
                      [33mdata-property[39m=[32m"thermal_conductivity"[39m
                      [33mdata-type[39m=[32m"range_maximum"[39m
                      [33mdata-unit[39m=[32m"W/mK"[39m
                      [33mitemprop[39m=[32m"maxValue"[39m
                      [33mitemtype[39m=[32m"https://schema.org/PropertyValue"[39m
                      [33mvalue[39m=[32m"429"[39m
                    [36m>[39m
                      [0m429[0m
                    [36m</data>[39m
                  [36m</span>[39m
                [36m</div>[39m
              [36m</figure>[39m
            [36m</section>[39m
            [36m<section[39m
              [33mclass[39m=[32m"flex-1 flex flex-col justify-center text-center"[39m
            [36m>[39m
              [36m<h4[39m
                [33mclass[39m=[32m"font-bold text-xs text-white/90"[39m
                [33mdata-component[39m=[32m"metric-title"[39m
                [33mdata-property[39m=[32m"thermal_conductivity"[39m
                [33mid[39m=[32m"metric-title-Thermal Conductivity"[39m
                [33mitemprop[39m=[32m"name"[39m
              [36m>[39m
                [0mThermal Conductivity[0m
                [36m<span[39m
                  [33mclass[39m=[32m"font-normal ml-1"[39m
                  [33mtitle[39m=[32m"W/mK"[39m
                [36m>[39m
                  [0mW/mK[0m
                [36m</span>[39m
              [36m</h4>[39m
            [36m</section>[39m
          [36m</article>[39m
        [36m</a>[39m
      [36m</div>[39m
    [36m</body>[39m

      68 |         );
      69 |         
    > 70 |         const dataElement = screen.getByDisplayValue(value);
         |                                    ^
      71 |         expect(dataElement).toHaveAttribute('data-precision', expectedPrecision);
      72 |         
      73 |         unmount();

      at Object.getElementError (node_modules/@testing-library/dom/dist/config.js:37:19)
      at node_modules/@testing-library/dom/dist/query-helpers.js:76:38
      at node_modules/@testing-library/dom/dist/query-helpers.js:52:17
      at node_modules/@testing-library/dom/dist/query-helpers.js:95:19
      at getByDisplayValue (tests/accessibility/MetricsCard.semantic-enhancement.test.tsx:70:36)
          at Array.forEach (<anonymous>)
      at Object.forEach (tests/accessibility/MetricsCard.semantic-enhancement.test.tsx:65:17)

  ● MetricsCard Semantic Enhancement Tests › Maximum Specificity Data Attributes › calculates magnitude correctly for different value ranges

    TestingLibraryElementError: Unable to find an element with the display value: 0.5.

    Ignored nodes: comments, script, style
    [36m<body>[39m
      [36m<div>[39m
        [36m<a[39m
          [33maria-describedby[39m=[32m"metric-desc-Thermal Conductivity"[39m
          [33maria-label[39m=[32m"Navigate to search results for thermal_conductivity: 0.5W/mK"[39m
          [33mclass[39m=[32m"rounded-lg p-3 block h-24 cursor-pointer hover:shadow-xl hover:scale-[1.03] hover:-translate-y-1 transition-all duration-300 ease-out focus:ring-2 focus:ring-blue-500 focus:outline-none focus:ring-offset-2 min-h-[44px] min-w-[44px] "[39m
          [33mhref[39m=[32m"/search?property=thermal_conductivity&value=0.5"[39m
          [33mstyle[39m=[32m"--hover-bg-color: undefined80; transition: all 0.3s ease-out;"[39m
          [33mtitle[39m=[32m"Search for thermal_conductivity: 0.5W/mK"[39m
        [36m>[39m
          [36m<article[39m
            [33maria-describedby[39m=[32m"metric-desc-Thermal Conductivity"[39m
            [33maria-labelledby[39m=[32m"metric-title-Thermal Conductivity"[39m
            [33mclass[39m=[32m"h-full flex flex-col"[39m
            [33mdata-component[39m=[32m"metrics-card"[39m
            [33mdata-has-range[39m=[32m"true"[39m
            [33mdata-property[39m=[32m"thermal_conductivity"[39m
            [33mdata-searchable[39m=[32m"true"[39m
            [33mdata-unit[39m=[32m"W/mK"[39m
            [33mdata-value[39m=[32m"0.5"[39m
            [33mid[39m=[32m"metric-card-Thermal Conductivity"[39m
            [33mitemscope[39m=[32m""[39m
            [33mitemtype[39m=[32m"https://schema.org/PropertyValue"[39m
            [33mrole[39m=[32m"article"[39m
            [33mtabindex[39m=[32m"0"[39m
          [36m>[39m
            [36m<div[39m
              [33mclass[39m=[32m"sr-only"[39m
              [33mid[39m=[32m"metric-desc-Thermal Conductivity"[39m
            [36m>[39m
              [0mMetric showing thermal_conductivity with value 0.5 W/mK, ranging from 0.1 to 429 W/mK[0m
              [0m. Press Enter or Space to search for this metric.[0m
            [36m</div>[39m
            [36m<section[39m
              [33maria-label[39m=[32m"Metric visualization"[39m
              [33mclass[39m=[32m"mb-1"[39m
            [36m>[39m
              [36m<figure[39m
                [33maria-describedby[39m=[32m"progress-desc-Thermal Conductivity"[39m
                [33maria-labelledby[39m=[32m"progress-label-Thermal Conductivity"[39m
                [33mclass[39m=[32m"w-full"[39m
                [33mrole[39m=[32m"img"[39m
              [36m>[39m
                [36m<figcaption[39m
                  [33mclass[39m=[32m"sr-only"[39m
                  [33mid[39m=[32m"progress-label-Thermal Conductivity"[39m
                [36m>[39m
                  [0mThermal Conductivity[0m
                  [0m progress indicator[0m
                [36m</figcaption>[39m
                [36m<div[39m
                  [33mclass[39m=[32m"sr-only"[39m
                  [33mid[39m=[32m"progress-desc-Thermal Conductivity"[39m
                [36m>[39m
                  [0mCurrent value: [0m
                  [36m<data[39m
                    [33mdata-context[39m=[32m"material_property"[39m
                    [33mdata-magnitude[39m=[32m"low"[39m
                    [33mdata-precision[39m=[32m"1"[39m
                    [33mdata-property[39m=[32m"thermal_conductivity"[39m
                    [33mdata-type[39m=[32m"measurement"[39m
                    [33mdata-unit[39m=[32m"W/mK"[39m
                    [33mitemprop[39m=[32m"value"[39m
                    [33mitemtype[39m=[32m"https://schema.org/PropertyValue"[39m
                    [33mvalue[39m=[32m"0.5"[39m
                  [36m>[39m
                    [0m0.5[0m
                  [36m</data>[39m
                  [0m [0m
                  [0mW/mK[0m
                  [0m. Range: [0m
                  [0m0.1[0m
                  [0m to [0m
                  [0m429[0m
                  [0m [0m
                  [0mW/mK[0m
                  [0m. Progress: [0m
                  [0m0[0m
                  [0m% of maximum.[0m
                [36m</div>[39m
                [36m<div[39m
                  [33mclass[39m=[32m"relative w-full mb-1 h-4"[39m
                [36m>[39m
                  [36m<div[39m
                    [33maria-hidden[39m=[32m"true"[39m
                    [33mclass[39m=[32m"absolute text-lg font-bold text-white/90 z-10"[39m
                    [33mstyle[39m=[32m"left: 0.0932618325950105%; transform: none; top: -8px;"[39m
                  [36m>[39m
                    [36m<data[39m
                      [33mdata-context[39m=[32m"material_property"[39m
                      [33mdata-magnitude[39m=[32m"low"[39m
                      [33mdata-position[39m=[32m"current"[39m
                      [33mdata-precision[39m=[32m"1"[39m
                      [33mdata-property[39m=[32m"thermal_conductivity"[39m
                      [33mdata-type[39m=[32m"measurement"[39m
                      [33mdata-unit[39m=[32m"W/mK"[39m
                      [33mitemprop[39m=[32m"value"[39m
                      [33mitemtype[39m=[32m"https://schema.org/PropertyValue"[39m
                      [33mvalue[39m=[32m"0.5"[39m
                    [36m>[39m
                      [0m0.5[0m
                    [36m</data>[39m
                  [36m</div>[39m
                [36m</div>[39m
                [36m<div[39m
                  [33mclass[39m=[32m"relative w-full mb-1"[39m
                [36m>[39m
                  [36m<div[39m
                    [33maria-describedby[39m=[32m"progress-desc-Thermal Conductivity"[39m
                    [33maria-labelledby[39m=[32m"progress-label-Thermal Conductivity"[39m
                    [33maria-valuemax[39m=[32m"429"[39m
                    [33maria-valuemin[39m=[32m"0.1"[39m
                    [33maria-valuenow[39m=[32m"0.5"[39m
                    [33mclass[39m=[32m"w-full h-3 bg-white/20 dark:bg-white/10 rounded-full overflow-hidden focus:ring-2 focus:ring-blue-500 focus:outline-none"[39m
                    [33mdata-component[39m=[32m"progress-bar"[39m
                    [33mdata-percentage[39m=[32m"0"[39m
                    [33mdata-property[39m=[32m"thermal_conductivity"[39m
                    [33mid[39m=[32m"progress-Thermal Conductivity"[39m
                    [33mitemprop[39m=[32m"value"[39m
                    [33mrole[39m=[32m"progressbar"[39m
                    [33mtabindex[39m=[32m"0"[39m
                  [36m>[39m
                    [36m<div[39m
                      [33maria-hidden[39m=[32m"true"[39m
                      [33mclass[39m=[32m"h-full opacity-30 rounded-full"[39m
                      [33mstyle[39m=[32m"background-color: rgb(79, 70, 229); width: 100%;"[39m
                    [36m/>[39m
                    [36m<div[39m
                      [33maria-hidden[39m=[32m"true"[39m
                      [33mclass[39m=[32m"absolute top-0 left-0 h-full opacity-90 rounded-l-full transition-all duration-300"[39m
                      [33mstyle[39m=[32m"background-color: rgb(79, 70, 229); width: 0.0932618325950105%;"[39m
                    [36m/>[39m
                  [36m</div>[39m
                  [36m<div[39m
                    [33maria-hidden[39m=[32m"true"[39m
                    [33mclass[39m=[32m"absolute top-0 h-3 w-0.5 bg-white dark:bg-white/90 transform -translate-x-0.25 shadow-md rounded-full"[39m
                    [33mstyle[39m=[32m"left: 0.0932618325950105%;"[39m
                  [36m/>[39m
                [36m</div>[39m
                [36m<div[39m
                  [33maria-hidden[39m=[32m"true"[39m
                  [33mclass[39m=[32m"flex justify-between items-center"[39m
                [36m>[39m
                  [36m<span[39m
                    [33mclass[39m=[32m"text-xs font-medium text-white/50"[39m
                  [36m>[39m
                    [36m<data[39m
                      [33mdata-context[39m=[32m"material_property"[39m
                      [33mdata-magnitude[39m=[32m"low"[39m
                      [33mdata-position[39m=[32m"minimum"[39m
                      [33mdata-precision[39m=[32m"1"[39m
                      [33mdata-property[39m=[32m"thermal_conductivity"[39m
                      [33mdata-type[39m=[32m"range_minimum"[39m
                      [33mdata-unit[39m=[32m"W/mK"[39m
                      [33mitemprop[39m=[32m"minValue"[39m
                      [33mitemtype[39m=[32m"https://schema.org/PropertyValue"[39m
                      [33mvalue[39m=[32m"0.1"[39m
                    [36m>[39m
                      [0m0.1[0m
                    [36m</data>[39m
                  [36m</span>[39m
                  [36m<span[39m
                    [33mclass[39m=[32m"text-xs font-medium text-white/50"[39m
                  [36m>[39m
                    [36m<data[39m
                      [33mdata-context[39m=[32m"material_property"[39m
                      [33mdata-magnitude[39m=[32m"medium"[39m
                      [33mdata-position[39m=[32m"maximum"[39m
                      [33mdata-precision[39m=[32m"0"[39m
                      [33mdata-property[39m=[32m"thermal_conductivity"[39m
                      [33mdata-type[39m=[32m"range_maximum"[39m
                      [33mdata-unit[39m=[32m"W/mK"[39m
                      [33mitemprop[39m=[32m"maxValue"[39m
                      [33mitemtype[39m=[32m"https://schema.org/PropertyValue"[39m
                      [33mvalue[39m=[32m"429"[39m
                    [36m>[39m
                      [0m429[0m
                    [36m</data>[39m
                  [36m</span>[39m
                [36m</div>[39m
              [36m</figure>[39m
            [36m</section>[39m
            [36m<section[39m
              [33mclass[39m=[32m"flex-1 flex flex-col justify-center text-center"[39m
            [36m>[39m
              [36m<h4[39m
                [33mclass[39m=[32m"font-bold text-xs text-white/90"[39m
                [33mdata-component[39m=[32m"metric-title"[39m
                [33mdata-property[39m=[32m"thermal_conductivity"[39m
                [33mid[39m=[32m"metric-title-Thermal Conductivity"[39m
                [33mitemprop[39m=[32m"name"[39m
              [36m>[39m
                [0mThermal Conductivity[0m
                [36m<span[39m
                  [33mclass[39m=[32m"font-normal ml-1"[39m
                  [33mtitle[39m=[32m"W/mK"[39m
                [36m>[39m
                  [0mW/mK[0m
                [36m</span>[39m
              [36m</h4>[39m
            [36m</section>[39m
          [36m</article>[39m
        [36m</a>[39m
      [36m</div>[39m
    [36m</body>[39m

      87 |         );
      88 |         
    > 89 |         const dataElement = screen.getByDisplayValue(value);
         |                                    ^
      90 |         expect(dataElement).toHaveAttribute('data-magnitude', expectedMagnitude);
      91 |         
      92 |         unmount();

      at Object.getElementError (node_modules/@testing-library/dom/dist/config.js:37:19)
      at node_modules/@testing-library/dom/dist/query-helpers.js:76:38
      at node_modules/@testing-library/dom/dist/query-helpers.js:52:17
      at node_modules/@testing-library/dom/dist/query-helpers.js:95:19
      at getByDisplayValue (tests/accessibility/MetricsCard.semantic-enhancement.test.tsx:89:36)
          at Array.forEach (<anonymous>)
      at Object.forEach (tests/accessibility/MetricsCard.semantic-enhancement.test.tsx:84:17)

  console.warn
    Unknown component type: unknown-type

      322 |     const dir = CONTENT_DIRS.components[type as keyof typeof CONTENT_DIRS.components];
      323 |     if (!dir) {
    > 324 |       console.warn(`Unknown component type: ${type}`);
          |               ^
      325 |       return null;
      326 |     }
      327 |     

      at warn (app/utils/contentAPI.ts:324:15)
      at op (app/utils/contentAPI.ts:25:18)
      at safeContentOperation (app/utils/contentAPI.ts:321:10)
      at fn (tests/utils/contentAPI.test.js:40:33)
      at Object.loadComponent (tests/utils/contentAPI.test.js:193:28)

  console.log
    ✅ Alabaster YAML v2.0 test created successfully!

      at Object.log (tests/alabaster-tags.test.js:104:9)

  console.log
    📋 Test validates:

      at Object.log (tests/alabaster-tags.test.js:105:9)

  console.log
       • Top-level material field support

      at Object.log (tests/alabaster-tags.test.js:106:9)

  console.log
       • Empty category handling (industry, author)

      at Object.log (tests/alabaster-tags.test.js:107:9)

  console.log
       • Non-empty category display (process, other)

      at Object.log (tests/alabaster-tags.test.js:108:9)

  console.log
       • All 8 tags rendered correctly

      at Object.log (tests/alabaster-tags.test.js:109:9)

  console.log
       • YAML v2.0 metadata parsing

      at Object.log (tests/alabaster-tags.test.js:110:9)

  console.log
    🏷️  Ready for your alabaster tag data!

      at Object.log (tests/alabaster-tags.test.js:111:9)

FAIL jsdom tests/standards/JSONLDComponent.test.tsx
  JSON-LD Component Implementation
    JSON-LD Directory Structure
      ✓ should have jsonld directory (2 ms)
      ✓ should contain structured data files
      ✓ should have both JSON and YAML formats
    JSON File Structure and Validation
      ✓ should have valid JSON structure (6 ms)
      ✓ should have Schema.org context (2 ms)
      ✕ should have valid Schema.org types (3 ms)
    Article Schema Implementation
      ✓ should have complete article properties (2 ms)
      ✓ should have valid author schema (1 ms)
      ✓ should have valid publisher schema
    Organization Schema Implementation
      ✓ should have complete organization properties
      ✓ should have contact information (1 ms)
    Service and Product Schema
      ✓ should have service schema for laser cleaning (1 ms)
      ✕ should have material-specific properties (1 ms)
    HowTo Schema Implementation
      ✓ should have complete HowTo structure (1 ms)
      ✓ should have estimated duration
    SEO and Rich Snippet Optimization
      ✓ should have unique identifiers (7 ms)
      ✓ should have appropriate image schemas (1 ms)
      ✓ should have mainEntityOfPage for articles
    Performance and Validation
      ✓ should have reasonable file sizes (46 ms)
      ✓ should parse quickly (2 ms)
      ✓ should be minified for production (2 ms)
    Schema.org Compliance
      ✓ should use correct property names (6 ms)
      ✓ should have consistent URL formats (1 ms)

  ● JSON-LD Component Implementation › JSON File Structure and Validation › should have valid Schema.org types

    expect(received).toBeDefined()

    Received: undefined

      78 |         const data = JSON.parse(content);
      79 |
    > 80 |         expect(data['@type']).toBeDefined();
         |                               ^
      81 |         expect(validTypes).toContain(data['@type']);
      82 |       });
      83 |     });

      at toBeDefined (tests/standards/JSONLDComponent.test.tsx:80:31)
          at Array.forEach (<anonymous>)
      at Object.forEach (tests/standards/JSONLDComponent.test.tsx:75:31)

  ● JSON-LD Component Implementation › Service and Product Schema › should have material-specific properties

    expect(received).toBeDefined()

    Received: undefined

      234 |
      235 |         // Should have material-specific information
    > 236 |         expect(data.name || data.headline).toBeDefined();
          |                                            ^
      237 |         if (data.material) {
      238 |           expect(data.material.name || data.material.type).toBeDefined();
      239 |         }

      at toBeDefined (tests/standards/JSONLDComponent.test.tsx:236:44)
          at Array.forEach (<anonymous>)
      at Object.forEach (tests/standards/JSONLDComponent.test.tsx:230:33)

FAIL jsdom tests/components/Caption.author.test.tsx
  Caption Components Author Object Handling
    CaptionImage Component
      ✕ should handle string author in seoData (9 ms)
      ✕ should handle object author in seoData (4 ms)
      ✕ should handle missing author name in object (3 ms)
      ✓ should not render author meta when author is undefined (4 ms)
    CaptionContent Component
      ✓ should handle string author in seoData (12 ms)
      ✓ should handle object author in seoData (4 ms)
      ✓ should provide fallback for author object without name (5 ms)
      ✓ should not crash with complex author objects (4 ms)
    Author Object Type Safety
      ✓ should correctly identify string vs object authors (2 ms)

  ● Caption Components Author Object Handling › CaptionImage Component › should handle string author in seoData

    expect(received).toHaveAttribute()

    received value must be an HTMLElement or an SVGElement.
    Received has value: null

      43 |
      44 |       const authorMeta = container.querySelector('meta[itemProp="author"]');
    > 45 |       expect(authorMeta).toHaveAttribute('content', 'John Doe');
         |                          ^
      46 |     });
      47 |
      48 |     test('should handle object author in seoData', () => {

      at __EXTERNAL_MATCHER_TRAP__ (node_modules/expect/build/index.js:2240:22)
      at Object.throwingMatcher (node_modules/expect/build/index.js:2241:6)
      at Object.toHaveAttribute (tests/components/Caption.author.test.tsx:45:26)

  ● Caption Components Author Object Handling › CaptionImage Component › should handle object author in seoData

    expect(received).toHaveAttribute()

    received value must be an HTMLElement or an SVGElement.
    Received has value: null

      71 |
      72 |       const authorMeta = container.querySelector('meta[itemProp="author"]');
    > 73 |       expect(authorMeta).toHaveAttribute('content', 'Jane Smith');
         |                          ^
      74 |     });
      75 |
      76 |     test('should handle missing author name in object', () => {

      at __EXTERNAL_MATCHER_TRAP__ (node_modules/expect/build/index.js:2240:22)
      at Object.throwingMatcher (node_modules/expect/build/index.js:2241:6)
      at Object.toHaveAttribute (tests/components/Caption.author.test.tsx:73:26)

  ● Caption Components Author Object Handling › CaptionImage Component › should handle missing author name in object

    expect(received).toHaveAttribute()

    received value must be an HTMLElement or an SVGElement.
    Received has value: null

       96 |
       97 |       const authorMeta = container.querySelector('meta[itemProp="author"]');
    >  98 |       expect(authorMeta).toHaveAttribute('content', 'Unknown Author');
          |                          ^
       99 |     });
      100 |
      101 |     test('should not render author meta when author is undefined', () => {

      at __EXTERNAL_MATCHER_TRAP__ (node_modules/expect/build/index.js:2240:22)
      at Object.throwingMatcher (node_modules/expect/build/index.js:2241:6)
      at Object.toHaveAttribute (tests/components/Caption.author.test.tsx:98:26)

  console.error
    Warning: validateDOMNesting(...): <a> cannot appear as a descendant of <a>.
        at a
        at a
        at href (/Users/todddunning/Desktop/Z-Beam/z-beam-test-push/tests/alabaster-tags.test.js:12:30)
        at div
        at div
        at content (/Users/todddunning/Desktop/Z-Beam/z-beam-test-push/app/components/Tags/Tags.tsx:11:24)

      34 |
      35 |   it('should handle alabaster data structure correctly', () => {
    > 36 |     render(<Tags content={alabasterData} />);
         |           ^
      37 |     
      38 |     // Check that all 8 tags are rendered
      39 |     expect(screen.getByText('Stone')).toBeInTheDocument();

      at printWarning (node_modules/react-dom/cjs/react-dom.development.js:86:30)
      at error (node_modules/react-dom/cjs/react-dom.development.js:60:7)
      at validateDOMNesting (node_modules/react-dom/cjs/react-dom.development.js:10849:7)
      at createInstance (node_modules/react-dom/cjs/react-dom.development.js:10930:5)
      at completeWork (node_modules/react-dom/cjs/react-dom.development.js:22226:28)
      at completeUnitOfWork (node_modules/react-dom/cjs/react-dom.development.js:26632:16)
      at performUnitOfWork (node_modules/react-dom/cjs/react-dom.development.js:26607:5)
      at workLoopSync (node_modules/react-dom/cjs/react-dom.development.js:26505:5)
      at renderRootSync (node_modules/react-dom/cjs/react-dom.development.js:26473:7)
      at performConcurrentWorkOnRoot (node_modules/react-dom/cjs/react-dom.development.js:25777:74)
      at flushActQueue (node_modules/react/cjs/react.development.js:2667:24)
      at act (node_modules/react/cjs/react.development.js:2582:11)
      at node_modules/@testing-library/react/dist/act-compat.js:47:25
      at renderRoot (node_modules/@testing-library/react/dist/pure.js:190:26)
      at render (node_modules/@testing-library/react/dist/pure.js:292:10)
      at Object.<anonymous> (tests/alabaster-tags.test.js:36:11)

  console.warn
    Failed to parse YAML for test-slug: YAMLParseError: Source contains multiple documents; please use YAML.parseAllDocuments() at line 4, column 1:
    
    category: test
    ---
    ^
    
        at parseDocument (/Users/todddunning/Desktop/Z-Beam/z-beam-test-push/node_modules/yaml/dist/public-api.js:50:29)
        at Object.parse (/Users/todddunning/Desktop/Z-Beam/z-beam-test-push/node_modules/yaml/dist/public-api.js:68:17)
        at parse (/Users/todddunning/Desktop/Z-Beam/z-beam-test-push/app/utils/contentAPI.ts:92:25)
        at op (/Users/todddunning/Desktop/Z-Beam/z-beam-test-push/app/utils/contentAPI.ts:25:18)
        at safeContentOperation (/Users/todddunning/Desktop/Z-Beam/z-beam-test-push/app/utils/contentAPI.ts:58:10)
        at fn (/Users/todddunning/Desktop/Z-Beam/z-beam-test-push/tests/utils/contentAPI.test.js:40:33)
        at loadFrontmatterDataInline (/Users/todddunning/Desktop/Z-Beam/z-beam-test-push/app/utils/contentAPI.ts:674:35)
        at op (/Users/todddunning/Desktop/Z-Beam/z-beam-test-push/app/utils/contentAPI.ts:25:18)
        at safeContentOperation (/Users/todddunning/Desktop/Z-Beam/z-beam-test-push/app/utils/contentAPI.ts:672:10)
        at fn (/Users/todddunning/Desktop/Z-Beam/z-beam-test-push/tests/utils/contentAPI.test.js:40:33)
        at Object.loadMetadata (/Users/todddunning/Desktop/Z-Beam/z-beam-test-push/tests/utils/contentAPI.test.js:292:28)
        at Promise.finally.completed (/Users/todddunning/Desktop/Z-Beam/z-beam-test-push/node_modules/jest-circus/build/jestAdapterInit.js:1556:28)
        at new Promise (<anonymous>)
        at callAsyncCircusFn (/Users/todddunning/Desktop/Z-Beam/z-beam-test-push/node_modules/jest-circus/build/jestAdapterInit.js:1496:10)
        at _callCircusTest (/Users/todddunning/Desktop/Z-Beam/z-beam-test-push/node_modules/jest-circus/build/jestAdapterInit.js:1006:40)
        at processTicksAndRejections (node:internal/process/task_queues:105:5)
        at _runTest (/Users/todddunning/Desktop/Z-Beam/z-beam-test-push/node_modules/jest-circus/build/jestAdapterInit.js:946:3)
        at _runTestsForDescribeBlock (/Users/todddunning/Desktop/Z-Beam/z-beam-test-push/node_modules/jest-circus/build/jestAdapterInit.js:839:13)
        at _runTestsForDescribeBlock (/Users/todddunning/Desktop/Z-Beam/z-beam-test-push/node_modules/jest-circus/build/jestAdapterInit.js:829:11)
        at _runTestsForDescribeBlock (/Users/todddunning/Desktop/Z-Beam/z-beam-test-push/node_modules/jest-circus/build/jestAdapterInit.js:829:11)
        at run (/Users/todddunning/Desktop/Z-Beam/z-beam-test-push/node_modules/jest-circus/build/jestAdapterInit.js:757:3)
        at runAndTransformResultsToJestFormat (/Users/todddunning/Desktop/Z-Beam/z-beam-test-push/node_modules/jest-circus/build/jestAdapterInit.js:1917:21)
        at jestAdapter (/Users/todddunning/Desktop/Z-Beam/z-beam-test-push/node_modules/jest-circus/build/runner.js:101:19)
        at runTestInternal (/Users/todddunning/Desktop/Z-Beam/z-beam-test-push/node_modules/jest-runner/build/testWorker.js:275:16)
        at runTest (/Users/todddunning/Desktop/Z-Beam/z-beam-test-push/node_modules/jest-runner/build/testWorker.js:343:7)
        at Object.worker (/Users/todddunning/Desktop/Z-Beam/z-beam-test-push/node_modules/jest-runner/build/testWorker.js:497:12) {
      code: 'MULTIPLE_DOCS',
      pos: [ 44, 55 ],
      linePos: [ { line: 4, col: 1 }, { line: 5, col: 8 } ]
    }

      104 |       return data || {};
      105 |     } catch (error) {
    > 106 |       console.warn(`Failed to parse YAML for ${validatedSlug}:`, error);
          |               ^
      107 |       return {};
      108 |     }
      109 |   }, {}, 'loadFrontmatterDataInline', slug);

      at warn (app/utils/contentAPI.ts:106:15)
      at op (app/utils/contentAPI.ts:25:18)
      at safeContentOperation (app/utils/contentAPI.ts:58:10)
      at fn (tests/utils/contentAPI.test.js:40:33)
      at loadFrontmatterDataInline (app/utils/contentAPI.ts:674:35)
      at op (app/utils/contentAPI.ts:25:18)
      at safeContentOperation (app/utils/contentAPI.ts:672:10)
      at fn (tests/utils/contentAPI.test.js:40:33)
      at Object.loadMetadata (tests/utils/contentAPI.test.js:292:28)

  console.warn
    Failed to parse YAML for test-slug: YAMLParseError: Source contains multiple documents; please use YAML.parseAllDocuments() at line 3, column 1:
    
    title: Test Page
    ---
    ^
    
        at parseDocument (/Users/todddunning/Desktop/Z-Beam/z-beam-test-push/node_modules/yaml/dist/public-api.js:50:29)
        at Object.parse (/Users/todddunning/Desktop/Z-Beam/z-beam-test-push/node_modules/yaml/dist/public-api.js:68:17)
        at parse (/Users/todddunning/Desktop/Z-Beam/z-beam-test-push/app/utils/contentAPI.ts:92:25)
        at op (/Users/todddunning/Desktop/Z-Beam/z-beam-test-push/app/utils/contentAPI.ts:25:18)
        at safeContentOperation (/Users/todddunning/Desktop/Z-Beam/z-beam-test-push/app/utils/contentAPI.ts:58:10)
        at fn (/Users/todddunning/Desktop/Z-Beam/z-beam-test-push/tests/utils/contentAPI.test.js:40:33)
        at loadFrontmatterDataInline (/Users/todddunning/Desktop/Z-Beam/z-beam-test-push/app/utils/contentAPI.ts:674:35)
        at op (/Users/todddunning/Desktop/Z-Beam/z-beam-test-push/app/utils/contentAPI.ts:25:18)
        at safeContentOperation (/Users/todddunning/Desktop/Z-Beam/z-beam-test-push/app/utils/contentAPI.ts:672:10)
        at fn (/Users/todddunning/Desktop/Z-Beam/z-beam-test-push/tests/utils/contentAPI.test.js:40:33)
        at loadMetadata (/Users/todddunning/Desktop/Z-Beam/z-beam-test-push/app/utils/contentAPI.ts:695:7)
        at op (/Users/todddunning/Desktop/Z-Beam/z-beam-test-push/app/utils/contentAPI.ts:25:18)
        at safeContentOperation (/Users/todddunning/Desktop/Z-Beam/z-beam-test-push/app/utils/contentAPI.ts:693:10)
        at fn (/Users/todddunning/Desktop/Z-Beam/z-beam-test-push/tests/utils/contentAPI.test.js:40:33)
        at Object.loadPageData (/Users/todddunning/Desktop/Z-Beam/z-beam-test-push/tests/utils/contentAPI.test.js:354:28)
        at Promise.finally.completed (/Users/todddunning/Desktop/Z-Beam/z-beam-test-push/node_modules/jest-circus/build/jestAdapterInit.js:1556:28)
        at new Promise (<anonymous>)
        at callAsyncCircusFn (/Users/todddunning/Desktop/Z-Beam/z-beam-test-push/node_modules/jest-circus/build/jestAdapterInit.js:1496:10)
        at _callCircusTest (/Users/todddunning/Desktop/Z-Beam/z-beam-test-push/node_modules/jest-circus/build/jestAdapterInit.js:1006:40)
        at processTicksAndRejections (node:internal/process/task_queues:105:5)
        at _runTest (/Users/todddunning/Desktop/Z-Beam/z-beam-test-push/node_modules/jest-circus/build/jestAdapterInit.js:946:3)
        at _runTestsForDescribeBlock (/Users/todddunning/Desktop/Z-Beam/z-beam-test-push/node_modules/jest-circus/build/jestAdapterInit.js:839:13)
        at _runTestsForDescribeBlock (/Users/todddunning/Desktop/Z-Beam/z-beam-test-push/node_modules/jest-circus/build/jestAdapterInit.js:829:11)
        at _runTestsForDescribeBlock (/Users/todddunning/Desktop/Z-Beam/z-beam-test-push/node_modules/jest-circus/build/jestAdapterInit.js:829:11)
        at run (/Users/todddunning/Desktop/Z-Beam/z-beam-test-push/node_modules/jest-circus/build/jestAdapterInit.js:757:3)
        at runAndTransformResultsToJestFormat (/Users/todddunning/Desktop/Z-Beam/z-beam-test-push/node_modules/jest-circus/build/jestAdapterInit.js:1917:21)
        at jestAdapter (/Users/todddunning/Desktop/Z-Beam/z-beam-test-push/node_modules/jest-circus/build/runner.js:101:19)
        at runTestInternal (/Users/todddunning/Desktop/Z-Beam/z-beam-test-push/node_modules/jest-runner/build/testWorker.js:275:16)
        at runTest (/Users/todddunning/Desktop/Z-Beam/z-beam-test-push/node_modules/jest-runner/build/testWorker.js:343:7)
        at Object.worker (/Users/todddunning/Desktop/Z-Beam/z-beam-test-push/node_modules/jest-runner/build/testWorker.js:497:12) {
      code: 'MULTIPLE_DOCS',
      pos: [ 21, 32 ],
      linePos: [ { line: 3, col: 1 }, { line: 4, col: 8 } ]
    }

      104 |       return data || {};
      105 |     } catch (error) {
    > 106 |       console.warn(`Failed to parse YAML for ${validatedSlug}:`, error);
          |               ^
      107 |       return {};
      108 |     }
      109 |   }, {}, 'loadFrontmatterDataInline', slug);

      at warn (app/utils/contentAPI.ts:106:15)
      at op (app/utils/contentAPI.ts:25:18)
      at safeContentOperation (app/utils/contentAPI.ts:58:10)
      at fn (tests/utils/contentAPI.test.js:40:33)
      at loadFrontmatterDataInline (app/utils/contentAPI.ts:674:35)
      at op (app/utils/contentAPI.ts:25:18)
      at safeContentOperation (app/utils/contentAPI.ts:672:10)
      at fn (tests/utils/contentAPI.test.js:40:33)
      at loadMetadata (app/utils/contentAPI.ts:695:7)
      at op (app/utils/contentAPI.ts:25:18)
      at safeContentOperation (app/utils/contentAPI.ts:693:10)
      at fn (tests/utils/contentAPI.test.js:40:33)
      at Object.loadPageData (tests/utils/contentAPI.test.js:354:28)

  console.error
    loadFrontmatterDataInline failed Error: Read error
        at /Users/todddunning/Desktop/Z-Beam/z-beam-test-push/tests/utils/contentAPI.test.js:364:15
        at /Users/todddunning/Desktop/Z-Beam/z-beam-test-push/node_modules/jest-mock/build/index.js:305:39
        at /Users/todddunning/Desktop/Z-Beam/z-beam-test-push/node_modules/jest-mock/build/index.js:312:13
        at mockConstructor (/Users/todddunning/Desktop/Z-Beam/z-beam-test-push/node_modules/jest-mock/build/index.js:102:19)
        at /Users/todddunning/Desktop/Z-Beam/z-beam-test-push/app/utils/contentAPI.ts:87:37
        at op (/Users/todddunning/Desktop/Z-Beam/z-beam-test-push/app/utils/contentAPI.ts:25:18)
        at safeContentOperation (/Users/todddunning/Desktop/Z-Beam/z-beam-test-push/app/utils/contentAPI.ts:58:10)
        at fn (/Users/todddunning/Desktop/Z-Beam/z-beam-test-push/tests/utils/contentAPI.test.js:40:33)
        at loadFrontmatterDataInline (/Users/todddunning/Desktop/Z-Beam/z-beam-test-push/app/utils/contentAPI.ts:674:35)
        at op (/Users/todddunning/Desktop/Z-Beam/z-beam-test-push/app/utils/contentAPI.ts:25:18)
        at safeContentOperation (/Users/todddunning/Desktop/Z-Beam/z-beam-test-push/app/utils/contentAPI.ts:672:10)
        at fn (/Users/todddunning/Desktop/Z-Beam/z-beam-test-push/tests/utils/contentAPI.test.js:40:33)
        at loadMetadata (/Users/todddunning/Desktop/Z-Beam/z-beam-test-push/app/utils/contentAPI.ts:695:7)
        at op (/Users/todddunning/Desktop/Z-Beam/z-beam-test-push/app/utils/contentAPI.ts:25:18)
        at safeContentOperation (/Users/todddunning/Desktop/Z-Beam/z-beam-test-push/app/utils/contentAPI.ts:693:10)
        at fn (/Users/todddunning/Desktop/Z-Beam/z-beam-test-push/tests/utils/contentAPI.test.js:40:33)
        at Object.loadPageData (/Users/todddunning/Desktop/Z-Beam/z-beam-test-push/tests/utils/contentAPI.test.js:367:28)
        at Promise.finally.completed (/Users/todddunning/Desktop/Z-Beam/z-beam-test-push/node_modules/jest-circus/build/jestAdapterInit.js:1556:28)
        at new Promise (<anonymous>)
        at callAsyncCircusFn (/Users/todddunning/Desktop/Z-Beam/z-beam-test-push/node_modules/jest-circus/build/jestAdapterInit.js:1496:10)
        at _callCircusTest (/Users/todddunning/Desktop/Z-Beam/z-beam-test-push/node_modules/jest-circus/build/jestAdapterInit.js:1006:40)
        at processTicksAndRejections (node:internal/process/task_queues:105:5)
        at _runTest (/Users/todddunning/Desktop/Z-Beam/z-beam-test-push/node_modules/jest-circus/build/jestAdapterInit.js:946:3)
        at _runTestsForDescribeBlock (/Users/todddunning/Desktop/Z-Beam/z-beam-test-push/node_modules/jest-circus/build/jestAdapterInit.js:839:13)
        at _runTestsForDescribeBlock (/Users/todddunning/Desktop/Z-Beam/z-beam-test-push/node_modules/jest-circus/build/jestAdapterInit.js:829:11)
        at _runTestsForDescribeBlock (/Users/todddunning/Desktop/Z-Beam/z-beam-test-push/node_modules/jest-circus/build/jestAdapterInit.js:829:11)
        at run (/Users/todddunning/Desktop/Z-Beam/z-beam-test-push/node_modules/jest-circus/build/jestAdapterInit.js:757:3)
        at runAndTransformResultsToJestFormat (/Users/todddunning/Desktop/Z-Beam/z-beam-test-push/node_modules/jest-circus/build/jestAdapterInit.js:1917:21)
        at jestAdapter (/Users/todddunning/Desktop/Z-Beam/z-beam-test-push/node_modules/jest-circus/build/runner.js:101:19)
        at runTestInternal (/Users/todddunning/Desktop/Z-Beam/z-beam-test-push/node_modules/jest-runner/build/testWorker.js:275:16)
        at runTest (/Users/todddunning/Desktop/Z-Beam/z-beam-test-push/node_modules/jest-runner/build/testWorker.js:343:7)
        at Object.worker (/Users/todddunning/Desktop/Z-Beam/z-beam-test-push/node_modules/jest-runner/build/testWorker.js:497:12)

      25 |     return await op();
      26 |   } catch (e) {
    > 27 |     console.error(`${name} failed`, e);
         |             ^
      28 |     return fallback;
      29 |   }
      30 | };

      at error (app/utils/contentAPI.ts:27:13)

  console.error
    loadComponent failed Error: File not found
        at Object.<anonymous> (/Users/todddunning/Desktop/Z-Beam/z-beam-test-push/tests/utils/contentAPI.test.js:98:29)
        at /Users/todddunning/Desktop/Z-Beam/z-beam-test-push/node_modules/jest-mock/build/index.js:305:39
        at Object.<anonymous> (/Users/todddunning/Desktop/Z-Beam/z-beam-test-push/node_modules/jest-mock/build/index.js:312:13)
        at Object.mockConstructor [as readFile] (/Users/todddunning/Desktop/Z-Beam/z-beam-test-push/node_modules/jest-mock/build/index.js:102:19)
        at readFile (/Users/todddunning/Desktop/Z-Beam/z-beam-test-push/app/utils/contentAPI.ts:363:35)
        at op (/Users/todddunning/Desktop/Z-Beam/z-beam-test-push/app/utils/contentAPI.ts:25:18)
        at safeContentOperation (/Users/todddunning/Desktop/Z-Beam/z-beam-test-push/app/utils/contentAPI.ts:321:10)
        at fn (/Users/todddunning/Desktop/Z-Beam/z-beam-test-push/tests/utils/contentAPI.test.js:40:33)
        at loadComponent (/Users/todddunning/Desktop/Z-Beam/z-beam-test-push/app/utils/contentAPI.ts:657:37)
        at Array.map (<anonymous>)
        at map (/Users/todddunning/Desktop/Z-Beam/z-beam-test-push/app/utils/contentAPI.ts:654:22)
        at op (/Users/todddunning/Desktop/Z-Beam/z-beam-test-push/app/utils/contentAPI.ts:25:18)
        at safeContentOperation (/Users/todddunning/Desktop/Z-Beam/z-beam-test-push/app/utils/contentAPI.ts:647:10)
        at fn (/Users/todddunning/Desktop/Z-Beam/z-beam-test-push/tests/utils/contentAPI.test.js:40:33)
        at loadAllComponents (/Users/todddunning/Desktop/Z-Beam/z-beam-test-push/app/utils/contentAPI.ts:696:7)
        at op (/Users/todddunning/Desktop/Z-Beam/z-beam-test-push/app/utils/contentAPI.ts:25:18)
        at safeContentOperation (/Users/todddunning/Desktop/Z-Beam/z-beam-test-push/app/utils/contentAPI.ts:693:10)
        at fn (/Users/todddunning/Desktop/Z-Beam/z-beam-test-push/tests/utils/contentAPI.test.js:40:33)
        at Object.loadPageData (/Users/todddunning/Desktop/Z-Beam/z-beam-test-push/tests/utils/contentAPI.test.js:367:28)
        at Promise.finally.completed (/Users/todddunning/Desktop/Z-Beam/z-beam-test-push/node_modules/jest-circus/build/jestAdapterInit.js:1556:28)
        at new Promise (<anonymous>)
        at callAsyncCircusFn (/Users/todddunning/Desktop/Z-Beam/z-beam-test-push/node_modules/jest-circus/build/jestAdapterInit.js:1496:10)
        at _callCircusTest (/Users/todddunning/Desktop/Z-Beam/z-beam-test-push/node_modules/jest-circus/build/jestAdapterInit.js:1006:40)
        at processTicksAndRejections (node:internal/process/task_queues:105:5)
        at _runTest (/Users/todddunning/Desktop/Z-Beam/z-beam-test-push/node_modules/jest-circus/build/jestAdapterInit.js:946:3)
        at _runTestsForDescribeBlock (/Users/todddunning/Desktop/Z-Beam/z-beam-test-push/node_modules/jest-circus/build/jestAdapterInit.js:839:13)
        at _runTestsForDescribeBlock (/Users/todddunning/Desktop/Z-Beam/z-beam-test-push/node_modules/jest-circus/build/jestAdapterInit.js:829:11)
        at _runTestsForDescribeBlock (/Users/todddunning/Desktop/Z-Beam/z-beam-test-push/node_modules/jest-circus/build/jestAdapterInit.js:829:11)
        at run (/Users/todddunning/Desktop/Z-Beam/z-beam-test-push/node_modules/jest-circus/build/jestAdapterInit.js:757:3)
        at runAndTransformResultsToJestFormat (/Users/todddunning/Desktop/Z-Beam/z-beam-test-push/node_modules/jest-circus/build/jestAdapterInit.js:1917:21)
        at jestAdapter (/Users/todddunning/Desktop/Z-Beam/z-beam-test-push/node_modules/jest-circus/build/runner.js:101:19)
        at runTestInternal (/Users/todddunning/Desktop/Z-Beam/z-beam-test-push/node_modules/jest-runner/build/testWorker.js:275:16)
        at runTest (/Users/todddunning/Desktop/Z-Beam/z-beam-test-push/node_modules/jest-runner/build/testWorker.js:343:7)
        at Object.worker (/Users/todddunning/Desktop/Z-Beam/z-beam-test-push/node_modules/jest-runner/build/testWorker.js:497:12)

      25 |     return await op();
      26 |   } catch (e) {
    > 27 |     console.error(`${name} failed`, e);
         |             ^
      28 |     return fallback;
      29 |   }
      30 | };

      at error (app/utils/contentAPI.ts:27:13)
      at app/utils/contentAPI.ts:657:31
          at async Promise.all (index 0)
      at app/utils/contentAPI.ts:653:5
      at safeContentOperation (app/utils/contentAPI.ts:25:12)
          at async Promise.all (index 1)
      at safeContentOperation.metadata (app/utils/contentAPI.ts:694:36)
      at safeContentOperation (app/utils/contentAPI.ts:25:12)
      at Object.<anonymous> (tests/utils/contentAPI.test.js:367:22)

  console.error
    loadComponent failed Error: File not found
        at Object.<anonymous> (/Users/todddunning/Desktop/Z-Beam/z-beam-test-push/tests/utils/contentAPI.test.js:98:29)
        at /Users/todddunning/Desktop/Z-Beam/z-beam-test-push/node_modules/jest-mock/build/index.js:305:39
        at Object.<anonymous> (/Users/todddunning/Desktop/Z-Beam/z-beam-test-push/node_modules/jest-mock/build/index.js:312:13)
        at Object.mockConstructor [as readFile] (/Users/todddunning/Desktop/Z-Beam/z-beam-test-push/node_modules/jest-mock/build/index.js:102:19)
        at readFile (/Users/todddunning/Desktop/Z-Beam/z-beam-test-push/app/utils/contentAPI.ts:363:35)
        at op (/Users/todddunning/Desktop/Z-Beam/z-beam-test-push/app/utils/contentAPI.ts:25:18)
        at safeContentOperation (/Users/todddunning/Desktop/Z-Beam/z-beam-test-push/app/utils/contentAPI.ts:321:10)
        at fn (/Users/todddunning/Desktop/Z-Beam/z-beam-test-push/tests/utils/contentAPI.test.js:40:33)
        at loadComponent (/Users/todddunning/Desktop/Z-Beam/z-beam-test-push/app/utils/contentAPI.ts:657:37)
        at Array.map (<anonymous>)
        at map (/Users/todddunning/Desktop/Z-Beam/z-beam-test-push/app/utils/contentAPI.ts:654:22)
        at op (/Users/todddunning/Desktop/Z-Beam/z-beam-test-push/app/utils/contentAPI.ts:25:18)
        at safeContentOperation (/Users/todddunning/Desktop/Z-Beam/z-beam-test-push/app/utils/contentAPI.ts:647:10)
        at fn (/Users/todddunning/Desktop/Z-Beam/z-beam-test-push/tests/utils/contentAPI.test.js:40:33)
        at loadAllComponents (/Users/todddunning/Desktop/Z-Beam/z-beam-test-push/app/utils/contentAPI.ts:696:7)
        at op (/Users/todddunning/Desktop/Z-Beam/z-beam-test-push/app/utils/contentAPI.ts:25:18)
        at safeContentOperation (/Users/todddunning/Desktop/Z-Beam/z-beam-test-push/app/utils/contentAPI.ts:693:10)
        at fn (/Users/todddunning/Desktop/Z-Beam/z-beam-test-push/tests/utils/contentAPI.test.js:40:33)
        at Object.loadPageData (/Users/todddunning/Desktop/Z-Beam/z-beam-test-push/tests/utils/contentAPI.test.js:367:28)
        at Promise.finally.completed (/Users/todddunning/Desktop/Z-Beam/z-beam-test-push/node_modules/jest-circus/build/jestAdapterInit.js:1556:28)
        at new Promise (<anonymous>)
        at callAsyncCircusFn (/Users/todddunning/Desktop/Z-Beam/z-beam-test-push/node_modules/jest-circus/build/jestAdapterInit.js:1496:10)
        at _callCircusTest (/Users/todddunning/Desktop/Z-Beam/z-beam-test-push/node_modules/jest-circus/build/jestAdapterInit.js:1006:40)
        at processTicksAndRejections (node:internal/process/task_queues:105:5)
        at _runTest (/Users/todddunning/Desktop/Z-Beam/z-beam-test-push/node_modules/jest-circus/build/jestAdapterInit.js:946:3)
        at _runTestsForDescribeBlock (/Users/todddunning/Desktop/Z-Beam/z-beam-test-push/node_modules/jest-circus/build/jestAdapterInit.js:839:13)
        at _runTestsForDescribeBlock (/Users/todddunning/Desktop/Z-Beam/z-beam-test-push/node_modules/jest-circus/build/jestAdapterInit.js:829:11)
        at _runTestsForDescribeBlock (/Users/todddunning/Desktop/Z-Beam/z-beam-test-push/node_modules/jest-circus/build/jestAdapterInit.js:829:11)
        at run (/Users/todddunning/Desktop/Z-Beam/z-beam-test-push/node_modules/jest-circus/build/jestAdapterInit.js:757:3)
        at runAndTransformResultsToJestFormat (/Users/todddunning/Desktop/Z-Beam/z-beam-test-push/node_modules/jest-circus/build/jestAdapterInit.js:1917:21)
        at jestAdapter (/Users/todddunning/Desktop/Z-Beam/z-beam-test-push/node_modules/jest-circus/build/runner.js:101:19)
        at runTestInternal (/Users/todddunning/Desktop/Z-Beam/z-beam-test-push/node_modules/jest-runner/build/testWorker.js:275:16)
        at runTest (/Users/todddunning/Desktop/Z-Beam/z-beam-test-push/node_modules/jest-runner/build/testWorker.js:343:7)
        at Object.worker (/Users/todddunning/Desktop/Z-Beam/z-beam-test-push/node_modules/jest-runner/build/testWorker.js:497:12)

      25 |     return await op();
      26 |   } catch (e) {
    > 27 |     console.error(`${name} failed`, e);
         |             ^
      28 |     return fallback;
      29 |   }
      30 | };

      at error (app/utils/contentAPI.ts:27:13)
      at app/utils/contentAPI.ts:657:31
          at async Promise.all (index 1)
      at app/utils/contentAPI.ts:653:5
      at safeContentOperation (app/utils/contentAPI.ts:25:12)
          at async Promise.all (index 1)
      at safeContentOperation.metadata (app/utils/contentAPI.ts:694:36)
      at safeContentOperation (app/utils/contentAPI.ts:25:12)
      at Object.<anonymous> (tests/utils/contentAPI.test.js:367:22)

  console.error
    loadComponent failed Error: File not found
        at Object.<anonymous> (/Users/todddunning/Desktop/Z-Beam/z-beam-test-push/tests/utils/contentAPI.test.js:98:29)
        at /Users/todddunning/Desktop/Z-Beam/z-beam-test-push/node_modules/jest-mock/build/index.js:305:39
        at Object.<anonymous> (/Users/todddunning/Desktop/Z-Beam/z-beam-test-push/node_modules/jest-mock/build/index.js:312:13)
        at Object.mockConstructor [as readFile] (/Users/todddunning/Desktop/Z-Beam/z-beam-test-push/node_modules/jest-mock/build/index.js:102:19)
        at readFile (/Users/todddunning/Desktop/Z-Beam/z-beam-test-push/app/utils/contentAPI.ts:363:35)
        at op (/Users/todddunning/Desktop/Z-Beam/z-beam-test-push/app/utils/contentAPI.ts:25:18)
        at safeContentOperation (/Users/todddunning/Desktop/Z-Beam/z-beam-test-push/app/utils/contentAPI.ts:321:10)
        at fn (/Users/todddunning/Desktop/Z-Beam/z-beam-test-push/tests/utils/contentAPI.test.js:40:33)
        at loadComponent (/Users/todddunning/Desktop/Z-Beam/z-beam-test-push/app/utils/contentAPI.ts:657:37)
        at Array.map (<anonymous>)
        at map (/Users/todddunning/Desktop/Z-Beam/z-beam-test-push/app/utils/contentAPI.ts:654:22)
        at op (/Users/todddunning/Desktop/Z-Beam/z-beam-test-push/app/utils/contentAPI.ts:25:18)
        at safeContentOperation (/Users/todddunning/Desktop/Z-Beam/z-beam-test-push/app/utils/contentAPI.ts:647:10)
        at fn (/Users/todddunning/Desktop/Z-Beam/z-beam-test-push/tests/utils/contentAPI.test.js:40:33)
        at loadAllComponents (/Users/todddunning/Desktop/Z-Beam/z-beam-test-push/app/utils/contentAPI.ts:696:7)
        at op (/Users/todddunning/Desktop/Z-Beam/z-beam-test-push/app/utils/contentAPI.ts:25:18)
        at safeContentOperation (/Users/todddunning/Desktop/Z-Beam/z-beam-test-push/app/utils/contentAPI.ts:693:10)
        at fn (/Users/todddunning/Desktop/Z-Beam/z-beam-test-push/tests/utils/contentAPI.test.js:40:33)
        at Object.loadPageData (/Users/todddunning/Desktop/Z-Beam/z-beam-test-push/tests/utils/contentAPI.test.js:367:28)
        at Promise.finally.completed (/Users/todddunning/Desktop/Z-Beam/z-beam-test-push/node_modules/jest-circus/build/jestAdapterInit.js:1556:28)
        at new Promise (<anonymous>)
        at callAsyncCircusFn (/Users/todddunning/Desktop/Z-Beam/z-beam-test-push/node_modules/jest-circus/build/jestAdapterInit.js:1496:10)
        at _callCircusTest (/Users/todddunning/Desktop/Z-Beam/z-beam-test-push/node_modules/jest-circus/build/jestAdapterInit.js:1006:40)
        at processTicksAndRejections (node:internal/process/task_queues:105:5)
        at _runTest (/Users/todddunning/Desktop/Z-Beam/z-beam-test-push/node_modules/jest-circus/build/jestAdapterInit.js:946:3)
        at _runTestsForDescribeBlock (/Users/todddunning/Desktop/Z-Beam/z-beam-test-push/node_modules/jest-circus/build/jestAdapterInit.js:839:13)
        at _runTestsForDescribeBlock (/Users/todddunning/Desktop/Z-Beam/z-beam-test-push/node_modules/jest-circus/build/jestAdapterInit.js:829:11)
        at _runTestsForDescribeBlock (/Users/todddunning/Desktop/Z-Beam/z-beam-test-push/node_modules/jest-circus/build/jestAdapterInit.js:829:11)
        at run (/Users/todddunning/Desktop/Z-Beam/z-beam-test-push/node_modules/jest-circus/build/jestAdapterInit.js:757:3)
        at runAndTransformResultsToJestFormat (/Users/todddunning/Desktop/Z-Beam/z-beam-test-push/node_modules/jest-circus/build/jestAdapterInit.js:1917:21)
        at jestAdapter (/Users/todddunning/Desktop/Z-Beam/z-beam-test-push/node_modules/jest-circus/build/runner.js:101:19)
        at runTestInternal (/Users/todddunning/Desktop/Z-Beam/z-beam-test-push/node_modules/jest-runner/build/testWorker.js:275:16)
        at runTest (/Users/todddunning/Desktop/Z-Beam/z-beam-test-push/node_modules/jest-runner/build/testWorker.js:343:7)
        at Object.worker (/Users/todddunning/Desktop/Z-Beam/z-beam-test-push/node_modules/jest-runner/build/testWorker.js:497:12)

      25 |     return await op();
      26 |   } catch (e) {
    > 27 |     console.error(`${name} failed`, e);
         |             ^
      28 |     return fallback;
      29 |   }
      30 | };

      at error (app/utils/contentAPI.ts:27:13)
      at app/utils/contentAPI.ts:657:31
          at async Promise.all (index 2)
      at app/utils/contentAPI.ts:653:5
      at safeContentOperation (app/utils/contentAPI.ts:25:12)
          at async Promise.all (index 1)
      at safeContentOperation.metadata (app/utils/contentAPI.ts:694:36)
      at safeContentOperation (app/utils/contentAPI.ts:25:12)
      at Object.<anonymous> (tests/utils/contentAPI.test.js:367:22)

  console.error
    Error: Not implemented: navigation (except hash changes)
        at module.exports (/Users/todddunning/Desktop/Z-Beam/z-beam-test-push/node_modules/jsdom/lib/jsdom/browser/not-implemented.js:9:17)
        at navigateFetch (/Users/todddunning/Desktop/Z-Beam/z-beam-test-push/node_modules/jsdom/lib/jsdom/living/window/navigation.js:77:3)
        at exports.navigate (/Users/todddunning/Desktop/Z-Beam/z-beam-test-push/node_modules/jsdom/lib/jsdom/living/window/navigation.js:55:3)
        at Timeout._onTimeout (/Users/todddunning/Desktop/Z-Beam/z-beam-test-push/node_modules/jsdom/lib/jsdom/living/nodes/HTMLHyperlinkElementUtils-impl.js:80:7)
        at listOnTimeout (node:internal/timers:608:17)
        at processTimers (node:internal/timers:543:7) {
      type: 'not implemented'
    }

      at VirtualConsole.<anonymous> (node_modules/@jest/environment-jsdom-abstract/build/index.js:78:23)
      at module.exports (node_modules/jsdom/lib/jsdom/browser/not-implemented.js:12:26)
      at navigateFetch (node_modules/jsdom/lib/jsdom/living/window/navigation.js:77:3)
      at exports.navigate (node_modules/jsdom/lib/jsdom/living/window/navigation.js:55:3)
      at Timeout._onTimeout (node_modules/jsdom/lib/jsdom/living/nodes/HTMLHyperlinkElementUtils-impl.js:80:7)

  console.error
    loadComponent failed Error: File not found
        at Object.<anonymous> (/Users/todddunning/Desktop/Z-Beam/z-beam-test-push/tests/utils/contentAPI.test.js:98:29)
        at /Users/todddunning/Desktop/Z-Beam/z-beam-test-push/node_modules/jest-mock/build/index.js:305:39
        at Object.<anonymous> (/Users/todddunning/Desktop/Z-Beam/z-beam-test-push/node_modules/jest-mock/build/index.js:312:13)
        at Object.mockConstructor [as readFile] (/Users/todddunning/Desktop/Z-Beam/z-beam-test-push/node_modules/jest-mock/build/index.js:102:19)
        at readFile (/Users/todddunning/Desktop/Z-Beam/z-beam-test-push/app/utils/contentAPI.ts:363:35)
        at op (/Users/todddunning/Desktop/Z-Beam/z-beam-test-push/app/utils/contentAPI.ts:25:18)
        at safeContentOperation (/Users/todddunning/Desktop/Z-Beam/z-beam-test-push/app/utils/contentAPI.ts:321:10)
        at fn (/Users/todddunning/Desktop/Z-Beam/z-beam-test-push/tests/utils/contentAPI.test.js:40:33)
        at loadComponent (/Users/todddunning/Desktop/Z-Beam/z-beam-test-push/app/utils/contentAPI.ts:657:37)
        at Array.map (<anonymous>)
        at map (/Users/todddunning/Desktop/Z-Beam/z-beam-test-push/app/utils/contentAPI.ts:654:22)
        at op (/Users/todddunning/Desktop/Z-Beam/z-beam-test-push/app/utils/contentAPI.ts:25:18)
        at safeContentOperation (/Users/todddunning/Desktop/Z-Beam/z-beam-test-push/app/utils/contentAPI.ts:647:10)
        at fn (/Users/todddunning/Desktop/Z-Beam/z-beam-test-push/tests/utils/contentAPI.test.js:40:33)
        at loadAllComponents (/Users/todddunning/Desktop/Z-Beam/z-beam-test-push/app/utils/contentAPI.ts:696:7)
        at op (/Users/todddunning/Desktop/Z-Beam/z-beam-test-push/app/utils/contentAPI.ts:25:18)
        at safeContentOperation (/Users/todddunning/Desktop/Z-Beam/z-beam-test-push/app/utils/contentAPI.ts:693:10)
        at fn (/Users/todddunning/Desktop/Z-Beam/z-beam-test-push/tests/utils/contentAPI.test.js:40:33)
        at Object.loadPageData (/Users/todddunning/Desktop/Z-Beam/z-beam-test-push/tests/utils/contentAPI.test.js:367:28)
        at Promise.finally.completed (/Users/todddunning/Desktop/Z-Beam/z-beam-test-push/node_modules/jest-circus/build/jestAdapterInit.js:1556:28)
        at new Promise (<anonymous>)
        at callAsyncCircusFn (/Users/todddunning/Desktop/Z-Beam/z-beam-test-push/node_modules/jest-circus/build/jestAdapterInit.js:1496:10)
        at _callCircusTest (/Users/todddunning/Desktop/Z-Beam/z-beam-test-push/node_modules/jest-circus/build/jestAdapterInit.js:1006:40)
        at processTicksAndRejections (node:internal/process/task_queues:105:5)
        at _runTest (/Users/todddunning/Desktop/Z-Beam/z-beam-test-push/node_modules/jest-circus/build/jestAdapterInit.js:946:3)
        at _runTestsForDescribeBlock (/Users/todddunning/Desktop/Z-Beam/z-beam-test-push/node_modules/jest-circus/build/jestAdapterInit.js:839:13)
        at _runTestsForDescribeBlock (/Users/todddunning/Desktop/Z-Beam/z-beam-test-push/node_modules/jest-circus/build/jestAdapterInit.js:829:11)
        at _runTestsForDescribeBlock (/Users/todddunning/Desktop/Z-Beam/z-beam-test-push/node_modules/jest-circus/build/jestAdapterInit.js:829:11)
        at run (/Users/todddunning/Desktop/Z-Beam/z-beam-test-push/node_modules/jest-circus/build/jestAdapterInit.js:757:3)
        at runAndTransformResultsToJestFormat (/Users/todddunning/Desktop/Z-Beam/z-beam-test-push/node_modules/jest-circus/build/jestAdapterInit.js:1917:21)
        at jestAdapter (/Users/todddunning/Desktop/Z-Beam/z-beam-test-push/node_modules/jest-circus/build/runner.js:101:19)
        at runTestInternal (/Users/todddunning/Desktop/Z-Beam/z-beam-test-push/node_modules/jest-runner/build/testWorker.js:275:16)
        at runTest (/Users/todddunning/Desktop/Z-Beam/z-beam-test-push/node_modules/jest-runner/build/testWorker.js:343:7)
        at Object.worker (/Users/todddunning/Desktop/Z-Beam/z-beam-test-push/node_modules/jest-runner/build/testWorker.js:497:12)

      25 |     return await op();
      26 |   } catch (e) {
    > 27 |     console.error(`${name} failed`, e);
         |             ^
      28 |     return fallback;
      29 |   }
      30 | };

      at error (app/utils/contentAPI.ts:27:13)
      at app/utils/contentAPI.ts:657:31
          at async Promise.all (index 3)
      at app/utils/contentAPI.ts:653:5
      at safeContentOperation (app/utils/contentAPI.ts:25:12)
          at async Promise.all (index 1)
      at safeContentOperation.metadata (app/utils/contentAPI.ts:694:36)
      at safeContentOperation (app/utils/contentAPI.ts:25:12)
      at Object.<anonymous> (tests/utils/contentAPI.test.js:367:22)

  console.error
    loadComponent failed Error: File not found
        at Object.<anonymous> (/Users/todddunning/Desktop/Z-Beam/z-beam-test-push/tests/utils/contentAPI.test.js:98:29)
        at /Users/todddunning/Desktop/Z-Beam/z-beam-test-push/node_modules/jest-mock/build/index.js:305:39
        at Object.<anonymous> (/Users/todddunning/Desktop/Z-Beam/z-beam-test-push/node_modules/jest-mock/build/index.js:312:13)
        at Object.mockConstructor [as readFile] (/Users/todddunning/Desktop/Z-Beam/z-beam-test-push/node_modules/jest-mock/build/index.js:102:19)
        at readFile (/Users/todddunning/Desktop/Z-Beam/z-beam-test-push/app/utils/contentAPI.ts:363:35)
        at op (/Users/todddunning/Desktop/Z-Beam/z-beam-test-push/app/utils/contentAPI.ts:25:18)
        at safeContentOperation (/Users/todddunning/Desktop/Z-Beam/z-beam-test-push/app/utils/contentAPI.ts:321:10)
        at fn (/Users/todddunning/Desktop/Z-Beam/z-beam-test-push/tests/utils/contentAPI.test.js:40:33)
        at loadComponent (/Users/todddunning/Desktop/Z-Beam/z-beam-test-push/app/utils/contentAPI.ts:657:37)
        at Array.map (<anonymous>)
        at map (/Users/todddunning/Desktop/Z-Beam/z-beam-test-push/app/utils/contentAPI.ts:654:22)
        at op (/Users/todddunning/Desktop/Z-Beam/z-beam-test-push/app/utils/contentAPI.ts:25:18)
        at safeContentOperation (/Users/todddunning/Desktop/Z-Beam/z-beam-test-push/app/utils/contentAPI.ts:647:10)
        at fn (/Users/todddunning/Desktop/Z-Beam/z-beam-test-push/tests/utils/contentAPI.test.js:40:33)
        at loadAllComponents (/Users/todddunning/Desktop/Z-Beam/z-beam-test-push/app/utils/contentAPI.ts:696:7)
        at op (/Users/todddunning/Desktop/Z-Beam/z-beam-test-push/app/utils/contentAPI.ts:25:18)
        at safeContentOperation (/Users/todddunning/Desktop/Z-Beam/z-beam-test-push/app/utils/contentAPI.ts:693:10)
        at fn (/Users/todddunning/Desktop/Z-Beam/z-beam-test-push/tests/utils/contentAPI.test.js:40:33)
        at Object.loadPageData (/Users/todddunning/Desktop/Z-Beam/z-beam-test-push/tests/utils/contentAPI.test.js:367:28)
        at Promise.finally.completed (/Users/todddunning/Desktop/Z-Beam/z-beam-test-push/node_modules/jest-circus/build/jestAdapterInit.js:1556:28)
        at new Promise (<anonymous>)
        at callAsyncCircusFn (/Users/todddunning/Desktop/Z-Beam/z-beam-test-push/node_modules/jest-circus/build/jestAdapterInit.js:1496:10)
        at _callCircusTest (/Users/todddunning/Desktop/Z-Beam/z-beam-test-push/node_modules/jest-circus/build/jestAdapterInit.js:1006:40)
        at processTicksAndRejections (node:internal/process/task_queues:105:5)
        at _runTest (/Users/todddunning/Desktop/Z-Beam/z-beam-test-push/node_modules/jest-circus/build/jestAdapterInit.js:946:3)
        at _runTestsForDescribeBlock (/Users/todddunning/Desktop/Z-Beam/z-beam-test-push/node_modules/jest-circus/build/jestAdapterInit.js:839:13)
        at _runTestsForDescribeBlock (/Users/todddunning/Desktop/Z-Beam/z-beam-test-push/node_modules/jest-circus/build/jestAdapterInit.js:829:11)
        at _runTestsForDescribeBlock (/Users/todddunning/Desktop/Z-Beam/z-beam-test-push/node_modules/jest-circus/build/jestAdapterInit.js:829:11)
        at run (/Users/todddunning/Desktop/Z-Beam/z-beam-test-push/node_modules/jest-circus/build/jestAdapterInit.js:757:3)
        at runAndTransformResultsToJestFormat (/Users/todddunning/Desktop/Z-Beam/z-beam-test-push/node_modules/jest-circus/build/jestAdapterInit.js:1917:21)
        at jestAdapter (/Users/todddunning/Desktop/Z-Beam/z-beam-test-push/node_modules/jest-circus/build/runner.js:101:19)
        at runTestInternal (/Users/todddunning/Desktop/Z-Beam/z-beam-test-push/node_modules/jest-runner/build/testWorker.js:275:16)
        at runTest (/Users/todddunning/Desktop/Z-Beam/z-beam-test-push/node_modules/jest-runner/build/testWorker.js:343:7)
        at Object.worker (/Users/todddunning/Desktop/Z-Beam/z-beam-test-push/node_modules/jest-runner/build/testWorker.js:497:12)

      25 |     return await op();
      26 |   } catch (e) {
    > 27 |     console.error(`${name} failed`, e);
         |             ^
      28 |     return fallback;
      29 |   }
      30 | };

      at error (app/utils/contentAPI.ts:27:13)
      at app/utils/contentAPI.ts:657:31
          at async Promise.all (index 4)
      at app/utils/contentAPI.ts:653:5
      at safeContentOperation (app/utils/contentAPI.ts:25:12)
          at async Promise.all (index 1)
      at safeContentOperation.metadata (app/utils/contentAPI.ts:694:36)
      at safeContentOperation (app/utils/contentAPI.ts:25:12)
      at Object.<anonymous> (tests/utils/contentAPI.test.js:367:22)

  console.error
    loadComponent failed Error: File not found
        at Object.<anonymous> (/Users/todddunning/Desktop/Z-Beam/z-beam-test-push/tests/utils/contentAPI.test.js:98:29)
        at /Users/todddunning/Desktop/Z-Beam/z-beam-test-push/node_modules/jest-mock/build/index.js:305:39
        at Object.<anonymous> (/Users/todddunning/Desktop/Z-Beam/z-beam-test-push/node_modules/jest-mock/build/index.js:312:13)
        at Object.mockConstructor [as readFile] (/Users/todddunning/Desktop/Z-Beam/z-beam-test-push/node_modules/jest-mock/build/index.js:102:19)
        at readFile (/Users/todddunning/Desktop/Z-Beam/z-beam-test-push/app/utils/contentAPI.ts:363:35)
        at op (/Users/todddunning/Desktop/Z-Beam/z-beam-test-push/app/utils/contentAPI.ts:25:18)
        at safeContentOperation (/Users/todddunning/Desktop/Z-Beam/z-beam-test-push/app/utils/contentAPI.ts:321:10)
        at fn (/Users/todddunning/Desktop/Z-Beam/z-beam-test-push/tests/utils/contentAPI.test.js:40:33)
        at loadComponent (/Users/todddunning/Desktop/Z-Beam/z-beam-test-push/app/utils/contentAPI.ts:657:37)
        at Array.map (<anonymous>)
        at map (/Users/todddunning/Desktop/Z-Beam/z-beam-test-push/app/utils/contentAPI.ts:654:22)
        at op (/Users/todddunning/Desktop/Z-Beam/z-beam-test-push/app/utils/contentAPI.ts:25:18)
        at safeContentOperation (/Users/todddunning/Desktop/Z-Beam/z-beam-test-push/app/utils/contentAPI.ts:647:10)
        at fn (/Users/todddunning/Desktop/Z-Beam/z-beam-test-push/tests/utils/contentAPI.test.js:40:33)
        at loadAllComponents (/Users/todddunning/Desktop/Z-Beam/z-beam-test-push/app/utils/contentAPI.ts:696:7)
        at op (/Users/todddunning/Desktop/Z-Beam/z-beam-test-push/app/utils/contentAPI.ts:25:18)
        at safeContentOperation (/Users/todddunning/Desktop/Z-Beam/z-beam-test-push/app/utils/contentAPI.ts:693:10)
        at fn (/Users/todddunning/Desktop/Z-Beam/z-beam-test-push/tests/utils/contentAPI.test.js:40:33)
        at Object.loadPageData (/Users/todddunning/Desktop/Z-Beam/z-beam-test-push/tests/utils/contentAPI.test.js:367:28)
        at Promise.finally.completed (/Users/todddunning/Desktop/Z-Beam/z-beam-test-push/node_modules/jest-circus/build/jestAdapterInit.js:1556:28)
        at new Promise (<anonymous>)
        at callAsyncCircusFn (/Users/todddunning/Desktop/Z-Beam/z-beam-test-push/node_modules/jest-circus/build/jestAdapterInit.js:1496:10)
        at _callCircusTest (/Users/todddunning/Desktop/Z-Beam/z-beam-test-push/node_modules/jest-circus/build/jestAdapterInit.js:1006:40)
        at processTicksAndRejections (node:internal/process/task_queues:105:5)
        at _runTest (/Users/todddunning/Desktop/Z-Beam/z-beam-test-push/node_modules/jest-circus/build/jestAdapterInit.js:946:3)
        at _runTestsForDescribeBlock (/Users/todddunning/Desktop/Z-Beam/z-beam-test-push/node_modules/jest-circus/build/jestAdapterInit.js:839:13)
        at _runTestsForDescribeBlock (/Users/todddunning/Desktop/Z-Beam/z-beam-test-push/node_modules/jest-circus/build/jestAdapterInit.js:829:11)
        at _runTestsForDescribeBlock (/Users/todddunning/Desktop/Z-Beam/z-beam-test-push/node_modules/jest-circus/build/jestAdapterInit.js:829:11)
        at run (/Users/todddunning/Desktop/Z-Beam/z-beam-test-push/node_modules/jest-circus/build/jestAdapterInit.js:757:3)
        at runAndTransformResultsToJestFormat (/Users/todddunning/Desktop/Z-Beam/z-beam-test-push/node_modules/jest-circus/build/jestAdapterInit.js:1917:21)
        at jestAdapter (/Users/todddunning/Desktop/Z-Beam/z-beam-test-push/node_modules/jest-circus/build/runner.js:101:19)
        at runTestInternal (/Users/todddunning/Desktop/Z-Beam/z-beam-test-push/node_modules/jest-runner/build/testWorker.js:275:16)
        at runTest (/Users/todddunning/Desktop/Z-Beam/z-beam-test-push/node_modules/jest-runner/build/testWorker.js:343:7)
        at Object.worker (/Users/todddunning/Desktop/Z-Beam/z-beam-test-push/node_modules/jest-runner/build/testWorker.js:497:12)

      25 |     return await op();
      26 |   } catch (e) {
    > 27 |     console.error(`${name} failed`, e);
         |             ^
      28 |     return fallback;
      29 |   }
      30 | };

      at error (app/utils/contentAPI.ts:27:13)
      at app/utils/contentAPI.ts:657:31
          at async Promise.all (index 5)
      at app/utils/contentAPI.ts:653:5
      at safeContentOperation (app/utils/contentAPI.ts:25:12)
          at async Promise.all (index 1)
      at safeContentOperation.metadata (app/utils/contentAPI.ts:694:36)
      at safeContentOperation (app/utils/contentAPI.ts:25:12)
      at Object.<anonymous> (tests/utils/contentAPI.test.js:367:22)

  console.error
    loadComponent failed Error: File not found
        at Object.<anonymous> (/Users/todddunning/Desktop/Z-Beam/z-beam-test-push/tests/utils/contentAPI.test.js:98:29)
        at /Users/todddunning/Desktop/Z-Beam/z-beam-test-push/node_modules/jest-mock/build/index.js:305:39
        at Object.<anonymous> (/Users/todddunning/Desktop/Z-Beam/z-beam-test-push/node_modules/jest-mock/build/index.js:312:13)
        at Object.mockConstructor [as readFile] (/Users/todddunning/Desktop/Z-Beam/z-beam-test-push/node_modules/jest-mock/build/index.js:102:19)
        at readFile (/Users/todddunning/Desktop/Z-Beam/z-beam-test-push/app/utils/contentAPI.ts:363:35)
        at op (/Users/todddunning/Desktop/Z-Beam/z-beam-test-push/app/utils/contentAPI.ts:25:18)
        at safeContentOperation (/Users/todddunning/Desktop/Z-Beam/z-beam-test-push/app/utils/contentAPI.ts:321:10)
        at fn (/Users/todddunning/Desktop/Z-Beam/z-beam-test-push/tests/utils/contentAPI.test.js:40:33)
        at loadComponent (/Users/todddunning/Desktop/Z-Beam/z-beam-test-push/app/utils/contentAPI.ts:657:37)
        at Array.map (<anonymous>)
        at map (/Users/todddunning/Desktop/Z-Beam/z-beam-test-push/app/utils/contentAPI.ts:654:22)
        at op (/Users/todddunning/Desktop/Z-Beam/z-beam-test-push/app/utils/contentAPI.ts:25:18)
        at safeContentOperation (/Users/todddunning/Desktop/Z-Beam/z-beam-test-push/app/utils/contentAPI.ts:647:10)
        at fn (/Users/todddunning/Desktop/Z-Beam/z-beam-test-push/tests/utils/contentAPI.test.js:40:33)
        at loadAllComponents (/Users/todddunning/Desktop/Z-Beam/z-beam-test-push/app/utils/contentAPI.ts:696:7)
        at op (/Users/todddunning/Desktop/Z-Beam/z-beam-test-push/app/utils/contentAPI.ts:25:18)
        at safeContentOperation (/Users/todddunning/Desktop/Z-Beam/z-beam-test-push/app/utils/contentAPI.ts:693:10)
        at fn (/Users/todddunning/Desktop/Z-Beam/z-beam-test-push/tests/utils/contentAPI.test.js:40:33)
        at Object.loadPageData (/Users/todddunning/Desktop/Z-Beam/z-beam-test-push/tests/utils/contentAPI.test.js:367:28)
        at Promise.finally.completed (/Users/todddunning/Desktop/Z-Beam/z-beam-test-push/node_modules/jest-circus/build/jestAdapterInit.js:1556:28)
        at new Promise (<anonymous>)
        at callAsyncCircusFn (/Users/todddunning/Desktop/Z-Beam/z-beam-test-push/node_modules/jest-circus/build/jestAdapterInit.js:1496:10)
        at _callCircusTest (/Users/todddunning/Desktop/Z-Beam/z-beam-test-push/node_modules/jest-circus/build/jestAdapterInit.js:1006:40)
        at processTicksAndRejections (node:internal/process/task_queues:105:5)
        at _runTest (/Users/todddunning/Desktop/Z-Beam/z-beam-test-push/node_modules/jest-circus/build/jestAdapterInit.js:946:3)
        at _runTestsForDescribeBlock (/Users/todddunning/Desktop/Z-Beam/z-beam-test-push/node_modules/jest-circus/build/jestAdapterInit.js:839:13)
        at _runTestsForDescribeBlock (/Users/todddunning/Desktop/Z-Beam/z-beam-test-push/node_modules/jest-circus/build/jestAdapterInit.js:829:11)
        at _runTestsForDescribeBlock (/Users/todddunning/Desktop/Z-Beam/z-beam-test-push/node_modules/jest-circus/build/jestAdapterInit.js:829:11)
        at run (/Users/todddunning/Desktop/Z-Beam/z-beam-test-push/node_modules/jest-circus/build/jestAdapterInit.js:757:3)
        at runAndTransformResultsToJestFormat (/Users/todddunning/Desktop/Z-Beam/z-beam-test-push/node_modules/jest-circus/build/jestAdapterInit.js:1917:21)
        at jestAdapter (/Users/todddunning/Desktop/Z-Beam/z-beam-test-push/node_modules/jest-circus/build/runner.js:101:19)
        at runTestInternal (/Users/todddunning/Desktop/Z-Beam/z-beam-test-push/node_modules/jest-runner/build/testWorker.js:275:16)
        at runTest (/Users/todddunning/Desktop/Z-Beam/z-beam-test-push/node_modules/jest-runner/build/testWorker.js:343:7)
        at Object.worker (/Users/todddunning/Desktop/Z-Beam/z-beam-test-push/node_modules/jest-runner/build/testWorker.js:497:12)

      25 |     return await op();
      26 |   } catch (e) {
    > 27 |     console.error(`${name} failed`, e);
         |             ^
      28 |     return fallback;
      29 |   }
      30 | };

      at error (app/utils/contentAPI.ts:27:13)
      at app/utils/contentAPI.ts:657:31
          at async Promise.all (index 6)
      at app/utils/contentAPI.ts:653:5
      at safeContentOperation (app/utils/contentAPI.ts:25:12)
          at async Promise.all (index 1)
      at safeContentOperation.metadata (app/utils/contentAPI.ts:694:36)
      at safeContentOperation (app/utils/contentAPI.ts:25:12)
      at Object.<anonymous> (tests/utils/contentAPI.test.js:367:22)

  console.error
    loadComponent failed Error: File not found
        at Object.<anonymous> (/Users/todddunning/Desktop/Z-Beam/z-beam-test-push/tests/utils/contentAPI.test.js:98:29)
        at /Users/todddunning/Desktop/Z-Beam/z-beam-test-push/node_modules/jest-mock/build/index.js:305:39
        at Object.<anonymous> (/Users/todddunning/Desktop/Z-Beam/z-beam-test-push/node_modules/jest-mock/build/index.js:312:13)
        at Object.mockConstructor [as readFile] (/Users/todddunning/Desktop/Z-Beam/z-beam-test-push/node_modules/jest-mock/build/index.js:102:19)
        at readFile (/Users/todddunning/Desktop/Z-Beam/z-beam-test-push/app/utils/contentAPI.ts:363:35)
        at op (/Users/todddunning/Desktop/Z-Beam/z-beam-test-push/app/utils/contentAPI.ts:25:18)
        at safeContentOperation (/Users/todddunning/Desktop/Z-Beam/z-beam-test-push/app/utils/contentAPI.ts:321:10)
        at fn (/Users/todddunning/Desktop/Z-Beam/z-beam-test-push/tests/utils/contentAPI.test.js:40:33)
        at loadComponent (/Users/todddunning/Desktop/Z-Beam/z-beam-test-push/app/utils/contentAPI.ts:657:37)
        at Array.map (<anonymous>)
        at map (/Users/todddunning/Desktop/Z-Beam/z-beam-test-push/app/utils/contentAPI.ts:654:22)
        at op (/Users/todddunning/Desktop/Z-Beam/z-beam-test-push/app/utils/contentAPI.ts:25:18)
        at safeContentOperation (/Users/todddunning/Desktop/Z-Beam/z-beam-test-push/app/utils/contentAPI.ts:647:10)
        at fn (/Users/todddunning/Desktop/Z-Beam/z-beam-test-push/tests/utils/contentAPI.test.js:40:33)
        at loadAllComponents (/Users/todddunning/Desktop/Z-Beam/z-beam-test-push/app/utils/contentAPI.ts:696:7)
        at op (/Users/todddunning/Desktop/Z-Beam/z-beam-test-push/app/utils/contentAPI.ts:25:18)
        at safeContentOperation (/Users/todddunning/Desktop/Z-Beam/z-beam-test-push/app/utils/contentAPI.ts:693:10)
        at fn (/Users/todddunning/Desktop/Z-Beam/z-beam-test-push/tests/utils/contentAPI.test.js:40:33)
        at Object.loadPageData (/Users/todddunning/Desktop/Z-Beam/z-beam-test-push/tests/utils/contentAPI.test.js:367:28)
        at Promise.finally.completed (/Users/todddunning/Desktop/Z-Beam/z-beam-test-push/node_modules/jest-circus/build/jestAdapterInit.js:1556:28)
        at new Promise (<anonymous>)
        at callAsyncCircusFn (/Users/todddunning/Desktop/Z-Beam/z-beam-test-push/node_modules/jest-circus/build/jestAdapterInit.js:1496:10)
        at _callCircusTest (/Users/todddunning/Desktop/Z-Beam/z-beam-test-push/node_modules/jest-circus/build/jestAdapterInit.js:1006:40)
        at processTicksAndRejections (node:internal/process/task_queues:105:5)
        at _runTest (/Users/todddunning/Desktop/Z-Beam/z-beam-test-push/node_modules/jest-circus/build/jestAdapterInit.js:946:3)
        at _runTestsForDescribeBlock (/Users/todddunning/Desktop/Z-Beam/z-beam-test-push/node_modules/jest-circus/build/jestAdapterInit.js:839:13)
        at _runTestsForDescribeBlock (/Users/todddunning/Desktop/Z-Beam/z-beam-test-push/node_modules/jest-circus/build/jestAdapterInit.js:829:11)
        at _runTestsForDescribeBlock (/Users/todddunning/Desktop/Z-Beam/z-beam-test-push/node_modules/jest-circus/build/jestAdapterInit.js:829:11)
        at run (/Users/todddunning/Desktop/Z-Beam/z-beam-test-push/node_modules/jest-circus/build/jestAdapterInit.js:757:3)
        at runAndTransformResultsToJestFormat (/Users/todddunning/Desktop/Z-Beam/z-beam-test-push/node_modules/jest-circus/build/jestAdapterInit.js:1917:21)
        at jestAdapter (/Users/todddunning/Desktop/Z-Beam/z-beam-test-push/node_modules/jest-circus/build/runner.js:101:19)
        at runTestInternal (/Users/todddunning/Desktop/Z-Beam/z-beam-test-push/node_modules/jest-runner/build/testWorker.js:275:16)
        at runTest (/Users/todddunning/Desktop/Z-Beam/z-beam-test-push/node_modules/jest-runner/build/testWorker.js:343:7)
        at Object.worker (/Users/todddunning/Desktop/Z-Beam/z-beam-test-push/node_modules/jest-runner/build/testWorker.js:497:12)

      25 |     return await op();
      26 |   } catch (e) {
    > 27 |     console.error(`${name} failed`, e);
         |             ^
      28 |     return fallback;
      29 |   }
      30 | };

      at error (app/utils/contentAPI.ts:27:13)
      at app/utils/contentAPI.ts:657:31
          at async Promise.all (index 7)
      at app/utils/contentAPI.ts:653:5
      at safeContentOperation (app/utils/contentAPI.ts:25:12)
          at async Promise.all (index 1)
      at safeContentOperation.metadata (app/utils/contentAPI.ts:694:36)
      at safeContentOperation (app/utils/contentAPI.ts:25:12)
      at Object.<anonymous> (tests/utils/contentAPI.test.js:367:22)

  console.error
    loadComponent failed Error: File not found
        at Object.<anonymous> (/Users/todddunning/Desktop/Z-Beam/z-beam-test-push/tests/utils/contentAPI.test.js:98:29)
        at /Users/todddunning/Desktop/Z-Beam/z-beam-test-push/node_modules/jest-mock/build/index.js:305:39
        at Object.<anonymous> (/Users/todddunning/Desktop/Z-Beam/z-beam-test-push/node_modules/jest-mock/build/index.js:312:13)
        at Object.mockConstructor [as readFile] (/Users/todddunning/Desktop/Z-Beam/z-beam-test-push/node_modules/jest-mock/build/index.js:102:19)
        at readFile (/Users/todddunning/Desktop/Z-Beam/z-beam-test-push/app/utils/contentAPI.ts:363:35)
        at op (/Users/todddunning/Desktop/Z-Beam/z-beam-test-push/app/utils/contentAPI.ts:25:18)
        at safeContentOperation (/Users/todddunning/Desktop/Z-Beam/z-beam-test-push/app/utils/contentAPI.ts:321:10)
        at fn (/Users/todddunning/Desktop/Z-Beam/z-beam-test-push/tests/utils/contentAPI.test.js:40:33)
        at loadComponent (/Users/todddunning/Desktop/Z-Beam/z-beam-test-push/app/utils/contentAPI.ts:657:37)
        at Array.map (<anonymous>)
        at map (/Users/todddunning/Desktop/Z-Beam/z-beam-test-push/app/utils/contentAPI.ts:654:22)
        at op (/Users/todddunning/Desktop/Z-Beam/z-beam-test-push/app/utils/contentAPI.ts:25:18)
        at safeContentOperation (/Users/todddunning/Desktop/Z-Beam/z-beam-test-push/app/utils/contentAPI.ts:647:10)
        at fn (/Users/todddunning/Desktop/Z-Beam/z-beam-test-push/tests/utils/contentAPI.test.js:40:33)
        at loadAllComponents (/Users/todddunning/Desktop/Z-Beam/z-beam-test-push/app/utils/contentAPI.ts:696:7)
        at op (/Users/todddunning/Desktop/Z-Beam/z-beam-test-push/app/utils/contentAPI.ts:25:18)
        at safeContentOperation (/Users/todddunning/Desktop/Z-Beam/z-beam-test-push/app/utils/contentAPI.ts:693:10)
        at fn (/Users/todddunning/Desktop/Z-Beam/z-beam-test-push/tests/utils/contentAPI.test.js:40:33)
        at Object.loadPageData (/Users/todddunning/Desktop/Z-Beam/z-beam-test-push/tests/utils/contentAPI.test.js:367:28)
        at Promise.finally.completed (/Users/todddunning/Desktop/Z-Beam/z-beam-test-push/node_modules/jest-circus/build/jestAdapterInit.js:1556:28)
        at new Promise (<anonymous>)
        at callAsyncCircusFn (/Users/todddunning/Desktop/Z-Beam/z-beam-test-push/node_modules/jest-circus/build/jestAdapterInit.js:1496:10)
        at _callCircusTest (/Users/todddunning/Desktop/Z-Beam/z-beam-test-push/node_modules/jest-circus/build/jestAdapterInit.js:1006:40)
        at processTicksAndRejections (node:internal/process/task_queues:105:5)
        at _runTest (/Users/todddunning/Desktop/Z-Beam/z-beam-test-push/node_modules/jest-circus/build/jestAdapterInit.js:946:3)
        at _runTestsForDescribeBlock (/Users/todddunning/Desktop/Z-Beam/z-beam-test-push/node_modules/jest-circus/build/jestAdapterInit.js:839:13)
        at _runTestsForDescribeBlock (/Users/todddunning/Desktop/Z-Beam/z-beam-test-push/node_modules/jest-circus/build/jestAdapterInit.js:829:11)
        at _runTestsForDescribeBlock (/Users/todddunning/Desktop/Z-Beam/z-beam-test-push/node_modules/jest-circus/build/jestAdapterInit.js:829:11)
        at run (/Users/todddunning/Desktop/Z-Beam/z-beam-test-push/node_modules/jest-circus/build/jestAdapterInit.js:757:3)
        at runAndTransformResultsToJestFormat (/Users/todddunning/Desktop/Z-Beam/z-beam-test-push/node_modules/jest-circus/build/jestAdapterInit.js:1917:21)
        at jestAdapter (/Users/todddunning/Desktop/Z-Beam/z-beam-test-push/node_modules/jest-circus/build/runner.js:101:19)
        at runTestInternal (/Users/todddunning/Desktop/Z-Beam/z-beam-test-push/node_modules/jest-runner/build/testWorker.js:275:16)
        at runTest (/Users/todddunning/Desktop/Z-Beam/z-beam-test-push/node_modules/jest-runner/build/testWorker.js:343:7)
        at Object.worker (/Users/todddunning/Desktop/Z-Beam/z-beam-test-push/node_modules/jest-runner/build/testWorker.js:497:12)

      25 |     return await op();
      26 |   } catch (e) {
    > 27 |     console.error(`${name} failed`, e);
         |             ^
      28 |     return fallback;
      29 |   }
      30 | };

      at error (app/utils/contentAPI.ts:27:13)
      at app/utils/contentAPI.ts:657:31
          at async Promise.all (index 8)
      at app/utils/contentAPI.ts:653:5
      at safeContentOperation (app/utils/contentAPI.ts:25:12)
          at async Promise.all (index 1)
      at safeContentOperation.metadata (app/utils/contentAPI.ts:694:36)
      at safeContentOperation (app/utils/contentAPI.ts:25:12)
      at Object.<anonymous> (tests/utils/contentAPI.test.js:367:22)

  console.error
    loadComponent failed Error: File not found
        at Object.<anonymous> (/Users/todddunning/Desktop/Z-Beam/z-beam-test-push/tests/utils/contentAPI.test.js:98:29)
        at /Users/todddunning/Desktop/Z-Beam/z-beam-test-push/node_modules/jest-mock/build/index.js:305:39
        at Object.<anonymous> (/Users/todddunning/Desktop/Z-Beam/z-beam-test-push/node_modules/jest-mock/build/index.js:312:13)
        at Object.mockConstructor [as readFile] (/Users/todddunning/Desktop/Z-Beam/z-beam-test-push/node_modules/jest-mock/build/index.js:102:19)
        at readFile (/Users/todddunning/Desktop/Z-Beam/z-beam-test-push/app/utils/contentAPI.ts:363:35)
        at op (/Users/todddunning/Desktop/Z-Beam/z-beam-test-push/app/utils/contentAPI.ts:25:18)
        at safeContentOperation (/Users/todddunning/Desktop/Z-Beam/z-beam-test-push/app/utils/contentAPI.ts:321:10)
        at fn (/Users/todddunning/Desktop/Z-Beam/z-beam-test-push/tests/utils/contentAPI.test.js:40:33)
        at loadComponent (/Users/todddunning/Desktop/Z-Beam/z-beam-test-push/app/utils/contentAPI.ts:657:37)
        at Array.map (<anonymous>)
        at map (/Users/todddunning/Desktop/Z-Beam/z-beam-test-push/app/utils/contentAPI.ts:654:22)
        at op (/Users/todddunning/Desktop/Z-Beam/z-beam-test-push/app/utils/contentAPI.ts:25:18)
        at safeContentOperation (/Users/todddunning/Desktop/Z-Beam/z-beam-test-push/app/utils/contentAPI.ts:647:10)
        at fn (/Users/todddunning/Desktop/Z-Beam/z-beam-test-push/tests/utils/contentAPI.test.js:40:33)
        at loadAllComponents (/Users/todddunning/Desktop/Z-Beam/z-beam-test-push/app/utils/contentAPI.ts:696:7)
        at op (/Users/todddunning/Desktop/Z-Beam/z-beam-test-push/app/utils/contentAPI.ts:25:18)
        at safeContentOperation (/Users/todddunning/Desktop/Z-Beam/z-beam-test-push/app/utils/contentAPI.ts:693:10)
        at fn (/Users/todddunning/Desktop/Z-Beam/z-beam-test-push/tests/utils/contentAPI.test.js:40:33)
        at Object.loadPageData (/Users/todddunning/Desktop/Z-Beam/z-beam-test-push/tests/utils/contentAPI.test.js:367:28)
        at Promise.finally.completed (/Users/todddunning/Desktop/Z-Beam/z-beam-test-push/node_modules/jest-circus/build/jestAdapterInit.js:1556:28)
        at new Promise (<anonymous>)
        at callAsyncCircusFn (/Users/todddunning/Desktop/Z-Beam/z-beam-test-push/node_modules/jest-circus/build/jestAdapterInit.js:1496:10)
        at _callCircusTest (/Users/todddunning/Desktop/Z-Beam/z-beam-test-push/node_modules/jest-circus/build/jestAdapterInit.js:1006:40)
        at processTicksAndRejections (node:internal/process/task_queues:105:5)
        at _runTest (/Users/todddunning/Desktop/Z-Beam/z-beam-test-push/node_modules/jest-circus/build/jestAdapterInit.js:946:3)
        at _runTestsForDescribeBlock (/Users/todddunning/Desktop/Z-Beam/z-beam-test-push/node_modules/jest-circus/build/jestAdapterInit.js:839:13)
        at _runTestsForDescribeBlock (/Users/todddunning/Desktop/Z-Beam/z-beam-test-push/node_modules/jest-circus/build/jestAdapterInit.js:829:11)
        at _runTestsForDescribeBlock (/Users/todddunning/Desktop/Z-Beam/z-beam-test-push/node_modules/jest-circus/build/jestAdapterInit.js:829:11)
        at run (/Users/todddunning/Desktop/Z-Beam/z-beam-test-push/node_modules/jest-circus/build/jestAdapterInit.js:757:3)
        at runAndTransformResultsToJestFormat (/Users/todddunning/Desktop/Z-Beam/z-beam-test-push/node_modules/jest-circus/build/jestAdapterInit.js:1917:21)
        at jestAdapter (/Users/todddunning/Desktop/Z-Beam/z-beam-test-push/node_modules/jest-circus/build/runner.js:101:19)
        at runTestInternal (/Users/todddunning/Desktop/Z-Beam/z-beam-test-push/node_modules/jest-runner/build/testWorker.js:275:16)
        at runTest (/Users/todddunning/Desktop/Z-Beam/z-beam-test-push/node_modules/jest-runner/build/testWorker.js:343:7)
        at Object.worker (/Users/todddunning/Desktop/Z-Beam/z-beam-test-push/node_modules/jest-runner/build/testWorker.js:497:12)

      25 |     return await op();
      26 |   } catch (e) {
    > 27 |     console.error(`${name} failed`, e);
         |             ^
      28 |     return fallback;
      29 |   }
      30 | };

      at error (app/utils/contentAPI.ts:27:13)
      at app/utils/contentAPI.ts:657:31
          at async Promise.all (index 9)
      at app/utils/contentAPI.ts:653:5
      at safeContentOperation (app/utils/contentAPI.ts:25:12)
          at async Promise.all (index 1)
      at safeContentOperation.metadata (app/utils/contentAPI.ts:694:36)
      at safeContentOperation (app/utils/contentAPI.ts:25:12)
      at Object.<anonymous> (tests/utils/contentAPI.test.js:367:22)

FAIL jsdom tests/alabaster-tags.test.js
  Alabaster YAML v2.0 Data Structure
    ✓ should handle alabaster data structure correctly (119 ms)
    ✓ should display metadata with top-level material field (12 ms)
    ✕ should only show non-empty categories (13 ms)
    ✕ should correctly categorize tags (11 ms)
    ✓ should handle author category even when empty (9 ms)

  ● Alabaster YAML v2.0 Data Structure › should only show non-empty categories

    TestingLibraryElementError: Unable to find an element with the text: Process. This could be because the text is broken up by multiple elements. In this case, you can provide a function for your text matcher to make your matcher more flexible.

    Ignored nodes: comments, script, style
    [36m<body>[39m
      [36m<div>[39m
        [36m<div[39m
          [33mclass[39m=[32m"tags-container my-6"[39m
          [33mdata-testid[39m=[32m"tags-container"[39m
        [36m>[39m
          [36m<header[39m
            [33maria-labelledby[39m=[32m"card-header-tags-1jpdl"[39m
            [33mclass[39m=[32m"header-wrapper w-full "[39m
            [33mdata-header-level[39m=[32m"card"[39m
            [33mdata-priority[39m=[32m"medium"[39m
            [33mdata-search-keywords[39m=[32m""[39m
          [36m>[39m
            [36m<h3[39m
              [33maria-level[39m=[32m"3"[39m
              [33mclass[39m=[32m"font-semibold text-white transition-all duration-200 ease-in-out focus:outline-none focus:ring-2 focus:ring-blue-500 focus:ring-offset-2 focus:ring-offset-gray-900 text-base font-semibold mb-2 text-gray-200 text-left priority-medium"[39m
              [33mdata-testid[39m=[32m"header-card"[39m
              [33mid[39m=[32m"card-header-tags-1jpdl"[39m
              [33mrole[39m=[32m"heading"[39m
              [33mtabindex[39m=[32m"-1"[39m
            [36m>[39m
              [0mTags[0m
            [36m</h3>[39m
          [36m</header>[39m
          [0m      [0m
          [36m<div[39m
            [33mclass[39m=[32m"mb-3 p-3 bg-gray-50 dark:bg-gray-800 rounded-lg text-sm"[39m
          [36m>[39m
            [36m<div[39m
              [33mclass[39m=[32m"flex flex-wrap gap-4"[39m
            [36m>[39m
              [36m<span[39m
                [33mclass[39m=[32m"font-medium"[39m
              [36m>[39m
                [0mMaterial: [0m
                [36m<span[39m
                  [33mclass[39m=[32m"font-normal"[39m
                [36m>[39m
                  [0mAlabaster[0m
                [36m</span>[39m
              [36m</span>[39m
              [36m<span[39m
                [33mclass[39m=[32m"font-medium"[39m
              [36m>[39m
                [0mTags: [0m
                [36m<span[39m
                  [33mclass[39m=[32m"font-normal"[39m
                [36m>[39m
                  [0m8[0m
                [36m</span>[39m
              [36m</span>[39m
              [36m<span[39m
                [33mclass[39m=[32m"font-medium"[39m
              [36m>[39m
                [0mCategories: [0m
                [36m<span[39m
                  [33mclass[39m=[32m"font-normal"[39m
                [36m>[39m
                  [0mProcess, Other[0m
                [36m</span>[39m
              [36m</span>[39m
              [36m<span[39m
                [33mclass[39m=[32m"font-medium"[39m
              [36m>[39m
                [0mFormat: [0m
                [36m<span[39m
                  [33mclass[39m=[32m"font-normal"[39m
                [36m>[39m
                  [0myaml[0m
                  [0m v[0m
                  [0m2.0[0m
                [36m</span>[39m
              [36m</span>[39m
            [36m</div>[39m
          [36m</div>[39m
          [36m<div[39m
            [33mclass[39m=[32m"space-y-3"[39m
          [36m>[39m
            [36m<div>[39m
              [36m<header[39m
                [33maria-labelledby[39m=[32m"card-header-process-tags-ypff56"[39m
                [33mclass[39m=[32m"header-wrapper w-full "[39m
                [33mdata-header-level[39m=[32m"card"[39m
                [33mdata-priority[39m=[32m"medium"[39m
                [33mdata-search-keywords[39m=[32m""[39m
              [36m>[39m
                [36m<h3[39m
                  [33maria-level[39m=[32m"3"[39m
                  [33mclass[39m=[32m"font-semibold text-white transition-all duration-200 ease-in-out focus:outline-none focus:ring-2 focus:ring-blue-500 focus:ring-offset-2 focus:ring-offset-gray-900 text-base font-semibold mb-2 text-gray-200 text-left priority-medium text-sm font-semibold mb-2 text-gray-700 dark:text-gray-300"[39m
                  [33mdata-testid[39m=[32m"header-card"[39m
                  [33mid[39m=[32m"card-header-process-tags-ypff56"[39m
                  [33mrole[39m=[32m"heading"[39m
                  [33mtabindex[39m=[32m"-1"[39m
                [36m>[39m
                  [0mProcess Tags[0m
                [36m</h3>[39m
              [36m</header>[39m
              [36m<div[39m
                [33mclass[39m=[32m"flex flex-wrap gap-2"[39m
              [36m>[39m
                [36m<a[39m
                  [33mhref[39m=[32m"/search?q=restoration"[39m
                [36m>[39m
                  [36m<a[39m
                    [33maria-label[39m=[32m"View all articles tagged with restoration"[39m
                    [33mclass[39m=[32m"inline-block px-3 py-2 rounded-full text-sm font-medium bg-gray-800 text-blue-800 dark:text-blue-200  cursor-pointer flex items-center"[39m
                    [33mtitle[39m=[32m"View all articles tagged with restoration"[39m
                  [36m>[39m
                    [0mRestoration[0m
                  [36m</a>[39m
                [36m</a>[39m
                [36m<a[39m
                  [33mhref[39m=[32m"/search?q=polishing"[39m
                [36m>[39m
                  [36m<a[39m
                    [33maria-label[39m=[32m"View all articles tagged with polishing"[39m
                    [33mclass[39m=[32m"inline-block px-3 py-2 rounded-full text-sm font-medium bg-gray-800 text-blue-800 dark:text-blue-200  cursor-pointer flex items-center"[39m
                    [33mtitle[39m=[32m"View all articles tagged with polishing"[39m
                  [36m>[39m
                    [0mPolishing[0m
                  [36m</a>[39m
                [36m</a>[39m
                [36m<a[39m
                  [33mhref[39m=[32m"/search?q=texturing"[39m
                [36m>[39m
                  [36m<a[39m
                    [33maria-label[39m=[32m"View all articles tagged with texturing"[39m
                    [33mclass[39m=[32m"inline-block px-3 py-2 rounded-full text-sm font-medium bg-gray-800 text-blue-800 dark:text-blue-200  cursor-pointer flex items-center"[39m
                    [33mtitle[39m=[32m"View all articles tagged with texturing"[39m
                  [36m>[39m
                    [0mTexturing[0m
                  [36m</a>[39m
                [36m</a>[39m
              [36m</div>[39m
            [36m</div>[39m
            [36m<div>[39m
              [36m<header[39m
                [33maria-labelledby[39m=[32m"card-header-other-tags-sz5ieh"[39m
                [33mclass[39m=[32m"header-wrapper w-full "[39m
                [33mdata-header-level[39m=[32m"card"[39m
                [33mdata-priority[39m=[32m"medium"[39m
                [33mdata-search-keywords[39m=[32m""[39m
              [36m>[39m
                [36m<h3[39m
                  [33maria-level[39m=[32m"3"[39m
                  [33mclass[39m=[32m"font-semibold text-white transition-all duration-200 ease-in-out focus:outline-none focus:ring-2 focus:ring-blue-500 focus:ring-offset-2 focus:ring-offset-gray-900 text-base font-semibold mb-2 text-gray-200 text-left priority-medium text-sm font-semibold mb-2 text-gray-700 dark:text-gray-300"[39m
                  [33mdata-testid[39m=[32m"header-card"[39m
                  [33mid[39m=[32m"card-header-other-tags-sz5ieh"[39m
                  [33mrole[39m=[32m"heading"[39m
                  [33mtabindex[39m=[32m"-1"[39m
                [36m>[39m
                  [0mOther Tags[0m
                [36m</h3>[39m
              [36m</header>[39m
              [36m<div[39m
                [33mclass[39m=[32m"flex flex-wrap gap-2"[39m
              [36m>[39m
                [36m<a[39m
                  [33mhref[39m=[32m"/search?q=stone"[39m
                [36m>[39m
                  [36m<a[39m
                    [33maria-label[39m=[32m"View all articles tagged with stone"[39m
                    [33mclass[39m=[32m"inline-block px-3 py-2 rounded-full text-sm font-medium bg-gray-800 text-blue-800 dark:text-blue-200  cursor-pointer flex items-center"[39m
                    [33mtitle[39m=[32m"View all articles tagged with stone"[39m
                  [36m>[39m
                    [0mStone[0m
                  [36m</a>[39m
                [36m</a>[39m
                [36m<a[39m
                  [33mhref[39m=[32m"/search?q=gypsum"[39m
                [36m>[39m
                  [36m<a[39m
                    [33maria-label[39m=[32m"View all articles tagged with gypsum"[39m
                    [33mclass[39m=[32m"inline-block px-3 py-2 rounded-full text-sm font-medium bg-gray-800 text-blue-800 dark:text-blue-200  cursor-pointer flex items-center"[39m
                    [33mtitle[39m=[32m"View all articles tagged with gypsum"[39m
                  [36m>[39m
                    [0mGypsum[0m
                  [36m</a>[39m
                [36m</a>[39m
                [36m<a[39m
                  [33mhref[39m=[32m"/search?q=conservation"[39m
                [36m>[39m
                  [36m<a[39m
                    [33maria-label[39m=[32m"View all articles tagged with conservation"[39m
                    [33mclass[39m=[32m"inline-block px-3 py-2 rounded-full text-sm font-medium bg-gray-800 text-blue-800 dark:text-blue-200  cursor-pointer flex items-center"[39m
                    [33mtitle[39m=[32m"View all articles tagged with conservation"[39m
                  [36m>[39m
                    [0mConservation[0m
                  [36m</a>[39m
                [36m</a>[39m
                [36m<a[39m
                  [33mhref[39m=[32m"/search?q=sculpture"[39m
                [36m>[39m
                  [36m<a[39m
                    [33maria-label[39m=[32m"View all articles tagged with sculpture"[39m
                    [33mclass[39m=[32m"inline-block px-3 py-2 rounded-full text-sm font-medium bg-gray-800 text-blue-800 dark:text-blue-200  cursor-pointer flex items-center"[39m
                    [33mtitle[39m=[32m"View all articles tagged with sculpture"[39m
                  [36m>[39m
                    [0mSculpture[0m
                  [36m</a>[39m
                [36m</a>[39m
                [36m<a[39m
                  [33mhref[39m=[32m"/search?q=architecture"[39m
                [36m>[39m
                  [36m<a[39m
                    [33maria-label[39m=[32m"View all articles tagged with architecture"[39m
                    [33mclass[39m=[32m"inline-block px-3 py-2 rounded-full text-sm font-medium bg-gray-800 text-blue-800 dark:text-blue-200  cursor-pointer flex items-center"[39m
                    [33mtitle[39m=[32m"View all articles tagged with architecture"[39m
                  [36m>[39m
                    [0mArchitecture[0m
                  [36m</a>[39m
                [36m</a>[39m
              [36m</div>[39m
            [36m</div>[39m
          [36m</div>[39m
        [36m</div>[39m
      [36m</div>[39m
    [36m</body>[39m

      62 |     
      63 |     // Should show non-empty categories
    > 64 |     expect(screen.getByText('Process')).toBeInTheDocument();
         |                   ^
      65 |     expect(screen.getByText('Other')).toBeInTheDocument();
      66 |     
      67 |     // Should NOT show empty categories

      at Object.getElementError (node_modules/@testing-library/dom/dist/config.js:37:19)
      at node_modules/@testing-library/dom/dist/query-helpers.js:76:38
      at node_modules/@testing-library/dom/dist/query-helpers.js:52:17
      at node_modules/@testing-library/dom/dist/query-helpers.js:95:19
      at Object.getByText (tests/alabaster-tags.test.js:64:19)

  ● Alabaster YAML v2.0 Data Structure › should correctly categorize tags

    TestingLibraryElementError: Unable to find an element with the text: Process. This could be because the text is broken up by multiple elements. In this case, you can provide a function for your text matcher to make your matcher more flexible.

    Ignored nodes: comments, script, style
    [36m<body>[39m
      [36m<div>[39m
        [36m<div[39m
          [33mclass[39m=[32m"tags-container my-6"[39m
          [33mdata-testid[39m=[32m"tags-container"[39m
        [36m>[39m
          [36m<header[39m
            [33maria-labelledby[39m=[32m"card-header-tags-1jpdl"[39m
            [33mclass[39m=[32m"header-wrapper w-full "[39m
            [33mdata-header-level[39m=[32m"card"[39m
            [33mdata-priority[39m=[32m"medium"[39m
            [33mdata-search-keywords[39m=[32m""[39m
          [36m>[39m
            [36m<h3[39m
              [33maria-level[39m=[32m"3"[39m
              [33mclass[39m=[32m"font-semibold text-white transition-all duration-200 ease-in-out focus:outline-none focus:ring-2 focus:ring-blue-500 focus:ring-offset-2 focus:ring-offset-gray-900 text-base font-semibold mb-2 text-gray-200 text-left priority-medium"[39m
              [33mdata-testid[39m=[32m"header-card"[39m
              [33mid[39m=[32m"card-header-tags-1jpdl"[39m
              [33mrole[39m=[32m"heading"[39m
              [33mtabindex[39m=[32m"-1"[39m
            [36m>[39m
              [0mTags[0m
            [36m</h3>[39m
          [36m</header>[39m
          [0m      [0m
          [36m<div[39m
            [33mclass[39m=[32m"space-y-3"[39m
          [36m>[39m
            [36m<div>[39m
              [36m<header[39m
                [33maria-labelledby[39m=[32m"card-header-process-tags-ypff56"[39m
                [33mclass[39m=[32m"header-wrapper w-full "[39m
                [33mdata-header-level[39m=[32m"card"[39m
                [33mdata-priority[39m=[32m"medium"[39m
                [33mdata-search-keywords[39m=[32m""[39m
              [36m>[39m
                [36m<h3[39m
                  [33maria-level[39m=[32m"3"[39m
                  [33mclass[39m=[32m"font-semibold text-white transition-all duration-200 ease-in-out focus:outline-none focus:ring-2 focus:ring-blue-500 focus:ring-offset-2 focus:ring-offset-gray-900 text-base font-semibold mb-2 text-gray-200 text-left priority-medium text-sm font-semibold mb-2 text-gray-700 dark:text-gray-300"[39m
                  [33mdata-testid[39m=[32m"header-card"[39m
                  [33mid[39m=[32m"card-header-process-tags-ypff56"[39m
                  [33mrole[39m=[32m"heading"[39m
                  [33mtabindex[39m=[32m"-1"[39m
                [36m>[39m
                  [0mProcess Tags[0m
                [36m</h3>[39m
              [36m</header>[39m
              [36m<div[39m
                [33mclass[39m=[32m"flex flex-wrap gap-2"[39m
              [36m>[39m
                [36m<a[39m
                  [33mhref[39m=[32m"/search?q=restoration"[39m
                [36m>[39m
                  [36m<a[39m
                    [33maria-label[39m=[32m"View all articles tagged with restoration"[39m
                    [33mclass[39m=[32m"inline-block px-3 py-2 rounded-full text-sm font-medium bg-gray-800 text-blue-800 dark:text-blue-200  cursor-pointer flex items-center"[39m
                    [33mtitle[39m=[32m"View all articles tagged with restoration"[39m
                  [36m>[39m
                    [0mRestoration[0m
                  [36m</a>[39m
                [36m</a>[39m
                [36m<a[39m
                  [33mhref[39m=[32m"/search?q=polishing"[39m
                [36m>[39m
                  [36m<a[39m
                    [33maria-label[39m=[32m"View all articles tagged with polishing"[39m
                    [33mclass[39m=[32m"inline-block px-3 py-2 rounded-full text-sm font-medium bg-gray-800 text-blue-800 dark:text-blue-200  cursor-pointer flex items-center"[39m
                    [33mtitle[39m=[32m"View all articles tagged with polishing"[39m
                  [36m>[39m
                    [0mPolishing[0m
                  [36m</a>[39m
                [36m</a>[39m
                [36m<a[39m
                  [33mhref[39m=[32m"/search?q=texturing"[39m
                [36m>[39m
                  [36m<a[39m
                    [33maria-label[39m=[32m"View all articles tagged with texturing"[39m
                    [33mclass[39m=[32m"inline-block px-3 py-2 rounded-full text-sm font-medium bg-gray-800 text-blue-800 dark:text-blue-200  cursor-pointer flex items-center"[39m
                    [33mtitle[39m=[32m"View all articles tagged with texturing"[39m
                  [36m>[39m
                    [0mTexturing[0m
                  [36m</a>[39m
                [36m</a>[39m
              [36m</div>[39m
            [36m</div>[39m
            [36m<div>[39m
              [36m<header[39m
                [33maria-labelledby[39m=[32m"card-header-other-tags-sz5ieh"[39m
                [33mclass[39m=[32m"header-wrapper w-full "[39m
                [33mdata-header-level[39m=[32m"card"[39m
                [33mdata-priority[39m=[32m"medium"[39m
                [33mdata-search-keywords[39m=[32m""[39m
              [36m>[39m
                [36m<h3[39m
                  [33maria-level[39m=[32m"3"[39m
                  [33mclass[39m=[32m"font-semibold text-white transition-all duration-200 ease-in-out focus:outline-none focus:ring-2 focus:ring-blue-500 focus:ring-offset-2 focus:ring-offset-gray-900 text-base font-semibold mb-2 text-gray-200 text-left priority-medium text-sm font-semibold mb-2 text-gray-700 dark:text-gray-300"[39m
                  [33mdata-testid[39m=[32m"header-card"[39m
                  [33mid[39m=[32m"card-header-other-tags-sz5ieh"[39m
                  [33mrole[39m=[32m"heading"[39m
                  [33mtabindex[39m=[32m"-1"[39m
                [36m>[39m
                  [0mOther Tags[0m
                [36m</h3>[39m
              [36m</header>[39m
              [36m<div[39m
                [33mclass[39m=[32m"flex flex-wrap gap-2"[39m
              [36m>[39m
                [36m<a[39m
                  [33mhref[39m=[32m"/search?q=stone"[39m
                [36m>[39m
                  [36m<a[39m
                    [33maria-label[39m=[32m"View all articles tagged with stone"[39m
                    [33mclass[39m=[32m"inline-block px-3 py-2 rounded-full text-sm font-medium bg-gray-800 text-blue-800 dark:text-blue-200  cursor-pointer flex items-center"[39m
                    [33mtitle[39m=[32m"View all articles tagged with stone"[39m
                  [36m>[39m
                    [0mStone[0m
                  [36m</a>[39m
                [36m</a>[39m
                [36m<a[39m
                  [33mhref[39m=[32m"/search?q=gypsum"[39m
                [36m>[39m
                  [36m<a[39m
                    [33maria-label[39m=[32m"View all articles tagged with gypsum"[39m
                    [33mclass[39m=[32m"inline-block px-3 py-2 rounded-full text-sm font-medium bg-gray-800 text-blue-800 dark:text-blue-200  cursor-pointer flex items-center"[39m
                    [33mtitle[39m=[32m"View all articles tagged with gypsum"[39m
                  [36m>[39m
                    [0mGypsum[0m
                  [36m</a>[39m
                [36m</a>[39m
                [36m<a[39m
                  [33mhref[39m=[32m"/search?q=conservation"[39m
                [36m>[39m
                  [36m<a[39m
                    [33maria-label[39m=[32m"View all articles tagged with conservation"[39m
                    [33mclass[39m=[32m"inline-block px-3 py-2 rounded-full text-sm font-medium bg-gray-800 text-blue-800 dark:text-blue-200  cursor-pointer flex items-center"[39m
                    [33mtitle[39m=[32m"View all articles tagged with conservation"[39m
                  [36m>[39m
                    [0mConservation[0m
                  [36m</a>[39m
                [36m</a>[39m
                [36m<a[39m
                  [33mhref[39m=[32m"/search?q=sculpture"[39m
                [36m>[39m
                  [36m<a[39m
                    [33maria-label[39m=[32m"View all articles tagged with sculpture"[39m
                    [33mclass[39m=[32m"inline-block px-3 py-2 rounded-full text-sm font-medium bg-gray-800 text-blue-800 dark:text-blue-200  cursor-pointer flex items-center"[39m
                    [33mtitle[39m=[32m"View all articles tagged with sculpture"[39m
                  [36m>[39m
                    [0mSculpture[0m
                  [36m</a>[39m
                [36m</a>[39m
                [36m<a[39m
                  [33mhref[39m=[32m"/search?q=architecture"[39m
                [36m>[39m
                  [36m<a[39m
                    [33maria-label[39m=[32m"View all articles tagged with architecture"[39m
                    [33mclass[39m=[32m"inline-block px-3 py-2 rounded-full text-sm font-medium bg-gray-800 text-blue-800 dark:text-blue-200  cursor-pointer flex items-center"[39m
                    [33mtitle[39m=[32m"View all articles tagged with architecture"[39m
                  [36m>[39m
                    [0mArchitecture[0m
                  [36m</a>[39m
                [36m</a>[39m
              [36m</div>[39m
            [36m</div>[39m
          [36m</div>[39m
        [36m</div>[39m
      [36m</div>[39m
    [36m</body>[39m

      78 |     
      79 |     // Check process category tags
    > 80 |     expect(screen.getByText('Process')).toBeInTheDocument();
         |                   ^
      81 |     expect(screen.getByText('Restoration')).toBeInTheDocument();
      82 |     expect(screen.getByText('Polishing')).toBeInTheDocument();
      83 |     expect(screen.getByText('Texturing')).toBeInTheDocument();

      at Object.getElementError (node_modules/@testing-library/dom/dist/config.js:37:19)
      at node_modules/@testing-library/dom/dist/query-helpers.js:76:38
      at node_modules/@testing-library/dom/dist/query-helpers.js:52:17
      at node_modules/@testing-library/dom/dist/query-helpers.js:95:19
      at Object.getByText (tests/alabaster-tags.test.js:80:19)

  console.error
    loadComponent failed Error: File not found
        at Object.<anonymous> (/Users/todddunning/Desktop/Z-Beam/z-beam-test-push/tests/utils/contentAPI.test.js:98:29)
        at /Users/todddunning/Desktop/Z-Beam/z-beam-test-push/node_modules/jest-mock/build/index.js:305:39
        at Object.<anonymous> (/Users/todddunning/Desktop/Z-Beam/z-beam-test-push/node_modules/jest-mock/build/index.js:312:13)
        at Object.mockConstructor [as readFile] (/Users/todddunning/Desktop/Z-Beam/z-beam-test-push/node_modules/jest-mock/build/index.js:102:19)
        at readFile (/Users/todddunning/Desktop/Z-Beam/z-beam-test-push/app/utils/contentAPI.ts:363:35)
        at op (/Users/todddunning/Desktop/Z-Beam/z-beam-test-push/app/utils/contentAPI.ts:25:18)
        at safeContentOperation (/Users/todddunning/Desktop/Z-Beam/z-beam-test-push/app/utils/contentAPI.ts:321:10)
        at fn (/Users/todddunning/Desktop/Z-Beam/z-beam-test-push/tests/utils/contentAPI.test.js:40:33)
        at loadComponent (/Users/todddunning/Desktop/Z-Beam/z-beam-test-push/app/utils/contentAPI.ts:657:37)
        at Array.map (<anonymous>)
        at map (/Users/todddunning/Desktop/Z-Beam/z-beam-test-push/app/utils/contentAPI.ts:654:22)
        at op (/Users/todddunning/Desktop/Z-Beam/z-beam-test-push/app/utils/contentAPI.ts:25:18)
        at safeContentOperation (/Users/todddunning/Desktop/Z-Beam/z-beam-test-push/app/utils/contentAPI.ts:647:10)
        at fn (/Users/todddunning/Desktop/Z-Beam/z-beam-test-push/tests/utils/contentAPI.test.js:40:33)
        at loadAllComponents (/Users/todddunning/Desktop/Z-Beam/z-beam-test-push/app/utils/contentAPI.ts:696:7)
        at op (/Users/todddunning/Desktop/Z-Beam/z-beam-test-push/app/utils/contentAPI.ts:25:18)
        at safeContentOperation (/Users/todddunning/Desktop/Z-Beam/z-beam-test-push/app/utils/contentAPI.ts:693:10)
        at fn (/Users/todddunning/Desktop/Z-Beam/z-beam-test-push/tests/utils/contentAPI.test.js:40:33)
        at Object.loadPageData (/Users/todddunning/Desktop/Z-Beam/z-beam-test-push/tests/utils/contentAPI.test.js:367:28)
        at Promise.finally.completed (/Users/todddunning/Desktop/Z-Beam/z-beam-test-push/node_modules/jest-circus/build/jestAdapterInit.js:1556:28)
        at new Promise (<anonymous>)
        at callAsyncCircusFn (/Users/todddunning/Desktop/Z-Beam/z-beam-test-push/node_modules/jest-circus/build/jestAdapterInit.js:1496:10)
        at _callCircusTest (/Users/todddunning/Desktop/Z-Beam/z-beam-test-push/node_modules/jest-circus/build/jestAdapterInit.js:1006:40)
        at processTicksAndRejections (node:internal/process/task_queues:105:5)
        at _runTest (/Users/todddunning/Desktop/Z-Beam/z-beam-test-push/node_modules/jest-circus/build/jestAdapterInit.js:946:3)
        at _runTestsForDescribeBlock (/Users/todddunning/Desktop/Z-Beam/z-beam-test-push/node_modules/jest-circus/build/jestAdapterInit.js:839:13)
        at _runTestsForDescribeBlock (/Users/todddunning/Desktop/Z-Beam/z-beam-test-push/node_modules/jest-circus/build/jestAdapterInit.js:829:11)
        at _runTestsForDescribeBlock (/Users/todddunning/Desktop/Z-Beam/z-beam-test-push/node_modules/jest-circus/build/jestAdapterInit.js:829:11)
        at run (/Users/todddunning/Desktop/Z-Beam/z-beam-test-push/node_modules/jest-circus/build/jestAdapterInit.js:757:3)
        at runAndTransformResultsToJestFormat (/Users/todddunning/Desktop/Z-Beam/z-beam-test-push/node_modules/jest-circus/build/jestAdapterInit.js:1917:21)
        at jestAdapter (/Users/todddunning/Desktop/Z-Beam/z-beam-test-push/node_modules/jest-circus/build/runner.js:101:19)
        at runTestInternal (/Users/todddunning/Desktop/Z-Beam/z-beam-test-push/node_modules/jest-runner/build/testWorker.js:275:16)
        at runTest (/Users/todddunning/Desktop/Z-Beam/z-beam-test-push/node_modules/jest-runner/build/testWorker.js:343:7)
        at Object.worker (/Users/todddunning/Desktop/Z-Beam/z-beam-test-push/node_modules/jest-runner/build/testWorker.js:497:12)

      25 |     return await op();
      26 |   } catch (e) {
    > 27 |     console.error(`${name} failed`, e);
         |             ^
      28 |     return fallback;
      29 |   }
      30 | };

      at error (app/utils/contentAPI.ts:27:13)
      at app/utils/contentAPI.ts:657:31
          at async Promise.all (index 10)
      at app/utils/contentAPI.ts:653:5
      at safeContentOperation (app/utils/contentAPI.ts:25:12)
          at async Promise.all (index 1)
      at safeContentOperation.metadata (app/utils/contentAPI.ts:694:36)
      at safeContentOperation (app/utils/contentAPI.ts:25:12)
      at Object.<anonymous> (tests/utils/contentAPI.test.js:367:22)

  console.error
    loadComponent failed Error: File not found
        at Object.<anonymous> (/Users/todddunning/Desktop/Z-Beam/z-beam-test-push/tests/utils/contentAPI.test.js:98:29)
        at /Users/todddunning/Desktop/Z-Beam/z-beam-test-push/node_modules/jest-mock/build/index.js:305:39
        at Object.<anonymous> (/Users/todddunning/Desktop/Z-Beam/z-beam-test-push/node_modules/jest-mock/build/index.js:312:13)
        at Object.mockConstructor [as readFile] (/Users/todddunning/Desktop/Z-Beam/z-beam-test-push/node_modules/jest-mock/build/index.js:102:19)
        at readFile (/Users/todddunning/Desktop/Z-Beam/z-beam-test-push/app/utils/contentAPI.ts:363:35)
        at op (/Users/todddunning/Desktop/Z-Beam/z-beam-test-push/app/utils/contentAPI.ts:25:18)
        at safeContentOperation (/Users/todddunning/Desktop/Z-Beam/z-beam-test-push/app/utils/contentAPI.ts:321:10)
        at fn (/Users/todddunning/Desktop/Z-Beam/z-beam-test-push/tests/utils/contentAPI.test.js:40:33)
        at loadComponent (/Users/todddunning/Desktop/Z-Beam/z-beam-test-push/app/utils/contentAPI.ts:680:32)
        at processTicksAndRejections (node:internal/process/task_queues:105:5)
        at safeContentOperation (/Users/todddunning/Desktop/Z-Beam/z-beam-test-push/app/utils/contentAPI.ts:25:12)
        at async Promise.all (index 0)
        at safeContentOperation.metadata (/Users/todddunning/Desktop/Z-Beam/z-beam-test-push/app/utils/contentAPI.ts:694:36)
        at safeContentOperation (/Users/todddunning/Desktop/Z-Beam/z-beam-test-push/app/utils/contentAPI.ts:25:12)
        at Object.<anonymous> (/Users/todddunning/Desktop/Z-Beam/z-beam-test-push/tests/utils/contentAPI.test.js:367:22)

      25 |     return await op();
      26 |   } catch (e) {
    > 27 |     console.error(`${name} failed`, e);
         |             ^
      28 |     return fallback;
      29 |   }
      30 | };

      at error (app/utils/contentAPI.ts:27:13)
      at app/utils/contentAPI.ts:680:26
      at safeContentOperation (app/utils/contentAPI.ts:25:12)
          at async Promise.all (index 0)
      at safeContentOperation.metadata (app/utils/contentAPI.ts:694:36)
      at safeContentOperation (app/utils/contentAPI.ts:25:12)
      at Object.<anonymous> (tests/utils/contentAPI.test.js:367:22)

  console.warn
    Failed to parse YAML for test-slug: YAMLParseError: Source contains multiple documents; please use YAML.parseAllDocuments() at line 3, column 1:
    
    title: Test Article
    ---
    ^
    
        at parseDocument (/Users/todddunning/Desktop/Z-Beam/z-beam-test-push/node_modules/yaml/dist/public-api.js:50:29)
        at Object.parse (/Users/todddunning/Desktop/Z-Beam/z-beam-test-push/node_modules/yaml/dist/public-api.js:68:17)
        at parse (/Users/todddunning/Desktop/Z-Beam/z-beam-test-push/app/utils/contentAPI.ts:92:25)
        at op (/Users/todddunning/Desktop/Z-Beam/z-beam-test-push/app/utils/contentAPI.ts:25:18)
        at safeContentOperation (/Users/todddunning/Desktop/Z-Beam/z-beam-test-push/app/utils/contentAPI.ts:58:10)
        at fn (/Users/todddunning/Desktop/Z-Beam/z-beam-test-push/tests/utils/contentAPI.test.js:40:33)
        at loadFrontmatterDataInline (/Users/todddunning/Desktop/Z-Beam/z-beam-test-push/app/utils/contentAPI.ts:674:35)
        at op (/Users/todddunning/Desktop/Z-Beam/z-beam-test-push/app/utils/contentAPI.ts:25:18)
        at safeContentOperation (/Users/todddunning/Desktop/Z-Beam/z-beam-test-push/app/utils/contentAPI.ts:672:10)
        at fn (/Users/todddunning/Desktop/Z-Beam/z-beam-test-push/tests/utils/contentAPI.test.js:40:33)
        at loadMetadata (/Users/todddunning/Desktop/Z-Beam/z-beam-test-push/app/utils/contentAPI.ts:708:28)
        at op (/Users/todddunning/Desktop/Z-Beam/z-beam-test-push/app/utils/contentAPI.ts:25:18)
        at safeContentOperation (/Users/todddunning/Desktop/Z-Beam/z-beam-test-push/app/utils/contentAPI.ts:707:10)
        at fn (/Users/todddunning/Desktop/Z-Beam/z-beam-test-push/tests/utils/contentAPI.test.js:40:33)
        at Object.loadArticle (/Users/todddunning/Desktop/Z-Beam/z-beam-test-push/tests/utils/contentAPI.test.js:395:28)
        at Promise.finally.completed (/Users/todddunning/Desktop/Z-Beam/z-beam-test-push/node_modules/jest-circus/build/jestAdapterInit.js:1556:28)
        at new Promise (<anonymous>)
        at callAsyncCircusFn (/Users/todddunning/Desktop/Z-Beam/z-beam-test-push/node_modules/jest-circus/build/jestAdapterInit.js:1496:10)
        at _callCircusTest (/Users/todddunning/Desktop/Z-Beam/z-beam-test-push/node_modules/jest-circus/build/jestAdapterInit.js:1006:40)
        at processTicksAndRejections (node:internal/process/task_queues:105:5)
        at _runTest (/Users/todddunning/Desktop/Z-Beam/z-beam-test-push/node_modules/jest-circus/build/jestAdapterInit.js:946:3)
        at _runTestsForDescribeBlock (/Users/todddunning/Desktop/Z-Beam/z-beam-test-push/node_modules/jest-circus/build/jestAdapterInit.js:839:13)
        at _runTestsForDescribeBlock (/Users/todddunning/Desktop/Z-Beam/z-beam-test-push/node_modules/jest-circus/build/jestAdapterInit.js:829:11)
        at _runTestsForDescribeBlock (/Users/todddunning/Desktop/Z-Beam/z-beam-test-push/node_modules/jest-circus/build/jestAdapterInit.js:829:11)
        at run (/Users/todddunning/Desktop/Z-Beam/z-beam-test-push/node_modules/jest-circus/build/jestAdapterInit.js:757:3)
        at runAndTransformResultsToJestFormat (/Users/todddunning/Desktop/Z-Beam/z-beam-test-push/node_modules/jest-circus/build/jestAdapterInit.js:1917:21)
        at jestAdapter (/Users/todddunning/Desktop/Z-Beam/z-beam-test-push/node_modules/jest-circus/build/runner.js:101:19)
        at runTestInternal (/Users/todddunning/Desktop/Z-Beam/z-beam-test-push/node_modules/jest-runner/build/testWorker.js:275:16)
        at runTest (/Users/todddunning/Desktop/Z-Beam/z-beam-test-push/node_modules/jest-runner/build/testWorker.js:343:7)
        at Object.worker (/Users/todddunning/Desktop/Z-Beam/z-beam-test-push/node_modules/jest-runner/build/testWorker.js:497:12) {
      code: 'MULTIPLE_DOCS',
      pos: [ 24, 35 ],
      linePos: [ { line: 3, col: 1 }, { line: 4, col: 8 } ]
    }

      104 |       return data || {};
      105 |     } catch (error) {
    > 106 |       console.warn(`Failed to parse YAML for ${validatedSlug}:`, error);
          |               ^
      107 |       return {};
      108 |     }
      109 |   }, {}, 'loadFrontmatterDataInline', slug);

      at warn (app/utils/contentAPI.ts:106:15)
      at op (app/utils/contentAPI.ts:25:18)
      at safeContentOperation (app/utils/contentAPI.ts:58:10)
      at fn (tests/utils/contentAPI.test.js:40:33)
      at loadFrontmatterDataInline (app/utils/contentAPI.ts:674:35)
      at op (app/utils/contentAPI.ts:25:18)
      at safeContentOperation (app/utils/contentAPI.ts:672:10)
      at fn (tests/utils/contentAPI.test.js:40:33)
      at loadMetadata (app/utils/contentAPI.ts:708:28)
      at op (app/utils/contentAPI.ts:25:18)
      at safeContentOperation (app/utils/contentAPI.ts:707:10)
      at fn (tests/utils/contentAPI.test.js:40:33)
      at Object.loadArticle (tests/utils/contentAPI.test.js:395:28)

  console.warn
    Failed to parse YAML for article1: YAMLParseError: Source contains multiple documents; please use YAML.parseAllDocuments() at line 3, column 1:
    
    title: Article 1
    ---
    ^
    
        at parseDocument (/Users/todddunning/Desktop/Z-Beam/z-beam-test-push/node_modules/yaml/dist/public-api.js:50:29)
        at Object.parse (/Users/todddunning/Desktop/Z-Beam/z-beam-test-push/node_modules/yaml/dist/public-api.js:68:17)
        at parse (/Users/todddunning/Desktop/Z-Beam/z-beam-test-push/app/utils/contentAPI.ts:92:25)
        at op (/Users/todddunning/Desktop/Z-Beam/z-beam-test-push/app/utils/contentAPI.ts:25:18)
        at safeContentOperation (/Users/todddunning/Desktop/Z-Beam/z-beam-test-push/app/utils/contentAPI.ts:58:10)
        at fn (/Users/todddunning/Desktop/Z-Beam/z-beam-test-push/tests/utils/contentAPI.test.js:40:33)
        at loadFrontmatterDataInline (/Users/todddunning/Desktop/Z-Beam/z-beam-test-push/app/utils/contentAPI.ts:674:35)
        at op (/Users/todddunning/Desktop/Z-Beam/z-beam-test-push/app/utils/contentAPI.ts:25:18)
        at safeContentOperation (/Users/todddunning/Desktop/Z-Beam/z-beam-test-push/app/utils/contentAPI.ts:672:10)
        at fn (/Users/todddunning/Desktop/Z-Beam/z-beam-test-push/tests/utils/contentAPI.test.js:40:33)
        at loadMetadata (/Users/todddunning/Desktop/Z-Beam/z-beam-test-push/app/utils/contentAPI.ts:708:28)
        at op (/Users/todddunning/Desktop/Z-Beam/z-beam-test-push/app/utils/contentAPI.ts:25:18)
        at safeContentOperation (/Users/todddunning/Desktop/Z-Beam/z-beam-test-push/app/utils/contentAPI.ts:707:10)
        at fn (/Users/todddunning/Desktop/Z-Beam/z-beam-test-push/tests/utils/contentAPI.test.js:40:33)
        at loadArticle (/Users/todddunning/Desktop/Z-Beam/z-beam-test-push/app/utils/contentAPI.ts:740:31)
        at Array.map (<anonymous>)
        at map (/Users/todddunning/Desktop/Z-Beam/z-beam-test-push/app/utils/contentAPI.ts:739:13)
        at processTicksAndRejections (node:internal/process/task_queues:105:5)
        at safeContentOperation (/Users/todddunning/Desktop/Z-Beam/z-beam-test-push/app/utils/contentAPI.ts:25:12)
        at Object.<anonymous> (/Users/todddunning/Desktop/Z-Beam/z-beam-test-push/tests/utils/contentAPI.test.js:459:22) {
      code: 'MULTIPLE_DOCS',
      pos: [ 21, 33 ],
      linePos: [ { line: 3, col: 1 }, { line: 4, col: 9 } ]
    }

      104 |       return data || {};
      105 |     } catch (error) {
    > 106 |       console.warn(`Failed to parse YAML for ${validatedSlug}:`, error);
          |               ^
      107 |       return {};
      108 |     }
      109 |   }, {}, 'loadFrontmatterDataInline', slug);

      at warn (app/utils/contentAPI.ts:106:15)
      at op (app/utils/contentAPI.ts:25:18)
      at safeContentOperation (app/utils/contentAPI.ts:58:10)
      at fn (tests/utils/contentAPI.test.js:40:33)
      at loadFrontmatterDataInline (app/utils/contentAPI.ts:674:35)
      at op (app/utils/contentAPI.ts:25:18)
      at safeContentOperation (app/utils/contentAPI.ts:672:10)
      at fn (tests/utils/contentAPI.test.js:40:33)
      at loadMetadata (app/utils/contentAPI.ts:708:28)
      at op (app/utils/contentAPI.ts:25:18)
      at safeContentOperation (app/utils/contentAPI.ts:707:10)
      at fn (tests/utils/contentAPI.test.js:40:33)
      at loadArticle (app/utils/contentAPI.ts:740:31)
          at Array.map (<anonymous>)
      at map (app/utils/contentAPI.ts:739:13)
      at safeContentOperation (app/utils/contentAPI.ts:25:12)
      at Object.<anonymous> (tests/utils/contentAPI.test.js:459:22)

  console.warn
    Failed to parse YAML for article2: YAMLParseError: Source contains multiple documents; please use YAML.parseAllDocuments() at line 3, column 1:
    
    title: Article 2
    ---
    ^
    
        at parseDocument (/Users/todddunning/Desktop/Z-Beam/z-beam-test-push/node_modules/yaml/dist/public-api.js:50:29)
        at Object.parse (/Users/todddunning/Desktop/Z-Beam/z-beam-test-push/node_modules/yaml/dist/public-api.js:68:17)
        at parse (/Users/todddunning/Desktop/Z-Beam/z-beam-test-push/app/utils/contentAPI.ts:92:25)
        at op (/Users/todddunning/Desktop/Z-Beam/z-beam-test-push/app/utils/contentAPI.ts:25:18)
        at safeContentOperation (/Users/todddunning/Desktop/Z-Beam/z-beam-test-push/app/utils/contentAPI.ts:58:10)
        at fn (/Users/todddunning/Desktop/Z-Beam/z-beam-test-push/tests/utils/contentAPI.test.js:40:33)
        at loadFrontmatterDataInline (/Users/todddunning/Desktop/Z-Beam/z-beam-test-push/app/utils/contentAPI.ts:674:35)
        at op (/Users/todddunning/Desktop/Z-Beam/z-beam-test-push/app/utils/contentAPI.ts:25:18)
        at safeContentOperation (/Users/todddunning/Desktop/Z-Beam/z-beam-test-push/app/utils/contentAPI.ts:672:10)
        at fn (/Users/todddunning/Desktop/Z-Beam/z-beam-test-push/tests/utils/contentAPI.test.js:40:33)
        at loadMetadata (/Users/todddunning/Desktop/Z-Beam/z-beam-test-push/app/utils/contentAPI.ts:708:28)
        at op (/Users/todddunning/Desktop/Z-Beam/z-beam-test-push/app/utils/contentAPI.ts:25:18)
        at safeContentOperation (/Users/todddunning/Desktop/Z-Beam/z-beam-test-push/app/utils/contentAPI.ts:707:10)
        at fn (/Users/todddunning/Desktop/Z-Beam/z-beam-test-push/tests/utils/contentAPI.test.js:40:33)
        at loadArticle (/Users/todddunning/Desktop/Z-Beam/z-beam-test-push/app/utils/contentAPI.ts:740:31)
        at Array.map (<anonymous>)
        at map (/Users/todddunning/Desktop/Z-Beam/z-beam-test-push/app/utils/contentAPI.ts:739:13)
        at processTicksAndRejections (node:internal/process/task_queues:105:5)
        at safeContentOperation (/Users/todddunning/Desktop/Z-Beam/z-beam-test-push/app/utils/contentAPI.ts:25:12)
        at Object.<anonymous> (/Users/todddunning/Desktop/Z-Beam/z-beam-test-push/tests/utils/contentAPI.test.js:459:22) {
      code: 'MULTIPLE_DOCS',
      pos: [ 21, 33 ],
      linePos: [ { line: 3, col: 1 }, { line: 4, col: 9 } ]
    }

      104 |       return data || {};
      105 |     } catch (error) {
    > 106 |       console.warn(`Failed to parse YAML for ${validatedSlug}:`, error);
          |               ^
      107 |       return {};
      108 |     }
      109 |   }, {}, 'loadFrontmatterDataInline', slug);

      at warn (app/utils/contentAPI.ts:106:15)
      at op (app/utils/contentAPI.ts:25:18)
      at safeContentOperation (app/utils/contentAPI.ts:58:10)
      at fn (tests/utils/contentAPI.test.js:40:33)
      at loadFrontmatterDataInline (app/utils/contentAPI.ts:674:35)
      at op (app/utils/contentAPI.ts:25:18)
      at safeContentOperation (app/utils/contentAPI.ts:672:10)
      at fn (tests/utils/contentAPI.test.js:40:33)
      at loadMetadata (app/utils/contentAPI.ts:708:28)
      at op (app/utils/contentAPI.ts:25:18)
      at safeContentOperation (app/utils/contentAPI.ts:707:10)
      at fn (tests/utils/contentAPI.test.js:40:33)
      at loadArticle (app/utils/contentAPI.ts:740:31)
          at Array.map (<anonymous>)
      at map (app/utils/contentAPI.ts:739:13)
      at safeContentOperation (app/utils/contentAPI.ts:25:12)
      at Object.<anonymous> (tests/utils/contentAPI.test.js:459:22)

  console.warn
    Failed to parse YAML for article1: YAMLParseError: Source contains multiple documents; please use YAML.parseAllDocuments() at line 3, column 1:
    
    title: Valid Article
    ---
    ^
    
        at parseDocument (/Users/todddunning/Desktop/Z-Beam/z-beam-test-push/node_modules/yaml/dist/public-api.js:50:29)
        at Object.parse (/Users/todddunning/Desktop/Z-Beam/z-beam-test-push/node_modules/yaml/dist/public-api.js:68:17)
        at parse (/Users/todddunning/Desktop/Z-Beam/z-beam-test-push/app/utils/contentAPI.ts:92:25)
        at op (/Users/todddunning/Desktop/Z-Beam/z-beam-test-push/app/utils/contentAPI.ts:25:18)
        at safeContentOperation (/Users/todddunning/Desktop/Z-Beam/z-beam-test-push/app/utils/contentAPI.ts:58:10)
        at fn (/Users/todddunning/Desktop/Z-Beam/z-beam-test-push/tests/utils/contentAPI.test.js:40:33)
        at loadFrontmatterDataInline (/Users/todddunning/Desktop/Z-Beam/z-beam-test-push/app/utils/contentAPI.ts:674:35)
        at op (/Users/todddunning/Desktop/Z-Beam/z-beam-test-push/app/utils/contentAPI.ts:25:18)
        at safeContentOperation (/Users/todddunning/Desktop/Z-Beam/z-beam-test-push/app/utils/contentAPI.ts:672:10)
        at fn (/Users/todddunning/Desktop/Z-Beam/z-beam-test-push/tests/utils/contentAPI.test.js:40:33)
        at loadMetadata (/Users/todddunning/Desktop/Z-Beam/z-beam-test-push/app/utils/contentAPI.ts:708:28)
        at op (/Users/todddunning/Desktop/Z-Beam/z-beam-test-push/app/utils/contentAPI.ts:25:18)
        at safeContentOperation (/Users/todddunning/Desktop/Z-Beam/z-beam-test-push/app/utils/contentAPI.ts:707:10)
        at fn (/Users/todddunning/Desktop/Z-Beam/z-beam-test-push/tests/utils/contentAPI.test.js:40:33)
        at loadArticle (/Users/todddunning/Desktop/Z-Beam/z-beam-test-push/app/utils/contentAPI.ts:740:31)
        at Array.map (<anonymous>)
        at map (/Users/todddunning/Desktop/Z-Beam/z-beam-test-push/app/utils/contentAPI.ts:739:13)
        at processTicksAndRejections (node:internal/process/task_queues:105:5)
        at safeContentOperation (/Users/todddunning/Desktop/Z-Beam/z-beam-test-push/app/utils/contentAPI.ts:25:12)
        at Object.<anonymous> (/Users/todddunning/Desktop/Z-Beam/z-beam-test-push/tests/utils/contentAPI.test.js:486:22) {
      code: 'MULTIPLE_DOCS',
      pos: [ 25, 37 ],
      linePos: [ { line: 3, col: 1 }, { line: 4, col: 9 } ]
    }

      104 |       return data || {};
      105 |     } catch (error) {
    > 106 |       console.warn(`Failed to parse YAML for ${validatedSlug}:`, error);
          |               ^
      107 |       return {};
      108 |     }
      109 |   }, {}, 'loadFrontmatterDataInline', slug);

      at warn (app/utils/contentAPI.ts:106:15)
      at op (app/utils/contentAPI.ts:25:18)
      at safeContentOperation (app/utils/contentAPI.ts:58:10)
      at fn (tests/utils/contentAPI.test.js:40:33)
      at loadFrontmatterDataInline (app/utils/contentAPI.ts:674:35)
      at op (app/utils/contentAPI.ts:25:18)
      at safeContentOperation (app/utils/contentAPI.ts:672:10)
      at fn (tests/utils/contentAPI.test.js:40:33)
      at loadMetadata (app/utils/contentAPI.ts:708:28)
      at op (app/utils/contentAPI.ts:25:18)
      at safeContentOperation (app/utils/contentAPI.ts:707:10)
      at fn (tests/utils/contentAPI.test.js:40:33)
      at loadArticle (app/utils/contentAPI.ts:740:31)
          at Array.map (<anonymous>)
      at map (app/utils/contentAPI.ts:739:13)
      at safeContentOperation (app/utils/contentAPI.ts:25:12)
      at Object.<anonymous> (tests/utils/contentAPI.test.js:486:22)

FAIL jsdom tests/components/CaptionContentValidation.test.ts
  Caption Component Content Validation
    ✕ should find caption files in the directory (2 ms)
    ✓ should not contain laser_parameters in any caption files (2 ms)
    ✓ should have valid YAML structure in all caption files (1 ms)
    ✓ should contain required caption structure (before_text and after_text) (1 ms)
    ✓ should not contain orphaned laser parameter comments (1 ms)
    ✓ should have clean file endings without trailing parameters (1 ms)
    ○ skipped sample caption file should have expected structure
  Caption Component Integration
    ✓ should work without laser_parameters dependency (3 ms)

  ● Caption Component Content Validation › should find caption files in the directory

    expect(received).toBeGreaterThan(expected)

    Expected: > 0
    Received:   0

      22 |
      23 |   test('should find caption files in the directory', () => {
    > 24 |     expect(captionFiles.length).toBeGreaterThan(0);
         |                                 ^
      25 |     expect(captionFiles.length).toBeGreaterThan(50); // Expect many material caption files
      26 |   });
      27 |

      at Object.toBeGreaterThan (tests/components/CaptionContentValidation.test.ts:24:33)

  console.warn
    Failed to parse YAML for article2: YAMLParseError: Source contains multiple documents; please use YAML.parseAllDocuments() at line 3, column 1:
    
    description: No title
    ---
    ^
    
        at parseDocument (/Users/todddunning/Desktop/Z-Beam/z-beam-test-push/node_modules/yaml/dist/public-api.js:50:29)
        at Object.parse (/Users/todddunning/Desktop/Z-Beam/z-beam-test-push/node_modules/yaml/dist/public-api.js:68:17)
        at parse (/Users/todddunning/Desktop/Z-Beam/z-beam-test-push/app/utils/contentAPI.ts:92:25)
        at op (/Users/todddunning/Desktop/Z-Beam/z-beam-test-push/app/utils/contentAPI.ts:25:18)
        at safeContentOperation (/Users/todddunning/Desktop/Z-Beam/z-beam-test-push/app/utils/contentAPI.ts:58:10)
        at fn (/Users/todddunning/Desktop/Z-Beam/z-beam-test-push/tests/utils/contentAPI.test.js:40:33)
        at loadFrontmatterDataInline (/Users/todddunning/Desktop/Z-Beam/z-beam-test-push/app/utils/contentAPI.ts:674:35)
        at op (/Users/todddunning/Desktop/Z-Beam/z-beam-test-push/app/utils/contentAPI.ts:25:18)
        at safeContentOperation (/Users/todddunning/Desktop/Z-Beam/z-beam-test-push/app/utils/contentAPI.ts:672:10)
        at fn (/Users/todddunning/Desktop/Z-Beam/z-beam-test-push/tests/utils/contentAPI.test.js:40:33)
        at loadMetadata (/Users/todddunning/Desktop/Z-Beam/z-beam-test-push/app/utils/contentAPI.ts:708:28)
        at op (/Users/todddunning/Desktop/Z-Beam/z-beam-test-push/app/utils/contentAPI.ts:25:18)
        at safeContentOperation (/Users/todddunning/Desktop/Z-Beam/z-beam-test-push/app/utils/contentAPI.ts:707:10)
        at fn (/Users/todddunning/Desktop/Z-Beam/z-beam-test-push/tests/utils/contentAPI.test.js:40:33)
        at loadArticle (/Users/todddunning/Desktop/Z-Beam/z-beam-test-push/app/utils/contentAPI.ts:740:31)
        at Array.map (<anonymous>)
        at map (/Users/todddunning/Desktop/Z-Beam/z-beam-test-push/app/utils/contentAPI.ts:739:13)
        at processTicksAndRejections (node:internal/process/task_queues:105:5)
        at safeContentOperation (/Users/todddunning/Desktop/Z-Beam/z-beam-test-push/app/utils/contentAPI.ts:25:12)
        at Object.<anonymous> (/Users/todddunning/Desktop/Z-Beam/z-beam-test-push/tests/utils/contentAPI.test.js:486:22) {
      code: 'MULTIPLE_DOCS',
      pos: [ 26, 38 ],
      linePos: [ { line: 3, col: 1 }, { line: 4, col: 9 } ]
    }

      104 |       return data || {};
      105 |     } catch (error) {
    > 106 |       console.warn(`Failed to parse YAML for ${validatedSlug}:`, error);
          |               ^
      107 |       return {};
      108 |     }
      109 |   }, {}, 'loadFrontmatterDataInline', slug);

      at warn (app/utils/contentAPI.ts:106:15)
      at op (app/utils/contentAPI.ts:25:18)
      at safeContentOperation (app/utils/contentAPI.ts:58:10)
      at fn (tests/utils/contentAPI.test.js:40:33)
      at loadFrontmatterDataInline (app/utils/contentAPI.ts:674:35)
      at op (app/utils/contentAPI.ts:25:18)
      at safeContentOperation (app/utils/contentAPI.ts:672:10)
      at fn (tests/utils/contentAPI.test.js:40:33)
      at loadMetadata (app/utils/contentAPI.ts:708:28)
      at op (app/utils/contentAPI.ts:25:18)
      at safeContentOperation (app/utils/contentAPI.ts:707:10)
      at fn (tests/utils/contentAPI.test.js:40:33)
      at loadArticle (app/utils/contentAPI.ts:740:31)
          at Array.map (<anonymous>)
      at map (app/utils/contentAPI.ts:739:13)
      at safeContentOperation (app/utils/contentAPI.ts:25:12)
      at Object.<anonymous> (tests/utils/contentAPI.test.js:486:22)

FAIL jsdom tests/utils/contentAPI.test.js
  Content API Utils
    getAllSlugs
      ✓ should return unique slugs from all component directories (9 ms)
      ✓ should handle empty directories (1 ms)
      ✓ should handle directory read errors gracefully (1 ms)
    loadComponent
      ✓ should load component with markdown conversion (7 ms)
      ✓ should load component without markdown conversion (1 ms)
      ✓ should return null for non-existent files (1 ms)
      ✓ should return null for unknown component types (126 ms)
      ○ skipped should handle file read errors
      ○ skipped should handle empty frontmatter
    loadAllComponents
      ✓ should load all available components for a slug (5 ms)
      ✓ should return empty object when no components exist (4 ms)
    loadMetadata
      ✓ should prioritize frontmatter over metatags (223 ms)
      ✓ should fallback to metatags when frontmatter has no config (1 ms)
      ✓ should return empty object when no metadata found (1 ms)
    loadPageData
      ✕ should combine metadata and components (13 ms)
      ✓ should handle errors gracefully (92 ms)
    loadArticle
      ✓ should create article from metadata (15 ms)
      ✓ should return null when no title in metadata (1 ms)
    loadAllArticles
      ✓ should load all articles with valid titles (44 ms)
      ✓ should filter out articles without titles (33 ms)
    error handling
      ✓ should handle filesystem errors gracefully (1 ms)
      ✓ should handle YAML parsing errors gracefully (1 ms)
    caching behavior
      ○ skipped should use cache for repeated calls

  ● Content API Utils › loadPageData › should combine metadata and components

    expect(received).toEqual(expected) // deep equality

    - Expected  - 3
    + Received  + 1

    - Object {
    -   "title": "Test Page",
    - }
    + Object {}

      356 |       expect(result).toHaveProperty('metadata');
      357 |       expect(result).toHaveProperty('components');
    > 358 |       expect(result.metadata).toEqual({ title: 'Test Page' });
          |                               ^
      359 |     });
      360 |
      361 |     test('should handle errors gracefully', async () => {

      at Object.toEqual (tests/utils/contentAPI.test.js:358:31)

FAIL jsdom tests/utils/helpers.test.js
  Helper utilities
    cn (className combiner)
      ✓ should combine multiple valid class names (3 ms)
      ✓ should filter out falsy values (1 ms)
      ✓ should handle empty input (1 ms)
      ✓ should handle single class
      ✓ should handle conditional classes (1 ms)
    getVariantClasses
      ✓ should return default primary and md classes (1 ms)
      ✓ should handle all variant types (1 ms)
      ✓ should handle all size types (1 ms)
      ✓ should combine variant and size classes correctly (2 ms)
    generateMaterialAltText
      ✓ should generate alt text for default card context (1 ms)
      ✓ should generate alt text for hero context (1 ms)
      ✓ should generate alt text for thumbnail context (1 ms)
      ✓ should generate alt text for card context explicitly (1 ms)
      ✓ should handle materials with special characters (1 ms)
    safeGet
      ✓ should get nested properties safely (1 ms)
      ✓ should return default value for missing properties (1 ms)
      ✓ should handle null and undefined objects (1 ms)
      ✓ should handle primitive values in path (1 ms)
      ✓ should handle empty path
      ✓ should handle array indices (1 ms)
    debounce
      ✓ should delay function execution (8 ms)
      ✓ should cancel previous calls when called again (4 ms)
      ✓ should handle multiple arguments (1 ms)
    throttle
      ✓ should execute function immediately on first call (5 ms)
      ✓ should ignore subsequent calls within throttle period (1 ms)
      ✓ should allow execution after throttle period (2 ms)
    delay
      ✓ should resolve after specified delay (5 ms)
      ✓ should work with async/await (1 ms)
    isBrowser
      ✕ should return false in Node.js environment (2 ms)
      ✓ should return true when window is defined (2 ms)
    prefersReducedMotion
      ✓ should return false when not in browser (1 ms)
      ✕ should return true when user prefers reduced motion (1 ms)
      ✓ should return false when user does not prefer reduced motion (1 ms)
    generateId
      ✓ should generate unique IDs with default prefix (1 ms)
      ✓ should use custom prefix (1 ms)
      ✓ should generate IDs of consistent format
      ✓ should generate multiple unique IDs (1 ms)
    fileToBase64
      ✓ should convert file to base64 (3 ms)
      ✓ should reject on file read error (1 ms)
    getContrastRatio
      ✓ should calculate contrast ratio for black and white (1 ms)
      ✓ should calculate contrast ratio for similar colors (1 ms)
      ✓ should handle hex colors correctly (1 ms)
      ✓ should be symmetrical (1 ms)
      ✓ should handle same colors
      ✓ should handle uppercase and lowercase hex (1 ms)
    Integration tests
      ✓ should work together for common use cases (1 ms)
      ✓ should handle nested object access with safe utilities (1 ms)
      ✓ should generate consistent material content (1 ms)

  ● Helper utilities › isBrowser › should return false in Node.js environment

    expect(received).toBe(expected) // Object.is equality

    Expected: false
    Received: true

      292 |     test('should return false in Node.js environment', () => {
      293 |       // In Jest/Node environment, window is undefined
    > 294 |       expect(isBrowser()).toBe(false);
          |                           ^
      295 |     });
      296 |
      297 |     test('should return true when window is defined', () => {

      at Object.toBe (tests/utils/helpers.test.js:294:27)

  ● Helper utilities › prefersReducedMotion › should return true when user prefers reduced motion

    expect(received).toBe(expected) // Object.is equality

    Expected: true
    Received: false

      315 |       };
      316 |       
    > 317 |       expect(prefersReducedMotion()).toBe(true);
          |                                      ^
      318 |       
      319 |       // Cleanup
      320 |       delete global.window;

      at Object.toBe (tests/utils/helpers.test.js:317:38)

FAIL jsdom tests/standards/PWAManifest.test.tsx
  PWA Manifest Standards
    Manifest File Existence and Structure
      ✓ should have manifest.json file in public directory (2 ms)
      ✓ should have valid JSON structure (1 ms)
    Required Manifest Properties
      ✓ should have name property (1 ms)
      ✓ should have short_name property (1 ms)
      ✓ should have start_url property (1 ms)
      ✓ should have display property (1 ms)
      ✓ should have theme_color property
      ✓ should have background_color property
    Icons Configuration
      ✓ should have icons array (1 ms)
      ✕ should have required icon sizes (4 ms)
      ✓ should have valid icon properties (3 ms)
      ✓ should have maskable icons for adaptive icon support
    PWA Features and Capabilities
      ✓ should have description property (1 ms)
      ✓ should have orientation property (1 ms)
      ✓ should have scope property (1 ms)
      ✓ should have id property for unique identification (1 ms)
    Enhanced PWA Features
      ✓ should have categories for app store classification (1 ms)
      ✓ should have shortcuts for quick actions (1 ms)
      ✓ should have screenshots for app stores
      ✓ should have related_applications for app store linking
    Security and Performance
      ✓ should prefer related applications appropriately (1 ms)
      ✓ should have appropriate display mode for security
      ✓ should have consistent theme and background colors (1 ms)
    Installability Criteria
      ✓ should meet basic installability requirements (1 ms)
      ✓ should have appropriate scope configuration
    Accessibility and Usability
      ✓ should have descriptive name and short_name (1 ms)
      ✓ should have meaningful description (1 ms)
      ✓ should have high contrast theme colors (1 ms)
    Integration with HTML
      ✓ should be referenced in HTML head
      ✓ should have consistent theme color with HTML meta tag (1 ms)

  ● PWA Manifest Standards › Icons Configuration › should have required icon sizes

    expect(received).toContain(expected) // indexOf

    Expected value: "72x72"
    Received array: ["350x350"]

      78 |       
      79 |       requiredSizes.forEach(size => {
    > 80 |         expect(iconSizes).toContain(size);
         |                           ^
      81 |       });
      82 |     });
      83 |

      at toContain (tests/standards/PWAManifest.test.tsx:80:27)
          at Array.forEach (<anonymous>)
      at Object.forEach (tests/standards/PWAManifest.test.tsx:79:21)

PASS jsdom tests/app/page.test.tsx
  HomePage App Router Tests
    Component Integration
      ✓ should load all required data sources (81 ms)
      ✓ should call getAllArticleSlugs for content sections (1 ms)
      ✓ should handle data loading without throwing errors (1 ms)
    Error Handling
      ✓ should throw when getAllArticleSlugs fails (7 ms)
      ✓ should handle empty slugs array
      ✓ should throw when metadata loading fails (API calls not wrapped) (1 ms)
    Performance
      ✓ should complete data loading within reasonable time (1 ms)
  generateMetadata Function
    ✓ should generate metadata with custom config
    ✓ should fallback to defaults when no config (1 ms)
    ✓ should handle string keywords correctly
    ✓ should preserve array keywords
    ✓ should handle API errors by rejecting (no internal error handling) (1 ms)

FAIL jsdom tests/accessibility/MetricsCard.comprehensive.test.tsx
  MetricsCard Comprehensive Accessibility
    WCAG 2.1 AA Compliance
      ✕ passes axe accessibility scan with zero violations (351 ms)
      ✕ implements semantic HTML structure correctly (83 ms)
      ✓ implements complete ARIA attribute pattern (22 ms)
      ✕ provides comprehensive screen reader content (25 ms)
    Keyboard Navigation
      ✕ supports complete tab navigation sequence (96 ms)
      ✕ handles Enter key activation for searchable cards (71 ms)
      ✕ handles Space key activation for searchable cards (28 ms)
      ✕ shows high-contrast focus indicators (24 ms)
    Progressive Enhancement
      ✕ works without JavaScript for basic content (10 ms)
      ✓ handles missing optional props gracefully (9 ms)
      ✓ gracefully handles search functionality absence (10 ms)
    Error States and Edge Cases
      ✕ handles invalid numeric values gracefully (15 ms)
      ✓ handles missing range values (7 ms)
      ✓ handles extremely long property names (9 ms)
    Multiple Instance Interaction
      ✓ maintains unique IDs across multiple instances (23 ms)
      ✕ maintains proper tab order across multiple instances (104 ms)
    Performance and Scaling
      ✕ renders efficiently with many instances (359 ms)

  ● MetricsCard Comprehensive Accessibility › WCAG 2.1 AA Compliance › passes axe accessibility scan with zero violations

    expect(received).toHaveNoViolations(expected)

    Expected the HTML found at $('#progress-Thermal\ Conductivity') to have no violations:

    <div id="progress-Thermal Conductivity" role="progressbar" aria-valuenow="45.5" aria-valuemin="0.1" aria-valuemax="429" aria-labelledby="progress-label-Thermal Conductivity" aria-describedby="progress-desc-Thermal Conductivity" tabindex="0" class="w-full h-3 bg-white/20 dark:bg-white/10 rounded-full overflow-hidden focus:ring-2 focus:ring-blue-500 focus:outline-none" data-property="thermal_conductivity" data-percentage="11" data-component="progress-bar" itemprop="value">

    Received:

    "ARIA progressbar nodes must have an accessible name (aria-progressbar-name)"

    Fix any of the following:
      aria-label attribute does not exist or is empty
      aria-labelledby attribute does not exist, references elements that do not exist or references elements that are empty
      Element has no title attribute

    You can find more information on this issue here: 
    https://dequeuniversity.com/rules/axe/4.10/aria-progressbar-name?application=axeAPI

    ────────

    Expected the HTML found at $('figure') to have no violations:

    <figure class="w-full" role="img" aria-labelledby="progress-label-Thermal Conductivity" aria-describedby="progress-desc-Thermal Conductivity">

    Received:

    "Interactive controls must not be nested (nested-interactive)"

    Fix any of the following:
      Element has focusable descendants

    You can find more information on this issue here: 
    https://dequeuniversity.com/rules/axe/4.10/nested-interactive?application=axeAPI

    ────────

    Expected the HTML found at $('figure') to have no violations:

    <figure class="w-full" role="img" aria-labelledby="progress-label-Thermal Conductivity" aria-describedby="progress-desc-Thermal Conductivity">

    Received:

    "[role=\"img\"] elements must have an alternative text (role-img-alt)"

    Fix any of the following:
      aria-label attribute does not exist or is empty
      aria-labelledby attribute does not exist, references elements that do not exist or references elements that are empty
      Element has no title attribute

    You can find more information on this issue here: 
    https://dequeuniversity.com/rules/axe/4.10/role-img-alt?application=axeAPI

      23 |       const { container } = render(<MetricsCard {...mockProps} />);
      24 |       const results = await axe(container);
    > 25 |       expect(results).toHaveNoViolations();
         |                       ^
      26 |     });
      27 |
      28 |     test('implements semantic HTML structure correctly', () => {

      at Object.toHaveNoViolations (tests/accessibility/MetricsCard.comprehensive.test.tsx:25:23)

  ● MetricsCard Comprehensive Accessibility › WCAG 2.1 AA Compliance › implements semantic HTML structure correctly

    TestingLibraryElementError: Unable to find an accessible element with the role "heading"

    Here are the accessible roles:

      link:

      Name "Navigate to search results for thermal_conductivity: 45.5W/mK":
      [36m<a[39m
        [33maria-describedby[39m=[32m"metric-desc-Thermal Conductivity"[39m
        [33maria-label[39m=[32m"Navigate to search results for thermal_conductivity: 45.5W/mK"[39m
        [33mclass[39m=[32m"rounded-lg p-3 block h-24 cursor-pointer hover:shadow-xl hover:scale-[1.03] hover:-translate-y-1 transition-all duration-300 ease-out focus:ring-2 focus:ring-blue-500 focus:outline-none focus:ring-offset-2 min-h-[44px] min-w-[44px] "[39m
        [33mhref[39m=[32m"/search?property=thermal_conductivity&value=45.5"[39m
        [33mstyle[39m=[32m"--hover-bg-color: undefined80; transition: all 0.3s ease-out;"[39m
        [33mtitle[39m=[32m"Search for thermal_conductivity: 45.5W/mK"[39m
      [36m/>[39m

      --------------------------------------------------
      article:

      Name "":
      [36m<article[39m
        [33maria-describedby[39m=[32m"metric-desc-Thermal Conductivity"[39m
        [33maria-labelledby[39m=[32m"metric-title-Thermal Conductivity"[39m
        [33mclass[39m=[32m"h-full flex flex-col"[39m
        [33mdata-component[39m=[32m"metrics-card"[39m
        [33mdata-has-range[39m=[32m"true"[39m
        [33mdata-property[39m=[32m"thermal_conductivity"[39m
        [33mdata-searchable[39m=[32m"true"[39m
        [33mdata-unit[39m=[32m"W/mK"[39m
        [33mdata-value[39m=[32m"45.5"[39m
        [33mid[39m=[32m"metric-card-Thermal Conductivity"[39m
        [33mitemscope[39m=[32m""[39m
        [33mitemtype[39m=[32m"https://schema.org/PropertyValue"[39m
        [33mrole[39m=[32m"article"[39m
        [33mtabindex[39m=[32m"0"[39m
      [36m/>[39m

      --------------------------------------------------
      region:

      Name "Metric visualization":
      [36m<section[39m
        [33maria-label[39m=[32m"Metric visualization"[39m
        [33mclass[39m=[32m"mb-1"[39m
      [36m/>[39m

      --------------------------------------------------
      img:

      Name "":
      [36m<figure[39m
        [33maria-describedby[39m=[32m"progress-desc-Thermal Conductivity"[39m
        [33maria-labelledby[39m=[32m"progress-label-Thermal Conductivity"[39m
        [33mclass[39m=[32m"w-full"[39m
        [33mrole[39m=[32m"img"[39m
      [36m/>[39m

      --------------------------------------------------
      progressbar:

      Name "":
      [36m<div[39m
        [33maria-describedby[39m=[32m"progress-desc-Thermal Conductivity"[39m
        [33maria-labelledby[39m=[32m"progress-label-Thermal Conductivity"[39m
        [33maria-valuemax[39m=[32m"429"[39m
        [33maria-valuemin[39m=[32m"0.1"[39m
        [33maria-valuenow[39m=[32m"45.5"[39m
        [33mclass[39m=[32m"w-full h-3 bg-white/20 dark:bg-white/10 rounded-full overflow-hidden focus:ring-2 focus:ring-blue-500 focus:outline-none"[39m
        [33mdata-component[39m=[32m"progress-bar"[39m
        [33mdata-percentage[39m=[32m"11"[39m
        [33mdata-property[39m=[32m"thermal_conductivity"[39m
        [33mid[39m=[32m"progress-Thermal Conductivity"[39m
        [33mitemprop[39m=[32m"value"[39m
        [33mrole[39m=[32m"progressbar"[39m
        [33mtabindex[39m=[32m"0"[39m
      [36m/>[39m

      --------------------------------------------------
      heading:

      Name "Thermal Conductivity W/mK":
      [36m<h4[39m
        [33mclass[39m=[32m"font-bold text-xs text-white/90"[39m
        [33mdata-component[39m=[32m"metric-title"[39m
        [33mdata-property[39m=[32m"thermal_conductivity"[39m
        [33mid[39m=[32m"metric-title-Thermal Conductivity"[39m
        [33mitemprop[39m=[32m"name"[39m
      [36m/>[39m

      --------------------------------------------------

    Ignored nodes: comments, script, style
    [36m<body>[39m
      [36m<div>[39m
        [36m<a[39m
          [33maria-describedby[39m=[32m"metric-desc-Thermal Conductivity"[39m
          [33maria-label[39m=[32m"Navigate to search results for thermal_conductivity: 45.5W/mK"[39m
          [33mclass[39m=[32m"rounded-lg p-3 block h-24 cursor-pointer hover:shadow-xl hover:scale-[1.03] hover:-translate-y-1 transition-all duration-300 ease-out focus:ring-2 focus:ring-blue-500 focus:outline-none focus:ring-offset-2 min-h-[44px] min-w-[44px] "[39m
          [33mhref[39m=[32m"/search?property=thermal_conductivity&value=45.5"[39m
          [33mstyle[39m=[32m"--hover-bg-color: undefined80; transition: all 0.3s ease-out;"[39m
          [33mtitle[39m=[32m"Search for thermal_conductivity: 45.5W/mK"[39m
        [36m>[39m
          [36m<article[39m
            [33maria-describedby[39m=[32m"metric-desc-Thermal Conductivity"[39m
            [33maria-labelledby[39m=[32m"metric-title-Thermal Conductivity"[39m
            [33mclass[39m=[32m"h-full flex flex-col"[39m
            [33mdata-component[39m=[32m"metrics-card"[39m
            [33mdata-has-range[39m=[32m"true"[39m
            [33mdata-property[39m=[32m"thermal_conductivity"[39m
            [33mdata-searchable[39m=[32m"true"[39m
            [33mdata-unit[39m=[32m"W/mK"[39m
            [33mdata-value[39m=[32m"45.5"[39m
            [33mid[39m=[32m"metric-card-Thermal Conductivity"[39m
            [33mitemscope[39m=[32m""[39m
            [33mitemtype[39m=[32m"https://schema.org/PropertyValue"[39m
            [33mrole[39m=[32m"article"[39m
            [33mtabindex[39m=[32m"0"[39m
          [36m>[39m
            [36m<div[39m
              [33mclass[39m=[32m"sr-only"[39m
              [33mid[39m=[32m"metric-desc-Thermal Conductivity"[39m
            [36m>[39m
              [0mMetric showing thermal_conductivity with value 45.5 W/mK, ranging from 0.1 to 429 W/mK[0m
              [0m. Press Enter or Space to search for this metric.[0m
            [36m</div>[39m
            [36m<section[39m
              [33maria-label[39m=[32m"Metric visualization"[39m
              [33mclass[39m=[32m"mb-1"[39m
            [36m>[39m
              [36m<figure[39m
                [33maria-describedby[39m=[32m"progress-desc-Thermal Conductivity"[39m
                [33maria-labelledby[39m=[32m"progress-label-Thermal Conductivity"[39m
                [33mclass[39m=[32m"w-full"[39m
                [33mrole[39m=[32m"img"[39m
              [36m>[39m
                [36m<figcaption[39m
                  [33mclass[39m=[32m"sr-only"[39m
                  [33mid[39m=[32m"progress-label-Thermal Conductivity"[39m
                [36m>[39m
                  [0mThermal Conductivity[0m
                  [0m progress indicator[0m
                [36m</figcaption>[39m
                [36m<div[39m
                  [33mclass[39m=[32m"sr-only"[39m
                  [33mid[39m=[32m"progress-desc-Thermal Conductivity"[39m
                [36m>[39m
                  [0mCurrent value: [0m
                  [36m<data[39m
                    [33mdata-context[39m=[32m"material_property"[39m
                    [33mdata-magnitude[39m=[32m"medium"[39m
                    [33mdata-precision[39m=[32m"1"[39m
                    [33mdata-property[39m=[32m"thermal_conductivity"[39m
                    [33mdata-type[39m=[32m"measurement"[39m
                    [33mdata-unit[39m=[32m"W/mK"[39m
                    [33mitemprop[39m=[32m"value"[39m
                    [33mitemtype[39m=[32m"https://schema.org/PropertyValue"[39m
                    [33mvalue[39m=[32m"45.5"[39m
                  [36m>[39m
                    [0m45.5[0m
                  [36m</data>[39m
                  [0m [0m
                  [0mW/mK[0m
                  [0m. Range: [0m
                  [0m0.1[0m
                  [0m to [0m
                  [0m429[0m
                  [0m [0m
                  [0mW/mK[0m
                  [0m. Progress: [0m
                  [0m11[0m
                  [0m% of maximum.[0m
                [36m</div>[39m
                [36m<div[39m
                  [33mclass[39m=[32m"relative w-full mb-1 h-4"[39m
                [36m>[39m
                  [36m<div[39m
                    [33maria-hidden[39m=[32m"true"[39m
                    [33mclass[39m=[32m"absolute text-lg font-bold text-white/90 z-10"[39m
                    [33mstyle[39m=[32m"left: 10.585217999533691%; transform: none; top: -8px;"[39m
                  [36m>[39m
                    [36m<data[39m
                      [33mdata-context[39m=[32m"material_property"[39m
                      [33mdata-magnitude[39m=[32m"medium"[39m
                      [33mdata-position[39m=[32m"current"[39m
                      [33mdata-precision[39m=[32m"1"[39m
                      [33mdata-property[39m=[32m"thermal_conductivity"[39m
                      [33mdata-type[39m=[32m"measurement"[39m
                      [33mdata-unit[39m=[32m"W/mK"[39m
                      [33mitemprop[39m=[32m"value"[39m
                      [33mitemtype[39m=[32m"https://schema.org/PropertyValue"[39m
                      [33mvalue[39m=[32m"45.5"[39m
                    [36m>[39m
                      [0m45.5[0m
                    [36m</data>[39m
                  [36m</div>[39m
                [36m</div>[39m
                [36m<div[39m
                  [33mclass[39m=[32m"relative w-full mb-1"[39m
                [36m>[39m
                  [36m<div[39m
                    [33maria-describedby[39m=[32m"progress-desc-Thermal Conductivity"[39m
                    [33maria-labelledby[39m=[32m"progress-label-Thermal Conductivity"[39m
                    [33maria-valuemax[39m=[32m"429"[39m
                    [33maria-valuemin[39m=[32m"0.1"[39m
                    [33maria-valuenow[39m=[32m"45.5"[39m
                    [33mclass[39m=[32m"w-full h-3 bg-white/20 dark:bg-white/10 rounded-full overflow-hidden focus:ring-2 focus:ring-blue-500 focus:outline-none"[39m
                    [33mdata-component[39m=[32m"progress-bar"[39m
                    [33mdata-percentage[39m=[32m"11"[39m
                    [33mdata-property[39m=[32m"thermal_conductivity"[39m
                    [33mid[39m=[32m"progress-Thermal Conductivity"[39m
                    [33mitemprop[39m=[32m"value"[39m
                    [33mrole[39m=[32m"progressbar"[39m
                    [33mtabindex[39m=[32m"0"[39m
                  [36m>[39m
                    [36m<div[39m
                      [33maria-hidden[39m=[32m"true"[39m
                      [33mclass[39m=[32m"h-full opacity-30 rounded-full"[39m
                      [33mstyle[39m=[32m"background-color: rgb(79, 70, 229); width: 100%;"[39m
                    [36m/>[39m
                    [36m<div[39m
                      [33maria-hidden[39m=[32m"true"[39m
                      [33mclass[39m=[32m"absolute top-0 left-0 h-full opacity-90 rounded-l-full transition-all duration-300"[39m
                      [33mstyle[39m=[32m"background-color: rgb(79, 70, 229); width: 10.585217999533691%;"[39m
                    [36m/>[39m
                  [36m</div>[39m
                  [36m<div[39m
                    [33maria-hidden[39m=[32m"true"[39m
                    [33mclass[39m=[32m"absolute top-0 h-3 w-0.5 bg-white dark:bg-white/90 transform -translate-x-0.25 shadow-md rounded-full"[39m
                    [33mstyle[39m=[32m"left: 10.585217999533691%;"[39m
                  [36m/>[39m
                [36m</div>[39m
                [36m<div[39m
                  [33maria-hidden[39m=[32m"true"[39m
                  [33mclass[39m=[32m"flex justify-between items-center"[39m
                [36m>[39m
                  [36m<span[39m
                    [33mclass[39m=[32m"text-xs font-medium text-white/50"[39m
                  [36m>[39m
                    [36m<data[39m
                      [33mdata-context[39m=[32m"material_property"[39m
                      [33mdata-magnitude[39m=[32m"low"[39m
                      [33mdata-position[39m=[32m"minimum"[39m
                      [33mdata-precision[39m=[32m"1"[39m
                      [33mdata-property[39m=[32m"thermal_conductivity"[39m
                      [33mdata-type[39m=[32m"range_minimum"[39m
                      [33mdata-unit[39m=[32m"W/mK"[39m
                      [33mitemprop[39m=[32m"minValue"[39m
                      [33mitemtype[39m=[32m"https://schema.org/PropertyValue"[39m
                      [33mvalue[39m=[32m"0.1"[39m
                    [36m>[39m
                      [0m0.1[0m
                    [36m</data>[39m
                  [36m</span>[39m
                  [36m<span[39m
                    [33mclass[39m=[32m"text-xs font-medium text-white/50"[39m
                  [36m>[39m
                    [36m<data[39m
                      [33mdata-context[39m=[32m"material_property"[39m
                      [33mdata-magnitude[39m=[32m"medium"[39m
                      [33mdata-position[39m=[32m"maximum"[39m
                      [33mdata-precision[39m=[32m"0"[39m
                      [33mdata-property[39m=[32m"thermal_conductivity"[39m
                      [33mdata-type[39m=[32m"range_maximum"[39m
                      [33mdata-unit[39m=[32m"W/mK"[39m
                      [33mitemprop[39m=[32m"maxValue"[39m
                      [33mitemtype[39m=[32m"https://schema.org/PropertyValue"[39m
                      [33mvalue[39m=[32m"429"[39m
                    [36m>[39m
                      [0m429[0m
                    [36m</data>[39m
                  [36m</span>[39m
                [36m</div>[39m
              [36m</figure>[39m
            [36m</section>[39m
            [36m<section[39m
              [33mclass[39m=[32m"flex-1 flex flex-col justify-center text-center"[39m
            [36m>[39m
              [36m<h4[39m
                [33mclass[39m=[32m"font-bold text-xs text-white/90"[39m
                [33mdata-component[39m=[32m"metric-title"[39m
                [33mdata-property[39m=[32m"thermal_conductivity"[39m
                [33mid[39m=[32m"metric-title-Thermal Conductivity"[39m
                [33mitemprop[39m=[32m"name"[39m
              [36m>[39m
                [0mThermal Conductivity[0m
                [36m<span[39m
                  [33mclass[39m=[32m"font-normal ml-1"[39m
                  [33mtitle[39m=[32m"W/mK"[39m
                [36m>[39m
                  [0mW/mK[0m
                [36m</span>[39m
              [36m</h4>[39m
            [36m</section>[39m
          [36m</article>[39m
        [36m</a>[39m
      [36m</div>[39m
    [36m</body>[39m

      34 |       
      35 |       // Title is proper heading
    > 36 |       const heading = screen.getByRole('heading', { level: 3 });
         |                              ^
      37 |       expect(heading).toHaveTextContent('Thermal Conductivity');
      38 |       
      39 |       // Value uses semantic data element

      at Object.getElementError (node_modules/@testing-library/dom/dist/config.js:37:19)
      at node_modules/@testing-library/dom/dist/query-helpers.js:76:38
      at node_modules/@testing-library/dom/dist/query-helpers.js:52:17
      at node_modules/@testing-library/dom/dist/query-helpers.js:95:19
      at Object.getByRole (tests/accessibility/MetricsCard.comprehensive.test.tsx:36:30)

  ● MetricsCard Comprehensive Accessibility › WCAG 2.1 AA Compliance › provides comprehensive screen reader content

    TestingLibraryElementError: Unable to find an element with the text: /Current value: 45.5 W\/mK/. This could be because the text is broken up by multiple elements. In this case, you can provide a function for your text matcher to make your matcher more flexible.

    Ignored nodes: comments, script, style
    [36m<body>[39m
      [36m<div>[39m
        [36m<a[39m
          [33maria-describedby[39m=[32m"metric-desc-Thermal Conductivity"[39m
          [33maria-label[39m=[32m"Navigate to search results for thermal_conductivity: 45.5W/mK"[39m
          [33mclass[39m=[32m"rounded-lg p-3 block h-24 cursor-pointer hover:shadow-xl hover:scale-[1.03] hover:-translate-y-1 transition-all duration-300 ease-out focus:ring-2 focus:ring-blue-500 focus:outline-none focus:ring-offset-2 min-h-[44px] min-w-[44px] "[39m
          [33mhref[39m=[32m"/search?property=thermal_conductivity&value=45.5"[39m
          [33mstyle[39m=[32m"--hover-bg-color: undefined80; transition: all 0.3s ease-out;"[39m
          [33mtitle[39m=[32m"Search for thermal_conductivity: 45.5W/mK"[39m
        [36m>[39m
          [36m<article[39m
            [33maria-describedby[39m=[32m"metric-desc-Thermal Conductivity"[39m
            [33maria-labelledby[39m=[32m"metric-title-Thermal Conductivity"[39m
            [33mclass[39m=[32m"h-full flex flex-col"[39m
            [33mdata-component[39m=[32m"metrics-card"[39m
            [33mdata-has-range[39m=[32m"true"[39m
            [33mdata-property[39m=[32m"thermal_conductivity"[39m
            [33mdata-searchable[39m=[32m"true"[39m
            [33mdata-unit[39m=[32m"W/mK"[39m
            [33mdata-value[39m=[32m"45.5"[39m
            [33mid[39m=[32m"metric-card-Thermal Conductivity"[39m
            [33mitemscope[39m=[32m""[39m
            [33mitemtype[39m=[32m"https://schema.org/PropertyValue"[39m
            [33mrole[39m=[32m"article"[39m
            [33mtabindex[39m=[32m"0"[39m
          [36m>[39m
            [36m<div[39m
              [33mclass[39m=[32m"sr-only"[39m
              [33mid[39m=[32m"metric-desc-Thermal Conductivity"[39m
            [36m>[39m
              [0mMetric showing thermal_conductivity with value 45.5 W/mK, ranging from 0.1 to 429 W/mK[0m
              [0m. Press Enter or Space to search for this metric.[0m
            [36m</div>[39m
            [36m<section[39m
              [33maria-label[39m=[32m"Metric visualization"[39m
              [33mclass[39m=[32m"mb-1"[39m
            [36m>[39m
              [36m<figure[39m
                [33maria-describedby[39m=[32m"progress-desc-Thermal Conductivity"[39m
                [33maria-labelledby[39m=[32m"progress-label-Thermal Conductivity"[39m
                [33mclass[39m=[32m"w-full"[39m
                [33mrole[39m=[32m"img"[39m
              [36m>[39m
                [36m<figcaption[39m
                  [33mclass[39m=[32m"sr-only"[39m
                  [33mid[39m=[32m"progress-label-Thermal Conductivity"[39m
                [36m>[39m
                  [0mThermal Conductivity[0m
                  [0m progress indicator[0m
                [36m</figcaption>[39m
                [36m<div[39m
                  [33mclass[39m=[32m"sr-only"[39m
                  [33mid[39m=[32m"progress-desc-Thermal Conductivity"[39m
                [36m>[39m
                  [0mCurrent value: [0m
                  [36m<data[39m
                    [33mdata-context[39m=[32m"material_property"[39m
                    [33mdata-magnitude[39m=[32m"medium"[39m
                    [33mdata-precision[39m=[32m"1"[39m
                    [33mdata-property[39m=[32m"thermal_conductivity"[39m
                    [33mdata-type[39m=[32m"measurement"[39m
                    [33mdata-unit[39m=[32m"W/mK"[39m
                    [33mitemprop[39m=[32m"value"[39m
                    [33mitemtype[39m=[32m"https://schema.org/PropertyValue"[39m
                    [33mvalue[39m=[32m"45.5"[39m
                  [36m>[39m
                    [0m45.5[0m
                  [36m</data>[39m
                  [0m [0m
                  [0mW/mK[0m
                  [0m. Range: [0m
                  [0m0.1[0m
                  [0m to [0m
                  [0m429[0m
                  [0m [0m
                  [0mW/mK[0m
                  [0m. Progress: [0m
                  [0m11[0m
                  [0m% of maximum.[0m
                [36m</div>[39m
                [36m<div[39m
                  [33mclass[39m=[32m"relative w-full mb-1 h-4"[39m
                [36m>[39m
                  [36m<div[39m
                    [33maria-hidden[39m=[32m"true"[39m
                    [33mclass[39m=[32m"absolute text-lg font-bold text-white/90 z-10"[39m
                    [33mstyle[39m=[32m"left: 10.585217999533691%; transform: none; top: -8px;"[39m
                  [36m>[39m
                    [36m<data[39m
                      [33mdata-context[39m=[32m"material_property"[39m
                      [33mdata-magnitude[39m=[32m"medium"[39m
                      [33mdata-position[39m=[32m"current"[39m
                      [33mdata-precision[39m=[32m"1"[39m
                      [33mdata-property[39m=[32m"thermal_conductivity"[39m
                      [33mdata-type[39m=[32m"measurement"[39m
                      [33mdata-unit[39m=[32m"W/mK"[39m
                      [33mitemprop[39m=[32m"value"[39m
                      [33mitemtype[39m=[32m"https://schema.org/PropertyValue"[39m
                      [33mvalue[39m=[32m"45.5"[39m
                    [36m>[39m
                      [0m45.5[0m
                    [36m</data>[39m
                  [36m</div>[39m
                [36m</div>[39m
                [36m<div[39m
                  [33mclass[39m=[32m"relative w-full mb-1"[39m
                [36m>[39m
                  [36m<div[39m
                    [33maria-describedby[39m=[32m"progress-desc-Thermal Conductivity"[39m
                    [33maria-labelledby[39m=[32m"progress-label-Thermal Conductivity"[39m
                    [33maria-valuemax[39m=[32m"429"[39m
                    [33maria-valuemin[39m=[32m"0.1"[39m
                    [33maria-valuenow[39m=[32m"45.5"[39m
                    [33mclass[39m=[32m"w-full h-3 bg-white/20 dark:bg-white/10 rounded-full overflow-hidden focus:ring-2 focus:ring-blue-500 focus:outline-none"[39m
                    [33mdata-component[39m=[32m"progress-bar"[39m
                    [33mdata-percentage[39m=[32m"11"[39m
                    [33mdata-property[39m=[32m"thermal_conductivity"[39m
                    [33mid[39m=[32m"progress-Thermal Conductivity"[39m
                    [33mitemprop[39m=[32m"value"[39m
                    [33mrole[39m=[32m"progressbar"[39m
                    [33mtabindex[39m=[32m"0"[39m
                  [36m>[39m
                    [36m<div[39m
                      [33maria-hidden[39m=[32m"true"[39m
                      [33mclass[39m=[32m"h-full opacity-30 rounded-full"[39m
                      [33mstyle[39m=[32m"background-color: rgb(79, 70, 229); width: 100%;"[39m
                    [36m/>[39m
                    [36m<div[39m
                      [33maria-hidden[39m=[32m"true"[39m
                      [33mclass[39m=[32m"absolute top-0 left-0 h-full opacity-90 rounded-l-full transition-all duration-300"[39m
                      [33mstyle[39m=[32m"background-color: rgb(79, 70, 229); width: 10.585217999533691%;"[39m
                    [36m/>[39m
                  [36m</div>[39m
                  [36m<div[39m
                    [33maria-hidden[39m=[32m"true"[39m
                    [33mclass[39m=[32m"absolute top-0 h-3 w-0.5 bg-white dark:bg-white/90 transform -translate-x-0.25 shadow-md rounded-full"[39m
                    [33mstyle[39m=[32m"left: 10.585217999533691%;"[39m
                  [36m/>[39m
                [36m</div>[39m
                [36m<div[39m
                  [33maria-hidden[39m=[32m"true"[39m
                  [33mclass[39m=[32m"flex justify-between items-center"[39m
                [36m>[39m
                  [36m<span[39m
                    [33mclass[39m=[32m"text-xs font-medium text-white/50"[39m
                  [36m>[39m
                    [36m<data[39m
                      [33mdata-context[39m=[32m"material_property"[39m
                      [33mdata-magnitude[39m=[32m"low"[39m
                      [33mdata-position[39m=[32m"minimum"[39m
                      [33mdata-precision[39m=[32m"1"[39m
                      [33mdata-property[39m=[32m"thermal_conductivity"[39m
                      [33mdata-type[39m=[32m"range_minimum"[39m
                      [33mdata-unit[39m=[32m"W/mK"[39m
                      [33mitemprop[39m=[32m"minValue"[39m
                      [33mitemtype[39m=[32m"https://schema.org/PropertyValue"[39m
                      [33mvalue[39m=[32m"0.1"[39m
                    [36m>[39m
                      [0m0.1[0m
                    [36m</data>[39m
                  [36m</span>[39m
                  [36m<span[39m
                    [33mclass[39m=[32m"text-xs font-medium text-white/50"[39m
                  [36m>[39m
                    [36m<data[39m
                      [33mdata-context[39m=[32m"material_property"[39m
                      [33mdata-magnitude[39m=[32m"medium"[39m
                      [33mdata-position[39m=[32m"maximum"[39m
                      [33mdata-precision[39m=[32m"0"[39m
                      [33mdata-property[39m=[32m"thermal_conductivity"[39m
                      [33mdata-type[39m=[32m"range_maximum"[39m
                      [33mdata-unit[39m=[32m"W/mK"[39m
                      [33mitemprop[39m=[32m"maxValue"[39m
                      [33mitemtype[39m=[32m"https://schema.org/PropertyValue"[39m
                      [33mvalue[39m=[32m"429"[39m
                    [36m>[39m
                      [0m429[0m
                    [36m</data>[39m
                  [36m</span>[39m
                [36m</div>[39m
              [36m</figure>[39m
            [36m</section>[39m
            [36m<section[39m
              [33mclass[39m=[32m"flex-1 flex flex-col justify-center text-center"[39m
            [36m>[39m
              [36m<h4[39m
                [33mclass[39m=[32m"font-bold text-xs text-white/90"[39m
                [33mdata-component[39m=[32m"metric-title"[39m
                [33mdata-property[39m=[32m"thermal_conductivity"[39m
                [33mid[39m=[32m"metric-title-Thermal Conductivity"[39m
                [33mitemprop[39m=[32m"name"[39m
              [36m>[39m
                [0mThermal Conductivity[0m
                [36m<span[39m
                  [33mclass[39m=[32m"font-normal ml-1"[39m
                  [33mtitle[39m=[32m"W/mK"[39m
                [36m>[39m
                  [0mW/mK[0m
                [36m</span>[39m
              [36m</h4>[39m
            [36m</section>[39m
          [36m</article>[39m
        [36m</a>[39m
      [36m</div>[39m
    [36m</body>[39m

      77 |       
      78 |       // Progress description is detailed
    > 79 |       const progressDesc = screen.getByText(/Current value: 45.5 W\/mK/);
         |                                   ^
      80 |       expect(progressDesc).toHaveClass('sr-only');
      81 |       expect(progressDesc).toHaveTextContent('Range: 0.1 to 429 W/mK');
      82 |       expect(progressDesc).toHaveTextContent('Progress: 11% of maximum');

      at Object.getElementError (node_modules/@testing-library/dom/dist/config.js:37:19)
      at node_modules/@testing-library/dom/dist/query-helpers.js:76:38
      at node_modules/@testing-library/dom/dist/query-helpers.js:52:17
      at node_modules/@testing-library/dom/dist/query-helpers.js:95:19
      at Object.getByText (tests/accessibility/MetricsCard.comprehensive.test.tsx:79:35)

  ● MetricsCard Comprehensive Accessibility › Keyboard Navigation › supports complete tab navigation sequence

    expect(element).toHaveFocus()

    Expected element with focus:
      <article aria-describedby="metric-desc-Thermal Conductivity" aria-labelledby="metric-title-Thermal Conductivity" class="h-full flex flex-col" data-component="metrics-card" data-has-range="true" data-property="thermal_conductivity" data-searchable="true" data-unit="W/mK" data-value="45.5" id="metric-card-Thermal Conductivity" itemscope="" itemtype="https://schema.org/PropertyValue" role="article" tabindex="0"><div class="sr-only" id="metric-desc-Thermal Conductivity">Metric showing thermal_conductivity with value 45.5 W/mK, ranging from 0.1 to 429 W/mK. Press Enter or Space to search for this metric.</div><section aria-label="Metric visualization" class="mb-1"><figure aria-describedby="progress-desc-Thermal Conductivity" aria-labelledby="progress-label-Thermal Conductivity" class="w-full" role="img"><figcaption class="sr-only" id="progress-label-Thermal Conductivity">Thermal Conductivity progress indicator</figcaption><div class="sr-only" id="progress-desc-Thermal Conductivity">Current value: <data data-context="material_property" data-magnitude="medium" data-precision="1" data-property="thermal_conductivity" data-type="measurement" data-unit="W/mK" itemprop="value" itemtype="https://schema.org/PropertyValue" value="45.5">45.5</data> W/mK. Range: 0.1 to 429 W/mK. Progress: 11% of maximum.</div><div class="relative w-full mb-1 h-4"><div aria-hidden="true" class="absolute text-lg font-bold text-white/90 z-10" style="left: 10.585217999533691%; transform: none; top: -8px;"><data data-context="material_property" data-magnitude="medium" data-position="current" data-precision="1" data-property="thermal_conductivity" data-type="measurement" data-unit="W/mK" itemprop="value" itemtype="https://schema.org/PropertyValue" value="45.5">45.5</data></div></div><div class="relative w-full mb-1"><div aria-describedby="progress-desc-Thermal Conductivity" aria-labelledby="progress-label-Thermal Conductivity" aria-valuemax="429" aria-valuemin="0.1" aria-valuenow="45.5" class="w-full h-3 bg-white/20 dark:bg-white/10 rounded-full overflow-hidden focus:ring-2 focus:ring-blue-500 focus:outline-none" data-component="progress-bar" data-percentage="11" data-property="thermal_conductivity" id="progress-Thermal Conductivity" itemprop="value" role="progressbar" tabindex="0"><div aria-hidden="true" class="h-full opacity-30 rounded-full" style="background-color: rgb(79, 70, 229); width: 100%;" /><div aria-hidden="true" class="absolute top-0 left-0 h-full opacity-90 rounded-l-full transition-all duration-300" style="background-color: rgb(79, 70, 229); width: 10.585217999533691%;" /></div><div aria-hidden="true" class="absolute top-0 h-3 w-0.5 bg-white dark:bg-white/90 transform -translate-x-0.25 shadow-md rounded-full" style="left: 10.585217999533691%;" /></div><div aria-hidden="true" class="flex justify-between items-center"><span class="text-xs font-medium text-white/50"><data data-context="material_property" data-magnitude="low" data-position="minimum" data-precision="1" data-property="thermal_conductivity" data-type="range_minimum" data-unit="W/mK" itemprop="minValue" itemtype="https://schema.org/PropertyValue" value="0.1">0.1</data></span><span class="text-xs font-medium text-white/50"><data data-context="material_property" data-magnitude="medium" data-position="maximum" data-precision="0" data-property="thermal_conductivity" data-type="range_maximum" data-unit="W/mK" itemprop="maxValue" itemtype="https://schema.org/PropertyValue" value="429">429</data></span></div></figure></section><section class="flex-1 flex flex-col justify-center text-center"><h4 class="font-bold text-xs text-white/90" data-component="metric-title" data-property="thermal_conductivity" id="metric-title-Thermal Conductivity" itemprop="name">Thermal Conductivity<span class="font-normal ml-1" title="W/mK">W/mK</span></h4></section></article>
    Received element with focus:
      <a aria-describedby="metric-desc-Thermal Conductivity" aria-label="Navigate to search results for thermal_conductivity: 45.5W/mK" class="rounded-lg p-3 block h-24 cursor-pointer hover:shadow-xl hover:scale-[1.03] hover:-translate-y-1 transition-all duration-300 ease-out focus:ring-2 focus:ring-blue-500 focus:outline-none focus:ring-offset-2 min-h-[44px] min-w-[44px] " href="/search?property=thermal_conductivity&value=45.5" style="--hover-bg-color: undefined80; transition: all 0.3s ease-out;" title="Search for thermal_conductivity: 45.5W/mK"><article aria-describedby="metric-desc-Thermal Conductivity" aria-labelledby="metric-title-Thermal Conductivity" class="h-full flex flex-col" data-component="metrics-card" data-has-range="true" data-property="thermal_conductivity" data-searchable="true" data-unit="W/mK" data-value="45.5" id="metric-card-Thermal Conductivity" itemscope="" itemtype="https://schema.org/PropertyValue" role="article" tabindex="0"><div class="sr-only" id="metric-desc-Thermal Conductivity">Metric showing thermal_conductivity with value 45.5 W/mK, ranging from 0.1 to 429 W/mK. Press Enter or Space to search for this metric.</div><section aria-label="Metric visualization" class="mb-1"><figure aria-describedby="progress-desc-Thermal Conductivity" aria-labelledby="progress-label-Thermal Conductivity" class="w-full" role="img"><figcaption class="sr-only" id="progress-label-Thermal Conductivity">Thermal Conductivity progress indicator</figcaption><div class="sr-only" id="progress-desc-Thermal Conductivity">Current value: <data data-context="material_property" data-magnitude="medium" data-precision="1" data-property="thermal_conductivity" data-type="measurement" data-unit="W/mK" itemprop="value" itemtype="https://schema.org/PropertyValue" value="45.5">45.5</data> W/mK. Range: 0.1 to 429 W/mK. Progress: 11% of maximum.</div><div class="relative w-full mb-1 h-4"><div aria-hidden="true" class="absolute text-lg font-bold text-white/90 z-10" style="left: 10.585217999533691%; transform: none; top: -8px;"><data data-context="material_property" data-magnitude="medium" data-position="current" data-precision="1" data-property="thermal_conductivity" data-type="measurement" data-unit="W/mK" itemprop="value" itemtype="https://schema.org/PropertyValue" value="45.5">45.5</data></div></div><div class="relative w-full mb-1"><div aria-describedby="progress-desc-Thermal Conductivity" aria-labelledby="progress-label-Thermal Conductivity" aria-valuemax="429" aria-valuemin="0.1" aria-valuenow="45.5" class="w-full h-3 bg-white/20 dark:bg-white/10 rounded-full overflow-hidden focus:ring-2 focus:ring-blue-500 focus:outline-none" data-component="progress-bar" data-percentage="11" data-property="thermal_conductivity" id="progress-Thermal Conductivity" itemprop="value" role="progressbar" tabindex="0"><div aria-hidden="true" class="h-full opacity-30 rounded-full" style="background-color: rgb(79, 70, 229); width: 100%;" /><div aria-hidden="true" class="absolute top-0 left-0 h-full opacity-90 rounded-l-full transition-all duration-300" style="background-color: rgb(79, 70, 229); width: 10.585217999533691%;" /></div><div aria-hidden="true" class="absolute top-0 h-3 w-0.5 bg-white dark:bg-white/90 transform -translate-x-0.25 shadow-md rounded-full" style="left: 10.585217999533691%;" /></div><div aria-hidden="true" class="flex justify-between items-center"><span class="text-xs font-medium text-white/50"><data data-context="material_property" data-magnitude="low" data-position="minimum" data-precision="1" data-property="thermal_conductivity" data-type="range_minimum" data-unit="W/mK" itemprop="minValue" itemtype="https://schema.org/PropertyValue" value="0.1">0.1</data></span><span class="text-xs font-medium text-white/50"><data data-context="material_property" data-magnitude="medium" data-position="maximum" data-precision="0" data-property="thermal_conductivity" data-type="range_maximum" data-unit="W/mK" itemprop="maxValue" itemtype="https://schema.org/PropertyValue" value="429">429</data></span></div></figure></section><section class="flex-1 flex flex-col justify-center text-center"><h4 class="font-bold text-xs text-white/90" data-component="metric-title" data-property="thermal_conductivity" id="metric-title-Thermal Conductivity" itemprop="name">Thermal Conductivity<span class="font-normal ml-1" title="W/mK">W/mK</span></h4></section></article></a>

      103 |       prevButton.focus();
      104 |       await user.tab();
    > 105 |       expect(article).toHaveFocus();
          |                       ^
      106 |       
      107 |       await user.tab();
      108 |       expect(progressbar).toHaveFocus();

      at Object.toHaveFocus (tests/accessibility/MetricsCard.comprehensive.test.tsx:105:23)

  ● MetricsCard Comprehensive Accessibility › Keyboard Navigation › handles Enter key activation for searchable cards

    expect(jest.fn()).toHaveBeenCalledWith(...expected)

    Expected: "/search?thermal_conductivity=45.5"

    Number of calls: 0

      125 |       await user.keyboard('{Enter}');
      126 |       
    > 127 |       expect(mockPush).toHaveBeenCalledWith('/search?thermal_conductivity=45.5');
          |                        ^
      128 |     });
      129 |
      130 |     test('handles Space key activation for searchable cards', async () => {

      at Object.toHaveBeenCalledWith (tests/accessibility/MetricsCard.comprehensive.test.tsx:127:24)

  ● MetricsCard Comprehensive Accessibility › Keyboard Navigation › handles Space key activation for searchable cards

    expect(jest.fn()).toHaveBeenCalledWith(...expected)

    Expected: "/search?thermal_conductivity=45.5"

    Number of calls: 0

      141 |       await user.keyboard(' ');
      142 |       
    > 143 |       expect(mockPush).toHaveBeenCalledWith('/search?thermal_conductivity=45.5');
          |                        ^
      144 |     });
      145 |
      146 |     test('shows high-contrast focus indicators', async () => {

      at Object.toHaveBeenCalledWith (tests/accessibility/MetricsCard.comprehensive.test.tsx:143:24)

  ● MetricsCard Comprehensive Accessibility › Keyboard Navigation › shows high-contrast focus indicators

    expect(element).toHaveClass("focus:ring-2")

    Expected the element to have class:
      focus:ring-2
    Received:
      h-full flex flex-col

      151 |       await user.tab();
      152 |       
    > 153 |       expect(article).toHaveClass('focus:ring-2');
          |                       ^
      154 |       expect(article).toHaveClass('focus:ring-blue-500');
      155 |       expect(article).toHaveClass('focus:outline-none');
      156 |     });

      at Object.toHaveClass (tests/accessibility/MetricsCard.comprehensive.test.tsx:153:23)

  ● MetricsCard Comprehensive Accessibility › Progressive Enhancement › works without JavaScript for basic content

    TestingLibraryElementError: Unable to find an element with the display value: 50.

    Ignored nodes: comments, script, style
    [36m<body>[39m
      [36m<div>[39m
        [36m<div[39m
          [33mclass[39m=[32m"rounded-lg p-3 h-24 transition-all duration-300 ease-out min-h-[44px] min-w-[44px] "[39m
          [33mrole[39m=[32m"presentation"[39m
          [33mstyle[39m=[32m"transition: all 0.3s ease-out;"[39m
        [36m>[39m
          [36m<article[39m
            [33maria-describedby[39m=[32m"metric-desc-Test"[39m
            [33maria-labelledby[39m=[32m"metric-title-Test"[39m
            [33mclass[39m=[32m"h-full flex flex-col"[39m
            [33mdata-component[39m=[32m"metrics-card"[39m
            [33mdata-has-range[39m=[32m"false"[39m
            [33mdata-property[39m=[32m"test"[39m
            [33mdata-searchable[39m=[32m"false"[39m
            [33mdata-unit[39m=[32m"%"[39m
            [33mdata-value[39m=[32m"50"[39m
            [33mid[39m=[32m"metric-card-Test"[39m
            [33mitemscope[39m=[32m""[39m
            [33mitemtype[39m=[32m"https://schema.org/PropertyValue"[39m
            [33mrole[39m=[32m"article"[39m
            [33mtabindex[39m=[32m"-1"[39m
          [36m>[39m
            [36m<div[39m
              [33mclass[39m=[32m"sr-only"[39m
              [33mid[39m=[32m"metric-desc-Test"[39m
            [36m>[39m
              [0mMetric showing Test with value 50 %[0m
            [36m</div>[39m
            [36m<div[39m
              [33maria-hidden[39m=[32m"true"[39m
              [33mclass[39m=[32m"h-2 mb-1"[39m
            [36m/>[39m
            [36m<section[39m
              [33mclass[39m=[32m"flex-1 flex flex-col justify-center text-center"[39m
            [36m>[39m
              [36m<div[39m
                [33mclass[39m=[32m"text-lg font-bold text-white/90 mb-1"[39m
              [36m>[39m
                [36m<data[39m
                  [33mdata-context[39m=[32m"material_property"[39m
                  [33mdata-has-range[39m=[32m"false"[39m
                  [33mdata-magnitude[39m=[32m"medium"[39m
                  [33mdata-position[39m=[32m"primary"[39m
                  [33mdata-precision[39m=[32m"0"[39m
                  [33mdata-property[39m=[32m"test"[39m
                  [33mdata-type[39m=[32m"measurement"[39m
                  [33mdata-unit[39m=[32m"%"[39m
                  [33mid[39m=[32m"metric-value-Test"[39m
                  [33mitemprop[39m=[32m"value"[39m
                  [33mitemtype[39m=[32m"https://schema.org/PropertyValue"[39m
                  [33mvalue[39m=[32m"50"[39m
                [36m>[39m
                  [0m50[0m
                [36m</data>[39m
                [36m<span[39m
                  [33mclass[39m=[32m"text-sm text-white/70 ml-1"[39m
                  [33mtitle[39m=[32m"%"[39m
                [36m>[39m
                  [0m%[0m
                [36m</span>[39m
              [36m</div>[39m
              [36m<h4[39m
                [33mclass[39m=[32m"font-bold text-xs text-white/90"[39m
                [33mdata-component[39m=[32m"metric-title"[39m
                [33mdata-property[39m=[32m"test"[39m
                [33mid[39m=[32m"metric-title-Test"[39m
                [33mitemprop[39m=[32m"name"[39m
              [36m>[39m
                [0mTest[0m
              [36m</h4>[39m
            [36m</section>[39m
          [36m</article>[39m
        [36m</div>[39m
      [36m</div>[39m
    [36m</body>[39m

      163 |       // Core content should be accessible even without JS
      164 |       expect(screen.getByText('Test')).toBeInTheDocument();
    > 165 |       expect(screen.getByDisplayValue('50')).toBeInTheDocument();
          |                     ^
      166 |       expect(screen.getByText('%')).toBeInTheDocument();
      167 |     });
      168 |

      at Object.getElementError (node_modules/@testing-library/dom/dist/config.js:37:19)
      at node_modules/@testing-library/dom/dist/query-helpers.js:76:38
      at node_modules/@testing-library/dom/dist/query-helpers.js:52:17
      at node_modules/@testing-library/dom/dist/query-helpers.js:95:19
      at Object.getByDisplayValue (tests/accessibility/MetricsCard.comprehensive.test.tsx:165:21)

  ● MetricsCard Comprehensive Accessibility › Error States and Edge Cases › handles invalid numeric values gracefully

    expect(received).toHaveAttribute()

    received value must be an HTMLElement or an SVGElement.
    Received has value: null

      194 |       // Should not break accessibility with invalid values
      195 |       const progressbar = screen.queryByRole('progressbar');
    > 196 |       expect(progressbar).toHaveAttribute('aria-valuenow', 'invalid');
          |                           ^
      197 |     });
      198 |
      199 |     test('handles missing range values', () => {

      at __EXTERNAL_MATCHER_TRAP__ (node_modules/expect/build/index.js:2240:22)
      at Object.throwingMatcher (node_modules/expect/build/index.js:2241:6)
      at Object.toHaveAttribute (tests/accessibility/MetricsCard.comprehensive.test.tsx:196:27)

  ● MetricsCard Comprehensive Accessibility › Multiple Instance Interaction › maintains proper tab order across multiple instances

    TestingLibraryElementError: Unable to find an accessible element with the role "progressbar"

    Here are the accessible roles:

      link:

      Name "Navigate to search results for Metric 1: 50":
      [36m<a[39m
        [33maria-describedby[39m=[32m"metric-desc-Metric 1"[39m
        [33maria-label[39m=[32m"Navigate to search results for Metric 1: 50"[39m
        [33mclass[39m=[32m"rounded-lg p-3 block h-24 cursor-pointer hover:shadow-xl hover:scale-[1.03] hover:-translate-y-1 transition-all duration-300 ease-out focus:ring-2 focus:ring-blue-500 focus:outline-none focus:ring-offset-2 min-h-[44px] min-w-[44px] "[39m
        [33mhref[39m=[32m"/search?q=50"[39m
        [33mstyle[39m=[32m"--hover-bg-color: undefined80; transition: all 0.3s ease-out;"[39m
        [33mtitle[39m=[32m"Search for Metric 1: 50"[39m
      [36m/>[39m

      Name "Navigate to search results for Metric 3: 25":
      [36m<a[39m
        [33maria-describedby[39m=[32m"metric-desc-Metric 3"[39m
        [33maria-label[39m=[32m"Navigate to search results for Metric 3: 25"[39m
        [33mclass[39m=[32m"rounded-lg p-3 block h-24 cursor-pointer hover:shadow-xl hover:scale-[1.03] hover:-translate-y-1 transition-all duration-300 ease-out focus:ring-2 focus:ring-blue-500 focus:outline-none focus:ring-offset-2 min-h-[44px] min-w-[44px] "[39m
        [33mhref[39m=[32m"/search?q=25"[39m
        [33mstyle[39m=[32m"--hover-bg-color: undefined80; transition: all 0.3s ease-out;"[39m
        [33mtitle[39m=[32m"Search for Metric 3: 25"[39m
      [36m/>[39m

      --------------------------------------------------
      article:

      Name "":
      [36m<article[39m
        [33maria-describedby[39m=[32m"metric-desc-Metric 1"[39m
        [33maria-labelledby[39m=[32m"metric-title-Metric 1"[39m
        [33mclass[39m=[32m"h-full flex flex-col"[39m
        [33mdata-component[39m=[32m"metrics-card"[39m
        [33mdata-has-range[39m=[32m"false"[39m
        [33mdata-property[39m=[32m"metric_1"[39m
        [33mdata-searchable[39m=[32m"true"[39m
        [33mdata-unit[39m=[32m""[39m
        [33mdata-value[39m=[32m"50"[39m
        [33mid[39m=[32m"metric-card-Metric 1"[39m
        [33mitemscope[39m=[32m""[39m
        [33mitemtype[39m=[32m"https://schema.org/PropertyValue"[39m
        [33mrole[39m=[32m"article"[39m
        [33mtabindex[39m=[32m"0"[39m
      [36m/>[39m

      Name "":
      [36m<article[39m
        [33maria-describedby[39m=[32m"metric-desc-Metric 2"[39m
        [33maria-labelledby[39m=[32m"metric-title-Metric 2"[39m
        [33mclass[39m=[32m"h-full flex flex-col"[39m
        [33mdata-component[39m=[32m"metrics-card"[39m
        [33mdata-has-range[39m=[32m"false"[39m
        [33mdata-property[39m=[32m"metric_2"[39m
        [33mdata-searchable[39m=[32m"false"[39m
        [33mdata-unit[39m=[32m""[39m
        [33mdata-value[39m=[32m"75"[39m
        [33mid[39m=[32m"metric-card-Metric 2"[39m
        [33mitemscope[39m=[32m""[39m
        [33mitemtype[39m=[32m"https://schema.org/PropertyValue"[39m
        [33mrole[39m=[32m"article"[39m
        [33mtabindex[39m=[32m"-1"[39m
      [36m/>[39m

      Name "":
      [36m<article[39m
        [33maria-describedby[39m=[32m"metric-desc-Metric 3"[39m
        [33maria-labelledby[39m=[32m"metric-title-Metric 3"[39m
        [33mclass[39m=[32m"h-full flex flex-col"[39m
        [33mdata-component[39m=[32m"metrics-card"[39m
        [33mdata-has-range[39m=[32m"false"[39m
        [33mdata-property[39m=[32m"metric_3"[39m
        [33mdata-searchable[39m=[32m"true"[39m
        [33mdata-unit[39m=[32m""[39m
        [33mdata-value[39m=[32m"25"[39m
        [33mid[39m=[32m"metric-card-Metric 3"[39m
        [33mitemscope[39m=[32m""[39m
        [33mitemtype[39m=[32m"https://schema.org/PropertyValue"[39m
        [33mrole[39m=[32m"article"[39m
        [33mtabindex[39m=[32m"0"[39m
      [36m/>[39m

      --------------------------------------------------
      heading:

      Name "Metric 1":
      [36m<h4[39m
        [33mclass[39m=[32m"font-bold text-xs text-white/90"[39m
        [33mdata-component[39m=[32m"metric-title"[39m
        [33mdata-property[39m=[32m"metric_1"[39m
        [33mid[39m=[32m"metric-title-Metric 1"[39m
        [33mitemprop[39m=[32m"name"[39m
      [36m/>[39m

      Name "Metric 2":
      [36m<h4[39m
        [33mclass[39m=[32m"font-bold text-xs text-white/90"[39m
        [33mdata-component[39m=[32m"metric-title"[39m
        [33mdata-property[39m=[32m"metric_2"[39m
        [33mid[39m=[32m"metric-title-Metric 2"[39m
        [33mitemprop[39m=[32m"name"[39m
      [36m/>[39m

      Name "Metric 3":
      [36m<h4[39m
        [33mclass[39m=[32m"font-bold text-xs text-white/90"[39m
        [33mdata-component[39m=[32m"metric-title"[39m
        [33mdata-property[39m=[32m"metric_3"[39m
        [33mid[39m=[32m"metric-title-Metric 3"[39m
        [33mitemprop[39m=[32m"name"[39m
      [36m/>[39m

      --------------------------------------------------
      presentation:

      Name "":
      [36m<div[39m
        [33mclass[39m=[32m"rounded-lg p-3 h-24 transition-all duration-300 ease-out min-h-[44px] min-w-[44px] "[39m
        [33mrole[39m=[32m"presentation"[39m
        [33mstyle[39m=[32m"transition: all 0.3s ease-out;"[39m
      [36m/>[39m

      --------------------------------------------------

    Ignored nodes: comments, script, style
    [36m<body>[39m
      [36m<div>[39m
        [36m<div>[39m
          [36m<a[39m
            [33maria-describedby[39m=[32m"metric-desc-Metric 1"[39m
            [33maria-label[39m=[32m"Navigate to search results for Metric 1: 50"[39m
            [33mclass[39m=[32m"rounded-lg p-3 block h-24 cursor-pointer hover:shadow-xl hover:scale-[1.03] hover:-translate-y-1 transition-all duration-300 ease-out focus:ring-2 focus:ring-blue-500 focus:outline-none focus:ring-offset-2 min-h-[44px] min-w-[44px] "[39m
            [33mhref[39m=[32m"/search?q=50"[39m
            [33mstyle[39m=[32m"--hover-bg-color: undefined80; transition: all 0.3s ease-out;"[39m
            [33mtitle[39m=[32m"Search for Metric 1: 50"[39m
          [36m>[39m
            [36m<article[39m
              [33maria-describedby[39m=[32m"metric-desc-Metric 1"[39m
              [33maria-labelledby[39m=[32m"metric-title-Metric 1"[39m
              [33mclass[39m=[32m"h-full flex flex-col"[39m
              [33mdata-component[39m=[32m"metrics-card"[39m
              [33mdata-has-range[39m=[32m"false"[39m
              [33mdata-property[39m=[32m"metric_1"[39m
              [33mdata-searchable[39m=[32m"true"[39m
              [33mdata-unit[39m=[32m""[39m
              [33mdata-value[39m=[32m"50"[39m
              [33mid[39m=[32m"metric-card-Metric 1"[39m
              [33mitemscope[39m=[32m""[39m
              [33mitemtype[39m=[32m"https://schema.org/PropertyValue"[39m
              [33mrole[39m=[32m"article"[39m
              [33mtabindex[39m=[32m"0"[39m
            [36m>[39m
              [36m<div[39m
                [33mclass[39m=[32m"sr-only"[39m
                [33mid[39m=[32m"metric-desc-Metric 1"[39m
              [36m>[39m
                [0mMetric showing Metric 1 with value 50 [0m
                [0m. Press Enter or Space to search for this metric.[0m
              [36m</div>[39m
              [36m<div[39m
                [33maria-hidden[39m=[32m"true"[39m
                [33mclass[39m=[32m"h-2 mb-1"[39m
              [36m/>[39m
              [36m<section[39m
                [33mclass[39m=[32m"flex-1 flex flex-col justify-center text-center"[39m
              [36m>[39m
                [36m<div[39m
                  [33mclass[39m=[32m"text-lg font-bold text-white/90 mb-1"[39m
                [36m>[39m
                  [36m<data[39m
                    [33mdata-context[39m=[32m"material_property"[39m
                    [33mdata-has-range[39m=[32m"false"[39m
                    [33mdata-magnitude[39m=[32m"medium"[39m
                    [33mdata-position[39m=[32m"primary"[39m
                    [33mdata-precision[39m=[32m"0"[39m
                    [33mdata-property[39m=[32m"metric_1"[39m
                    [33mdata-type[39m=[32m"measurement"[39m
                    [33mdata-unit[39m=[32m""[39m
                    [33mid[39m=[32m"metric-value-Metric 1"[39m
                    [33mitemprop[39m=[32m"value"[39m
                    [33mitemtype[39m=[32m"https://schema.org/PropertyValue"[39m
                    [33mvalue[39m=[32m"50"[39m
                  [36m>[39m
                    [0m50[0m
                  [36m</data>[39m
                [36m</div>[39m
                [36m<h4[39m
                  [33mclass[39m=[32m"font-bold text-xs text-white/90"[39m
                  [33mdata-component[39m=[32m"metric-title"[39m
                  [33mdata-property[39m=[32m"metric_1"[39m
                  [33mid[39m=[32m"metric-title-Metric 1"[39m
                  [33mitemprop[39m=[32m"name"[39m
                [36m>[39m
                  [0mMetric 1[0m
                [36m</h4>[39m
              [36m</section>[39m
            [36m</article>[39m
          [36m</a>[39m
          [36m<div[39m
            [33mclass[39m=[32m"rounded-lg p-3 h-24 transition-all duration-300 ease-out min-h-[44px] min-w-[44px] "[39m
            [33mrole[39m=[32m"presentation"[39m
            [33mstyle[39m=[32m"transition: all 0.3s ease-out;"[39m
          [36m>[39m
            [36m<article[39m
              [33maria-describedby[39m=[32m"metric-desc-Metric 2"[39m
              [33maria-labelledby[39m=[32m"metric-title-Metric 2"[39m
              [33mclass[39m=[32m"h-full flex flex-col"[39m
              [33mdata-component[39m=[32m"metrics-card"[39m
              [33mdata-has-range[39m=[32m"false"[39m
              [33mdata-property[39m=[32m"metric_2"[39m
              [33mdata-searchable[39m=[32m"false"[39m
              [33mdata-unit[39m=[32m""[39m
              [33mdata-value[39m=[32m"75"[39m
              [33mid[39m=[32m"metric-card-Metric 2"[39m
              [33mitemscope[39m=[32m""[39m
              [33mitemtype[39m=[32m"https://schema.org/PropertyValue"[39m
              [33mrole[39m=[32m"article"[39m
              [33mtabindex[39m=[32m"-1"[39m
            [36m>[39m
              [36m<div[39m
                [33mclass[39m=[32m"sr-only"[39m
                [33mid[39m=[32m"metric-desc-Metric 2"[39m
              [36m>[39m
                [0mMetric showing Metric 2 with value 75 [0m
              [36m</div>[39m
              [36m<div[39m
                [33maria-hidden[39m=[32m"true"[39m
                [33mclass[39m=[32m"h-2 mb-1"[39m
              [36m/>[39m
              [36m<section[39m
                [33mclass[39m=[32m"flex-1 flex flex-col justify-center text-center"[39m
              [36m>[39m
                [36m<div[39m
                  [33mclass[39m=[32m"text-lg font-bold text-white/90 mb-1"[39m
                [36m>[39m
                  [36m<data[39m
                    [33mdata-context[39m=[32m"material_property"[39m
                    [33mdata-has-range[39m=[32m"false"[39m
                    [33mdata-magnitude[39m=[32m"medium"[39m
                    [33mdata-position[39m=[32m"primary"[39m
                    [33mdata-precision[39m=[32m"0"[39m
                    [33mdata-property[39m=[32m"metric_2"[39m
                    [33mdata-type[39m=[32m"measurement"[39m
                    [33mdata-unit[39m=[32m""[39m
                    [33mid[39m=[32m"metric-value-Metric 2"[39m
                    [33mitemprop[39m=[32m"value"[39m
                    [33mitemtype[39m=[32m"https://schema.org/PropertyValue"[39m
                    [33mvalue[39m=[32m"75"[39m
                  [36m>[39m
                    [0m75[0m
                  [36m</data>[39m
                [36m</div>[39m
                [36m<h4[39m
                  [33mclass[39m=[32m"font-bold text-xs text-white/90"[39m
                  [33mdata-component[39m=[32m"metric-title"[39m
                  [33mdata-property[39m=[32m"metric_2"[39m
                  [33mid[39m=[32m"metric-title-Metric 2"[39m
                  [33mitemprop[39m=[32m"name"[39m
                [36m>[39m
                  [0mMetric 2[0m
                [36m</h4>[39m
              [36m</section>[39m
            [36m</article>[39m
          [36m</div>[39m
          [36m<a[39m
            [33maria-describedby[39m=[32m"metric-desc-Metric 3"[39m
            [33maria-label[39m=[32m"Navigate to search results for Metric 3: 25"[39m
            [33mclass[39m=[32m"rounded-lg p-3 block h-24 cursor-pointer hover:shadow-xl hover:scale-[1.03] hover:-translate-y-1 transition-all duration-300 ease-out focus:ring-2 focus:ring-blue-500 focus:outline-none focus:ring-offset-2 min-h-[44px] min-w-[44px] "[39m
            [33mhref[39m=[32m"/search?q=25"[39m
            [33mstyle[39m=[32m"--hover-bg-color: undefined80; transition: all 0.3s ease-out;"[39m
            [33mtitle[39m=[32m"Search for Metric 3: 25"[39m
          [36m>[39m
            [36m<article[39m
              [33maria-describedby[39m=[32m"metric-desc-Metric 3"[39m
              [33maria-labelledby[39m=[32m"metric-title-Metric 3"[39m
              [33mclass[39m=[32m"h-full flex flex-col"[39m
              [33mdata-component[39m=[32m"metrics-card"[39m
              [33mdata-has-range[39m=[32m"false"[39m
              [33mdata-property[39m=[32m"metric_3"[39m
              [33mdata-searchable[39m=[32m"true"[39m
              [33mdata-unit[39m=[32m""[39m
              [33mdata-value[39m=[32m"25"[39m
              [33mid[39m=[32m"metric-card-Metric 3"[39m
              [33mitemscope[39m=[32m""[39m
              [33mitemtype[39m=[32m"https://schema.org/PropertyValue"[39m
              [33mrole[39m=[32m"article"[39m
              [33mtabindex[39m=[32m"0"[39m
            [36m>[39m
              [36m<div[39m
                [33mclass[39m=[32m"sr-only"[39m
                [33mid[39m=[32m"metric-desc-Metric 3"[39m
              [36m>[39m
                [0mMetric showing Metric 3 with value 25 [0m
                [0m. Press Enter or Space to search for this metric.[0m
              [36m</div>[39m
              [36m<div[39m
                [33maria-hidden[39m=[32m"true"[39m
                [33mclass[39m=[32m"h-2 mb-1"[39m
              [36m/>[39m
              [36m<section[39m
                [33mclass[39m=[32m"flex-1 flex flex-col justify-center text-center"[39m
              [36m>[39m
                [36m<div[39m
                  [33mclass[39m=[32m"text-lg font-bold text-white/90 mb-1"[39m
                [36m>[39m
                  [36m<data[39m
                    [33mdata-context[39m=[32m"material_property"[39m
                    [33mdata-has-range[39m=[32m"false"[39m
                    [33mdata-magnitude[39m=[32m"medium"[39m
                    [33mdata-position[39m=[32m"primary"[39m
                    [33mdata-precision[39m=[32m"0"[39m
                    [33mdata-property[39m=[32m"metric_3"[39m
                    [33mdata-type[39m=[32m"measurement"[39m
                    [33mdata-unit[39m=[32m""[39m
                    [33mid[39m=[32m"metric-value-Metric 3"[39m
                    [33mitemprop[39m=[32m"value"[39m
                    [33mitemtype[39m=[32m"https://schema.org/PropertyValue"[39m
                    [33mvalue[39m=[32m"25"[39m
                  [36m>[39m
                    [0m25[0m
                  [36m</data>[39m
                [36m</div>[39m
                [36m<h4[39m
                  [33mclass[39m=[32m"font-bold text-xs text-white/90"[39m
                  [33mdata-component[39m=[32m"metric-title"[39m
                  [33mdata-property[39m=[32m"metric_3"[39m
                  [33mid[39m=[32m"metric-title-Metric 3"[39m
                  [33mitemprop[39m=[32m"name"[39m
                [36m>[39m
                  [0mMetric 3[0m
                [36m</h4>[39m
              [36m</section>[39m
            [36m</article>[39m
          [36m</a>[39m
        [36m</div>[39m
      [36m</div>[39m
    [36m</body>[39m

      244 |       
      245 |       const articles = screen.getAllByRole('article');
    > 246 |       const progressbars = screen.getAllByRole('progressbar');
          |                                   ^
      247 |       
      248 |       // Tab through all focusable elements
      249 |       await user.tab(); // First article (searchable)

      at Object.getElementError (node_modules/@testing-library/dom/dist/config.js:37:19)
      at node_modules/@testing-library/dom/dist/query-helpers.js:76:38
      at node_modules/@testing-library/dom/dist/query-helpers.js:109:15
      at Object.getAllByRole (tests/accessibility/MetricsCard.comprehensive.test.tsx:246:35)

  ● MetricsCard Comprehensive Accessibility › Performance and Scaling › renders efficiently with many instances

    expect(received).toBeLessThan(expected)

    Expected: < 200
    Received:   332.2423299999996

      289 |       
      290 |       // Should render 100 components efficiently
    > 291 |       expect(renderTime).toBeLessThan(200); // Reasonable threshold
          |                          ^
      292 |       
      293 |       // All should have proper accessibility
      294 |       const articles = screen.getAllByRole('article');

      at Object.toBeLessThan (tests/accessibility/MetricsCard.comprehensive.test.tsx:291:26)

PASS jsdom tests/components/Author.test.js
  Author Component
    1. Basic Rendering
      ✓ renders author component with all information (14 ms)
      ✓ renders with correct CSS classes (8 ms)
      ✓ creates correct tag link (29 ms)
    2. Author Name Variations
      ✓ handles author names with special characters (6 ms)
      ✓ handles author names with spaces (8 ms)
    3. Title Variations
      ✓ renders different academic titles correctly (26 ms)
      ✓ handles empty or missing title (4 ms)
    4. Country Variations
      ✓ handles different country formats (35 ms)
    5. Expertise Field Variations
      ✓ handles long expertise descriptions (4 ms)
      ✓ handles short expertise descriptions (2 ms)
    6. Image Handling
      ✓ renders image with correct attributes (3 ms)
      ✓ handles different image formats (7 ms)
    7. Interactive Elements
      ✓ has correct hover classes (5 ms)
      ✓ link is properly structured (4 ms)
    8. Table Structure
      ✓ renders proper table structure (10 ms)
    9. Accessibility
      ✓ has proper semantic structure (5 ms)
      ✓ image has descriptive alt text (2 ms)
    10. Real Author Data
      ✓ renders Ikmanda Roswati correctly (4 ms)
      ✓ renders Todd Dunning correctly (3 ms)
    11. Error Boundaries
      ✓ handles missing authorInfo gracefully (3 ms)

  console.error
    Warning: Received `false` for a non-boolean attribute `priority`.
    
    If you want to write it to the DOM, pass a string instead: priority="false" or priority={value.toString()}.
    
    If you used to conditionally omit it with priority={condition && value}, pass priority={condition ? value : undefined} instead.
        at img
        at src (/Users/todddunning/Desktop/Z-Beam/z-beam-test-push/tests/components/Hero.comprehensive.test.tsx:13:15)
        at div
        at section
        at frontmatter (/Users/todddunning/Desktop/Z-Beam/z-beam-test-push/app/components/Hero/Hero.tsx:10:3)

      64 |   describe('Basic Rendering', () => {
      65 |     it('should render basic hero with default props', () => {
    > 66 |       render(<Hero />);
         |             ^
      67 |       
      68 |       const hero = screen.getByRole('region');
      69 |       expect(hero).toBeInTheDocument();

      at printWarning (node_modules/react-dom/cjs/react-dom.development.js:86:30)
      at error (node_modules/react-dom/cjs/react-dom.development.js:60:7)
      at validateProperty$1 (node_modules/react-dom/cjs/react-dom.development.js:3767:9)
      at warnUnknownProperties (node_modules/react-dom/cjs/react-dom.development.js:3803:21)
      at validateProperties$2 (node_modules/react-dom/cjs/react-dom.development.js:3827:3)
      at validatePropertiesInDevelopment (node_modules/react-dom/cjs/react-dom.development.js:9541:5)
      at setInitialProperties (node_modules/react-dom/cjs/react-dom.development.js:9830:5)
      at finalizeInitialChildren (node_modules/react-dom/cjs/react-dom.development.js:10950:3)
      at completeWork (node_modules/react-dom/cjs/react-dom.development.js:22232:17)
      at completeUnitOfWork (node_modules/react-dom/cjs/react-dom.development.js:26632:16)
      at performUnitOfWork (node_modules/react-dom/cjs/react-dom.development.js:26607:5)
      at workLoopSync (node_modules/react-dom/cjs/react-dom.development.js:26505:5)
      at renderRootSync (node_modules/react-dom/cjs/react-dom.development.js:26473:7)
      at performConcurrentWorkOnRoot (node_modules/react-dom/cjs/react-dom.development.js:25777:74)
      at flushActQueue (node_modules/react/cjs/react.development.js:2667:24)
      at act (node_modules/react/cjs/react.development.js:2582:11)
      at node_modules/@testing-library/react/dist/act-compat.js:47:25
      at renderRoot (node_modules/@testing-library/react/dist/pure.js:190:26)
      at render (node_modules/@testing-library/react/dist/pure.js:292:10)
      at Object.<anonymous> (tests/components/Hero.comprehensive.test.tsx:66:13)

PASS jsdom tests/types/centralized.test.ts
  Centralized Types - Caption System
    ✓ CaptionDataStructure should support all required fields (1 ms)
    ✓ CaptionProps should support all component configurations (1 ms)
    ✓ FrontmatterType should maintain backward compatibility (1 ms)
    ✓ ParsedCaptionData should support parsing results
  Centralized Types - MetricsGrid System
    ✓ QualityMetrics should support all standard metrics (1 ms)
    ✓ QualityMetrics should support custom metrics via index signature
    ✓ MetricsGridProps should configure grid display (1 ms)
  Centralized Types - Component Props
    ✓ TableProps should support table configuration
  Centralized Types - Type Safety
    ✓ should enforce type constraints
    ✓ should support optional properties (1 ms)
    ✓ should maintain interface inheritance (1 ms)
  Centralized Types - Export Validation
    ✓ should export all required types (1 ms)
    ✓ should support complex type combinations

  console.error
    Warning: Received `true` for a non-boolean attribute `fill`.
    
    If you want to write it to the DOM, pass a string instead: fill="true" or fill={value.toString()}.
        at img
        at src (/Users/todddunning/Desktop/Z-Beam/z-beam-test-push/tests/components/Hero.comprehensive.test.tsx:13:15)
        at div
        at section
        at frontmatter (/Users/todddunning/Desktop/Z-Beam/z-beam-test-push/app/components/Hero/Hero.tsx:10:3)

      144 |   describe('Image Integration', () => {
      145 |     it('should render image with Next.js Image component', async () => {
    > 146 |       render(<Hero image="/test-hero.jpg" />);
          |             ^
      147 |       
      148 |       await waitFor(() => {
      149 |         const image = screen.getByTestId('next-image');

      at printWarning (node_modules/react-dom/cjs/react-dom.development.js:86:30)
      at error (node_modules/react-dom/cjs/react-dom.development.js:60:7)
      at validateProperty$1 (node_modules/react-dom/cjs/react-dom.development.js:3765:9)
      at warnUnknownProperties (node_modules/react-dom/cjs/react-dom.development.js:3803:21)
      at validateProperties$2 (node_modules/react-dom/cjs/react-dom.development.js:3827:3)
      at validatePropertiesInDevelopment (node_modules/react-dom/cjs/react-dom.development.js:9541:5)
      at setInitialProperties (node_modules/react-dom/cjs/react-dom.development.js:9830:5)
      at finalizeInitialChildren (node_modules/react-dom/cjs/react-dom.development.js:10950:3)
      at completeWork (node_modules/react-dom/cjs/react-dom.development.js:22232:17)
      at completeUnitOfWork (node_modules/react-dom/cjs/react-dom.development.js:26632:16)
      at performUnitOfWork (node_modules/react-dom/cjs/react-dom.development.js:26607:5)
      at workLoopSync (node_modules/react-dom/cjs/react-dom.development.js:26505:5)
      at renderRootSync (node_modules/react-dom/cjs/react-dom.development.js:26473:7)
      at performConcurrentWorkOnRoot (node_modules/react-dom/cjs/react-dom.development.js:25777:74)
      at flushActQueue (node_modules/react/cjs/react.development.js:2667:24)
      at act (node_modules/react/cjs/react.development.js:2582:11)
      at node_modules/@testing-library/react/dist/act-compat.js:47:25
      at renderRoot (node_modules/@testing-library/react/dist/pure.js:190:26)
      at render (node_modules/@testing-library/react/dist/pure.js:292:10)
      at Object.<anonymous> (tests/components/Hero.comprehensive.test.tsx:146:13)

  console.error
    Warning: React does not recognize the `blurDataURL` prop on a DOM element. If you intentionally want it to appear in the DOM as a custom attribute, spell it as lowercase `blurdataurl` instead. If you accidentally passed it from a parent component, remove it from the DOM element.
        at img
        at src (/Users/todddunning/Desktop/Z-Beam/z-beam-test-push/tests/components/Hero.comprehensive.test.tsx:13:15)
        at div
        at section
        at frontmatter (/Users/todddunning/Desktop/Z-Beam/z-beam-test-push/app/components/Hero/Hero.tsx:10:3)

      144 |   describe('Image Integration', () => {
      145 |     it('should render image with Next.js Image component', async () => {
    > 146 |       render(<Hero image="/test-hero.jpg" />);
          |             ^
      147 |       
      148 |       await waitFor(() => {
      149 |         const image = screen.getByTestId('next-image');

      at printWarning (node_modules/react-dom/cjs/react-dom.development.js:86:30)
      at error (node_modules/react-dom/cjs/react-dom.development.js:60:7)
      at validateProperty$1 (node_modules/react-dom/cjs/react-dom.development.js:3757:7)
      at warnUnknownProperties (node_modules/react-dom/cjs/react-dom.development.js:3803:21)
      at validateProperties$2 (node_modules/react-dom/cjs/react-dom.development.js:3827:3)
      at validatePropertiesInDevelopment (node_modules/react-dom/cjs/react-dom.development.js:9541:5)
      at setInitialProperties (node_modules/react-dom/cjs/react-dom.development.js:9830:5)
      at finalizeInitialChildren (node_modules/react-dom/cjs/react-dom.development.js:10950:3)
      at completeWork (node_modules/react-dom/cjs/react-dom.development.js:22232:17)
      at completeUnitOfWork (node_modules/react-dom/cjs/react-dom.development.js:26632:16)
      at performUnitOfWork (node_modules/react-dom/cjs/react-dom.development.js:26607:5)
      at workLoopSync (node_modules/react-dom/cjs/react-dom.development.js:26505:5)
      at renderRootSync (node_modules/react-dom/cjs/react-dom.development.js:26473:7)
      at performConcurrentWorkOnRoot (node_modules/react-dom/cjs/react-dom.development.js:25777:74)
      at flushActQueue (node_modules/react/cjs/react.development.js:2667:24)
      at act (node_modules/react/cjs/react.development.js:2582:11)
      at node_modules/@testing-library/react/dist/act-compat.js:47:25
      at renderRoot (node_modules/@testing-library/react/dist/pure.js:190:26)
      at render (node_modules/@testing-library/react/dist/pure.js:292:10)
      at Object.<anonymous> (tests/components/Hero.comprehensive.test.tsx:146:13)

FAIL jsdom tests/components/MetricsCard.test.tsx
  MetricsCard Simple Component
    Basic MetricsCard Functionality
      ✓ should render with basic props (71 ms)
      ✓ should render with progress bar when min/max provided (25 ms)
    Search Functionality
      ✓ should render as clickable link when searchable=true (48 ms)
      ✓ should generate property-based search URL for property keywords (10 ms)
      ✓ should generate general search URL for non-property titles (10 ms)
      ✓ should prioritize explicit href over searchable URL (11 ms)
      ✓ should not be clickable when searchable=false (7 ms)
      ✕ should have hover effects for clickable cards (8 ms)
    MetricsGrid Integration
      ✓ should render MetricsGrid with searchable cards (26 ms)
      ✓ should render MetricsGrid with non-searchable cards (12 ms)
      ✓ should default searchable to true (17 ms)

  ● MetricsCard Simple Component › Search Functionality › should have hover effects for clickable cards

    expect(element).toHaveClass("hover:shadow-lg")

    Expected the element to have class:
      hover:shadow-lg
    Received:
      rounded-lg p-3 block h-24 cursor-pointer hover:shadow-xl hover:scale-[1.03] hover:-translate-y-1 transition-all duration-300 ease-out focus:ring-2 focus:ring-blue-500 focus:outline-none focus:ring-offset-2 min-h-[44px] min-w-[44px]

      143 |       const link = screen.getByRole('link');
      144 |       expect(link).toHaveClass('cursor-pointer');
    > 145 |       expect(link).toHaveClass('hover:shadow-lg');
          |                    ^
      146 |       expect(link).toHaveClass('hover:scale-105');
      147 |     });
      148 |   });

      at Object.toHaveClass (tests/components/MetricsCard.test.tsx:145:20)

PASS jsdom tests/components/Author.frontmatter.test.tsx
  Author Component with Frontmatter Data
    ✓ should render author information from frontmatter data (22 ms)
    ✓ should handle missing author data gracefully (6 ms)
    ✓ should use frontmatter.authorInfo exclusively (no individual props) (8 ms)
    ✓ should support display option toggles (3 ms)
    ✓ should validate frontmatter-only architecture (2 ms)

PASS jsdom tests/components/Hero.comprehensive.test.tsx
  Hero Component
    Basic Rendering
      ✓ should render basic hero with default props (123 ms)
      ✓ should apply fullwidth variant correctly (7 ms)
      ✓ should apply theme classes correctly (7 ms)
      ✓ should render children content (4 ms)
    Video Integration
      ✓ should render Vimeo video with correct URL (18 ms)
      ✓ should render video with background mode (11 ms)
      ✓ should handle video from frontmatter (14 ms)
      ✓ should handle video object from frontmatter (11 ms)
      ✓ should handle video error state properly (12 ms)
    Image Integration
      ✓ should render image with Next.js Image component (21 ms)
      ✓ should use image from frontmatter (4 ms)
      ✓ should use structured image from frontmatter (4 ms)
      ✓ should show placeholder when not in view (6 ms)
      ✓ should handle default logo when no image provided (3 ms)
    Accessibility
      ✓ should have proper ARIA labels for sections (5 ms)
      ✓ should use custom aria-label when provided (5 ms)
      ✓ should generate contextual aria-labels from frontmatter (4 ms)
      ✓ should provide accessible video title and aria-label (13 ms)
      ✓ should have accessible alt text for images (5 ms)
      ✓ should provide screen reader announcements for loading states (8 ms)
      ✓ should have accessible default logo (4 ms)
    Performance Optimization
      ✓ should set priority for fullwidth heroes (5 ms)
      ✓ should not set priority for default heroes (6 ms)
      ✓ should use Intersection Observer for lazy loading (3 ms)
      ✓ should provide placeholder while not in view (5 ms)
    Fallback Behavior
      ✓ should show default logo when no media provided (3 ms)
      ✓ should prioritize video over image (16 ms)
      ✓ should show video when provided regardless of fallback image (17 ms)

PASS jsdom tests/components/CardGrid.test.tsx
  CardGrid - Unified Grid System
    Basic Rendering
      ✓ renders with items prop (8 ms)
      ✓ renders with slugs prop (4 ms)
      ✓ renders with searchResults prop (1 ms)
      ✓ renders with title (4 ms)
    Grid Modes
      ✓ simple mode renders basic grid (4 ms)
      ✓ search-results mode handles search data (2 ms)
    Grid Configuration
      ✓ applies correct column configuration (2 ms)
      ✓ applies correct gap configuration (2 ms)
    Badge Support
      ✓ renders badges when showBadgeSymbols is true (2 ms)
      ✓ hides badges when showBadgeSymbols is false (2 ms)
    Backward Compatibility
      ✓ works as SearchResultsGrid (6 ms)
      ✓ works as UnifiedCardGrid (82 ms)
      ✓ works as CategoryGroupedGrid (11 ms)
    Error Handling
      ✓ handles empty items gracefully (2 ms)
      ✓ handles missing titles gracefully (2 ms)
    Performance
      ✓ renders large lists efficiently (21 ms)
  CardGrid SSR Support
    ✓ CardGridSSR export exists (1 ms)

  console.debug
    ⚡ Performance: Cache monitoring started took 0ms { cleanupInterval: '5 minutes' }

      at debug (app/utils/performanceCache.ts:10:13)

PASS jsdom tests/components/Table.test.tsx
  Table Component
    ✓ should render basic table with data (9 ms)
    ✓ should render column headers correctly (5 ms)
    ✓ should render data rows correctly (4 ms)
    ✓ should enable sorting when sortable is true (6 ms)
    ✓ should show filter input when filterable is true (9 ms)
    ✓ should handle empty data gracefully (2 ms)
    ✓ should handle undefined data gracefully (2 ms)
    ✓ should apply variant styling (4 ms)
    ✓ should handle complex data types (4 ms)
    ✓ should render all interactive features together (8 ms)

  console.debug
    ⚡ Performance: Cache SET: colors/color_metal took 0.046375000000352884ms { cacheSize: 1, ttl: 7200000, operation: 'set' }

      at debug (app/utils/performanceCache.ts:10:13)

  console.debug
    ⚡ Performance: Cache SET: colors/color_alloy took 0.014791000000059285ms { cacheSize: 2, ttl: 7200000, operation: 'set' }

      at debug (app/utils/performanceCache.ts:10:13)

PASS jsdom tests/standards/MetatagsComponent.test.tsx
  Metatags Component Implementation
    Metatags Directory Structure
      ✓ should have metatags directory (1 ms)
      ✓ should contain YAML files (1 ms)
      ✓ should follow naming convention (39 ms)
    Individual Metatag File Structure
      ✓ should have valid YAML structure (56 ms)
      ✓ should have required metatag properties (33 ms)
      ✓ should have Open Graph properties (29 ms)
      ✓ should have Twitter Card properties (37 ms)
    Material-Specific Content Quality
      ✓ should have material-specific titles (49 ms)
      ✓ should have unique descriptions (100 ms)
      ✓ should have relevant keywords (22 ms)
    SEO Optimization Standards
      ✓ should have appropriate title lengths (58 ms)
      ✓ should have appropriate description lengths (37 ms)
      ✓ should have reasonable keyword count (37 ms)
    Schema Integration
      ✓ should have material-specific properties for schema markup (25 ms)
      ✓ should have canonical URL structure (32 ms)
    Accessibility and Localization
      ✓ should have language indicators (31 ms)
      ✓ should have accessible image alt texts (36 ms)
    Performance and Efficiency
      ✓ should have reasonable file sizes (34 ms)
      ✓ should parse quickly (90 ms)
    Content Consistency
      ✓ should maintain consistent structure across files (20 ms)
      ✓ should follow naming conventions (37 ms)

  console.debug
    ⚡ Performance: Cache SET: colors/color_element took 0.015433999999913794ms { cacheSize: 3, ttl: 7200000, operation: 'set' }

      at debug (app/utils/performanceCache.ts:10:13)

  console.debug
    ⚡ Performance: Cache SET: colors/color_ceramic took 0.016133000000081665ms { cacheSize: 4, ttl: 7200000, operation: 'set' }

      at debug (app/utils/performanceCache.ts:10:13)

  console.debug
    ⚡ Performance: Cache SET: colors/color_polymer took 0.06378899999981513ms { cacheSize: 5, ttl: 7200000, operation: 'set' }

      at debug (app/utils/performanceCache.ts:10:13)

  console.debug
    ⚡ Performance: Cache SET: colors/color_composite took 0.015302000000247062ms { cacheSize: 6, ttl: 7200000, operation: 'set' }

      at debug (app/utils/performanceCache.ts:10:13)

  console.debug
    ⚡ Performance: Cache SET: colors/color_semiconductor took 0.009595999999874039ms { cacheSize: 7, ttl: 7200000, operation: 'set' }

      at debug (app/utils/performanceCache.ts:10:13)

  console.debug
    ⚡ Performance: Cache SET: colors/color_compound took 0.010015000000294094ms { cacheSize: 8, ttl: 7200000, operation: 'set' }

      at debug (app/utils/performanceCache.ts:10:13)

  console.debug
    ⚡ Performance: Cache SET: colors/color_other took 0.012263999999959196ms { cacheSize: 9, ttl: 7200000, operation: 'set' }

      at debug (app/utils/performanceCache.ts:10:13)

  console.debug
    ⚡ Performance: Cache SET: colors/color_unknown took 0.04315900000028705ms { cacheSize: 10, ttl: 7200000, operation: 'set' }

      at debug (app/utils/performanceCache.ts:10:13)

  console.debug
    ⚡ Performance: Cache SET: colors/color_invalid took 0.013125999999829219ms { cacheSize: 11, ttl: 7200000, operation: 'set' }

      at debug (app/utils/performanceCache.ts:10:13)

PASS jsdom tests/utils/errorSystem.test.js
  Error System
    ZBeamError base class
      ✓ should create error with message (1 ms)
      ✓ should create error with context and suggestions
      ✓ should provide error info (11 ms)
      ✓ should maintain proper stack trace (1 ms)
    ConfigurationError
      ✓ should create configuration error
      ✓ should include context (1 ms)
    ValidationError
      ✓ should create validation error (1 ms)
    SecurityError
      ✓ should create security error (1 ms)
    GenerationError
      ✓ should create generation error (1 ms)
    ApiError
      ✓ should create API error
      ✓ should include status code (1 ms)
    validateSlug
      ✓ should validate correct slug (1 ms)
      ✓ should throw ValidationError for non-string input (9 ms)
      ✓ should throw SecurityError for path traversal attempts (3 ms)
      ✓ should throw ValidationError for invalid characters (2 ms)
      ✓ should throw ValidationError for too long slug (2 ms)
      ✓ should include context in error
    validateEnvironment
      ✓ should pass with required environment variables (1 ms)
      ✓ should throw ConfigurationError for missing NODE_ENV (2 ms)
      ✓ should throw ConfigurationError for missing NEXT_PUBLIC_SITE_URL (1 ms)
      ✓ should throw ConfigurationError for invalid NODE_ENV (2 ms)
      ✓ should include missing variables in error context (1 ms)
    validateRequiredProperties
      ✓ should validate object with required properties (1 ms)
      ✓ should throw ValidationError for non-object input (3 ms)
      ✓ should throw ValidationError for missing properties (1 ms)
      ✓ should throw ValidationError for undefined properties (1 ms)
      ✓ should include context in error (1 ms)
    validateFilePath
      ✓ should validate safe file path (1 ms)
      ✓ should throw ValidationError for non-string input (1 ms)
      ✓ should throw SecurityError for path traversal attempts (1 ms)
      ✓ should normalize multiple slashes (1 ms)
      ✓ should validate against allowed base paths (1 ms)
      ✓ should include file path in error context (1 ms)
    safeOperation
      ✓ should return successful operation result
      ✓ should not retry validation errors (1 ms)
      ✓ should not retry security errors (2 ms)
      ✓ should not retry configuration errors (1 ms)
      ✓ should retry on generic errors when allowed (12 ms)
      ✓ should throw GenerationError after max retries (11 ms)
      ✓ should not retry when allowRetry is false (1 ms)
    isZBeamError
      ✓ should return true for ZBeam errors (1 ms)
      ✓ should return false for non-ZBeam errors
    getErrorDetails
      ✓ should extract details from ZBeam errors (1 ms)
      ✓ should extract details from regular errors (1 ms)
      ✓ should handle non-error values (1 ms)

  console.error
    Error loading tags for aluminum-cleaning: Error: File read error
        at Object.<anonymous> (/Users/todddunning/Desktop/Z-Beam/z-beam-test-push/tests/utils/tags.test.js:154:41)
        at Promise.finally.completed (/Users/todddunning/Desktop/Z-Beam/z-beam-test-push/node_modules/jest-circus/build/jestAdapterInit.js:1556:28)
        at new Promise (<anonymous>)
        at callAsyncCircusFn (/Users/todddunning/Desktop/Z-Beam/z-beam-test-push/node_modules/jest-circus/build/jestAdapterInit.js:1496:10)
        at _callCircusTest (/Users/todddunning/Desktop/Z-Beam/z-beam-test-push/node_modules/jest-circus/build/jestAdapterInit.js:1006:40)
        at processTicksAndRejections (node:internal/process/task_queues:105:5)
        at _runTest (/Users/todddunning/Desktop/Z-Beam/z-beam-test-push/node_modules/jest-circus/build/jestAdapterInit.js:946:3)
        at _runTestsForDescribeBlock (/Users/todddunning/Desktop/Z-Beam/z-beam-test-push/node_modules/jest-circus/build/jestAdapterInit.js:839:13)
        at _runTestsForDescribeBlock (/Users/todddunning/Desktop/Z-Beam/z-beam-test-push/node_modules/jest-circus/build/jestAdapterInit.js:829:11)
        at _runTestsForDescribeBlock (/Users/todddunning/Desktop/Z-Beam/z-beam-test-push/node_modules/jest-circus/build/jestAdapterInit.js:829:11)
        at run (/Users/todddunning/Desktop/Z-Beam/z-beam-test-push/node_modules/jest-circus/build/jestAdapterInit.js:757:3)
        at runAndTransformResultsToJestFormat (/Users/todddunning/Desktop/Z-Beam/z-beam-test-push/node_modules/jest-circus/build/jestAdapterInit.js:1917:21)
        at jestAdapter (/Users/todddunning/Desktop/Z-Beam/z-beam-test-push/node_modules/jest-circus/build/runner.js:101:19)
        at runTestInternal (/Users/todddunning/Desktop/Z-Beam/z-beam-test-push/node_modules/jest-runner/build/testWorker.js:275:16)
        at runTest (/Users/todddunning/Desktop/Z-Beam/z-beam-test-push/node_modules/jest-runner/build/testWorker.js:343:7)
        at Object.worker (/Users/todddunning/Desktop/Z-Beam/z-beam-test-push/node_modules/jest-runner/build/testWorker.js:497:12)

      137 |     return await parseTagsFromContent(content);
      138 |   } catch (error) {
    > 139 |     console.error(`Error loading tags for ${slug}:`, error);
          |             ^
      140 |     return [];
      141 |   }
      142 | }

      at error (app/utils/tags.ts:139:13)
      at initializeTagCache (app/utils/tags.ts:238:22)
      at app/utils/tags.ts:293:3
      at Object.<anonymous> (tests/utils/tags.test.js:247:23)

  console.error
    Error loading tags for copper-processing: Error: File read error
        at Object.<anonymous> (/Users/todddunning/Desktop/Z-Beam/z-beam-test-push/tests/utils/tags.test.js:154:41)
        at Promise.finally.completed (/Users/todddunning/Desktop/Z-Beam/z-beam-test-push/node_modules/jest-circus/build/jestAdapterInit.js:1556:28)
        at new Promise (<anonymous>)
        at callAsyncCircusFn (/Users/todddunning/Desktop/Z-Beam/z-beam-test-push/node_modules/jest-circus/build/jestAdapterInit.js:1496:10)
        at _callCircusTest (/Users/todddunning/Desktop/Z-Beam/z-beam-test-push/node_modules/jest-circus/build/jestAdapterInit.js:1006:40)
        at processTicksAndRejections (node:internal/process/task_queues:105:5)
        at _runTest (/Users/todddunning/Desktop/Z-Beam/z-beam-test-push/node_modules/jest-circus/build/jestAdapterInit.js:946:3)
        at _runTestsForDescribeBlock (/Users/todddunning/Desktop/Z-Beam/z-beam-test-push/node_modules/jest-circus/build/jestAdapterInit.js:839:13)
        at _runTestsForDescribeBlock (/Users/todddunning/Desktop/Z-Beam/z-beam-test-push/node_modules/jest-circus/build/jestAdapterInit.js:829:11)
        at _runTestsForDescribeBlock (/Users/todddunning/Desktop/Z-Beam/z-beam-test-push/node_modules/jest-circus/build/jestAdapterInit.js:829:11)
        at run (/Users/todddunning/Desktop/Z-Beam/z-beam-test-push/node_modules/jest-circus/build/jestAdapterInit.js:757:3)
        at runAndTransformResultsToJestFormat (/Users/todddunning/Desktop/Z-Beam/z-beam-test-push/node_modules/jest-circus/build/jestAdapterInit.js:1917:21)
        at jestAdapter (/Users/todddunning/Desktop/Z-Beam/z-beam-test-push/node_modules/jest-circus/build/runner.js:101:19)
        at runTestInternal (/Users/todddunning/Desktop/Z-Beam/z-beam-test-push/node_modules/jest-runner/build/testWorker.js:275:16)
        at runTest (/Users/todddunning/Desktop/Z-Beam/z-beam-test-push/node_modules/jest-runner/build/testWorker.js:343:7)
        at Object.worker (/Users/todddunning/Desktop/Z-Beam/z-beam-test-push/node_modules/jest-runner/build/testWorker.js:497:12)

      137 |     return await parseTagsFromContent(content);
      138 |   } catch (error) {
    > 139 |     console.error(`Error loading tags for ${slug}:`, error);
          |             ^
      140 |     return [];
      141 |   }
      142 | }

      at error (app/utils/tags.ts:139:13)
      at initializeTagCache (app/utils/tags.ts:238:22)
      at app/utils/tags.ts:293:3
      at Object.<anonymous> (tests/utils/tags.test.js:247:23)

PASS jsdom tests/utils/searchUtils.test.js
  Search Utils
    getMaterialColor
      ✓ should return correct colors for material types (20 ms)
      ✓ should handle case insensitive input (1 ms)
      ✓ should default to blue for unknown materials (4 ms)
      ✓ should handle undefined input
    normalizeString
      ✓ should normalize strings correctly (1 ms)
      ✓ should handle empty and undefined inputs (1 ms)
      ✓ should preserve special characters
    normalizeTag
      ✓ should capitalize first letter of each word (1 ms)
      ✓ should handle single words (1 ms)
      ✓ should handle empty strings
      ✓ should trim whitespace
    getDisplayName
      ✓ should prioritize name field
      ✓ should fallback to frontmatter name
      ✓ should fallback to frontmatter title (1 ms)
      ✓ should fallback to title
      ✓ should generate name from slug (1 ms)
      ✓ should handle items with no identifying information
    getBadgeFromItem
      ✓ should return existing badge if present
      ✓ should create badge for alumina (1 ms)
      ✓ should create badge for silicon nitride (1 ms)
      ✓ should handle commentMetadata subject (1 ms)
      ✓ should create generic badge from category
      ✓ should handle direct category on item (1 ms)
      ✓ should return null for items without badge information (1 ms)
    getChemicalProperties
      ✓ should return existing chemical properties from metadata
      ✓ should return chemical properties from frontmatter (1 ms)
      ✓ should construct properties from individual frontmatter fields
      ✓ should use formula as fallback for chemicalFormula (1 ms)
      ✓ should infer properties for known materials
      ✓ should infer properties for silicon nitride
      ✓ should return null for items without chemical information (1 ms)
      ✓ should handle case insensitive subject matching
    material type mapping
      ✓ should map metal to alloy
      ✓ should map plastic to polymer (1 ms)
      ✓ should map unknown types to other

PASS jsdom tests/utils/tags.test.js
  Tags Utility Functions
    parseTagsFromContent
      ✓ should parse comma-separated tags from string content (2 ms)
      ✓ should trim whitespace from tags
      ✓ should filter out empty tags
      ✓ should handle empty content (1 ms)
      ✓ should remove HTML comments
      ✓ should handle multiline comments (1 ms)
    articleMatchesTag
      ✓ should match tags case-insensitively (1 ms)
      ✓ should return false for non-matching tags (1 ms)
      ✓ should handle articles without tags
      ✓ should handle compound tag matching (2 ms)
      ✓ should return true for empty tag (match all)
      ✓ should handle null/undefined tags gracefully
    getArticleTagsFromTagsDir
      ✓ should read and parse tags from file (1 ms)
      ✓ should return empty array when file does not exist (1 ms)
      ✓ should handle file read errors gracefully (1 ms)
    YAML v2.0 Format Integration
      ✓ should handle YAML data in parseTagsFromContent with new format detection (1 ms)
      ✓ should handle mixed content with YAML frontmatter
    Tag System Integration
      ✓ should get all unique tags across articles (31 ms)
      ✓ should calculate tag counts correctly (1 ms)
      ✓ should filter articles by tag
      ✓ should return all articles when tag is "all" (1 ms)
    Performance and Caching
      ✓ should cache results and not recompute on subsequent calls (1 ms)
      ✓ should invalidate cache when requested (1 ms)
    Error Handling
      ✓ should handle file system errors gracefully
      ✓ should handle corrupted tag files (1 ms)
      ✓ should handle invalid article data in matching

FAIL jsdom tests/accessibility/Caption.comprehensive.test.tsx
  Caption Comprehensive Accessibility
    WCAG 2.1 AA Compliance
      ✕ implements complete semantic HTML structure (318 ms)
      ✕ implements comprehensive ARIA attributes (29 ms)
      ✕ provides comprehensive screen reader descriptions (19 ms)
    Complex Keyboard Navigation
      ✕ implements complete arrow key navigation pattern (26 ms)
      ✕ implements Home and End key navigation (46 ms)
      ✕ implements Escape key to exit metrics overlay (34 ms)
      ✕ announces navigation changes via live region (94 ms)
    Loading and Error States
      ✕ implements accessible loading state (123 ms)
      ✕ implements accessible error state (91 ms)
      ✕ handles image loading completion (1021 ms)
    Before/After Treatment Sections
      ✓ implements semantic section structure (27 ms)
      ✕ uses presentation role for decorative indicators (51 ms)
    Quality Metrics Accessibility
      ✕ implements accessible data representation (10 ms)
      ✕ provides individual metric descriptions (12 ms)
      ✕ announces focused metric state (16 ms)
    Progressive Enhancement
      ✕ works with minimal data (7 ms)
      ✕ handles missing quality metrics gracefully (11 ms)
      ✕ handles missing treatment descriptions (11 ms)
    Performance and Scaling
      ✕ handles large number of quality metrics efficiently (23 ms)
      ✓ keyboard navigation scales with metric count (130 ms)

  ● Caption Comprehensive Accessibility › WCAG 2.1 AA Compliance › implements complete semantic HTML structure

    TestingLibraryElementError: Found multiple elements with the role "region"

    Here are the matching elements:

    Ignored nodes: comments, script, style
    [36m<section[39m
      [33maria-describedby[39m=[32m"caption-desc-analysis-Aluminum 6061-T6-1759343130183 caption-announcements-analysis-Aluminum 6061-T6-1759343130183"[39m
      [33maria-label[39m=[32m"Surface analysis section for Aluminum 6061-T6 laser cleaning treatment"[39m
      [33mclass[39m=[32m"enhanced-seo-caption "[39m
      [33mid[39m=[32m"caption-section-analysis-Aluminum 6061-T6-1759343130183"[39m
      [33mitemscope[39m=[32m""[39m
      [33mitemtype[39m=[32m"https://schema.org/TechArticle"[39m
      [33mrole[39m=[32m"region"[39m
      [33mtabindex[39m=[32m"0"[39m
    [36m>[39m
      [36m<div[39m
        [33maria-atomic[39m=[32m"true"[39m
        [33maria-live[39m=[32m"polite"[39m
        [33mclass[39m=[32m"sr-only"[39m
        [33mid[39m=[32m"caption-announcements-analysis-Aluminum 6061-T6-1759343130183"[39m
        [33mrole[39m=[32m"status"[39m
      [36m/>[39m
      [36m<div[39m
        [33mclass[39m=[32m"sr-only"[39m
        [33mid[39m=[32m"caption-desc-analysis-Aluminum 6061-T6-1759343130183"[39m
      [36m>[39m
        [0mInteractive Aluminum 6061-T6 laser cleaning analysis with quality metrics overlay and before/after comparison. Use arrow keys to navigate metrics, Enter to toggle expansion, Escape to return focus.[0m
      [36m</div>[39m
      [36m<div[39m
        [33mclass[39m=[32m"mb-8"[39m
      [36m>[39m
        [36m<header>[39m
          [36m<header[39m
            [33maria-labelledby[39m=[32m"section-header-material-properties---aluminum-lfxcx"[39m
            [33mclass[39m=[32m"header-wrapper w-full "[39m
            [33mdata-header-level[39m=[32m"section"[39m
            [33mdata-priority[39m=[32m"medium"[39m
            [33mdata-search-keywords[39m=[32m""[39m
          [36m>[39m
            [36m<h2[39m
              [33maria-level[39m=[32m"2"[39m
              [33mclass[39m=[32m"font-semibold text-white transition-all duration-200 ease-in-out focus:outline-none focus:ring-2 focus:ring-blue-500 focus:ring-offset-2 focus:ring-offset-gray-900 text-2xl font-bold mb-4 text-gray-100 text-left priority-medium text-xl font-bold text-white mb-4"[39m
              [33mdata-testid[39m=[32m"header-section"[39m
              [33mid[39m=[32m"section-header-material-properties---aluminum-lfxcx"[39m
              [33mrole[39m=[32m"heading"[39m
              [33mtabindex[39m=[32m"-1"[39m
            [36m>[39m
              [0mMaterial Properties - Aluminum 6061-T6[0m
            [36m</h2>[39m
          [36m</header>[39m
        [36m</header>[39m
        [36m<figure[39m
          [33maria-describedby[39m=[32m"caption-image-analysis-Aluminum 6061-T6-1759343130183"[39m
          [33maria-labelledby[39m=[32m"caption-title-analysis-Aluminum 6061-T6-1759343130183"[39m
          [33mclass[39m=[32m"caption-container"[39m
          [33mitemscope[39m=[32m""[39m
          [33mitemtype[39m=[32m"https://schema.org/ImageObject"[39m
          [33mrole[39m=[32m"img"[39m
        [36m>[39m
          [36m<div[39m
            [33mclass[39m=[32m"sr-only"[39m
            [33mid[39m=[32m"caption-image-analysis-Aluminum 6061-T6-1759343130183"[39m
          [36m>[39m
            [0mNo image available for Aluminum 6061-T6 surface analysis[0m
          [36m</div>[39m
          [36m<div[39m
            [33maria-label[39m=[32m"No surface analysis image available"[39m
            [33mclass[39m=[32m"w-full h-[300px] md:h-[400px] flex items-center justify-center bg-gray-600 rounded-lg"[39m
          [36m>[39m
            [36m<img[39m
              [33malt[39m=[32m"Z-Beam company logo"[39m
              [33mclass[39m=[32m"opacity-30 object-contain"[39m
              [33mheight[39m=[32m"72"[39m
              [33msrc[39m=[32m"/images/Site/Logo/logo_.png"[39m
              [33mwidth[39m=[32m"120"[39m
            [36m/>[39m
          [36m</div>[39m
          [36m<figcaption[39m
            [33maria-labelledby[39m=[32m"caption-title-analysis-Aluminum 6061-T6-1759343130183"[39m
            [33mclass[39m=[32m"mt-4 pb-4 mb-2 text-sm max-w-none"[39m
            [33mrole[39m=[32m"group"[39m
          [36m>[39m
            [36m<div[39m
              [33maria-label[39m=[32m"Before and after treatment comparison"[39m
              [33mclass[39m=[32m"grid grid-cols-1 md:grid-cols-2 gap-4"[39m
              [33mrole[39m=[32m"group"[39m
            [36m>[39m
              [36m<section[39m
                [33maria-labelledby[39m=[32m"before-treatment-analysis-Aluminum 6061-T6-1759343130183"[39m
                [33mclass[39m=[32m"px-2"[39m
                [33mrole[39m=[32m"region"[39m
              [36m>[39m
                [36m<h4[39m
                  [33maria-level[39m=[32m"4"[39m
                  [33mclass[39m=[32m"text-base font-semibold text-gray-900 dark:text-gray-100 mb-2 flex items-center"[39m
                  [33mid[39m=[32m"before-treatment-analysis-Aluminum 6061-T6-1759343130183"[39m
                  [33mrole[39m=[32m"heading"[39m
                [36m>[39m
                  [36m<span[39m
                    [33maria-hidden[39m=[32m"true"[39m
                    [33mclass[39m=[32m"w-2 h-2 bg-red-500 rounded-full mr-2"[39m
                    [33mrole[39m=[32m"presentation"[39m
                  [36m/>[39m
                  [0mBefore Treatment[0m
                [36m</h4>[39m
                [36m<p[39m
                  [33maria-labelledby[39m=[32m"before-treatment-analysis-Aluminum 6061-T6-1759343130183"[39m
                  [33mclass[39m=[32m"text-gray-600 dark:text-gray-400 text-sm leading-relaxed mb-4 md:mb-0"[39m
                [36m>[39m
                  [0mSurface shows oxidation, contamination, and roughness from manufacturing processes[0m
                [36m</p>[39m
              [36m</section>[39m
              [36m<section[39m
                [33maria-labelledby[39m=[32m"after-treatment-analysis-Aluminum 6061-T6-1759343130183"[39m
                [33mclass[39m=[32m"px-2"[39m
                [33mrole[39m=[32m"region"[39m
              [36m>[39m
                [36m<h4[39m
                  [33maria-level[39m=[32m"4"[39m
                  [33mclass[39m=[32m"text-base font-semibold text-gray-900 dark:text-gray-100 mb-2 flex items-center"[39m
                  [33mid[39m=[32m"after-treatment-analysis-Aluminum 6061-T6-1759343130183"[39m
                  [33mrole[39m=[32m"heading"[39m
                [36m>[39m
                  [36m<span[39m
                    [33maria-hidden[39m=[32m"true"[39m
                    [33mclass[39m=[32m"w-2 h-2 bg-green-500 rounded-full mr-2"[39m
                    [33mrole[39m=[32m"presentation"[39m
                  [36m/>[39m
                  [0mAfter Treatment[0m
                [36m</h4>[39m
                [36m<p[39m
                  [33maria-labelledby[39m=[32m"after-treatment-analysis-Aluminum 6061-T6-1759343130183"[39m
                  [33mclass[39m=[32m"text-gray-600 dark:text-gray-400 text-sm leading-relaxed"[39m
                [36m>[39m
                  [0mClean, smooth surface with improved thermal and electrical properties for optimal performance[0m
                [36m</p>[39m
              [36m</section>[39m
            [36m</div>[39m
          [36m</figcaption>[39m
        [36m</figure>[39m
      [36m</div>[39m
    [36m</section>[39m

    Ignored nodes: comments, script, style
    [36m<section[39m
      [33maria-labelledby[39m=[32m"before-treatment-analysis-Aluminum 6061-T6-1759343130183"[39m
      [33mclass[39m=[32m"px-2"[39m
      [33mrole[39m=[32m"region"[39m
    [36m>[39m
      [36m<h4[39m
        [33maria-level[39m=[32m"4"[39m
        [33mclass[39m=[32m"text-base font-semibold text-gray-900 dark:text-gray-100 mb-2 flex items-center"[39m
        [33mid[39m=[32m"before-treatment-analysis-Aluminum 6061-T6-1759343130183"[39m
        [33mrole[39m=[32m"heading"[39m
      [36m>[39m
        [36m<span[39m
          [33maria-hidden[39m=[32m"true"[39m
          [33mclass[39m=[32m"w-2 h-2 bg-red-500 rounded-full mr-2"[39m
          [33mrole[39m=[32m"presentation"[39m
        [36m/>[39m
        [0mBefore Treatment[0m
      [36m</h4>[39m
      [36m<p[39m
        [33maria-labelledby[39m=[32m"before-treatment-analysis-Aluminum 6061-T6-1759343130183"[39m
        [33mclass[39m=[32m"text-gray-600 dark:text-gray-400 text-sm leading-relaxed mb-4 md:mb-0"[39m
      [36m>[39m
        [0mSurface shows oxidation, contamination, and roughness from manufacturing processes[0m
      [36m</p>[39m
    [36m</section>[39m

    Ignored nodes: comments, script, style
    [36m<section[39m
      [33maria-labelledby[39m=[32m"after-treatment-analysis-Aluminum 6061-T6-1759343130183"[39m
      [33mclass[39m=[32m"px-2"[39m
      [33mrole[39m=[32m"region"[39m
    [36m>[39m
      [36m<h4[39m
        [33maria-level[39m=[32m"4"[39m
        [33mclass[39m=[32m"text-base font-semibold text-gray-900 dark:text-gray-100 mb-2 flex items-center"[39m
        [33mid[39m=[32m"after-treatment-analysis-Aluminum 6061-T6-1759343130183"[39m
        [33mrole[39m=[32m"heading"[39m
      [36m>[39m
        [36m<span[39m
          [33maria-hidden[39m=[32m"true"[39m
          [33mclass[39m=[32m"w-2 h-2 bg-green-500 rounded-full mr-2"[39m
          [33mrole[39m=[32m"presentation"[39m
        [36m/>[39m
        [0mAfter Treatment[0m
      [36m</h4>[39m
      [36m<p[39m
        [33maria-labelledby[39m=[32m"after-treatment-analysis-Aluminum 6061-T6-1759343130183"[39m
        [33mclass[39m=[32m"text-gray-600 dark:text-gray-400 text-sm leading-relaxed"[39m
      [36m>[39m
        [0mClean, smooth surface with improved thermal and electrical properties for optimal performance[0m
      [36m</p>[39m
    [36m</section>[39m

    (If this is intentional, then use the `*AllBy*` variant of the query (like `queryAllByText`, `getAllByText`, or `findAllByText`)).

    Ignored nodes: comments, script, style
    [36m<body>[39m
      [36m<div>[39m
        [36m<section[39m
          [33maria-describedby[39m=[32m"caption-desc-analysis-Aluminum 6061-T6-1759343130183 caption-announcements-analysis-Aluminum 6061-T6-1759343130183"[39m
          [33maria-label[39m=[32m"Surface analysis section for Aluminum 6061-T6 laser cleaning treatment"[39m
          [33mclass[39m=[32m"enhanced-seo-caption "[39m
          [33mid[39m=[32m"caption-section-analysis-Aluminum 6061-T6-1759343130183"[39m
          [33mitemscope[39m=[32m""[39m
          [33mitemtype[39m=[32m"https://schema.org/TechArticle"[39m
          [33mrole[39m=[32m"region"[39m
          [33mtabindex[39m=[32m"0"[39m
        [36m>[39m
          [36m<div[39m
            [33maria-atomic[39m=[32m"true"[39m
            [33maria-live[39m=[32m"polite"[39m
            [33mclass[39m=[32m"sr-only"[39m
            [33mid[39m=[32m"caption-announcements-analysis-Aluminum 6061-T6-1759343130183"[39m
            [33mrole[39m=[32m"status"[39m
          [36m/>[39m
          [36m<div[39m
            [33mclass[39m=[32m"sr-only"[39m
            [33mid[39m=[32m"caption-desc-analysis-Aluminum 6061-T6-1759343130183"[39m
          [36m>[39m
            [0mInteractive Aluminum 6061-T6 laser cleaning analysis with quality metrics overlay and before/after comparison. Use arrow keys to navigate metrics, Enter to toggle expansion, Escape to return focus.[0m
          [36m</div>[39m
          [36m<div[39m
            [33mclass[39m=[32m"mb-8"[39m
          [36m>[39m
            [36m<header>[39m
              [36m<header[39m
                [33maria-labelledby[39m=[32m"section-header-material-properties---aluminum-lfxcx"[39m
                [33mclass[39m=[32m"header-wrapper w-full "[39m
                [33mdata-header-level[39m=[32m"section"[39m
                [33mdata-priority[39m=[32m"medium"[39m
                [33mdata-search-keywords[39m=[32m""[39m
              [36m>[39m
                [36m<h2[39m
                  [33maria-level[39m=[32m"2"[39m
                  [33mclass[39m=[32m"font-semibold text-white transition-all duration-200 ease-in-out focus:outline-none focus:ring-2 focus:ring-blue-500 focus:ring-offset-2 focus:ring-offset-gray-900 text-2xl font-bold mb-4 text-gray-100 text-left priority-medium text-xl font-bold text-white mb-4"[39m
                  [33mdata-testid[39m=[32m"header-section"[39m
                  [33mid[39m=[32m"section-header-material-properties---aluminum-lfxcx"[39m
                  [33mrole[39m=[32m"heading"[39m
                  [33mtabindex[39m=[32m"-1"[39m
                [36m>[39m
                  [0mMaterial Properties - Aluminum 6061-T6[0m
                [36m</h2>[39m
              [36m</header>[39m
            [36m</header>[39m
            [36m<figure[39m
              [33maria-describedby[39m=[32m"caption-image-analysis-Aluminum 6061-T6-1759343130183"[39m
              [33maria-labelledby[39m=[32m"caption-title-analysis-Aluminum 6061-T6-1759343130183"[39m
              [33mclass[39m=[32m"caption-container"[39m
              [33mitemscope[39m=[32m""[39m
              [33mitemtype[39m=[32m"https://schema.org/ImageObject"[39m
              [33mrole[39m=[32m"img"[39m
            [36m>[39m
              [36m<div[39m
                [33mclass[39m=[32m"sr-only"[39m
                [33mid[39m=[32m"caption-image-analysis-Aluminum 6061-T6-1759343130183"[39m
              [36m>[39m
                [0mNo image available for Aluminum 6061-T6 surface analysis[0m
              [36m</div>[39m
              [36m<div[39m
                [33maria-label[39m=[32m"No surface analysis image available"[39m
                [33mclass[39m=[32m"w-full h-[300px] md:h-[400px] flex items-center justify-center bg-gray-600 rounded-lg"[39m
              [36m>[39m
                [36m<img[39m
                  [33malt[39m=[32m"Z-Beam company logo"[39m
                  [33mclass[39m=[32m"opacity-30 object-contain"[39m
                  [33mheight[39m=[32m"72"[39m
                  [33msrc[39m=[32m"/images/Site/Logo/logo_.png"[39m
                  [33mwidth[39m=[32m"120"[39m
                [36m/>[39m
              [36m</div>[39m
              [36m<figcaption[39m
                [33maria-labelledby[39m=[32m"caption-title-analysis-Aluminum 6061-T6-1759343130183"[39m
                [33mclass[39m=[32m"mt-4 pb-4 mb-2 text-sm max-w-none"[39m
                [33mrole[39m=[32m"group"[39m
              [36m>[39m
                [36m<div[39m
                  [33maria-label[39m=[32m"Before and after treatment comparison"[39m
                  [33mclass[39m=[32m"grid grid-cols-1 md:grid-cols-2 gap-4"[39m
                  [33mrole[39m=[32m"group"[39m
                [36m>[39m
                  [36m<section[39m
                    [33maria-labelledby[39m=[32m"before-treatment-analysis-Aluminum 6061-T6-1759343130183"[39m
                    [33mclass[39m=[32m"px-2"[39m
                    [33mrole[39m=[32m"region"[39m
                  [36m>[39m
                    [36m<h4[39m
                      [33maria-level[39m=[32m"4"[39m
                      [33mclass[39m=[32m"text-base font-semibold text-gray-900 dark:text-gray-100 mb-2 flex items-center"[39m
                      [33mid[39m=[32m"before-treatment-analysis-Aluminum 6061-T6-1759343130183"[39m
                      [33mrole[39m=[32m"heading"[39m
                    [36m>[39m
                      [36m<span[39m
                        [33maria-hidden[39m=[32m"true"[39m
                        [33mclass[39m=[32m"w-2 h-2 bg-red-500 rounded-full mr-2"[39m
                        [33mrole[39m=[32m"presentation"[39m
                      [36m/>[39m
                      [0mBefore Treatment[0m
                    [36m</h4>[39m
                    [36m<p[39m
                      [33maria-labelledby[39m=[32m"before-treatment-analysis-Aluminum 6061-T6-1759343130183"[39m
                      [33mclass[39m=[32m"text-gray-600 dark:text-gray-400 text-sm leading-relaxed mb-4 md:mb-0"[39m
                    [36m>[39m
                      [0mSurface shows oxidation, contamination, and roughness from manufacturing processes[0m
                    [36m</p>[39m
                  [36m</section>[39m
                  [36m<section[39m
                    [33maria-labelledby[39m=[32m"after-treatment-analysis-Aluminum 6061-T6-1759343130183"[39m
                    [33mclass[39m=[32m"px-2"[39m
                    [33mrole[39m=[32m"region"[39m
                  [36m>[39m
                    [36m<h4[39m
                      [33maria-level[39m=[32m"4"[39m
                      [33mclass[39m=[32m"text-base font-semibold text-gray-900 dark:text-gray-100 mb-2 flex items-center"[39m
                      [33mid[39m=[32m"after-treatment-analysis-Aluminum 6061-T6-1759343130183"[39m
                      [33mrole[39m=[32m"heading"[39m
                    [36m>[39m
                      [36m<span[39m
                        [33maria-hidden[39m=[32m"true"[39m
                        [33mclass[39m=[32m"w-2 h-2 bg-green-500 rounded-full mr-2"[39m
                        [33mrole[39m=[32m"presentation"[39m
                      [36m/>[39m
                      [0mAfter Treatment[0m
                    [36m</h4>[39m
                    [36m<p[39m
                      [33maria-labelledby[39m=[32m"after-treatment-analysis-Aluminum 6061-T6-1759343130183"[39m
                      [33mclass[39m=[32m"text-gray-600 dark:text-gray-400 text-sm leading-relaxed"[39m
                    [36m>[39m
                      [0mClean, smooth surface with improved thermal and electrical properties for optimal performance[0m
                    [36m</p>[39m
                  [36m</section>[39m
                [36m</div>[39m
              [36m</figcaption>[39m
            [36m</figure>[39m
          [36m</div>[39m
        [36m</section>[39m
      [36m</div>[39m
    [36m</body>[39m

      26 |       
      27 |       // Main container is semantic section with region role
    > 28 |       const mainSection = screen.getByRole('region');
         |                                  ^
      29 |       expect(mainSection.tagName).toBe('SECTION');
      30 |       expect(mainSection).toHaveAttribute('aria-labelledby');
      31 |       expect(mainSection).toHaveAttribute('aria-describedby');

      at Object.getElementError (node_modules/@testing-library/dom/dist/config.js:37:19)
      at getElementError (node_modules/@testing-library/dom/dist/query-helpers.js:20:35)
      at getMultipleElementsFoundError (node_modules/@testing-library/dom/dist/query-helpers.js:23:10)
      at node_modules/@testing-library/dom/dist/query-helpers.js:55:13
      at node_modules/@testing-library/dom/dist/query-helpers.js:95:19
      at Object.getByRole (tests/accessibility/Caption.comprehensive.test.tsx:28:34)

  ● Caption Comprehensive Accessibility › WCAG 2.1 AA Compliance › implements comprehensive ARIA attributes

    TestingLibraryElementError: Found multiple elements with the role "region"

    Here are the matching elements:

    Ignored nodes: comments, script, style
    [36m<section[39m
      [33maria-describedby[39m=[32m"caption-desc-analysis-Aluminum 6061-T6-1759343130487 caption-announcements-analysis-Aluminum 6061-T6-1759343130487"[39m
      [33maria-label[39m=[32m"Surface analysis section for Aluminum 6061-T6 laser cleaning treatment"[39m
      [33mclass[39m=[32m"enhanced-seo-caption "[39m
      [33mid[39m=[32m"caption-section-analysis-Aluminum 6061-T6-1759343130487"[39m
      [33mitemscope[39m=[32m""[39m
      [33mitemtype[39m=[32m"https://schema.org/TechArticle"[39m
      [33mrole[39m=[32m"region"[39m
      [33mtabindex[39m=[32m"0"[39m
    [36m>[39m
      [36m<div[39m
        [33maria-atomic[39m=[32m"true"[39m
        [33maria-live[39m=[32m"polite"[39m
        [33mclass[39m=[32m"sr-only"[39m
        [33mid[39m=[32m"caption-announcements-analysis-Aluminum 6061-T6-1759343130487"[39m
        [33mrole[39m=[32m"status"[39m
      [36m/>[39m
      [36m<div[39m
        [33mclass[39m=[32m"sr-only"[39m
        [33mid[39m=[32m"caption-desc-analysis-Aluminum 6061-T6-1759343130487"[39m
      [36m>[39m
        [0mInteractive Aluminum 6061-T6 laser cleaning analysis with quality metrics overlay and before/after comparison. Use arrow keys to navigate metrics, Enter to toggle expansion, Escape to return focus.[0m
      [36m</div>[39m
      [36m<div[39m
        [33mclass[39m=[32m"mb-8"[39m
      [36m>[39m
        [36m<header>[39m
          [36m<header[39m
            [33maria-labelledby[39m=[32m"section-header-material-properties---aluminum-lfxcx"[39m
            [33mclass[39m=[32m"header-wrapper w-full "[39m
            [33mdata-header-level[39m=[32m"section"[39m
            [33mdata-priority[39m=[32m"medium"[39m
            [33mdata-search-keywords[39m=[32m""[39m
          [36m>[39m
            [36m<h2[39m
              [33maria-level[39m=[32m"2"[39m
              [33mclass[39m=[32m"font-semibold text-white transition-all duration-200 ease-in-out focus:outline-none focus:ring-2 focus:ring-blue-500 focus:ring-offset-2 focus:ring-offset-gray-900 text-2xl font-bold mb-4 text-gray-100 text-left priority-medium text-xl font-bold text-white mb-4"[39m
              [33mdata-testid[39m=[32m"header-section"[39m
              [33mid[39m=[32m"section-header-material-properties---aluminum-lfxcx"[39m
              [33mrole[39m=[32m"heading"[39m
              [33mtabindex[39m=[32m"-1"[39m
            [36m>[39m
              [0mMaterial Properties - Aluminum 6061-T6[0m
            [36m</h2>[39m
          [36m</header>[39m
        [36m</header>[39m
        [36m<figure[39m
          [33maria-describedby[39m=[32m"caption-image-analysis-Aluminum 6061-T6-1759343130487"[39m
          [33maria-labelledby[39m=[32m"caption-title-analysis-Aluminum 6061-T6-1759343130487"[39m
          [33mclass[39m=[32m"caption-container"[39m
          [33mitemscope[39m=[32m""[39m
          [33mitemtype[39m=[32m"https://schema.org/ImageObject"[39m
          [33mrole[39m=[32m"img"[39m
        [36m>[39m
          [36m<div[39m
            [33mclass[39m=[32m"sr-only"[39m
            [33mid[39m=[32m"caption-image-analysis-Aluminum 6061-T6-1759343130487"[39m
          [36m>[39m
            [0mNo image available for Aluminum 6061-T6 surface analysis[0m
          [36m</div>[39m
          [36m<div[39m
            [33maria-label[39m=[32m"No surface analysis image available"[39m
            [33mclass[39m=[32m"w-full h-[300px] md:h-[400px] flex items-center justify-center bg-gray-600 rounded-lg"[39m
          [36m>[39m
            [36m<img[39m
              [33malt[39m=[32m"Z-Beam company logo"[39m
              [33mclass[39m=[32m"opacity-30 object-contain"[39m
              [33mheight[39m=[32m"72"[39m
              [33msrc[39m=[32m"/images/Site/Logo/logo_.png"[39m
              [33mwidth[39m=[32m"120"[39m
            [36m/>[39m
          [36m</div>[39m
          [36m<figcaption[39m
            [33maria-labelledby[39m=[32m"caption-title-analysis-Aluminum 6061-T6-1759343130487"[39m
            [33mclass[39m=[32m"mt-4 pb-4 mb-2 text-sm max-w-none"[39m
            [33mrole[39m=[32m"group"[39m
          [36m>[39m
            [36m<div[39m
              [33maria-label[39m=[32m"Before and after treatment comparison"[39m
              [33mclass[39m=[32m"grid grid-cols-1 md:grid-cols-2 gap-4"[39m
              [33mrole[39m=[32m"group"[39m
            [36m>[39m
              [36m<section[39m
                [33maria-labelledby[39m=[32m"before-treatment-analysis-Aluminum 6061-T6-1759343130487"[39m
                [33mclass[39m=[32m"px-2"[39m
                [33mrole[39m=[32m"region"[39m
              [36m>[39m
                [36m<h4[39m
                  [33maria-level[39m=[32m"4"[39m
                  [33mclass[39m=[32m"text-base font-semibold text-gray-900 dark:text-gray-100 mb-2 flex items-center"[39m
                  [33mid[39m=[32m"before-treatment-analysis-Aluminum 6061-T6-1759343130487"[39m
                  [33mrole[39m=[32m"heading"[39m
                [36m>[39m
                  [36m<span[39m
                    [33maria-hidden[39m=[32m"true"[39m
                    [33mclass[39m=[32m"w-2 h-2 bg-red-500 rounded-full mr-2"[39m
                    [33mrole[39m=[32m"presentation"[39m
                  [36m/>[39m
                  [0mBefore Treatment[0m
                [36m</h4>[39m
                [36m<p[39m
                  [33maria-labelledby[39m=[32m"before-treatment-analysis-Aluminum 6061-T6-1759343130487"[39m
                  [33mclass[39m=[32m"text-gray-600 dark:text-gray-400 text-sm leading-relaxed mb-4 md:mb-0"[39m
                [36m>[39m
                  [0mSurface shows oxidation, contamination, and roughness from manufacturing processes[0m
                [36m</p>[39m
              [36m</section>[39m
              [36m<section[39m
                [33maria-labelledby[39m=[32m"after-treatment-analysis-Aluminum 6061-T6-1759343130487"[39m
                [33mclass[39m=[32m"px-2"[39m
                [33mrole[39m=[32m"region"[39m
              [36m>[39m
                [36m<h4[39m
                  [33maria-level[39m=[32m"4"[39m
                  [33mclass[39m=[32m"text-base font-semibold text-gray-900 dark:text-gray-100 mb-2 flex items-center"[39m
                  [33mid[39m=[32m"after-treatment-analysis-Aluminum 6061-T6-1759343130487"[39m
                  [33mrole[39m=[32m"heading"[39m
                [36m>[39m
                  [36m<span[39m
                    [33maria-hidden[39m=[32m"true"[39m
                    [33mclass[39m=[32m"w-2 h-2 bg-green-500 rounded-full mr-2"[39m
                    [33mrole[39m=[32m"presentation"[39m
                  [36m/>[39m
                  [0mAfter Treatment[0m
                [36m</h4>[39m
                [36m<p[39m
                  [33maria-labelledby[39m=[32m"after-treatment-analysis-Aluminum 6061-T6-1759343130487"[39m
                  [33mclass[39m=[32m"text-gray-600 dark:text-gray-400 text-sm leading-relaxed"[39m
                [36m>[39m
                  [0mClean, smooth surface with improved thermal and electrical properties for optimal performance[0m
                [36m</p>[39m
              [36m</section>[39m
            [36m</div>[39m
          [36m</figcaption>[39m
        [36m</figure>[39m
      [36m</div>[39m
    [36m</section>[39m

    Ignored nodes: comments, script, style
    [36m<section[39m
      [33maria-labelledby[39m=[32m"before-treatment-analysis-Aluminum 6061-T6-1759343130487"[39m
      [33mclass[39m=[32m"px-2"[39m
      [33mrole[39m=[32m"region"[39m
    [36m>[39m
      [36m<h4[39m
        [33maria-level[39m=[32m"4"[39m
        [33mclass[39m=[32m"text-base font-semibold text-gray-900 dark:text-gray-100 mb-2 flex items-center"[39m
        [33mid[39m=[32m"before-treatment-analysis-Aluminum 6061-T6-1759343130487"[39m
        [33mrole[39m=[32m"heading"[39m
      [36m>[39m
        [36m<span[39m
          [33maria-hidden[39m=[32m"true"[39m
          [33mclass[39m=[32m"w-2 h-2 bg-red-500 rounded-full mr-2"[39m
          [33mrole[39m=[32m"presentation"[39m
        [36m/>[39m
        [0mBefore Treatment[0m
      [36m</h4>[39m
      [36m<p[39m
        [33maria-labelledby[39m=[32m"before-treatment-analysis-Aluminum 6061-T6-1759343130487"[39m
        [33mclass[39m=[32m"text-gray-600 dark:text-gray-400 text-sm leading-relaxed mb-4 md:mb-0"[39m
      [36m>[39m
        [0mSurface shows oxidation, contamination, and roughness from manufacturing processes[0m
      [36m</p>[39m
    [36m</section>[39m

    Ignored nodes: comments, script, style
    [36m<section[39m
      [33maria-labelledby[39m=[32m"after-treatment-analysis-Aluminum 6061-T6-1759343130487"[39m
      [33mclass[39m=[32m"px-2"[39m
      [33mrole[39m=[32m"region"[39m
    [36m>[39m
      [36m<h4[39m
        [33maria-level[39m=[32m"4"[39m
        [33mclass[39m=[32m"text-base font-semibold text-gray-900 dark:text-gray-100 mb-2 flex items-center"[39m
        [33mid[39m=[32m"after-treatment-analysis-Aluminum 6061-T6-1759343130487"[39m
        [33mrole[39m=[32m"heading"[39m
      [36m>[39m
        [36m<span[39m
          [33maria-hidden[39m=[32m"true"[39m
          [33mclass[39m=[32m"w-2 h-2 bg-green-500 rounded-full mr-2"[39m
          [33mrole[39m=[32m"presentation"[39m
        [36m/>[39m
        [0mAfter Treatment[0m
      [36m</h4>[39m
      [36m<p[39m
        [33maria-labelledby[39m=[32m"after-treatment-analysis-Aluminum 6061-T6-1759343130487"[39m
        [33mclass[39m=[32m"text-gray-600 dark:text-gray-400 text-sm leading-relaxed"[39m
      [36m>[39m
        [0mClean, smooth surface with improved thermal and electrical properties for optimal performance[0m
      [36m</p>[39m
    [36m</section>[39m

    (If this is intentional, then use the `*AllBy*` variant of the query (like `queryAllByText`, `getAllByText`, or `findAllByText`)).

    Ignored nodes: comments, script, style
    [36m<body>[39m
      [36m<div>[39m
        [36m<section[39m
          [33maria-describedby[39m=[32m"caption-desc-analysis-Aluminum 6061-T6-1759343130487 caption-announcements-analysis-Aluminum 6061-T6-1759343130487"[39m
          [33maria-label[39m=[32m"Surface analysis section for Aluminum 6061-T6 laser cleaning treatment"[39m
          [33mclass[39m=[32m"enhanced-seo-caption "[39m
          [33mid[39m=[32m"caption-section-analysis-Aluminum 6061-T6-1759343130487"[39m
          [33mitemscope[39m=[32m""[39m
          [33mitemtype[39m=[32m"https://schema.org/TechArticle"[39m
          [33mrole[39m=[32m"region"[39m
          [33mtabindex[39m=[32m"0"[39m
        [36m>[39m
          [36m<div[39m
            [33maria-atomic[39m=[32m"true"[39m
            [33maria-live[39m=[32m"polite"[39m
            [33mclass[39m=[32m"sr-only"[39m
            [33mid[39m=[32m"caption-announcements-analysis-Aluminum 6061-T6-1759343130487"[39m
            [33mrole[39m=[32m"status"[39m
          [36m/>[39m
          [36m<div[39m
            [33mclass[39m=[32m"sr-only"[39m
            [33mid[39m=[32m"caption-desc-analysis-Aluminum 6061-T6-1759343130487"[39m
          [36m>[39m
            [0mInteractive Aluminum 6061-T6 laser cleaning analysis with quality metrics overlay and before/after comparison. Use arrow keys to navigate metrics, Enter to toggle expansion, Escape to return focus.[0m
          [36m</div>[39m
          [36m<div[39m
            [33mclass[39m=[32m"mb-8"[39m
          [36m>[39m
            [36m<header>[39m
              [36m<header[39m
                [33maria-labelledby[39m=[32m"section-header-material-properties---aluminum-lfxcx"[39m
                [33mclass[39m=[32m"header-wrapper w-full "[39m
                [33mdata-header-level[39m=[32m"section"[39m
                [33mdata-priority[39m=[32m"medium"[39m
                [33mdata-search-keywords[39m=[32m""[39m
              [36m>[39m
                [36m<h2[39m
                  [33maria-level[39m=[32m"2"[39m
                  [33mclass[39m=[32m"font-semibold text-white transition-all duration-200 ease-in-out focus:outline-none focus:ring-2 focus:ring-blue-500 focus:ring-offset-2 focus:ring-offset-gray-900 text-2xl font-bold mb-4 text-gray-100 text-left priority-medium text-xl font-bold text-white mb-4"[39m
                  [33mdata-testid[39m=[32m"header-section"[39m
                  [33mid[39m=[32m"section-header-material-properties---aluminum-lfxcx"[39m
                  [33mrole[39m=[32m"heading"[39m
                  [33mtabindex[39m=[32m"-1"[39m
                [36m>[39m
                  [0mMaterial Properties - Aluminum 6061-T6[0m
                [36m</h2>[39m
              [36m</header>[39m
            [36m</header>[39m
            [36m<figure[39m
              [33maria-describedby[39m=[32m"caption-image-analysis-Aluminum 6061-T6-1759343130487"[39m
              [33maria-labelledby[39m=[32m"caption-title-analysis-Aluminum 6061-T6-1759343130487"[39m
              [33mclass[39m=[32m"caption-container"[39m
              [33mitemscope[39m=[32m""[39m
              [33mitemtype[39m=[32m"https://schema.org/ImageObject"[39m
              [33mrole[39m=[32m"img"[39m
            [36m>[39m
              [36m<div[39m
                [33mclass[39m=[32m"sr-only"[39m
                [33mid[39m=[32m"caption-image-analysis-Aluminum 6061-T6-1759343130487"[39m
              [36m>[39m
                [0mNo image available for Aluminum 6061-T6 surface analysis[0m
              [36m</div>[39m
              [36m<div[39m
                [33maria-label[39m=[32m"No surface analysis image available"[39m
                [33mclass[39m=[32m"w-full h-[300px] md:h-[400px] flex items-center justify-center bg-gray-600 rounded-lg"[39m
              [36m>[39m
                [36m<img[39m
                  [33malt[39m=[32m"Z-Beam company logo"[39m
                  [33mclass[39m=[32m"opacity-30 object-contain"[39m
                  [33mheight[39m=[32m"72"[39m
                  [33msrc[39m=[32m"/images/Site/Logo/logo_.png"[39m
                  [33mwidth[39m=[32m"120"[39m
                [36m/>[39m
              [36m</div>[39m
              [36m<figcaption[39m
                [33maria-labelledby[39m=[32m"caption-title-analysis-Aluminum 6061-T6-1759343130487"[39m
                [33mclass[39m=[32m"mt-4 pb-4 mb-2 text-sm max-w-none"[39m
                [33mrole[39m=[32m"group"[39m
              [36m>[39m
                [36m<div[39m
                  [33maria-label[39m=[32m"Before and after treatment comparison"[39m
                  [33mclass[39m=[32m"grid grid-cols-1 md:grid-cols-2 gap-4"[39m
                  [33mrole[39m=[32m"group"[39m
                [36m>[39m
                  [36m<section[39m
                    [33maria-labelledby[39m=[32m"before-treatment-analysis-Aluminum 6061-T6-1759343130487"[39m
                    [33mclass[39m=[32m"px-2"[39m
                    [33mrole[39m=[32m"region"[39m
                  [36m>[39m
                    [36m<h4[39m
                      [33maria-level[39m=[32m"4"[39m
                      [33mclass[39m=[32m"text-base font-semibold text-gray-900 dark:text-gray-100 mb-2 flex items-center"[39m
                      [33mid[39m=[32m"before-treatment-analysis-Aluminum 6061-T6-1759343130487"[39m
                      [33mrole[39m=[32m"heading"[39m
                    [36m>[39m
                      [36m<span[39m
                        [33maria-hidden[39m=[32m"true"[39m
                        [33mclass[39m=[32m"w-2 h-2 bg-red-500 rounded-full mr-2"[39m
                        [33mrole[39m=[32m"presentation"[39m
                      [36m/>[39m
                      [0mBefore Treatment[0m
                    [36m</h4>[39m
                    [36m<p[39m
                      [33maria-labelledby[39m=[32m"before-treatment-analysis-Aluminum 6061-T6-1759343130487"[39m
                      [33mclass[39m=[32m"text-gray-600 dark:text-gray-400 text-sm leading-relaxed mb-4 md:mb-0"[39m
                    [36m>[39m
                      [0mSurface shows oxidation, contamination, and roughness from manufacturing processes[0m
                    [36m</p>[39m
                  [36m</section>[39m
                  [36m<section[39m
                    [33maria-labelledby[39m=[32m"after-treatment-analysis-Aluminum 6061-T6-1759343130487"[39m
                    [33mclass[39m=[32m"px-2"[39m
                    [33mrole[39m=[32m"region"[39m
                  [36m>[39m
                    [36m<h4[39m
                      [33maria-level[39m=[32m"4"[39m
                      [33mclass[39m=[32m"text-base font-semibold text-gray-900 dark:text-gray-100 mb-2 flex items-center"[39m
                      [33mid[39m=[32m"after-treatment-analysis-Aluminum 6061-T6-1759343130487"[39m
                      [33mrole[39m=[32m"heading"[39m
                    [36m>[39m
                      [36m<span[39m
                        [33maria-hidden[39m=[32m"true"[39m
                        [33mclass[39m=[32m"w-2 h-2 bg-green-500 rounded-full mr-2"[39m
                        [33mrole[39m=[32m"presentation"[39m
                      [36m/>[39m
                      [0mAfter Treatment[0m
                    [36m</h4>[39m
                    [36m<p[39m
                      [33maria-labelledby[39m=[32m"after-treatment-analysis-Aluminum 6061-T6-1759343130487"[39m
                      [33mclass[39m=[32m"text-gray-600 dark:text-gray-400 text-sm leading-relaxed"[39m
                    [36m>[39m
                      [0mClean, smooth surface with improved thermal and electrical properties for optimal performance[0m
                    [36m</p>[39m
                  [36m</section>[39m
                [36m</div>[39m
              [36m</figcaption>[39m
            [36m</figure>[39m
          [36m</div>[39m
        [36m</section>[39m
      [36m</div>[39m
    [36m</body>[39m

      51 |       
      52 |       // Main section has complete ARIA labeling
    > 53 |       const mainSection = screen.getByRole('region');
         |                                  ^
      54 |       expect(mainSection).toHaveAttribute('aria-labelledby');
      55 |       expect(mainSection).toHaveAttribute('aria-describedby');
      56 |       expect(mainSection).toHaveAttribute('tabindex', '0');

      at Object.getElementError (node_modules/@testing-library/dom/dist/config.js:37:19)
      at getElementError (node_modules/@testing-library/dom/dist/query-helpers.js:20:35)
      at getMultipleElementsFoundError (node_modules/@testing-library/dom/dist/query-helpers.js:23:10)
      at node_modules/@testing-library/dom/dist/query-helpers.js:55:13
      at node_modules/@testing-library/dom/dist/query-helpers.js:95:19
      at Object.getByRole (tests/accessibility/Caption.comprehensive.test.tsx:53:34)

  ● Caption Comprehensive Accessibility › WCAG 2.1 AA Compliance › provides comprehensive screen reader descriptions

    TestingLibraryElementError: Unable to find an element with the text: /Surface analysis for Aluminum 6061-T6/. This could be because the text is broken up by multiple elements. In this case, you can provide a function for your text matcher to make your matcher more flexible.

    Ignored nodes: comments, script, style
    [36m<body>[39m
      [36m<div>[39m
        [36m<section[39m
          [33maria-describedby[39m=[32m"caption-desc-analysis-Aluminum 6061-T6-1759343130518 caption-announcements-analysis-Aluminum 6061-T6-1759343130518"[39m
          [33maria-label[39m=[32m"Surface analysis section for Aluminum 6061-T6 laser cleaning treatment"[39m
          [33mclass[39m=[32m"enhanced-seo-caption "[39m
          [33mid[39m=[32m"caption-section-analysis-Aluminum 6061-T6-1759343130518"[39m
          [33mitemscope[39m=[32m""[39m
          [33mitemtype[39m=[32m"https://schema.org/TechArticle"[39m
          [33mrole[39m=[32m"region"[39m
          [33mtabindex[39m=[32m"0"[39m
        [36m>[39m
          [36m<div[39m
            [33maria-atomic[39m=[32m"true"[39m
            [33maria-live[39m=[32m"polite"[39m
            [33mclass[39m=[32m"sr-only"[39m
            [33mid[39m=[32m"caption-announcements-analysis-Aluminum 6061-T6-1759343130518"[39m
            [33mrole[39m=[32m"status"[39m
          [36m/>[39m
          [36m<div[39m
            [33mclass[39m=[32m"sr-only"[39m
            [33mid[39m=[32m"caption-desc-analysis-Aluminum 6061-T6-1759343130518"[39m
          [36m>[39m
            [0mInteractive Aluminum 6061-T6 laser cleaning analysis with quality metrics overlay and before/after comparison. Use arrow keys to navigate metrics, Enter to toggle expansion, Escape to return focus.[0m
          [36m</div>[39m
          [36m<div[39m
            [33mclass[39m=[32m"mb-8"[39m
          [36m>[39m
            [36m<header>[39m
              [36m<header[39m
                [33maria-labelledby[39m=[32m"section-header-material-properties---aluminum-lfxcx"[39m
                [33mclass[39m=[32m"header-wrapper w-full "[39m
                [33mdata-header-level[39m=[32m"section"[39m
                [33mdata-priority[39m=[32m"medium"[39m
                [33mdata-search-keywords[39m=[32m""[39m
              [36m>[39m
                [36m<h2[39m
                  [33maria-level[39m=[32m"2"[39m
                  [33mclass[39m=[32m"font-semibold text-white transition-all duration-200 ease-in-out focus:outline-none focus:ring-2 focus:ring-blue-500 focus:ring-offset-2 focus:ring-offset-gray-900 text-2xl font-bold mb-4 text-gray-100 text-left priority-medium text-xl font-bold text-white mb-4"[39m
                  [33mdata-testid[39m=[32m"header-section"[39m
                  [33mid[39m=[32m"section-header-material-properties---aluminum-lfxcx"[39m
                  [33mrole[39m=[32m"heading"[39m
                  [33mtabindex[39m=[32m"-1"[39m
                [36m>[39m
                  [0mMaterial Properties - Aluminum 6061-T6[0m
                [36m</h2>[39m
              [36m</header>[39m
            [36m</header>[39m
            [36m<figure[39m
              [33maria-describedby[39m=[32m"caption-image-analysis-Aluminum 6061-T6-1759343130518"[39m
              [33maria-labelledby[39m=[32m"caption-title-analysis-Aluminum 6061-T6-1759343130518"[39m
              [33mclass[39m=[32m"caption-container"[39m
              [33mitemscope[39m=[32m""[39m
              [33mitemtype[39m=[32m"https://schema.org/ImageObject"[39m
              [33mrole[39m=[32m"img"[39m
            [36m>[39m
              [36m<div[39m
                [33mclass[39m=[32m"sr-only"[39m
                [33mid[39m=[32m"caption-image-analysis-Aluminum 6061-T6-1759343130518"[39m
              [36m>[39m
                [0mNo image available for Aluminum 6061-T6 surface analysis[0m
              [36m</div>[39m
              [36m<div[39m
                [33maria-label[39m=[32m"No surface analysis image available"[39m
                [33mclass[39m=[32m"w-full h-[300px] md:h-[400px] flex items-center justify-center bg-gray-600 rounded-lg"[39m
              [36m>[39m
                [36m<img[39m
                  [33malt[39m=[32m"Z-Beam company logo"[39m
                  [33mclass[39m=[32m"opacity-30 object-contain"[39m
                  [33mheight[39m=[32m"72"[39m
                  [33msrc[39m=[32m"/images/Site/Logo/logo_.png"[39m
                  [33mwidth[39m=[32m"120"[39m
                [36m/>[39m
              [36m</div>[39m
              [36m<figcaption[39m
                [33maria-labelledby[39m=[32m"caption-title-analysis-Aluminum 6061-T6-1759343130518"[39m
                [33mclass[39m=[32m"mt-4 pb-4 mb-2 text-sm max-w-none"[39m
                [33mrole[39m=[32m"group"[39m
              [36m>[39m
                [36m<div[39m
                  [33maria-label[39m=[32m"Before and after treatment comparison"[39m
                  [33mclass[39m=[32m"grid grid-cols-1 md:grid-cols-2 gap-4"[39m
                  [33mrole[39m=[32m"group"[39m
                [36m>[39m
                  [36m<section[39m
                    [33maria-labelledby[39m=[32m"before-treatment-analysis-Aluminum 6061-T6-1759343130518"[39m
                    [33mclass[39m=[32m"px-2"[39m
                    [33mrole[39m=[32m"region"[39m
                  [36m>[39m
                    [36m<h4[39m
                      [33maria-level[39m=[32m"4"[39m
                      [33mclass[39m=[32m"text-base font-semibold text-gray-900 dark:text-gray-100 mb-2 flex items-center"[39m
                      [33mid[39m=[32m"before-treatment-analysis-Aluminum 6061-T6-1759343130518"[39m
                      [33mrole[39m=[32m"heading"[39m
                    [36m>[39m
                      [36m<span[39m
                        [33maria-hidden[39m=[32m"true"[39m
                        [33mclass[39m=[32m"w-2 h-2 bg-red-500 rounded-full mr-2"[39m
                        [33mrole[39m=[32m"presentation"[39m
                      [36m/>[39m
                      [0mBefore Treatment[0m
                    [36m</h4>[39m
                    [36m<p[39m
                      [33maria-labelledby[39m=[32m"before-treatment-analysis-Aluminum 6061-T6-1759343130518"[39m
                      [33mclass[39m=[32m"text-gray-600 dark:text-gray-400 text-sm leading-relaxed mb-4 md:mb-0"[39m
                    [36m>[39m
                      [0mSurface shows oxidation, contamination, and roughness from manufacturing processes[0m
                    [36m</p>[39m
                  [36m</section>[39m
                  [36m<section[39m
                    [33maria-labelledby[39m=[32m"after-treatment-analysis-Aluminum 6061-T6-1759343130518"[39m
                    [33mclass[39m=[32m"px-2"[39m
                    [33mrole[39m=[32m"region"[39m
                  [36m>[39m
                    [36m<h4[39m
                      [33maria-level[39m=[32m"4"[39m
                      [33mclass[39m=[32m"text-base font-semibold text-gray-900 dark:text-gray-100 mb-2 flex items-center"[39m
                      [33mid[39m=[32m"after-treatment-analysis-Aluminum 6061-T6-1759343130518"[39m
                      [33mrole[39m=[32m"heading"[39m
                    [36m>[39m
                      [36m<span[39m
                        [33maria-hidden[39m=[32m"true"[39m
                        [33mclass[39m=[32m"w-2 h-2 bg-green-500 rounded-full mr-2"[39m
                        [33mrole[39m=[32m"presentation"[39m
                      [36m/>[39m
                      [0mAfter Treatment[0m
                    [36m</h4>[39m
                    [36m<p[39m
                      [33maria-labelledby[39m=[32m"after-treatment-analysis-Aluminum 6061-T6-1759343130518"[39m
                      [33mclass[39m=[32m"text-gray-600 dark:text-gray-400 text-sm leading-relaxed"[39m
                    [36m>[39m
                      [0mClean, smooth surface with improved thermal and electrical properties for optimal performance[0m
                    [36m</p>[39m
                  [36m</section>[39m
                [36m</div>[39m
              [36m</figcaption>[39m
            [36m</figure>[39m
          [36m</div>[39m
        [36m</section>[39m
      [36m</div>[39m
    [36m</body>[39m

      78 |       
      79 |       // Main description covers all functionality
    > 80 |       const mainDescription = screen.getByText(/Surface analysis for Aluminum 6061-T6/);
         |                                      ^
      81 |       expect(mainDescription).toHaveClass('sr-only');
      82 |       expect(mainDescription).toHaveTextContent('before and after treatment comparison');
      83 |       expect(mainDescription).toHaveTextContent('interactive quality metrics');

      at Object.getElementError (node_modules/@testing-library/dom/dist/config.js:37:19)
      at node_modules/@testing-library/dom/dist/query-helpers.js:76:38
      at node_modules/@testing-library/dom/dist/query-helpers.js:52:17
      at node_modules/@testing-library/dom/dist/query-helpers.js:95:19
      at Object.getByText (tests/accessibility/Caption.comprehensive.test.tsx:80:38)

  ● Caption Comprehensive Accessibility › Complex Keyboard Navigation › implements complete arrow key navigation pattern

    TestingLibraryElementError: Found multiple elements with the role "region"

    Here are the matching elements:

    Ignored nodes: comments, script, style
    [36m<section[39m
      [33maria-describedby[39m=[32m"caption-desc-analysis-Aluminum 6061-T6-1759343130540 caption-announcements-analysis-Aluminum 6061-T6-1759343130540"[39m
      [33maria-label[39m=[32m"Surface analysis section for Aluminum 6061-T6 laser cleaning treatment"[39m
      [33mclass[39m=[32m"enhanced-seo-caption "[39m
      [33mid[39m=[32m"caption-section-analysis-Aluminum 6061-T6-1759343130540"[39m
      [33mitemscope[39m=[32m""[39m
      [33mitemtype[39m=[32m"https://schema.org/TechArticle"[39m
      [33mrole[39m=[32m"region"[39m
      [33mtabindex[39m=[32m"0"[39m
    [36m>[39m
      [36m<div[39m
        [33maria-atomic[39m=[32m"true"[39m
        [33maria-live[39m=[32m"polite"[39m
        [33mclass[39m=[32m"sr-only"[39m
        [33mid[39m=[32m"caption-announcements-analysis-Aluminum 6061-T6-1759343130540"[39m
        [33mrole[39m=[32m"status"[39m
      [36m/>[39m
      [36m<div[39m
        [33mclass[39m=[32m"sr-only"[39m
        [33mid[39m=[32m"caption-desc-analysis-Aluminum 6061-T6-1759343130540"[39m
      [36m>[39m
        [0mInteractive Aluminum 6061-T6 laser cleaning analysis with quality metrics overlay and before/after comparison. Use arrow keys to navigate metrics, Enter to toggle expansion, Escape to return focus.[0m
      [36m</div>[39m
      [36m<div[39m
        [33mclass[39m=[32m"mb-8"[39m
      [36m>[39m
        [36m<header>[39m
          [36m<header[39m
            [33maria-labelledby[39m=[32m"section-header-material-properties---aluminum-lfxcx"[39m
            [33mclass[39m=[32m"header-wrapper w-full "[39m
            [33mdata-header-level[39m=[32m"section"[39m
            [33mdata-priority[39m=[32m"medium"[39m
            [33mdata-search-keywords[39m=[32m""[39m
          [36m>[39m
            [36m<h2[39m
              [33maria-level[39m=[32m"2"[39m
              [33mclass[39m=[32m"font-semibold text-white transition-all duration-200 ease-in-out focus:outline-none focus:ring-2 focus:ring-blue-500 focus:ring-offset-2 focus:ring-offset-gray-900 text-2xl font-bold mb-4 text-gray-100 text-left priority-medium text-xl font-bold text-white mb-4"[39m
              [33mdata-testid[39m=[32m"header-section"[39m
              [33mid[39m=[32m"section-header-material-properties---aluminum-lfxcx"[39m
              [33mrole[39m=[32m"heading"[39m
              [33mtabindex[39m=[32m"-1"[39m
            [36m>[39m
              [0mMaterial Properties - Aluminum 6061-T6[0m
            [36m</h2>[39m
          [36m</header>[39m
        [36m</header>[39m
        [36m<figure[39m
          [33maria-describedby[39m=[32m"caption-image-analysis-Aluminum 6061-T6-1759343130540"[39m
          [33maria-labelledby[39m=[32m"caption-title-analysis-Aluminum 6061-T6-1759343130540"[39m
          [33mclass[39m=[32m"caption-container"[39m
          [33mitemscope[39m=[32m""[39m
          [33mitemtype[39m=[32m"https://schema.org/ImageObject"[39m
          [33mrole[39m=[32m"img"[39m
        [36m>[39m
          [36m<div[39m
            [33mclass[39m=[32m"sr-only"[39m
            [33mid[39m=[32m"caption-image-analysis-Aluminum 6061-T6-1759343130540"[39m
          [36m>[39m
            [0mNo image available for Aluminum 6061-T6 surface analysis[0m
          [36m</div>[39m
          [36m<div[39m
            [33maria-label[39m=[32m"No surface analysis image available"[39m
            [33mclass[39m=[32m"w-full h-[300px] md:h-[400px] flex items-center justify-center bg-gray-600 rounded-lg"[39m
          [36m>[39m
            [36m<img[39m
              [33malt[39m=[32m"Z-Beam company logo"[39m
              [33mclass[39m=[32m"opacity-30 object-contain"[39m
              [33mheight[39m=[32m"72"[39m
              [33msrc[39m=[32m"/images/Site/Logo/logo_.png"[39m
              [33mwidth[39m=[32m"120"[39m
            [36m/>[39m
          [36m</div>[39m
          [36m<figcaption[39m
            [33maria-labelledby[39m=[32m"caption-title-analysis-Aluminum 6061-T6-1759343130540"[39m
            [33mclass[39m=[32m"mt-4 pb-4 mb-2 text-sm max-w-none"[39m
            [33mrole[39m=[32m"group"[39m
          [36m>[39m
            [36m<div[39m
              [33maria-label[39m=[32m"Before and after treatment comparison"[39m
              [33mclass[39m=[32m"grid grid-cols-1 md:grid-cols-2 gap-4"[39m
              [33mrole[39m=[32m"group"[39m
            [36m>[39m
              [36m<section[39m
                [33maria-labelledby[39m=[32m"before-treatment-analysis-Aluminum 6061-T6-1759343130540"[39m
                [33mclass[39m=[32m"px-2"[39m
                [33mrole[39m=[32m"region"[39m
              [36m>[39m
                [36m<h4[39m
                  [33maria-level[39m=[32m"4"[39m
                  [33mclass[39m=[32m"text-base font-semibold text-gray-900 dark:text-gray-100 mb-2 flex items-center"[39m
                  [33mid[39m=[32m"before-treatment-analysis-Aluminum 6061-T6-1759343130540"[39m
                  [33mrole[39m=[32m"heading"[39m
                [36m>[39m
                  [36m<span[39m
                    [33maria-hidden[39m=[32m"true"[39m
                    [33mclass[39m=[32m"w-2 h-2 bg-red-500 rounded-full mr-2"[39m
                    [33mrole[39m=[32m"presentation"[39m
                  [36m/>[39m
                  [0mBefore Treatment[0m
                [36m</h4>[39m
                [36m<p[39m
                  [33maria-labelledby[39m=[32m"before-treatment-analysis-Aluminum 6061-T6-1759343130540"[39m
                  [33mclass[39m=[32m"text-gray-600 dark:text-gray-400 text-sm leading-relaxed mb-4 md:mb-0"[39m
                [36m>[39m
                  [0mSurface shows oxidation, contamination, and roughness from manufacturing processes[0m
                [36m</p>[39m
              [36m</section>[39m
              [36m<section[39m
                [33maria-labelledby[39m=[32m"after-treatment-analysis-Aluminum 6061-T6-1759343130540"[39m
                [33mclass[39m=[32m"px-2"[39m
                [33mrole[39m=[32m"region"[39m
              [36m>[39m
                [36m<h4[39m
                  [33maria-level[39m=[32m"4"[39m
                  [33mclass[39m=[32m"text-base font-semibold text-gray-900 dark:text-gray-100 mb-2 flex items-center"[39m
                  [33mid[39m=[32m"after-treatment-analysis-Aluminum 6061-T6-1759343130540"[39m
                  [33mrole[39m=[32m"heading"[39m
                [36m>[39m
                  [36m<span[39m
                    [33maria-hidden[39m=[32m"true"[39m
                    [33mclass[39m=[32m"w-2 h-2 bg-green-500 rounded-full mr-2"[39m
                    [33mrole[39m=[32m"presentation"[39m
                  [36m/>[39m
                  [0mAfter Treatment[0m
                [36m</h4>[39m
                [36m<p[39m
                  [33maria-labelledby[39m=[32m"after-treatment-analysis-Aluminum 6061-T6-1759343130540"[39m
                  [33mclass[39m=[32m"text-gray-600 dark:text-gray-400 text-sm leading-relaxed"[39m
                [36m>[39m
                  [0mClean, smooth surface with improved thermal and electrical properties for optimal performance[0m
                [36m</p>[39m
              [36m</section>[39m
            [36m</div>[39m
          [36m</figcaption>[39m
        [36m</figure>[39m
      [36m</div>[39m
    [36m</section>[39m

    Ignored nodes: comments, script, style
    [36m<section[39m
      [33maria-labelledby[39m=[32m"before-treatment-analysis-Aluminum 6061-T6-1759343130540"[39m
      [33mclass[39m=[32m"px-2"[39m
      [33mrole[39m=[32m"region"[39m
    [36m>[39m
      [36m<h4[39m
        [33maria-level[39m=[32m"4"[39m
        [33mclass[39m=[32m"text-base font-semibold text-gray-900 dark:text-gray-100 mb-2 flex items-center"[39m
        [33mid[39m=[32m"before-treatment-analysis-Aluminum 6061-T6-1759343130540"[39m
        [33mrole[39m=[32m"heading"[39m
      [36m>[39m
        [36m<span[39m
          [33maria-hidden[39m=[32m"true"[39m
          [33mclass[39m=[32m"w-2 h-2 bg-red-500 rounded-full mr-2"[39m
          [33mrole[39m=[32m"presentation"[39m
        [36m/>[39m
        [0mBefore Treatment[0m
      [36m</h4>[39m
      [36m<p[39m
        [33maria-labelledby[39m=[32m"before-treatment-analysis-Aluminum 6061-T6-1759343130540"[39m
        [33mclass[39m=[32m"text-gray-600 dark:text-gray-400 text-sm leading-relaxed mb-4 md:mb-0"[39m
      [36m>[39m
        [0mSurface shows oxidation, contamination, and roughness from manufacturing processes[0m
      [36m</p>[39m
    [36m</section>[39m

    Ignored nodes: comments, script, style
    [36m<section[39m
      [33maria-labelledby[39m=[32m"after-treatment-analysis-Aluminum 6061-T6-1759343130540"[39m
      [33mclass[39m=[32m"px-2"[39m
      [33mrole[39m=[32m"region"[39m
    [36m>[39m
      [36m<h4[39m
        [33maria-level[39m=[32m"4"[39m
        [33mclass[39m=[32m"text-base font-semibold text-gray-900 dark:text-gray-100 mb-2 flex items-center"[39m
        [33mid[39m=[32m"after-treatment-analysis-Aluminum 6061-T6-1759343130540"[39m
        [33mrole[39m=[32m"heading"[39m
      [36m>[39m
        [36m<span[39m
          [33maria-hidden[39m=[32m"true"[39m
          [33mclass[39m=[32m"w-2 h-2 bg-green-500 rounded-full mr-2"[39m
          [33mrole[39m=[32m"presentation"[39m
        [36m/>[39m
        [0mAfter Treatment[0m
      [36m</h4>[39m
      [36m<p[39m
        [33maria-labelledby[39m=[32m"after-treatment-analysis-Aluminum 6061-T6-1759343130540"[39m
        [33mclass[39m=[32m"text-gray-600 dark:text-gray-400 text-sm leading-relaxed"[39m
      [36m>[39m
        [0mClean, smooth surface with improved thermal and electrical properties for optimal performance[0m
      [36m</p>[39m
    [36m</section>[39m

    (If this is intentional, then use the `*AllBy*` variant of the query (like `queryAllByText`, `getAllByText`, or `findAllByText`)).

    Ignored nodes: comments, script, style
    [36m<body>[39m
      [36m<div>[39m
        [36m<section[39m
          [33maria-describedby[39m=[32m"caption-desc-analysis-Aluminum 6061-T6-1759343130540 caption-announcements-analysis-Aluminum 6061-T6-1759343130540"[39m
          [33maria-label[39m=[32m"Surface analysis section for Aluminum 6061-T6 laser cleaning treatment"[39m
          [33mclass[39m=[32m"enhanced-seo-caption "[39m
          [33mid[39m=[32m"caption-section-analysis-Aluminum 6061-T6-1759343130540"[39m
          [33mitemscope[39m=[32m""[39m
          [33mitemtype[39m=[32m"https://schema.org/TechArticle"[39m
          [33mrole[39m=[32m"region"[39m
          [33mtabindex[39m=[32m"0"[39m
        [36m>[39m
          [36m<div[39m
            [33maria-atomic[39m=[32m"true"[39m
            [33maria-live[39m=[32m"polite"[39m
            [33mclass[39m=[32m"sr-only"[39m
            [33mid[39m=[32m"caption-announcements-analysis-Aluminum 6061-T6-1759343130540"[39m
            [33mrole[39m=[32m"status"[39m
          [36m/>[39m
          [36m<div[39m
            [33mclass[39m=[32m"sr-only"[39m
            [33mid[39m=[32m"caption-desc-analysis-Aluminum 6061-T6-1759343130540"[39m
          [36m>[39m
            [0mInteractive Aluminum 6061-T6 laser cleaning analysis with quality metrics overlay and before/after comparison. Use arrow keys to navigate metrics, Enter to toggle expansion, Escape to return focus.[0m
          [36m</div>[39m
          [36m<div[39m
            [33mclass[39m=[32m"mb-8"[39m
          [36m>[39m
            [36m<header>[39m
              [36m<header[39m
                [33maria-labelledby[39m=[32m"section-header-material-properties---aluminum-lfxcx"[39m
                [33mclass[39m=[32m"header-wrapper w-full "[39m
                [33mdata-header-level[39m=[32m"section"[39m
                [33mdata-priority[39m=[32m"medium"[39m
                [33mdata-search-keywords[39m=[32m""[39m
              [36m>[39m
                [36m<h2[39m
                  [33maria-level[39m=[32m"2"[39m
                  [33mclass[39m=[32m"font-semibold text-white transition-all duration-200 ease-in-out focus:outline-none focus:ring-2 focus:ring-blue-500 focus:ring-offset-2 focus:ring-offset-gray-900 text-2xl font-bold mb-4 text-gray-100 text-left priority-medium text-xl font-bold text-white mb-4"[39m
                  [33mdata-testid[39m=[32m"header-section"[39m
                  [33mid[39m=[32m"section-header-material-properties---aluminum-lfxcx"[39m
                  [33mrole[39m=[32m"heading"[39m
                  [33mtabindex[39m=[32m"-1"[39m
                [36m>[39m
                  [0mMaterial Properties - Aluminum 6061-T6[0m
                [36m</h2>[39m
              [36m</header>[39m
            [36m</header>[39m
            [36m<figure[39m
              [33maria-describedby[39m=[32m"caption-image-analysis-Aluminum 6061-T6-1759343130540"[39m
              [33maria-labelledby[39m=[32m"caption-title-analysis-Aluminum 6061-T6-1759343130540"[39m
              [33mclass[39m=[32m"caption-container"[39m
              [33mitemscope[39m=[32m""[39m
              [33mitemtype[39m=[32m"https://schema.org/ImageObject"[39m
              [33mrole[39m=[32m"img"[39m
            [36m>[39m
              [36m<div[39m
                [33mclass[39m=[32m"sr-only"[39m
                [33mid[39m=[32m"caption-image-analysis-Aluminum 6061-T6-1759343130540"[39m
              [36m>[39m
                [0mNo image available for Aluminum 6061-T6 surface analysis[0m
              [36m</div>[39m
              [36m<div[39m
                [33maria-label[39m=[32m"No surface analysis image available"[39m
                [33mclass[39m=[32m"w-full h-[300px] md:h-[400px] flex items-center justify-center bg-gray-600 rounded-lg"[39m
              [36m>[39m
                [36m<img[39m
                  [33malt[39m=[32m"Z-Beam company logo"[39m
                  [33mclass[39m=[32m"opacity-30 object-contain"[39m
                  [33mheight[39m=[32m"72"[39m
                  [33msrc[39m=[32m"/images/Site/Logo/logo_.png"[39m
                  [33mwidth[39m=[32m"120"[39m
                [36m/>[39m
              [36m</div>[39m
              [36m<figcaption[39m
                [33maria-labelledby[39m=[32m"caption-title-analysis-Aluminum 6061-T6-1759343130540"[39m
                [33mclass[39m=[32m"mt-4 pb-4 mb-2 text-sm max-w-none"[39m
                [33mrole[39m=[32m"group"[39m
              [36m>[39m
                [36m<div[39m
                  [33maria-label[39m=[32m"Before and after treatment comparison"[39m
                  [33mclass[39m=[32m"grid grid-cols-1 md:grid-cols-2 gap-4"[39m
                  [33mrole[39m=[32m"group"[39m
                [36m>[39m
                  [36m<section[39m
                    [33maria-labelledby[39m=[32m"before-treatment-analysis-Aluminum 6061-T6-1759343130540"[39m
                    [33mclass[39m=[32m"px-2"[39m
                    [33mrole[39m=[32m"region"[39m
                  [36m>[39m
                    [36m<h4[39m
                      [33maria-level[39m=[32m"4"[39m
                      [33mclass[39m=[32m"text-base font-semibold text-gray-900 dark:text-gray-100 mb-2 flex items-center"[39m
                      [33mid[39m=[32m"before-treatment-analysis-Aluminum 6061-T6-1759343130540"[39m
                      [33mrole[39m=[32m"heading"[39m
                    [36m>[39m
                      [36m<span[39m
                        [33maria-hidden[39m=[32m"true"[39m
                        [33mclass[39m=[32m"w-2 h-2 bg-red-500 rounded-full mr-2"[39m
                        [33mrole[39m=[32m"presentation"[39m
                      [36m/>[39m
                      [0mBefore Treatment[0m
                    [36m</h4>[39m
                    [36m<p[39m
                      [33maria-labelledby[39m=[32m"before-treatment-analysis-Aluminum 6061-T6-1759343130540"[39m
                      [33mclass[39m=[32m"text-gray-600 dark:text-gray-400 text-sm leading-relaxed mb-4 md:mb-0"[39m
                    [36m>[39m
                      [0mSurface shows oxidation, contamination, and roughness from manufacturing processes[0m
                    [36m</p>[39m
                  [36m</section>[39m
                  [36m<section[39m
                    [33maria-labelledby[39m=[32m"after-treatment-analysis-Aluminum 6061-T6-1759343130540"[39m
                    [33mclass[39m=[32m"px-2"[39m
                    [33mrole[39m=[32m"region"[39m
                  [36m>[39m
                    [36m<h4[39m
                      [33maria-level[39m=[32m"4"[39m
                      [33mclass[39m=[32m"text-base font-semibold text-gray-900 dark:text-gray-100 mb-2 flex items-center"[39m
                      [33mid[39m=[32m"after-treatment-analysis-Aluminum 6061-T6-1759343130540"[39m
                      [33mrole[39m=[32m"heading"[39m
                    [36m>[39m
                      [36m<span[39m
                        [33maria-hidden[39m=[32m"true"[39m
                        [33mclass[39m=[32m"w-2 h-2 bg-green-500 rounded-full mr-2"[39m
                        [33mrole[39m=[32m"presentation"[39m
                      [36m/>[39m
                      [0mAfter Treatment[0m
                    [36m</h4>[39m
                    [36m<p[39m
                      [33maria-labelledby[39m=[32m"after-treatment-analysis-Aluminum 6061-T6-1759343130540"[39m
                      [33mclass[39m=[32m"text-gray-600 dark:text-gray-400 text-sm leading-relaxed"[39m
                    [36m>[39m
                      [0mClean, smooth surface with improved thermal and electrical properties for optimal performance[0m
                    [36m</p>[39m
                  [36m</section>[39m
                [36m</div>[39m
              [36m</figcaption>[39m
            [36m</figure>[39m
          [36m</div>[39m
        [36m</section>[39m
      [36m</div>[39m
    [36m</body>[39m

      103 |       render(<Caption frontmatter={{ caption: mockData }} />);
      104 |       
    > 105 |       const mainSection = screen.getByRole('region');
          |                                  ^
      106 |       await user.tab();
      107 |       expect(mainSection).toHaveFocus();
      108 |       

      at Object.getElementError (node_modules/@testing-library/dom/dist/config.js:37:19)
      at getElementError (node_modules/@testing-library/dom/dist/query-helpers.js:20:35)
      at getMultipleElementsFoundError (node_modules/@testing-library/dom/dist/query-helpers.js:23:10)
      at node_modules/@testing-library/dom/dist/query-helpers.js:55:13
      at node_modules/@testing-library/dom/dist/query-helpers.js:95:19
      at Object.getByRole (tests/accessibility/Caption.comprehensive.test.tsx:105:34)

  ● Caption Comprehensive Accessibility › Complex Keyboard Navigation › implements Home and End key navigation

    TestingLibraryElementError: Found multiple elements with the role "region"

    Here are the matching elements:

    Ignored nodes: comments, script, style
    [36m<section[39m
      [33maria-describedby[39m=[32m"caption-desc-analysis-Aluminum 6061-T6-1759343130566 caption-announcements-analysis-Aluminum 6061-T6-1759343130566"[39m
      [33maria-label[39m=[32m"Surface analysis section for Aluminum 6061-T6 laser cleaning treatment"[39m
      [33mclass[39m=[32m"enhanced-seo-caption "[39m
      [33mid[39m=[32m"caption-section-analysis-Aluminum 6061-T6-1759343130566"[39m
      [33mitemscope[39m=[32m""[39m
      [33mitemtype[39m=[32m"https://schema.org/TechArticle"[39m
      [33mrole[39m=[32m"region"[39m
      [33mtabindex[39m=[32m"0"[39m
    [36m>[39m
      [36m<div[39m
        [33maria-atomic[39m=[32m"true"[39m
        [33maria-live[39m=[32m"polite"[39m
        [33mclass[39m=[32m"sr-only"[39m
        [33mid[39m=[32m"caption-announcements-analysis-Aluminum 6061-T6-1759343130566"[39m
        [33mrole[39m=[32m"status"[39m
      [36m/>[39m
      [36m<div[39m
        [33mclass[39m=[32m"sr-only"[39m
        [33mid[39m=[32m"caption-desc-analysis-Aluminum 6061-T6-1759343130566"[39m
      [36m>[39m
        [0mInteractive Aluminum 6061-T6 laser cleaning analysis with quality metrics overlay and before/after comparison. Use arrow keys to navigate metrics, Enter to toggle expansion, Escape to return focus.[0m
      [36m</div>[39m
      [36m<div[39m
        [33mclass[39m=[32m"mb-8"[39m
      [36m>[39m
        [36m<header>[39m
          [36m<header[39m
            [33maria-labelledby[39m=[32m"section-header-material-properties---aluminum-lfxcx"[39m
            [33mclass[39m=[32m"header-wrapper w-full "[39m
            [33mdata-header-level[39m=[32m"section"[39m
            [33mdata-priority[39m=[32m"medium"[39m
            [33mdata-search-keywords[39m=[32m""[39m
          [36m>[39m
            [36m<h2[39m
              [33maria-level[39m=[32m"2"[39m
              [33mclass[39m=[32m"font-semibold text-white transition-all duration-200 ease-in-out focus:outline-none focus:ring-2 focus:ring-blue-500 focus:ring-offset-2 focus:ring-offset-gray-900 text-2xl font-bold mb-4 text-gray-100 text-left priority-medium text-xl font-bold text-white mb-4"[39m
              [33mdata-testid[39m=[32m"header-section"[39m
              [33mid[39m=[32m"section-header-material-properties---aluminum-lfxcx"[39m
              [33mrole[39m=[32m"heading"[39m
              [33mtabindex[39m=[32m"-1"[39m
            [36m>[39m
              [0mMaterial Properties - Aluminum 6061-T6[0m
            [36m</h2>[39m
          [36m</header>[39m
        [36m</header>[39m
        [36m<figure[39m
          [33maria-describedby[39m=[32m"caption-image-analysis-Aluminum 6061-T6-1759343130566"[39m
          [33maria-labelledby[39m=[32m"caption-title-analysis-Aluminum 6061-T6-1759343130566"[39m
          [33mclass[39m=[32m"caption-container"[39m
          [33mitemscope[39m=[32m""[39m
          [33mitemtype[39m=[32m"https://schema.org/ImageObject"[39m
          [33mrole[39m=[32m"img"[39m
        [36m>[39m
          [36m<div[39m
            [33mclass[39m=[32m"sr-only"[39m
            [33mid[39m=[32m"caption-image-analysis-Aluminum 6061-T6-1759343130566"[39m
          [36m>[39m
            [0mNo image available for Aluminum 6061-T6 surface analysis[0m
          [36m</div>[39m
          [36m<div[39m
            [33maria-label[39m=[32m"No surface analysis image available"[39m
            [33mclass[39m=[32m"w-full h-[300px] md:h-[400px] flex items-center justify-center bg-gray-600 rounded-lg"[39m
          [36m>[39m
            [36m<img[39m
              [33malt[39m=[32m"Z-Beam company logo"[39m
              [33mclass[39m=[32m"opacity-30 object-contain"[39m
              [33mheight[39m=[32m"72"[39m
              [33msrc[39m=[32m"/images/Site/Logo/logo_.png"[39m
              [33mwidth[39m=[32m"120"[39m
            [36m/>[39m
          [36m</div>[39m
          [36m<figcaption[39m
            [33maria-labelledby[39m=[32m"caption-title-analysis-Aluminum 6061-T6-1759343130566"[39m
            [33mclass[39m=[32m"mt-4 pb-4 mb-2 text-sm max-w-none"[39m
            [33mrole[39m=[32m"group"[39m
          [36m>[39m
            [36m<div[39m
              [33maria-label[39m=[32m"Before and after treatment comparison"[39m
              [33mclass[39m=[32m"grid grid-cols-1 md:grid-cols-2 gap-4"[39m
              [33mrole[39m=[32m"group"[39m
            [36m>[39m
              [36m<section[39m
                [33maria-labelledby[39m=[32m"before-treatment-analysis-Aluminum 6061-T6-1759343130566"[39m
                [33mclass[39m=[32m"px-2"[39m
                [33mrole[39m=[32m"region"[39m
              [36m>[39m
                [36m<h4[39m
                  [33maria-level[39m=[32m"4"[39m
                  [33mclass[39m=[32m"text-base font-semibold text-gray-900 dark:text-gray-100 mb-2 flex items-center"[39m
                  [33mid[39m=[32m"before-treatment-analysis-Aluminum 6061-T6-1759343130566"[39m
                  [33mrole[39m=[32m"heading"[39m
                [36m>[39m
                  [36m<span[39m
                    [33maria-hidden[39m=[32m"true"[39m
                    [33mclass[39m=[32m"w-2 h-2 bg-red-500 rounded-full mr-2"[39m
                    [33mrole[39m=[32m"presentation"[39m
                  [36m/>[39m
                  [0mBefore Treatment[0m
                [36m</h4>[39m
                [36m<p[39m
                  [33maria-labelledby[39m=[32m"before-treatment-analysis-Aluminum 6061-T6-1759343130566"[39m
                  [33mclass[39m=[32m"text-gray-600 dark:text-gray-400 text-sm leading-relaxed mb-4 md:mb-0"[39m
                [36m>[39m
                  [0mSurface shows oxidation, contamination, and roughness from manufacturing processes[0m
                [36m</p>[39m
              [36m</section>[39m
              [36m<section[39m
                [33maria-labelledby[39m=[32m"after-treatment-analysis-Aluminum 6061-T6-1759343130566"[39m
                [33mclass[39m=[32m"px-2"[39m
                [33mrole[39m=[32m"region"[39m
              [36m>[39m
                [36m<h4[39m
                  [33maria-level[39m=[32m"4"[39m
                  [33mclass[39m=[32m"text-base font-semibold text-gray-900 dark:text-gray-100 mb-2 flex items-center"[39m
                  [33mid[39m=[32m"after-treatment-analysis-Aluminum 6061-T6-1759343130566"[39m
                  [33mrole[39m=[32m"heading"[39m
                [36m>[39m
                  [36m<span[39m
                    [33maria-hidden[39m=[32m"true"[39m
                    [33mclass[39m=[32m"w-2 h-2 bg-green-500 rounded-full mr-2"[39m
                    [33mrole[39m=[32m"presentation"[39m
                  [36m/>[39m
                  [0mAfter Treatment[0m
                [36m</h4>[39m
                [36m<p[39m
                  [33maria-labelledby[39m=[32m"after-treatment-analysis-Aluminum 6061-T6-1759343130566"[39m
                  [33mclass[39m=[32m"text-gray-600 dark:text-gray-400 text-sm leading-relaxed"[39m
                [36m>[39m
                  [0mClean, smooth surface with improved thermal and electrical properties for optimal performance[0m
                [36m</p>[39m
              [36m</section>[39m
            [36m</div>[39m
          [36m</figcaption>[39m
        [36m</figure>[39m
      [36m</div>[39m
    [36m</section>[39m

    Ignored nodes: comments, script, style
    [36m<section[39m
      [33maria-labelledby[39m=[32m"before-treatment-analysis-Aluminum 6061-T6-1759343130566"[39m
      [33mclass[39m=[32m"px-2"[39m
      [33mrole[39m=[32m"region"[39m
    [36m>[39m
      [36m<h4[39m
        [33maria-level[39m=[32m"4"[39m
        [33mclass[39m=[32m"text-base font-semibold text-gray-900 dark:text-gray-100 mb-2 flex items-center"[39m
        [33mid[39m=[32m"before-treatment-analysis-Aluminum 6061-T6-1759343130566"[39m
        [33mrole[39m=[32m"heading"[39m
      [36m>[39m
        [36m<span[39m
          [33maria-hidden[39m=[32m"true"[39m
          [33mclass[39m=[32m"w-2 h-2 bg-red-500 rounded-full mr-2"[39m
          [33mrole[39m=[32m"presentation"[39m
        [36m/>[39m
        [0mBefore Treatment[0m
      [36m</h4>[39m
      [36m<p[39m
        [33maria-labelledby[39m=[32m"before-treatment-analysis-Aluminum 6061-T6-1759343130566"[39m
        [33mclass[39m=[32m"text-gray-600 dark:text-gray-400 text-sm leading-relaxed mb-4 md:mb-0"[39m
      [36m>[39m
        [0mSurface shows oxidation, contamination, and roughness from manufacturing processes[0m
      [36m</p>[39m
    [36m</section>[39m

    Ignored nodes: comments, script, style
    [36m<section[39m
      [33maria-labelledby[39m=[32m"after-treatment-analysis-Aluminum 6061-T6-1759343130566"[39m
      [33mclass[39m=[32m"px-2"[39m
      [33mrole[39m=[32m"region"[39m
    [36m>[39m
      [36m<h4[39m
        [33maria-level[39m=[32m"4"[39m
        [33mclass[39m=[32m"text-base font-semibold text-gray-900 dark:text-gray-100 mb-2 flex items-center"[39m
        [33mid[39m=[32m"after-treatment-analysis-Aluminum 6061-T6-1759343130566"[39m
        [33mrole[39m=[32m"heading"[39m
      [36m>[39m
        [36m<span[39m
          [33maria-hidden[39m=[32m"true"[39m
          [33mclass[39m=[32m"w-2 h-2 bg-green-500 rounded-full mr-2"[39m
          [33mrole[39m=[32m"presentation"[39m
        [36m/>[39m
        [0mAfter Treatment[0m
      [36m</h4>[39m
      [36m<p[39m
        [33maria-labelledby[39m=[32m"after-treatment-analysis-Aluminum 6061-T6-1759343130566"[39m
        [33mclass[39m=[32m"text-gray-600 dark:text-gray-400 text-sm leading-relaxed"[39m
      [36m>[39m
        [0mClean, smooth surface with improved thermal and electrical properties for optimal performance[0m
      [36m</p>[39m
    [36m</section>[39m

    (If this is intentional, then use the `*AllBy*` variant of the query (like `queryAllByText`, `getAllByText`, or `findAllByText`)).

    Ignored nodes: comments, script, style
    [36m<body>[39m
      [36m<div>[39m
        [36m<section[39m
          [33maria-describedby[39m=[32m"caption-desc-analysis-Aluminum 6061-T6-1759343130566 caption-announcements-analysis-Aluminum 6061-T6-1759343130566"[39m
          [33maria-label[39m=[32m"Surface analysis section for Aluminum 6061-T6 laser cleaning treatment"[39m
          [33mclass[39m=[32m"enhanced-seo-caption "[39m
          [33mid[39m=[32m"caption-section-analysis-Aluminum 6061-T6-1759343130566"[39m
          [33mitemscope[39m=[32m""[39m
          [33mitemtype[39m=[32m"https://schema.org/TechArticle"[39m
          [33mrole[39m=[32m"region"[39m
          [33mtabindex[39m=[32m"0"[39m
        [36m>[39m
          [36m<div[39m
            [33maria-atomic[39m=[32m"true"[39m
            [33maria-live[39m=[32m"polite"[39m
            [33mclass[39m=[32m"sr-only"[39m
            [33mid[39m=[32m"caption-announcements-analysis-Aluminum 6061-T6-1759343130566"[39m
            [33mrole[39m=[32m"status"[39m
          [36m/>[39m
          [36m<div[39m
            [33mclass[39m=[32m"sr-only"[39m
            [33mid[39m=[32m"caption-desc-analysis-Aluminum 6061-T6-1759343130566"[39m
          [36m>[39m
            [0mInteractive Aluminum 6061-T6 laser cleaning analysis with quality metrics overlay and before/after comparison. Use arrow keys to navigate metrics, Enter to toggle expansion, Escape to return focus.[0m
          [36m</div>[39m
          [36m<div[39m
            [33mclass[39m=[32m"mb-8"[39m
          [36m>[39m
            [36m<header>[39m
              [36m<header[39m
                [33maria-labelledby[39m=[32m"section-header-material-properties---aluminum-lfxcx"[39m
                [33mclass[39m=[32m"header-wrapper w-full "[39m
                [33mdata-header-level[39m=[32m"section"[39m
                [33mdata-priority[39m=[32m"medium"[39m
                [33mdata-search-keywords[39m=[32m""[39m
              [36m>[39m
                [36m<h2[39m
                  [33maria-level[39m=[32m"2"[39m
                  [33mclass[39m=[32m"font-semibold text-white transition-all duration-200 ease-in-out focus:outline-none focus:ring-2 focus:ring-blue-500 focus:ring-offset-2 focus:ring-offset-gray-900 text-2xl font-bold mb-4 text-gray-100 text-left priority-medium text-xl font-bold text-white mb-4"[39m
                  [33mdata-testid[39m=[32m"header-section"[39m
                  [33mid[39m=[32m"section-header-material-properties---aluminum-lfxcx"[39m
                  [33mrole[39m=[32m"heading"[39m
                  [33mtabindex[39m=[32m"-1"[39m
                [36m>[39m
                  [0mMaterial Properties - Aluminum 6061-T6[0m
                [36m</h2>[39m
              [36m</header>[39m
            [36m</header>[39m
            [36m<figure[39m
              [33maria-describedby[39m=[32m"caption-image-analysis-Aluminum 6061-T6-1759343130566"[39m
              [33maria-labelledby[39m=[32m"caption-title-analysis-Aluminum 6061-T6-1759343130566"[39m
              [33mclass[39m=[32m"caption-container"[39m
              [33mitemscope[39m=[32m""[39m
              [33mitemtype[39m=[32m"https://schema.org/ImageObject"[39m
              [33mrole[39m=[32m"img"[39m
            [36m>[39m
              [36m<div[39m
                [33mclass[39m=[32m"sr-only"[39m
                [33mid[39m=[32m"caption-image-analysis-Aluminum 6061-T6-1759343130566"[39m
              [36m>[39m
                [0mNo image available for Aluminum 6061-T6 surface analysis[0m
              [36m</div>[39m
              [36m<div[39m
                [33maria-label[39m=[32m"No surface analysis image available"[39m
                [33mclass[39m=[32m"w-full h-[300px] md:h-[400px] flex items-center justify-center bg-gray-600 rounded-lg"[39m
              [36m>[39m
                [36m<img[39m
                  [33malt[39m=[32m"Z-Beam company logo"[39m
                  [33mclass[39m=[32m"opacity-30 object-contain"[39m
                  [33mheight[39m=[32m"72"[39m
                  [33msrc[39m=[32m"/images/Site/Logo/logo_.png"[39m
                  [33mwidth[39m=[32m"120"[39m
                [36m/>[39m
              [36m</div>[39m
              [36m<figcaption[39m
                [33maria-labelledby[39m=[32m"caption-title-analysis-Aluminum 6061-T6-1759343130566"[39m
                [33mclass[39m=[32m"mt-4 pb-4 mb-2 text-sm max-w-none"[39m
                [33mrole[39m=[32m"group"[39m
              [36m>[39m
                [36m<div[39m
                  [33maria-label[39m=[32m"Before and after treatment comparison"[39m
                  [33mclass[39m=[32m"grid grid-cols-1 md:grid-cols-2 gap-4"[39m
                  [33mrole[39m=[32m"group"[39m
                [36m>[39m
                  [36m<section[39m
                    [33maria-labelledby[39m=[32m"before-treatment-analysis-Aluminum 6061-T6-1759343130566"[39m
                    [33mclass[39m=[32m"px-2"[39m
                    [33mrole[39m=[32m"region"[39m
                  [36m>[39m
                    [36m<h4[39m
                      [33maria-level[39m=[32m"4"[39m
                      [33mclass[39m=[32m"text-base font-semibold text-gray-900 dark:text-gray-100 mb-2 flex items-center"[39m
                      [33mid[39m=[32m"before-treatment-analysis-Aluminum 6061-T6-1759343130566"[39m
                      [33mrole[39m=[32m"heading"[39m
                    [36m>[39m
                      [36m<span[39m
                        [33maria-hidden[39m=[32m"true"[39m
                        [33mclass[39m=[32m"w-2 h-2 bg-red-500 rounded-full mr-2"[39m
                        [33mrole[39m=[32m"presentation"[39m
                      [36m/>[39m
                      [0mBefore Treatment[0m
                    [36m</h4>[39m
                    [36m<p[39m
                      [33maria-labelledby[39m=[32m"before-treatment-analysis-Aluminum 6061-T6-1759343130566"[39m
                      [33mclass[39m=[32m"text-gray-600 dark:text-gray-400 text-sm leading-relaxed mb-4 md:mb-0"[39m
                    [36m>[39m
                      [0mSurface shows oxidation, contamination, and roughness from manufacturing processes[0m
                    [36m</p>[39m
                  [36m</section>[39m
                  [36m<section[39m
                    [33maria-labelledby[39m=[32m"after-treatment-analysis-Aluminum 6061-T6-1759343130566"[39m
                    [33mclass[39m=[32m"px-2"[39m
                    [33mrole[39m=[32m"region"[39m
                  [36m>[39m
                    [36m<h4[39m
                      [33maria-level[39m=[32m"4"[39m
                      [33mclass[39m=[32m"text-base font-semibold text-gray-900 dark:text-gray-100 mb-2 flex items-center"[39m
                      [33mid[39m=[32m"after-treatment-analysis-Aluminum 6061-T6-1759343130566"[39m
                      [33mrole[39m=[32m"heading"[39m
                    [36m>[39m
                      [36m<span[39m
                        [33maria-hidden[39m=[32m"true"[39m
                        [33mclass[39m=[32m"w-2 h-2 bg-green-500 rounded-full mr-2"[39m
                        [33mrole[39m=[32m"presentation"[39m
                      [36m/>[39m
                      [0mAfter Treatment[0m
                    [36m</h4>[39m
                    [36m<p[39m
                      [33maria-labelledby[39m=[32m"after-treatment-analysis-Aluminum 6061-T6-1759343130566"[39m
                      [33mclass[39m=[32m"text-gray-600 dark:text-gray-400 text-sm leading-relaxed"[39m
                    [36m>[39m
                      [0mClean, smooth surface with improved thermal and electrical properties for optimal performance[0m
                    [36m</p>[39m
                  [36m</section>[39m
                [36m</div>[39m
              [36m</figcaption>[39m
            [36m</figure>[39m
          [36m</div>[39m
        [36m</section>[39m
      [36m</div>[39m
    [36m</body>[39m

      150 |       render(<Caption frontmatter={{ caption: mockData }} />);
      151 |       
    > 152 |       const mainSection = screen.getByRole('region');
          |                                  ^
      153 |       await user.tab();
      154 |       await user.keyboard('{Enter}'); // Enter metrics
      155 |       

      at Object.getElementError (node_modules/@testing-library/dom/dist/config.js:37:19)
      at getElementError (node_modules/@testing-library/dom/dist/query-helpers.js:20:35)
      at getMultipleElementsFoundError (node_modules/@testing-library/dom/dist/query-helpers.js:23:10)
      at node_modules/@testing-library/dom/dist/query-helpers.js:55:13
      at node_modules/@testing-library/dom/dist/query-helpers.js:95:19
      at Object.getByRole (tests/accessibility/Caption.comprehensive.test.tsx:152:34)

  ● Caption Comprehensive Accessibility › Complex Keyboard Navigation › implements Escape key to exit metrics overlay

    TestingLibraryElementError: Found multiple elements with the role "region"

    Here are the matching elements:

    Ignored nodes: comments, script, style
    [36m<section[39m
      [33maria-describedby[39m=[32m"caption-desc-analysis-Aluminum 6061-T6-1759343130614 caption-announcements-analysis-Aluminum 6061-T6-1759343130614"[39m
      [33maria-label[39m=[32m"Surface analysis section for Aluminum 6061-T6 laser cleaning treatment"[39m
      [33mclass[39m=[32m"enhanced-seo-caption "[39m
      [33mid[39m=[32m"caption-section-analysis-Aluminum 6061-T6-1759343130614"[39m
      [33mitemscope[39m=[32m""[39m
      [33mitemtype[39m=[32m"https://schema.org/TechArticle"[39m
      [33mrole[39m=[32m"region"[39m
      [33mtabindex[39m=[32m"0"[39m
    [36m>[39m
      [36m<div[39m
        [33maria-atomic[39m=[32m"true"[39m
        [33maria-live[39m=[32m"polite"[39m
        [33mclass[39m=[32m"sr-only"[39m
        [33mid[39m=[32m"caption-announcements-analysis-Aluminum 6061-T6-1759343130614"[39m
        [33mrole[39m=[32m"status"[39m
      [36m/>[39m
      [36m<div[39m
        [33mclass[39m=[32m"sr-only"[39m
        [33mid[39m=[32m"caption-desc-analysis-Aluminum 6061-T6-1759343130614"[39m
      [36m>[39m
        [0mInteractive Aluminum 6061-T6 laser cleaning analysis with quality metrics overlay and before/after comparison. Use arrow keys to navigate metrics, Enter to toggle expansion, Escape to return focus.[0m
      [36m</div>[39m
      [36m<div[39m
        [33mclass[39m=[32m"mb-8"[39m
      [36m>[39m
        [36m<header>[39m
          [36m<header[39m
            [33maria-labelledby[39m=[32m"section-header-material-properties---aluminum-lfxcx"[39m
            [33mclass[39m=[32m"header-wrapper w-full "[39m
            [33mdata-header-level[39m=[32m"section"[39m
            [33mdata-priority[39m=[32m"medium"[39m
            [33mdata-search-keywords[39m=[32m""[39m
          [36m>[39m
            [36m<h2[39m
              [33maria-level[39m=[32m"2"[39m
              [33mclass[39m=[32m"font-semibold text-white transition-all duration-200 ease-in-out focus:outline-none focus:ring-2 focus:ring-blue-500 focus:ring-offset-2 focus:ring-offset-gray-900 text-2xl font-bold mb-4 text-gray-100 text-left priority-medium text-xl font-bold text-white mb-4"[39m
              [33mdata-testid[39m=[32m"header-section"[39m
              [33mid[39m=[32m"section-header-material-properties---aluminum-lfxcx"[39m
              [33mrole[39m=[32m"heading"[39m
              [33mtabindex[39m=[32m"-1"[39m
            [36m>[39m
              [0mMaterial Properties - Aluminum 6061-T6[0m
            [36m</h2>[39m
          [36m</header>[39m
        [36m</header>[39m
        [36m<figure[39m
          [33maria-describedby[39m=[32m"caption-image-analysis-Aluminum 6061-T6-1759343130614"[39m
          [33maria-labelledby[39m=[32m"caption-title-analysis-Aluminum 6061-T6-1759343130614"[39m
          [33mclass[39m=[32m"caption-container"[39m
          [33mitemscope[39m=[32m""[39m
          [33mitemtype[39m=[32m"https://schema.org/ImageObject"[39m
          [33mrole[39m=[32m"img"[39m
        [36m>[39m
          [36m<div[39m
            [33mclass[39m=[32m"sr-only"[39m
            [33mid[39m=[32m"caption-image-analysis-Aluminum 6061-T6-1759343130614"[39m
          [36m>[39m
            [0mNo image available for Aluminum 6061-T6 surface analysis[0m
          [36m</div>[39m
          [36m<div[39m
            [33maria-label[39m=[32m"No surface analysis image available"[39m
            [33mclass[39m=[32m"w-full h-[300px] md:h-[400px] flex items-center justify-center bg-gray-600 rounded-lg"[39m
          [36m>[39m
            [36m<img[39m
              [33malt[39m=[32m"Z-Beam company logo"[39m
              [33mclass[39m=[32m"opacity-30 object-contain"[39m
              [33mheight[39m=[32m"72"[39m
              [33msrc[39m=[32m"/images/Site/Logo/logo_.png"[39m
              [33mwidth[39m=[32m"120"[39m
            [36m/>[39m
          [36m</div>[39m
          [36m<figcaption[39m
            [33maria-labelledby[39m=[32m"caption-title-analysis-Aluminum 6061-T6-1759343130614"[39m
            [33mclass[39m=[32m"mt-4 pb-4 mb-2 text-sm max-w-none"[39m
            [33mrole[39m=[32m"group"[39m
          [36m>[39m
            [36m<div[39m
              [33maria-label[39m=[32m"Before and after treatment comparison"[39m
              [33mclass[39m=[32m"grid grid-cols-1 md:grid-cols-2 gap-4"[39m
              [33mrole[39m=[32m"group"[39m
            [36m>[39m
              [36m<section[39m
                [33maria-labelledby[39m=[32m"before-treatment-analysis-Aluminum 6061-T6-1759343130614"[39m
                [33mclass[39m=[32m"px-2"[39m
                [33mrole[39m=[32m"region"[39m
              [36m>[39m
                [36m<h4[39m
                  [33maria-level[39m=[32m"4"[39m
                  [33mclass[39m=[32m"text-base font-semibold text-gray-900 dark:text-gray-100 mb-2 flex items-center"[39m
                  [33mid[39m=[32m"before-treatment-analysis-Aluminum 6061-T6-1759343130614"[39m
                  [33mrole[39m=[32m"heading"[39m
                [36m>[39m
                  [36m<span[39m
                    [33maria-hidden[39m=[32m"true"[39m
                    [33mclass[39m=[32m"w-2 h-2 bg-red-500 rounded-full mr-2"[39m
                    [33mrole[39m=[32m"presentation"[39m
                  [36m/>[39m
                  [0mBefore Treatment[0m
                [36m</h4>[39m
                [36m<p[39m
                  [33maria-labelledby[39m=[32m"before-treatment-analysis-Aluminum 6061-T6-1759343130614"[39m
                  [33mclass[39m=[32m"text-gray-600 dark:text-gray-400 text-sm leading-relaxed mb-4 md:mb-0"[39m
                [36m>[39m
                  [0mSurface shows oxidation, contamination, and roughness from manufacturing processes[0m
                [36m</p>[39m
              [36m</section>[39m
              [36m<section[39m
                [33maria-labelledby[39m=[32m"after-treatment-analysis-Aluminum 6061-T6-1759343130614"[39m
                [33mclass[39m=[32m"px-2"[39m
                [33mrole[39m=[32m"region"[39m
              [36m>[39m
                [36m<h4[39m
                  [33maria-level[39m=[32m"4"[39m
                  [33mclass[39m=[32m"text-base font-semibold text-gray-900 dark:text-gray-100 mb-2 flex items-center"[39m
                  [33mid[39m=[32m"after-treatment-analysis-Aluminum 6061-T6-1759343130614"[39m
                  [33mrole[39m=[32m"heading"[39m
                [36m>[39m
                  [36m<span[39m
                    [33maria-hidden[39m=[32m"true"[39m
                    [33mclass[39m=[32m"w-2 h-2 bg-green-500 rounded-full mr-2"[39m
                    [33mrole[39m=[32m"presentation"[39m
                  [36m/>[39m
                  [0mAfter Treatment[0m
                [36m</h4>[39m
                [36m<p[39m
                  [33maria-labelledby[39m=[32m"after-treatment-analysis-Aluminum 6061-T6-1759343130614"[39m
                  [33mclass[39m=[32m"text-gray-600 dark:text-gray-400 text-sm leading-relaxed"[39m
                [36m>[39m
                  [0mClean, smooth surface with improved thermal and electrical properties for optimal performance[0m
                [36m</p>[39m
              [36m</section>[39m
            [36m</div>[39m
          [36m</figcaption>[39m
        [36m</figure>[39m
      [36m</div>[39m
    [36m</section>[39m

    Ignored nodes: comments, script, style
    [36m<section[39m
      [33maria-labelledby[39m=[32m"before-treatment-analysis-Aluminum 6061-T6-1759343130614"[39m
      [33mclass[39m=[32m"px-2"[39m
      [33mrole[39m=[32m"region"[39m
    [36m>[39m
      [36m<h4[39m
        [33maria-level[39m=[32m"4"[39m
        [33mclass[39m=[32m"text-base font-semibold text-gray-900 dark:text-gray-100 mb-2 flex items-center"[39m
        [33mid[39m=[32m"before-treatment-analysis-Aluminum 6061-T6-1759343130614"[39m
        [33mrole[39m=[32m"heading"[39m
      [36m>[39m
        [36m<span[39m
          [33maria-hidden[39m=[32m"true"[39m
          [33mclass[39m=[32m"w-2 h-2 bg-red-500 rounded-full mr-2"[39m
          [33mrole[39m=[32m"presentation"[39m
        [36m/>[39m
        [0mBefore Treatment[0m
      [36m</h4>[39m
      [36m<p[39m
        [33maria-labelledby[39m=[32m"before-treatment-analysis-Aluminum 6061-T6-1759343130614"[39m
        [33mclass[39m=[32m"text-gray-600 dark:text-gray-400 text-sm leading-relaxed mb-4 md:mb-0"[39m
      [36m>[39m
        [0mSurface shows oxidation, contamination, and roughness from manufacturing processes[0m
      [36m</p>[39m
    [36m</section>[39m

    Ignored nodes: comments, script, style
    [36m<section[39m
      [33maria-labelledby[39m=[32m"after-treatment-analysis-Aluminum 6061-T6-1759343130614"[39m
      [33mclass[39m=[32m"px-2"[39m
      [33mrole[39m=[32m"region"[39m
    [36m>[39m
      [36m<h4[39m
        [33maria-level[39m=[32m"4"[39m
        [33mclass[39m=[32m"text-base font-semibold text-gray-900 dark:text-gray-100 mb-2 flex items-center"[39m
        [33mid[39m=[32m"after-treatment-analysis-Aluminum 6061-T6-1759343130614"[39m
        [33mrole[39m=[32m"heading"[39m
      [36m>[39m
        [36m<span[39m
          [33maria-hidden[39m=[32m"true"[39m
          [33mclass[39m=[32m"w-2 h-2 bg-green-500 rounded-full mr-2"[39m
          [33mrole[39m=[32m"presentation"[39m
        [36m/>[39m
        [0mAfter Treatment[0m
      [36m</h4>[39m
      [36m<p[39m
        [33maria-labelledby[39m=[32m"after-treatment-analysis-Aluminum 6061-T6-1759343130614"[39m
        [33mclass[39m=[32m"text-gray-600 dark:text-gray-400 text-sm leading-relaxed"[39m
      [36m>[39m
        [0mClean, smooth surface with improved thermal and electrical properties for optimal performance[0m
      [36m</p>[39m
    [36m</section>[39m

    (If this is intentional, then use the `*AllBy*` variant of the query (like `queryAllByText`, `getAllByText`, or `findAllByText`)).

    Ignored nodes: comments, script, style
    [36m<body>[39m
      [36m<div>[39m
        [36m<section[39m
          [33maria-describedby[39m=[32m"caption-desc-analysis-Aluminum 6061-T6-1759343130614 caption-announcements-analysis-Aluminum 6061-T6-1759343130614"[39m
          [33maria-label[39m=[32m"Surface analysis section for Aluminum 6061-T6 laser cleaning treatment"[39m
          [33mclass[39m=[32m"enhanced-seo-caption "[39m
          [33mid[39m=[32m"caption-section-analysis-Aluminum 6061-T6-1759343130614"[39m
          [33mitemscope[39m=[32m""[39m
          [33mitemtype[39m=[32m"https://schema.org/TechArticle"[39m
          [33mrole[39m=[32m"region"[39m
          [33mtabindex[39m=[32m"0"[39m
        [36m>[39m
          [36m<div[39m
            [33maria-atomic[39m=[32m"true"[39m
            [33maria-live[39m=[32m"polite"[39m
            [33mclass[39m=[32m"sr-only"[39m
            [33mid[39m=[32m"caption-announcements-analysis-Aluminum 6061-T6-1759343130614"[39m
            [33mrole[39m=[32m"status"[39m
          [36m/>[39m
          [36m<div[39m
            [33mclass[39m=[32m"sr-only"[39m
            [33mid[39m=[32m"caption-desc-analysis-Aluminum 6061-T6-1759343130614"[39m
          [36m>[39m
            [0mInteractive Aluminum 6061-T6 laser cleaning analysis with quality metrics overlay and before/after comparison. Use arrow keys to navigate metrics, Enter to toggle expansion, Escape to return focus.[0m
          [36m</div>[39m
          [36m<div[39m
            [33mclass[39m=[32m"mb-8"[39m
          [36m>[39m
            [36m<header>[39m
              [36m<header[39m
                [33maria-labelledby[39m=[32m"section-header-material-properties---aluminum-lfxcx"[39m
                [33mclass[39m=[32m"header-wrapper w-full "[39m
                [33mdata-header-level[39m=[32m"section"[39m
                [33mdata-priority[39m=[32m"medium"[39m
                [33mdata-search-keywords[39m=[32m""[39m
              [36m>[39m
                [36m<h2[39m
                  [33maria-level[39m=[32m"2"[39m
                  [33mclass[39m=[32m"font-semibold text-white transition-all duration-200 ease-in-out focus:outline-none focus:ring-2 focus:ring-blue-500 focus:ring-offset-2 focus:ring-offset-gray-900 text-2xl font-bold mb-4 text-gray-100 text-left priority-medium text-xl font-bold text-white mb-4"[39m
                  [33mdata-testid[39m=[32m"header-section"[39m
                  [33mid[39m=[32m"section-header-material-properties---aluminum-lfxcx"[39m
                  [33mrole[39m=[32m"heading"[39m
                  [33mtabindex[39m=[32m"-1"[39m
                [36m>[39m
                  [0mMaterial Properties - Aluminum 6061-T6[0m
                [36m</h2>[39m
              [36m</header>[39m
            [36m</header>[39m
            [36m<figure[39m
              [33maria-describedby[39m=[32m"caption-image-analysis-Aluminum 6061-T6-1759343130614"[39m
              [33maria-labelledby[39m=[32m"caption-title-analysis-Aluminum 6061-T6-1759343130614"[39m
              [33mclass[39m=[32m"caption-container"[39m
              [33mitemscope[39m=[32m""[39m
              [33mitemtype[39m=[32m"https://schema.org/ImageObject"[39m
              [33mrole[39m=[32m"img"[39m
            [36m>[39m
              [36m<div[39m
                [33mclass[39m=[32m"sr-only"[39m
                [33mid[39m=[32m"caption-image-analysis-Aluminum 6061-T6-1759343130614"[39m
              [36m>[39m
                [0mNo image available for Aluminum 6061-T6 surface analysis[0m
              [36m</div>[39m
              [36m<div[39m
                [33maria-label[39m=[32m"No surface analysis image available"[39m
                [33mclass[39m=[32m"w-full h-[300px] md:h-[400px] flex items-center justify-center bg-gray-600 rounded-lg"[39m
              [36m>[39m
                [36m<img[39m
                  [33malt[39m=[32m"Z-Beam company logo"[39m
                  [33mclass[39m=[32m"opacity-30 object-contain"[39m
                  [33mheight[39m=[32m"72"[39m
                  [33msrc[39m=[32m"/images/Site/Logo/logo_.png"[39m
                  [33mwidth[39m=[32m"120"[39m
                [36m/>[39m
              [36m</div>[39m
              [36m<figcaption[39m
                [33maria-labelledby[39m=[32m"caption-title-analysis-Aluminum 6061-T6-1759343130614"[39m
                [33mclass[39m=[32m"mt-4 pb-4 mb-2 text-sm max-w-none"[39m
                [33mrole[39m=[32m"group"[39m
              [36m>[39m
                [36m<div[39m
                  [33maria-label[39m=[32m"Before and after treatment comparison"[39m
                  [33mclass[39m=[32m"grid grid-cols-1 md:grid-cols-2 gap-4"[39m
                  [33mrole[39m=[32m"group"[39m
                [36m>[39m
                  [36m<section[39m
                    [33maria-labelledby[39m=[32m"before-treatment-analysis-Aluminum 6061-T6-1759343130614"[39m
                    [33mclass[39m=[32m"px-2"[39m
                    [33mrole[39m=[32m"region"[39m
                  [36m>[39m
                    [36m<h4[39m
                      [33maria-level[39m=[32m"4"[39m
                      [33mclass[39m=[32m"text-base font-semibold text-gray-900 dark:text-gray-100 mb-2 flex items-center"[39m
                      [33mid[39m=[32m"before-treatment-analysis-Aluminum 6061-T6-1759343130614"[39m
                      [33mrole[39m=[32m"heading"[39m
                    [36m>[39m
                      [36m<span[39m
                        [33maria-hidden[39m=[32m"true"[39m
                        [33mclass[39m=[32m"w-2 h-2 bg-red-500 rounded-full mr-2"[39m
                        [33mrole[39m=[32m"presentation"[39m
                      [36m/>[39m
                      [0mBefore Treatment[0m
                    [36m</h4>[39m
                    [36m<p[39m
                      [33maria-labelledby[39m=[32m"before-treatment-analysis-Aluminum 6061-T6-1759343130614"[39m
                      [33mclass[39m=[32m"text-gray-600 dark:text-gray-400 text-sm leading-relaxed mb-4 md:mb-0"[39m
                    [36m>[39m
                      [0mSurface shows oxidation, contamination, and roughness from manufacturing processes[0m
                    [36m</p>[39m
                  [36m</section>[39m
                  [36m<section[39m
                    [33maria-labelledby[39m=[32m"after-treatment-analysis-Aluminum 6061-T6-1759343130614"[39m
                    [33mclass[39m=[32m"px-2"[39m
                    [33mrole[39m=[32m"region"[39m
                  [36m>[39m
                    [36m<h4[39m
                      [33maria-level[39m=[32m"4"[39m
                      [33mclass[39m=[32m"text-base font-semibold text-gray-900 dark:text-gray-100 mb-2 flex items-center"[39m
                      [33mid[39m=[32m"after-treatment-analysis-Aluminum 6061-T6-1759343130614"[39m
                      [33mrole[39m=[32m"heading"[39m
                    [36m>[39m
                      [36m<span[39m
                        [33maria-hidden[39m=[32m"true"[39m
                        [33mclass[39m=[32m"w-2 h-2 bg-green-500 rounded-full mr-2"[39m
                        [33mrole[39m=[32m"presentation"[39m
                      [36m/>[39m
                      [0mAfter Treatment[0m
                    [36m</h4>[39m
                    [36m<p[39m
                      [33maria-labelledby[39m=[32m"after-treatment-analysis-Aluminum 6061-T6-1759343130614"[39m
                      [33mclass[39m=[32m"text-gray-600 dark:text-gray-400 text-sm leading-relaxed"[39m
                    [36m>[39m
                      [0mClean, smooth surface with improved thermal and electrical properties for optimal performance[0m
                    [36m</p>[39m
                  [36m</section>[39m
                [36m</div>[39m
              [36m</figcaption>[39m
            [36m</figure>[39m
          [36m</div>[39m
        [36m</section>[39m
      [36m</div>[39m
    [36m</body>[39m

      173 |       render(<Caption frontmatter={{ caption: mockData }} />);
      174 |       
    > 175 |       const mainSection = screen.getByRole('region');
          |                                  ^
      176 |       await user.tab();
      177 |       await user.keyboard('{Enter}'); // Enter metrics
      178 |       

      at Object.getElementError (node_modules/@testing-library/dom/dist/config.js:37:19)
      at getElementError (node_modules/@testing-library/dom/dist/query-helpers.js:20:35)
      at getMultipleElementsFoundError (node_modules/@testing-library/dom/dist/query-helpers.js:23:10)
      at node_modules/@testing-library/dom/dist/query-helpers.js:55:13
      at node_modules/@testing-library/dom/dist/query-helpers.js:95:19
      at Object.getByRole (tests/accessibility/Caption.comprehensive.test.tsx:175:34)

  ● Caption Comprehensive Accessibility › Complex Keyboard Navigation › announces navigation changes via live region

    TestingLibraryElementError: Found multiple elements with the role "region"

    Here are the matching elements:

    Ignored nodes: comments, script, style
    [36m<section[39m
      [33maria-describedby[39m=[32m"caption-desc-analysis-Aluminum 6061-T6-1759343130650 caption-announcements-analysis-Aluminum 6061-T6-1759343130650"[39m
      [33maria-label[39m=[32m"Surface analysis section for Aluminum 6061-T6 laser cleaning treatment"[39m
      [33mclass[39m=[32m"enhanced-seo-caption "[39m
      [33mid[39m=[32m"caption-section-analysis-Aluminum 6061-T6-1759343130650"[39m
      [33mitemscope[39m=[32m""[39m
      [33mitemtype[39m=[32m"https://schema.org/TechArticle"[39m
      [33mrole[39m=[32m"region"[39m
      [33mtabindex[39m=[32m"0"[39m
    [36m>[39m
      [36m<div[39m
        [33maria-atomic[39m=[32m"true"[39m
        [33maria-live[39m=[32m"polite"[39m
        [33mclass[39m=[32m"sr-only"[39m
        [33mid[39m=[32m"caption-announcements-analysis-Aluminum 6061-T6-1759343130650"[39m
        [33mrole[39m=[32m"status"[39m
      [36m/>[39m
      [36m<div[39m
        [33mclass[39m=[32m"sr-only"[39m
        [33mid[39m=[32m"caption-desc-analysis-Aluminum 6061-T6-1759343130650"[39m
      [36m>[39m
        [0mInteractive Aluminum 6061-T6 laser cleaning analysis with quality metrics overlay and before/after comparison. Use arrow keys to navigate metrics, Enter to toggle expansion, Escape to return focus.[0m
      [36m</div>[39m
      [36m<div[39m
        [33mclass[39m=[32m"mb-8"[39m
      [36m>[39m
        [36m<header>[39m
          [36m<header[39m
            [33maria-labelledby[39m=[32m"section-header-material-properties---aluminum-lfxcx"[39m
            [33mclass[39m=[32m"header-wrapper w-full "[39m
            [33mdata-header-level[39m=[32m"section"[39m
            [33mdata-priority[39m=[32m"medium"[39m
            [33mdata-search-keywords[39m=[32m""[39m
          [36m>[39m
            [36m<h2[39m
              [33maria-level[39m=[32m"2"[39m
              [33mclass[39m=[32m"font-semibold text-white transition-all duration-200 ease-in-out focus:outline-none focus:ring-2 focus:ring-blue-500 focus:ring-offset-2 focus:ring-offset-gray-900 text-2xl font-bold mb-4 text-gray-100 text-left priority-medium text-xl font-bold text-white mb-4"[39m
              [33mdata-testid[39m=[32m"header-section"[39m
              [33mid[39m=[32m"section-header-material-properties---aluminum-lfxcx"[39m
              [33mrole[39m=[32m"heading"[39m
              [33mtabindex[39m=[32m"-1"[39m
            [36m>[39m
              [0mMaterial Properties - Aluminum 6061-T6[0m
            [36m</h2>[39m
          [36m</header>[39m
        [36m</header>[39m
        [36m<figure[39m
          [33maria-describedby[39m=[32m"caption-image-analysis-Aluminum 6061-T6-1759343130650"[39m
          [33maria-labelledby[39m=[32m"caption-title-analysis-Aluminum 6061-T6-1759343130650"[39m
          [33mclass[39m=[32m"caption-container"[39m
          [33mitemscope[39m=[32m""[39m
          [33mitemtype[39m=[32m"https://schema.org/ImageObject"[39m
          [33mrole[39m=[32m"img"[39m
        [36m>[39m
          [36m<div[39m
            [33mclass[39m=[32m"sr-only"[39m
            [33mid[39m=[32m"caption-image-analysis-Aluminum 6061-T6-1759343130650"[39m
          [36m>[39m
            [0mNo image available for Aluminum 6061-T6 surface analysis[0m
          [36m</div>[39m
          [36m<div[39m
            [33maria-label[39m=[32m"No surface analysis image available"[39m
            [33mclass[39m=[32m"w-full h-[300px] md:h-[400px] flex items-center justify-center bg-gray-600 rounded-lg"[39m
          [36m>[39m
            [36m<img[39m
              [33malt[39m=[32m"Z-Beam company logo"[39m
              [33mclass[39m=[32m"opacity-30 object-contain"[39m
              [33mheight[39m=[32m"72"[39m
              [33msrc[39m=[32m"/images/Site/Logo/logo_.png"[39m
              [33mwidth[39m=[32m"120"[39m
            [36m/>[39m
          [36m</div>[39m
          [36m<figcaption[39m
            [33maria-labelledby[39m=[32m"caption-title-analysis-Aluminum 6061-T6-1759343130650"[39m
            [33mclass[39m=[32m"mt-4 pb-4 mb-2 text-sm max-w-none"[39m
            [33mrole[39m=[32m"group"[39m
          [36m>[39m
            [36m<div[39m
              [33maria-label[39m=[32m"Before and after treatment comparison"[39m
              [33mclass[39m=[32m"grid grid-cols-1 md:grid-cols-2 gap-4"[39m
              [33mrole[39m=[32m"group"[39m
            [36m>[39m
              [36m<section[39m
                [33maria-labelledby[39m=[32m"before-treatment-analysis-Aluminum 6061-T6-1759343130650"[39m
                [33mclass[39m=[32m"px-2"[39m
                [33mrole[39m=[32m"region"[39m
              [36m>[39m
                [36m<h4[39m
                  [33maria-level[39m=[32m"4"[39m
                  [33mclass[39m=[32m"text-base font-semibold text-gray-900 dark:text-gray-100 mb-2 flex items-center"[39m
                  [33mid[39m=[32m"before-treatment-analysis-Aluminum 6061-T6-1759343130650"[39m
                  [33mrole[39m=[32m"heading"[39m
                [36m>[39m
                  [36m<span[39m
                    [33maria-hidden[39m=[32m"true"[39m
                    [33mclass[39m=[32m"w-2 h-2 bg-red-500 rounded-full mr-2"[39m
                    [33mrole[39m=[32m"presentation"[39m
                  [36m/>[39m
                  [0mBefore Treatment[0m
                [36m</h4>[39m
                [36m<p[39m
                  [33maria-labelledby[39m=[32m"before-treatment-analysis-Aluminum 6061-T6-1759343130650"[39m
                  [33mclass[39m=[32m"text-gray-600 dark:text-gray-400 text-sm leading-relaxed mb-4 md:mb-0"[39m
                [36m>[39m
                  [0mSurface shows oxidation, contamination, and roughness from manufacturing processes[0m
                [36m</p>[39m
              [36m</section>[39m
              [36m<section[39m
                [33maria-labelledby[39m=[32m"after-treatment-analysis-Aluminum 6061-T6-1759343130650"[39m
                [33mclass[39m=[32m"px-2"[39m
                [33mrole[39m=[32m"region"[39m
              [36m>[39m
                [36m<h4[39m
                  [33maria-level[39m=[32m"4"[39m
                  [33mclass[39m=[32m"text-base font-semibold text-gray-900 dark:text-gray-100 mb-2 flex items-center"[39m
                  [33mid[39m=[32m"after-treatment-analysis-Aluminum 6061-T6-1759343130650"[39m
                  [33mrole[39m=[32m"heading"[39m
                [36m>[39m
                  [36m<span[39m
                    [33maria-hidden[39m=[32m"true"[39m
                    [33mclass[39m=[32m"w-2 h-2 bg-green-500 rounded-full mr-2"[39m
                    [33mrole[39m=[32m"presentation"[39m
                  [36m/>[39m
                  [0mAfter Treatment[0m
                [36m</h4>[39m
                [36m<p[39m
                  [33maria-labelledby[39m=[32m"after-treatment-analysis-Aluminum 6061-T6-1759343130650"[39m
                  [33mclass[39m=[32m"text-gray-600 dark:text-gray-400 text-sm leading-relaxed"[39m
                [36m>[39m
                  [0mClean, smooth surface with improved thermal and electrical properties for optimal performance[0m
                [36m</p>[39m
              [36m</section>[39m
            [36m</div>[39m
          [36m</figcaption>[39m
        [36m</figure>[39m
      [36m</div>[39m
    [36m</section>[39m

    Ignored nodes: comments, script, style
    [36m<section[39m
      [33maria-labelledby[39m=[32m"before-treatment-analysis-Aluminum 6061-T6-1759343130650"[39m
      [33mclass[39m=[32m"px-2"[39m
      [33mrole[39m=[32m"region"[39m
    [36m>[39m
      [36m<h4[39m
        [33maria-level[39m=[32m"4"[39m
        [33mclass[39m=[32m"text-base font-semibold text-gray-900 dark:text-gray-100 mb-2 flex items-center"[39m
        [33mid[39m=[32m"before-treatment-analysis-Aluminum 6061-T6-1759343130650"[39m
        [33mrole[39m=[32m"heading"[39m
      [36m>[39m
        [36m<span[39m
          [33maria-hidden[39m=[32m"true"[39m
          [33mclass[39m=[32m"w-2 h-2 bg-red-500 rounded-full mr-2"[39m
          [33mrole[39m=[32m"presentation"[39m
        [36m/>[39m
        [0mBefore Treatment[0m
      [36m</h4>[39m
      [36m<p[39m
        [33maria-labelledby[39m=[32m"before-treatment-analysis-Aluminum 6061-T6-1759343130650"[39m
        [33mclass[39m=[32m"text-gray-600 dark:text-gray-400 text-sm leading-relaxed mb-4 md:mb-0"[39m
      [36m>[39m
        [0mSurface shows oxidation, contamination, and roughness from manufacturing processes[0m
      [36m</p>[39m
    [36m</section>[39m

    Ignored nodes: comments, script, style
    [36m<section[39m
      [33maria-labelledby[39m=[32m"after-treatment-analysis-Aluminum 6061-T6-1759343130650"[39m
      [33mclass[39m=[32m"px-2"[39m
      [33mrole[39m=[32m"region"[39m
    [36m>[39m
      [36m<h4[39m
        [33maria-level[39m=[32m"4"[39m
        [33mclass[39m=[32m"text-base font-semibold text-gray-900 dark:text-gray-100 mb-2 flex items-center"[39m
        [33mid[39m=[32m"after-treatment-analysis-Aluminum 6061-T6-1759343130650"[39m
        [33mrole[39m=[32m"heading"[39m
      [36m>[39m
        [36m<span[39m
          [33maria-hidden[39m=[32m"true"[39m
          [33mclass[39m=[32m"w-2 h-2 bg-green-500 rounded-full mr-2"[39m
          [33mrole[39m=[32m"presentation"[39m
        [36m/>[39m
        [0mAfter Treatment[0m
      [36m</h4>[39m
      [36m<p[39m
        [33maria-labelledby[39m=[32m"after-treatment-analysis-Aluminum 6061-T6-1759343130650"[39m
        [33mclass[39m=[32m"text-gray-600 dark:text-gray-400 text-sm leading-relaxed"[39m
      [36m>[39m
        [0mClean, smooth surface with improved thermal and electrical properties for optimal performance[0m
      [36m</p>[39m
    [36m</section>[39m

    (If this is intentional, then use the `*AllBy*` variant of the query (like `queryAllByText`, `getAllByText`, or `findAllByText`)).

    Ignored nodes: comments, script, style
    [36m<body>[39m
      [36m<div>[39m
        [36m<section[39m
          [33maria-describedby[39m=[32m"caption-desc-analysis-Aluminum 6061-T6-1759343130650 caption-announcements-analysis-Aluminum 6061-T6-1759343130650"[39m
          [33maria-label[39m=[32m"Surface analysis section for Aluminum 6061-T6 laser cleaning treatment"[39m
          [33mclass[39m=[32m"enhanced-seo-caption "[39m
          [33mid[39m=[32m"caption-section-analysis-Aluminum 6061-T6-1759343130650"[39m
          [33mitemscope[39m=[32m""[39m
          [33mitemtype[39m=[32m"https://schema.org/TechArticle"[39m
          [33mrole[39m=[32m"region"[39m
          [33mtabindex[39m=[32m"0"[39m
        [36m>[39m
          [36m<div[39m
            [33maria-atomic[39m=[32m"true"[39m
            [33maria-live[39m=[32m"polite"[39m
            [33mclass[39m=[32m"sr-only"[39m
            [33mid[39m=[32m"caption-announcements-analysis-Aluminum 6061-T6-1759343130650"[39m
            [33mrole[39m=[32m"status"[39m
          [36m/>[39m
          [36m<div[39m
            [33mclass[39m=[32m"sr-only"[39m
            [33mid[39m=[32m"caption-desc-analysis-Aluminum 6061-T6-1759343130650"[39m
          [36m>[39m
            [0mInteractive Aluminum 6061-T6 laser cleaning analysis with quality metrics overlay and before/after comparison. Use arrow keys to navigate metrics, Enter to toggle expansion, Escape to return focus.[0m
          [36m</div>[39m
          [36m<div[39m
            [33mclass[39m=[32m"mb-8"[39m
          [36m>[39m
            [36m<header>[39m
              [36m<header[39m
                [33maria-labelledby[39m=[32m"section-header-material-properties---aluminum-lfxcx"[39m
                [33mclass[39m=[32m"header-wrapper w-full "[39m
                [33mdata-header-level[39m=[32m"section"[39m
                [33mdata-priority[39m=[32m"medium"[39m
                [33mdata-search-keywords[39m=[32m""[39m
              [36m>[39m
                [36m<h2[39m
                  [33maria-level[39m=[32m"2"[39m
                  [33mclass[39m=[32m"font-semibold text-white transition-all duration-200 ease-in-out focus:outline-none focus:ring-2 focus:ring-blue-500 focus:ring-offset-2 focus:ring-offset-gray-900 text-2xl font-bold mb-4 text-gray-100 text-left priority-medium text-xl font-bold text-white mb-4"[39m
                  [33mdata-testid[39m=[32m"header-section"[39m
                  [33mid[39m=[32m"section-header-material-properties---aluminum-lfxcx"[39m
                  [33mrole[39m=[32m"heading"[39m
                  [33mtabindex[39m=[32m"-1"[39m
                [36m>[39m
                  [0mMaterial Properties - Aluminum 6061-T6[0m
                [36m</h2>[39m
              [36m</header>[39m
            [36m</header>[39m
            [36m<figure[39m
              [33maria-describedby[39m=[32m"caption-image-analysis-Aluminum 6061-T6-1759343130650"[39m
              [33maria-labelledby[39m=[32m"caption-title-analysis-Aluminum 6061-T6-1759343130650"[39m
              [33mclass[39m=[32m"caption-container"[39m
              [33mitemscope[39m=[32m""[39m
              [33mitemtype[39m=[32m"https://schema.org/ImageObject"[39m
              [33mrole[39m=[32m"img"[39m
            [36m>[39m
              [36m<div[39m
                [33mclass[39m=[32m"sr-only"[39m
                [33mid[39m=[32m"caption-image-analysis-Aluminum 6061-T6-1759343130650"[39m
              [36m>[39m
                [0mNo image available for Aluminum 6061-T6 surface analysis[0m
              [36m</div>[39m
              [36m<div[39m
                [33maria-label[39m=[32m"No surface analysis image available"[39m
                [33mclass[39m=[32m"w-full h-[300px] md:h-[400px] flex items-center justify-center bg-gray-600 rounded-lg"[39m
              [36m>[39m
                [36m<img[39m
                  [33malt[39m=[32m"Z-Beam company logo"[39m
                  [33mclass[39m=[32m"opacity-30 object-contain"[39m
                  [33mheight[39m=[32m"72"[39m
                  [33msrc[39m=[32m"/images/Site/Logo/logo_.png"[39m
                  [33mwidth[39m=[32m"120"[39m
                [36m/>[39m
              [36m</div>[39m
              [36m<figcaption[39m
                [33maria-labelledby[39m=[32m"caption-title-analysis-Aluminum 6061-T6-1759343130650"[39m
                [33mclass[39m=[32m"mt-4 pb-4 mb-2 text-sm max-w-none"[39m
                [33mrole[39m=[32m"group"[39m
              [36m>[39m
                [36m<div[39m
                  [33maria-label[39m=[32m"Before and after treatment comparison"[39m
                  [33mclass[39m=[32m"grid grid-cols-1 md:grid-cols-2 gap-4"[39m
                  [33mrole[39m=[32m"group"[39m
                [36m>[39m
                  [36m<section[39m
                    [33maria-labelledby[39m=[32m"before-treatment-analysis-Aluminum 6061-T6-1759343130650"[39m
                    [33mclass[39m=[32m"px-2"[39m
                    [33mrole[39m=[32m"region"[39m
                  [36m>[39m
                    [36m<h4[39m
                      [33maria-level[39m=[32m"4"[39m
                      [33mclass[39m=[32m"text-base font-semibold text-gray-900 dark:text-gray-100 mb-2 flex items-center"[39m
                      [33mid[39m=[32m"before-treatment-analysis-Aluminum 6061-T6-1759343130650"[39m
                      [33mrole[39m=[32m"heading"[39m
                    [36m>[39m
                      [36m<span[39m
                        [33maria-hidden[39m=[32m"true"[39m
                        [33mclass[39m=[32m"w-2 h-2 bg-red-500 rounded-full mr-2"[39m
                        [33mrole[39m=[32m"presentation"[39m
                      [36m/>[39m
                      [0mBefore Treatment[0m
                    [36m</h4>[39m
                    [36m<p[39m
                      [33maria-labelledby[39m=[32m"before-treatment-analysis-Aluminum 6061-T6-1759343130650"[39m
                      [33mclass[39m=[32m"text-gray-600 dark:text-gray-400 text-sm leading-relaxed mb-4 md:mb-0"[39m
                    [36m>[39m
                      [0mSurface shows oxidation, contamination, and roughness from manufacturing processes[0m
                    [36m</p>[39m
                  [36m</section>[39m
                  [36m<section[39m
                    [33maria-labelledby[39m=[32m"after-treatment-analysis-Aluminum 6061-T6-1759343130650"[39m
                    [33mclass[39m=[32m"px-2"[39m
                    [33mrole[39m=[32m"region"[39m
                  [36m>[39m
                    [36m<h4[39m
                      [33maria-level[39m=[32m"4"[39m
                      [33mclass[39m=[32m"text-base font-semibold text-gray-900 dark:text-gray-100 mb-2 flex items-center"[39m
                      [33mid[39m=[32m"after-treatment-analysis-Aluminum 6061-T6-1759343130650"[39m
                      [33mrole[39m=[32m"heading"[39m
                    [36m>[39m
                      [36m<span[39m
                        [33maria-hidden[39m=[32m"true"[39m
                        [33mclass[39m=[32m"w-2 h-2 bg-green-500 rounded-full mr-2"[39m
                        [33mrole[39m=[32m"presentation"[39m
                      [36m/>[39m
                      [0mAfter Treatment[0m
                    [36m</h4>[39m
                    [36m<p[39m
                      [33maria-labelledby[39m=[32m"after-treatment-analysis-Aluminum 6061-T6-1759343130650"[39m
                      [33mclass[39m=[32m"text-gray-600 dark:text-gray-400 text-sm leading-relaxed"[39m
                    [36m>[39m
                      [0mClean, smooth surface with improved thermal and electrical properties for optimal performance[0m
                    [36m</p>[39m
                  [36m</section>[39m
                [36m</div>[39m
              [36m</figcaption>[39m
            [36m</figure>[39m
          [36m</div>[39m
        [36m</section>[39m
      [36m</div>[39m
    [36m</body>[39m

      194 |       const liveRegion = screen.getByRole('status');
      195 |       
    > 196 |       const mainSection = screen.getByRole('region');
          |                                  ^
      197 |       await user.tab();
      198 |       await user.keyboard('{Enter}'); // Enter metrics
      199 |       

      at Object.getElementError (node_modules/@testing-library/dom/dist/config.js:37:19)
      at getElementError (node_modules/@testing-library/dom/dist/query-helpers.js:20:35)
      at getMultipleElementsFoundError (node_modules/@testing-library/dom/dist/query-helpers.js:23:10)
      at node_modules/@testing-library/dom/dist/query-helpers.js:55:13
      at node_modules/@testing-library/dom/dist/query-helpers.js:95:19
      at Object.getByRole (tests/accessibility/Caption.comprehensive.test.tsx:196:34)

  ● Caption Comprehensive Accessibility › Loading and Error States › implements accessible loading state

    TestingLibraryElementError: Unable to find an accessible element with the role "progressbar"

    Here are the accessible roles:

      region:

      Name "Surface analysis section for Aluminum 6061-T6 laser cleaning treatment":
      [36m<section[39m
        [33maria-describedby[39m=[32m"caption-desc-analysis-Aluminum 6061-T6-1759343130766 caption-announcements-analysis-Aluminum 6061-T6-1759343130766"[39m
        [33maria-label[39m=[32m"Surface analysis section for Aluminum 6061-T6 laser cleaning treatment"[39m
        [33mclass[39m=[32m"enhanced-seo-caption "[39m
        [33mid[39m=[32m"caption-section-analysis-Aluminum 6061-T6-1759343130766"[39m
        [33mitemscope[39m=[32m""[39m
        [33mitemtype[39m=[32m"https://schema.org/TechArticle"[39m
        [33mrole[39m=[32m"region"[39m
        [33mtabindex[39m=[32m"0"[39m
      [36m/>[39m

      Name "":
      [36m<section[39m
        [33maria-labelledby[39m=[32m"before-treatment-analysis-Aluminum 6061-T6-1759343130766"[39m
        [33mclass[39m=[32m"px-2"[39m
        [33mrole[39m=[32m"region"[39m
      [36m/>[39m

      Name "":
      [36m<section[39m
        [33maria-labelledby[39m=[32m"after-treatment-analysis-Aluminum 6061-T6-1759343130766"[39m
        [33mclass[39m=[32m"px-2"[39m
        [33mrole[39m=[32m"region"[39m
      [36m/>[39m

      --------------------------------------------------
      status:

      Name "":
      [36m<div[39m
        [33maria-atomic[39m=[32m"true"[39m
        [33maria-live[39m=[32m"polite"[39m
        [33mclass[39m=[32m"sr-only"[39m
        [33mid[39m=[32m"caption-announcements-analysis-Aluminum 6061-T6-1759343130766"[39m
        [33mrole[39m=[32m"status"[39m
      [36m/>[39m

      --------------------------------------------------
      banner:

      Name "":
      [36m<header />[39m

      Name "Material Properties - Aluminum 6061-T6":
      [36m<header[39m
        [33maria-labelledby[39m=[32m"section-header-material-properties---aluminum-lfxcx"[39m
        [33mclass[39m=[32m"header-wrapper w-full "[39m
        [33mdata-header-level[39m=[32m"section"[39m
        [33mdata-priority[39m=[32m"medium"[39m
        [33mdata-search-keywords[39m=[32m""[39m
      [36m/>[39m

      --------------------------------------------------
      heading:

      Name "Material Properties - Aluminum 6061-T6":
      [36m<h2[39m
        [33maria-level[39m=[32m"2"[39m
        [33mclass[39m=[32m"font-semibold text-white transition-all duration-200 ease-in-out focus:outline-none focus:ring-2 focus:ring-blue-500 focus:ring-offset-2 focus:ring-offset-gray-900 text-2xl font-bold mb-4 text-gray-100 text-left priority-medium text-xl font-bold text-white mb-4"[39m
        [33mdata-testid[39m=[32m"header-section"[39m
        [33mid[39m=[32m"section-header-material-properties---aluminum-lfxcx"[39m
        [33mrole[39m=[32m"heading"[39m
        [33mtabindex[39m=[32m"-1"[39m
      [36m/>[39m

      Name "Before Treatment":
      [36m<h4[39m
        [33maria-level[39m=[32m"4"[39m
        [33mclass[39m=[32m"text-base font-semibold text-gray-900 dark:text-gray-100 mb-2 flex items-center"[39m
        [33mid[39m=[32m"before-treatment-analysis-Aluminum 6061-T6-1759343130766"[39m
        [33mrole[39m=[32m"heading"[39m
      [36m/>[39m

      Name "After Treatment":
      [36m<h4[39m
        [33maria-level[39m=[32m"4"[39m
        [33mclass[39m=[32m"text-base font-semibold text-gray-900 dark:text-gray-100 mb-2 flex items-center"[39m
        [33mid[39m=[32m"after-treatment-analysis-Aluminum 6061-T6-1759343130766"[39m
        [33mrole[39m=[32m"heading"[39m
      [36m/>[39m

      --------------------------------------------------
      img:

      Name "":
      [36m<figure[39m
        [33maria-describedby[39m=[32m"caption-image-analysis-Aluminum 6061-T6-1759343130766"[39m
        [33maria-labelledby[39m=[32m"caption-title-analysis-Aluminum 6061-T6-1759343130766"[39m
        [33mclass[39m=[32m"caption-container"[39m
        [33mitemscope[39m=[32m""[39m
        [33mitemtype[39m=[32m"https://schema.org/ImageObject"[39m
        [33mrole[39m=[32m"img"[39m
      [36m/>[39m

      Name "Z-Beam company logo":
      [36m<img[39m
        [33malt[39m=[32m"Z-Beam company logo"[39m
        [33mclass[39m=[32m"opacity-30 object-contain"[39m
        [33mheight[39m=[32m"72"[39m
        [33msrc[39m=[32m"/images/Site/Logo/logo_.png"[39m
        [33mwidth[39m=[32m"120"[39m
      [36m/>[39m

      --------------------------------------------------
      group:

      Name "":
      [36m<figcaption[39m
        [33maria-labelledby[39m=[32m"caption-title-analysis-Aluminum 6061-T6-1759343130766"[39m
        [33mclass[39m=[32m"mt-4 pb-4 mb-2 text-sm max-w-none"[39m
        [33mrole[39m=[32m"group"[39m
      [36m/>[39m

      Name "Before and after treatment comparison":
      [36m<div[39m
        [33maria-label[39m=[32m"Before and after treatment comparison"[39m
        [33mclass[39m=[32m"grid grid-cols-1 md:grid-cols-2 gap-4"[39m
        [33mrole[39m=[32m"group"[39m
      [36m/>[39m

      --------------------------------------------------
      paragraph:

      Name "":
      [36m<p[39m
        [33maria-labelledby[39m=[32m"before-treatment-analysis-Aluminum 6061-T6-1759343130766"[39m
        [33mclass[39m=[32m"text-gray-600 dark:text-gray-400 text-sm leading-relaxed mb-4 md:mb-0"[39m
      [36m/>[39m

      Name "":
      [36m<p[39m
        [33maria-labelledby[39m=[32m"after-treatment-analysis-Aluminum 6061-T6-1759343130766"[39m
        [33mclass[39m=[32m"text-gray-600 dark:text-gray-400 text-sm leading-relaxed"[39m
      [36m/>[39m

      --------------------------------------------------

    Ignored nodes: comments, script, style
    [36m<body>[39m
      [36m<div>[39m
        [36m<section[39m
          [33maria-describedby[39m=[32m"caption-desc-analysis-Aluminum 6061-T6-1759343130766 caption-announcements-analysis-Aluminum 6061-T6-1759343130766"[39m
          [33maria-label[39m=[32m"Surface analysis section for Aluminum 6061-T6 laser cleaning treatment"[39m
          [33mclass[39m=[32m"enhanced-seo-caption "[39m
          [33mid[39m=[32m"caption-section-analysis-Aluminum 6061-T6-1759343130766"[39m
          [33mitemscope[39m=[32m""[39m
          [33mitemtype[39m=[32m"https://schema.org/TechArticle"[39m
          [33mrole[39m=[32m"region"[39m
          [33mtabindex[39m=[32m"0"[39m
        [36m>[39m
          [36m<div[39m
            [33maria-atomic[39m=[32m"true"[39m
            [33maria-live[39m=[32m"polite"[39m
            [33mclass[39m=[32m"sr-only"[39m
            [33mid[39m=[32m"caption-announcements-analysis-Aluminum 6061-T6-1759343130766"[39m
            [33mrole[39m=[32m"status"[39m
          [36m/>[39m
          [36m<div[39m
            [33mclass[39m=[32m"sr-only"[39m
            [33mid[39m=[32m"caption-desc-analysis-Aluminum 6061-T6-1759343130766"[39m
          [36m>[39m
            [0mInteractive Aluminum 6061-T6 laser cleaning analysis with quality metrics overlay and before/after comparison. Use arrow keys to navigate metrics, Enter to toggle expansion, Escape to return focus.[0m
          [36m</div>[39m
          [36m<div[39m
            [33mclass[39m=[32m"mb-8"[39m
          [36m>[39m
            [36m<header>[39m
              [36m<header[39m
                [33maria-labelledby[39m=[32m"section-header-material-properties---aluminum-lfxcx"[39m
                [33mclass[39m=[32m"header-wrapper w-full "[39m
                [33mdata-header-level[39m=[32m"section"[39m
                [33mdata-priority[39m=[32m"medium"[39m
                [33mdata-search-keywords[39m=[32m""[39m
              [36m>[39m
                [36m<h2[39m
                  [33maria-level[39m=[32m"2"[39m
                  [33mclass[39m=[32m"font-semibold text-white transition-all duration-200 ease-in-out focus:outline-none focus:ring-2 focus:ring-blue-500 focus:ring-offset-2 focus:ring-offset-gray-900 text-2xl font-bold mb-4 text-gray-100 text-left priority-medium text-xl font-bold text-white mb-4"[39m
                  [33mdata-testid[39m=[32m"header-section"[39m
                  [33mid[39m=[32m"section-header-material-properties---aluminum-lfxcx"[39m
                  [33mrole[39m=[32m"heading"[39m
                  [33mtabindex[39m=[32m"-1"[39m
                [36m>[39m
                  [0mMaterial Properties - Aluminum 6061-T6[0m
                [36m</h2>[39m
              [36m</header>[39m
            [36m</header>[39m
            [36m<figure[39m
              [33maria-describedby[39m=[32m"caption-image-analysis-Aluminum 6061-T6-1759343130766"[39m
              [33maria-labelledby[39m=[32m"caption-title-analysis-Aluminum 6061-T6-1759343130766"[39m
              [33mclass[39m=[32m"caption-container"[39m
              [33mitemscope[39m=[32m""[39m
              [33mitemtype[39m=[32m"https://schema.org/ImageObject"[39m
              [33mrole[39m=[32m"img"[39m
            [36m>[39m
              [36m<div[39m
                [33mclass[39m=[32m"sr-only"[39m
                [33mid[39m=[32m"caption-image-analysis-Aluminum 6061-T6-1759343130766"[39m
              [36m>[39m
                [0mNo image available for Aluminum 6061-T6 surface analysis[0m
              [36m</div>[39m
              [36m<div[39m
                [33maria-label[39m=[32m"No surface analysis image available"[39m
                [33mclass[39m=[32m"w-full h-[300px] md:h-[400px] flex items-center justify-center bg-gray-600 rounded-lg"[39m
              [36m>[39m
                [36m<img[39m
                  [33malt[39m=[32m"Z-Beam company logo"[39m
                  [33mclass[39m=[32m"opacity-30 object-contain"[39m
                  [33mheight[39m=[32m"72"[39m
                  [33msrc[39m=[32m"/images/Site/Logo/logo_.png"[39m
                  [33mwidth[39m=[32m"120"[39m
                [36m/>[39m
              [36m</div>[39m
              [36m<figcaption[39m
                [33maria-labelledby[39m=[32m"caption-title-analysis-Aluminum 6061-T6-1759343130766"[39m
                [33mclass[39m=[32m"mt-4 pb-4 mb-2 text-sm max-w-none"[39m
                [33mrole[39m=[32m"group"[39m
              [36m>[39m
                [36m<div[39m
                  [33maria-label[39m=[32m"Before and after treatment comparison"[39m
                  [33mclass[39m=[32m"grid grid-cols-1 md:grid-cols-2 gap-4"[39m
                  [33mrole[39m=[32m"group"[39m
                [36m>[39m
                  [36m<section[39m
                    [33maria-labelledby[39m=[32m"before-treatment-analysis-Aluminum 6061-T6-1759343130766"[39m
                    [33mclass[39m=[32m"px-2"[39m
                    [33mrole[39m=[32m"region"[39m
                  [36m>[39m
                    [36m<h4[39m
                      [33maria-level[39m=[32m"4"[39m
                      [33mclass[39m=[32m"text-base font-semibold text-gray-900 dark:text-gray-100 mb-2 flex items-center"[39m
                      [33mid[39m=[32m"before-treatment-analysis-Aluminum 6061-T6-1759343130766"[39m
                      [33mrole[39m=[32m"heading"[39m
                    [36m>[39m
                      [36m<span[39m
                        [33maria-hidden[39m=[32m"true"[39m
                        [33mclass[39m=[32m"w-2 h-2 bg-red-500 rounded-full mr-2"[39m
                        [33mrole[39m=[32m"presentation"[39m
                      [36m/>[39m
                      [0mBefore Treatment[0m
                    [36m</h4>[39m
                    [36m<p[39m
                      [33maria-labelledby[39m=[32m"before-treatment-analysis-Aluminum 6061-T6-1759343130766"[39m
                      [33mclass[39m=[32m"text-gray-600 dark:text-gray-400 text-sm leading-relaxed mb-4 md:mb-0"[39m
                    [36m>[39m
                      [0mSurface shows oxidation, contamination, and roughness from manufacturing processes[0m
                    [36m</p>[39m
                  [36m</section>[39m
                  [36m<section[39m
                    [33maria-labelledby[39m=[32m"after-treatment-analysis-Aluminum 6061-T6-1759343130766"[39m
                    [33mclass[39m=[32m"px-2"[39m
                    [33mrole[39m=[32m"region"[39m
                  [36m>[39m
                    [36m<h4[39m
                      [33maria-level[39m=[32m"4"[39m
                      [33mclass[39m=[32m"text-base font-semibold text-gray-900 dark:text-gray-100 mb-2 flex items-center"[39m
                      [33mid[39m=[32m"after-treatment-analysis-Aluminum 6061-T6-1759343130766"[39m
                      [33mrole[39m=[32m"heading"[39m
                    [36m>[39m
                      [36m<span[39m
                        [33maria-hidden[39m=[32m"true"[39m
                        [33mclass[39m=[32m"w-2 h-2 bg-green-500 rounded-full mr-2"[39m
                        [33mrole[39m=[32m"presentation"[39m
                      [36m/>[39m
                      [0mAfter Treatment[0m
                    [36m</h4>[39m
                    [36m<p[39m
                      [33maria-labelledby[39m=[32m"after-treatment-analysis-Aluminum 6061-T6-1759343130766"[39m
                      [33mclass[39m=[32m"text-gray-600 dark:text-gray-400 text-sm leading-relaxed"[39m
                    [36m>[39m
                      [0mClean, smooth surface with improved thermal and electrical properties for optimal performance[0m
                    [36m</p>[39m
                  [36m</section>[39m
                [36m</div>[39m
              [36m</figcaption>[39m
            [36m</figure>[39m
          [36m</div>[39m
        [36m</section>[39m
      [36m</div>[39m
    [36m</body>[39m

      219 |       render(<Caption frontmatter={{ caption: loadingData }} />);
      220 |       
    > 221 |       const progressbar = screen.getByRole('progressbar');
          |                                  ^
      222 |       expect(progressbar).toHaveAttribute('aria-label', 'Loading surface analysis image');
      223 |       expect(progressbar).toHaveAttribute('aria-describedby');
      224 |       expect(progressbar).toHaveAttribute('tabindex', '0');

      at Object.getElementError (node_modules/@testing-library/dom/dist/config.js:37:19)
      at node_modules/@testing-library/dom/dist/query-helpers.js:76:38
      at node_modules/@testing-library/dom/dist/query-helpers.js:52:17
      at node_modules/@testing-library/dom/dist/query-helpers.js:95:19
      at Object.getByRole (tests/accessibility/Caption.comprehensive.test.tsx:221:34)

  ● Caption Comprehensive Accessibility › Loading and Error States › implements accessible error state

    TestingLibraryElementError: Unable to find an accessible element with the role "alert"

    Here are the accessible roles:

      region:

      Name "Surface analysis section for Aluminum 6061-T6 laser cleaning treatment":
      [36m<section[39m
        [33maria-describedby[39m=[32m"caption-desc-analysis-Aluminum 6061-T6-1759343130890 caption-announcements-analysis-Aluminum 6061-T6-1759343130890"[39m
        [33maria-label[39m=[32m"Surface analysis section for Aluminum 6061-T6 laser cleaning treatment"[39m
        [33mclass[39m=[32m"enhanced-seo-caption "[39m
        [33mid[39m=[32m"caption-section-analysis-Aluminum 6061-T6-1759343130890"[39m
        [33mitemscope[39m=[32m""[39m
        [33mitemtype[39m=[32m"https://schema.org/TechArticle"[39m
        [33mrole[39m=[32m"region"[39m
        [33mtabindex[39m=[32m"0"[39m
      [36m/>[39m

      Name "":
      [36m<section[39m
        [33maria-labelledby[39m=[32m"before-treatment-analysis-Aluminum 6061-T6-1759343130890"[39m
        [33mclass[39m=[32m"px-2"[39m
        [33mrole[39m=[32m"region"[39m
      [36m/>[39m

      Name "":
      [36m<section[39m
        [33maria-labelledby[39m=[32m"after-treatment-analysis-Aluminum 6061-T6-1759343130890"[39m
        [33mclass[39m=[32m"px-2"[39m
        [33mrole[39m=[32m"region"[39m
      [36m/>[39m

      --------------------------------------------------
      status:

      Name "":
      [36m<div[39m
        [33maria-atomic[39m=[32m"true"[39m
        [33maria-live[39m=[32m"polite"[39m
        [33mclass[39m=[32m"sr-only"[39m
        [33mid[39m=[32m"caption-announcements-analysis-Aluminum 6061-T6-1759343130890"[39m
        [33mrole[39m=[32m"status"[39m
      [36m/>[39m

      --------------------------------------------------
      banner:

      Name "":
      [36m<header />[39m

      Name "Material Properties - Aluminum 6061-T6":
      [36m<header[39m
        [33maria-labelledby[39m=[32m"section-header-material-properties---aluminum-lfxcx"[39m
        [33mclass[39m=[32m"header-wrapper w-full "[39m
        [33mdata-header-level[39m=[32m"section"[39m
        [33mdata-priority[39m=[32m"medium"[39m
        [33mdata-search-keywords[39m=[32m""[39m
      [36m/>[39m

      --------------------------------------------------
      heading:

      Name "Material Properties - Aluminum 6061-T6":
      [36m<h2[39m
        [33maria-level[39m=[32m"2"[39m
        [33mclass[39m=[32m"font-semibold text-white transition-all duration-200 ease-in-out focus:outline-none focus:ring-2 focus:ring-blue-500 focus:ring-offset-2 focus:ring-offset-gray-900 text-2xl font-bold mb-4 text-gray-100 text-left priority-medium text-xl font-bold text-white mb-4"[39m
        [33mdata-testid[39m=[32m"header-section"[39m
        [33mid[39m=[32m"section-header-material-properties---aluminum-lfxcx"[39m
        [33mrole[39m=[32m"heading"[39m
        [33mtabindex[39m=[32m"-1"[39m
      [36m/>[39m

      Name "Before Treatment":
      [36m<h4[39m
        [33maria-level[39m=[32m"4"[39m
        [33mclass[39m=[32m"text-base font-semibold text-gray-900 dark:text-gray-100 mb-2 flex items-center"[39m
        [33mid[39m=[32m"before-treatment-analysis-Aluminum 6061-T6-1759343130890"[39m
        [33mrole[39m=[32m"heading"[39m
      [36m/>[39m

      Name "After Treatment":
      [36m<h4[39m
        [33maria-level[39m=[32m"4"[39m
        [33mclass[39m=[32m"text-base font-semibold text-gray-900 dark:text-gray-100 mb-2 flex items-center"[39m
        [33mid[39m=[32m"after-treatment-analysis-Aluminum 6061-T6-1759343130890"[39m
        [33mrole[39m=[32m"heading"[39m
      [36m/>[39m

      --------------------------------------------------
      img:

      Name "":
      [36m<figure[39m
        [33maria-describedby[39m=[32m"caption-image-analysis-Aluminum 6061-T6-1759343130890"[39m
        [33maria-labelledby[39m=[32m"caption-title-analysis-Aluminum 6061-T6-1759343130890"[39m
        [33mclass[39m=[32m"caption-container"[39m
        [33mitemscope[39m=[32m""[39m
        [33mitemtype[39m=[32m"https://schema.org/ImageObject"[39m
        [33mrole[39m=[32m"img"[39m
      [36m/>[39m

      Name "Z-Beam company logo":
      [36m<img[39m
        [33malt[39m=[32m"Z-Beam company logo"[39m
        [33mclass[39m=[32m"opacity-30 object-contain"[39m
        [33mheight[39m=[32m"72"[39m
        [33msrc[39m=[32m"/images/Site/Logo/logo_.png"[39m
        [33mwidth[39m=[32m"120"[39m
      [36m/>[39m

      --------------------------------------------------
      group:

      Name "":
      [36m<figcaption[39m
        [33maria-labelledby[39m=[32m"caption-title-analysis-Aluminum 6061-T6-1759343130890"[39m
        [33mclass[39m=[32m"mt-4 pb-4 mb-2 text-sm max-w-none"[39m
        [33mrole[39m=[32m"group"[39m
      [36m/>[39m

      Name "Before and after treatment comparison":
      [36m<div[39m
        [33maria-label[39m=[32m"Before and after treatment comparison"[39m
        [33mclass[39m=[32m"grid grid-cols-1 md:grid-cols-2 gap-4"[39m
        [33mrole[39m=[32m"group"[39m
      [36m/>[39m

      --------------------------------------------------
      paragraph:

      Name "":
      [36m<p[39m
        [33maria-labelledby[39m=[32m"before-treatment-analysis-Aluminum 6061-T6-1759343130890"[39m
        [33mclass[39m=[32m"text-gray-600 dark:text-gray-400 text-sm leading-relaxed mb-4 md:mb-0"[39m
      [36m/>[39m

      Name "":
      [36m<p[39m
        [33maria-labelledby[39m=[32m"after-treatment-analysis-Aluminum 6061-T6-1759343130890"[39m
        [33mclass[39m=[32m"text-gray-600 dark:text-gray-400 text-sm leading-relaxed"[39m
      [36m/>[39m

      --------------------------------------------------

    Ignored nodes: comments, script, style
    [36m<body>[39m
      [36m<div>[39m
        [36m<section[39m
          [33maria-describedby[39m=[32m"caption-desc-analysis-Aluminum 6061-T6-1759343130890 caption-announcements-analysis-Aluminum 6061-T6-1759343130890"[39m
          [33maria-label[39m=[32m"Surface analysis section for Aluminum 6061-T6 laser cleaning treatment"[39m
          [33mclass[39m=[32m"enhanced-seo-caption "[39m
          [33mid[39m=[32m"caption-section-analysis-Aluminum 6061-T6-1759343130890"[39m
          [33mitemscope[39m=[32m""[39m
          [33mitemtype[39m=[32m"https://schema.org/TechArticle"[39m
          [33mrole[39m=[32m"region"[39m
          [33mtabindex[39m=[32m"0"[39m
        [36m>[39m
          [36m<div[39m
            [33maria-atomic[39m=[32m"true"[39m
            [33maria-live[39m=[32m"polite"[39m
            [33mclass[39m=[32m"sr-only"[39m
            [33mid[39m=[32m"caption-announcements-analysis-Aluminum 6061-T6-1759343130890"[39m
            [33mrole[39m=[32m"status"[39m
          [36m/>[39m
          [36m<div[39m
            [33mclass[39m=[32m"sr-only"[39m
            [33mid[39m=[32m"caption-desc-analysis-Aluminum 6061-T6-1759343130890"[39m
          [36m>[39m
            [0mInteractive Aluminum 6061-T6 laser cleaning analysis with quality metrics overlay and before/after comparison. Use arrow keys to navigate metrics, Enter to toggle expansion, Escape to return focus.[0m
          [36m</div>[39m
          [36m<div[39m
            [33mclass[39m=[32m"mb-8"[39m
          [36m>[39m
            [36m<header>[39m
              [36m<header[39m
                [33maria-labelledby[39m=[32m"section-header-material-properties---aluminum-lfxcx"[39m
                [33mclass[39m=[32m"header-wrapper w-full "[39m
                [33mdata-header-level[39m=[32m"section"[39m
                [33mdata-priority[39m=[32m"medium"[39m
                [33mdata-search-keywords[39m=[32m""[39m
              [36m>[39m
                [36m<h2[39m
                  [33maria-level[39m=[32m"2"[39m
                  [33mclass[39m=[32m"font-semibold text-white transition-all duration-200 ease-in-out focus:outline-none focus:ring-2 focus:ring-blue-500 focus:ring-offset-2 focus:ring-offset-gray-900 text-2xl font-bold mb-4 text-gray-100 text-left priority-medium text-xl font-bold text-white mb-4"[39m
                  [33mdata-testid[39m=[32m"header-section"[39m
                  [33mid[39m=[32m"section-header-material-properties---aluminum-lfxcx"[39m
                  [33mrole[39m=[32m"heading"[39m
                  [33mtabindex[39m=[32m"-1"[39m
                [36m>[39m
                  [0mMaterial Properties - Aluminum 6061-T6[0m
                [36m</h2>[39m
              [36m</header>[39m
            [36m</header>[39m
            [36m<figure[39m
              [33maria-describedby[39m=[32m"caption-image-analysis-Aluminum 6061-T6-1759343130890"[39m
              [33maria-labelledby[39m=[32m"caption-title-analysis-Aluminum 6061-T6-1759343130890"[39m
              [33mclass[39m=[32m"caption-container"[39m
              [33mitemscope[39m=[32m""[39m
              [33mitemtype[39m=[32m"https://schema.org/ImageObject"[39m
              [33mrole[39m=[32m"img"[39m
            [36m>[39m
              [36m<div[39m
                [33mclass[39m=[32m"sr-only"[39m
                [33mid[39m=[32m"caption-image-analysis-Aluminum 6061-T6-1759343130890"[39m
              [36m>[39m
                [0mNo image available for Aluminum 6061-T6 surface analysis[0m
              [36m</div>[39m
              [36m<div[39m
                [33maria-label[39m=[32m"No surface analysis image available"[39m
                [33mclass[39m=[32m"w-full h-[300px] md:h-[400px] flex items-center justify-center bg-gray-600 rounded-lg"[39m
              [36m>[39m
                [36m<img[39m
                  [33malt[39m=[32m"Z-Beam company logo"[39m
                  [33mclass[39m=[32m"opacity-30 object-contain"[39m
                  [33mheight[39m=[32m"72"[39m
                  [33msrc[39m=[32m"/images/Site/Logo/logo_.png"[39m
                  [33mwidth[39m=[32m"120"[39m
                [36m/>[39m
              [36m</div>[39m
              [36m<figcaption[39m
                [33maria-labelledby[39m=[32m"caption-title-analysis-Aluminum 6061-T6-1759343130890"[39m
                [33mclass[39m=[32m"mt-4 pb-4 mb-2 text-sm max-w-none"[39m
                [33mrole[39m=[32m"group"[39m
              [36m>[39m
                [36m<div[39m
                  [33maria-label[39m=[32m"Before and after treatment comparison"[39m
                  [33mclass[39m=[32m"grid grid-cols-1 md:grid-cols-2 gap-4"[39m
                  [33mrole[39m=[32m"group"[39m
                [36m>[39m
                  [36m<section[39m
                    [33maria-labelledby[39m=[32m"before-treatment-analysis-Aluminum 6061-T6-1759343130890"[39m
                    [33mclass[39m=[32m"px-2"[39m
                    [33mrole[39m=[32m"region"[39m
                  [36m>[39m
                    [36m<h4[39m
                      [33maria-level[39m=[32m"4"[39m
                      [33mclass[39m=[32m"text-base font-semibold text-gray-900 dark:text-gray-100 mb-2 flex items-center"[39m
                      [33mid[39m=[32m"before-treatment-analysis-Aluminum 6061-T6-1759343130890"[39m
                      [33mrole[39m=[32m"heading"[39m
                    [36m>[39m
                      [36m<span[39m
                        [33maria-hidden[39m=[32m"true"[39m
                        [33mclass[39m=[32m"w-2 h-2 bg-red-500 rounded-full mr-2"[39m
                        [33mrole[39m=[32m"presentation"[39m
                      [36m/>[39m
                      [0mBefore Treatment[0m
                    [36m</h4>[39m
                    [36m<p[39m
                      [33maria-labelledby[39m=[32m"before-treatment-analysis-Aluminum 6061-T6-1759343130890"[39m
                      [33mclass[39m=[32m"text-gray-600 dark:text-gray-400 text-sm leading-relaxed mb-4 md:mb-0"[39m
                    [36m>[39m
                      [0mSurface shows oxidation, contamination, and roughness from manufacturing processes[0m
                    [36m</p>[39m
                  [36m</section>[39m
                  [36m<section[39m
                    [33maria-labelledby[39m=[32m"after-treatment-analysis-Aluminum 6061-T6-1759343130890"[39m
                    [33mclass[39m=[32m"px-2"[39m
                    [33mrole[39m=[32m"region"[39m
                  [36m>[39m
                    [36m<h4[39m
                      [33maria-level[39m=[32m"4"[39m
                      [33mclass[39m=[32m"text-base font-semibold text-gray-900 dark:text-gray-100 mb-2 flex items-center"[39m
                      [33mid[39m=[32m"after-treatment-analysis-Aluminum 6061-T6-1759343130890"[39m
                      [33mrole[39m=[32m"heading"[39m
                    [36m>[39m
                      [36m<span[39m
                        [33maria-hidden[39m=[32m"true"[39m
                        [33mclass[39m=[32m"w-2 h-2 bg-green-500 rounded-full mr-2"[39m
                        [33mrole[39m=[32m"presentation"[39m
                      [36m/>[39m
                      [0mAfter Treatment[0m
                    [36m</h4>[39m
                    [36m<p[39m
                      [33maria-labelledby[39m=[32m"after-treatment-analysis-Aluminum 6061-T6-1759343130890"[39m
                      [33mclass[39m=[32m"text-gray-600 dark:text-gray-400 text-sm leading-relaxed"[39m
                    [36m>[39m
                      [0mClean, smooth surface with improved thermal and electrical properties for optimal performance[0m
                    [36m</p>[39m
                  [36m</section>[39m
                [36m</div>[39m
              [36m</figcaption>[39m
            [36m</figure>[39m
          [36m</div>[39m
        [36m</section>[39m
      [36m</div>[39m
    [36m</body>[39m

      232 |       render(<Caption frontmatter={{ caption: errorData }} />);
      233 |       
    > 234 |       const alert = screen.getByRole('alert');
          |                            ^
      235 |       expect(alert).toHaveAttribute('aria-live', 'assertive');
      236 |       expect(alert).toHaveAttribute('aria-describedby');
      237 |       

      at Object.getElementError (node_modules/@testing-library/dom/dist/config.js:37:19)
      at node_modules/@testing-library/dom/dist/query-helpers.js:76:38
      at node_modules/@testing-library/dom/dist/query-helpers.js:52:17
      at node_modules/@testing-library/dom/dist/query-helpers.js:95:19
      at Object.getByRole (tests/accessibility/Caption.comprehensive.test.tsx:234:28)

  ● Caption Comprehensive Accessibility › Loading and Error States › handles image loading completion

    expect(element).toHaveTextContent()

    Expected element to have text content:
      Surface analysis image loaded successfully
    Received:


    Ignored nodes: comments, script, style
    [36m<html>[39m
      [36m<head />[39m
      [36m<body>[39m
        [36m<div>[39m
          [36m<section[39m
            [33maria-describedby[39m=[32m"caption-desc-analysis-Aluminum 6061-T6-1759343130989 caption-announcements-analysis-Aluminum 6061-T6-1759343130989"[39m
            [33maria-label[39m=[32m"Surface analysis section for Aluminum 6061-T6 laser cleaning treatment"[39m
            [33mclass[39m=[32m"enhanced-seo-caption "[39m
            [33mid[39m=[32m"caption-section-analysis-Aluminum 6061-T6-1759343130989"[39m
            [33mitemscope[39m=[32m""[39m
            [33mitemtype[39m=[32m"https://schema.org/TechArticle"[39m
            [33mrole[39m=[32m"region"[39m
            [33mtabindex[39m=[32m"0"[39m
          [36m>[39m
            [36m<div[39m
              [33maria-atomic[39m=[32m"true"[39m
              [33maria-live[39m=[32m"polite"[39m
              [33mclass[39m=[32m"sr-only"[39m
              [33mid[39m=[32m"caption-announcements-analysis-Aluminum 6061-T6-1759343130989"[39m
              [33mrole[39m=[32m"status"[39m
            [36m/>[39m
            [36m<div[39m
              [33mclass[39m=[32m"sr-only"[39m
              [33mid[39m=[32m"caption-desc-analysis-Aluminum 6061-T6-1759343130989"[39m
            [36m>[39m
              [0mInteractive Aluminum 6061-T6 laser cleaning analysis with quality metrics overlay and before/after comparison. Use arrow keys to navigate metrics, Enter to toggle expansion, Escape to return focus.[0m
            [36m</div>[39m
            [36m<div[39m
              [33mclass[39m=[32m"mb-8"[39m
            [36m>[39m
              [36m<header>[39m
                [36m<header[39m
                  [33maria-labelledby[39m=[32m"section-header-material-properties---aluminum-lfxcx"[39m
                  [33mclass[39m=[32m"header-wrapper w-full "[39m
                  [33mdata-header-level[39m=[32m"section"[39m
                  [33mdata-priority[39m=[32m"medium"[39m
                  [33mdata-search-keywords[39m=[32m""[39m
                [36m>[39m
                  [36m<h2[39m
                    [33maria-level[39m=[32m"2"[39m
                    [33mclass[39m=[32m"font-semibold text-white transition-all duration-200 ease-in-out focus:outline-none focus:ring-2 focus:ring-blue-500 focus:ring-offset-2 focus:ring-offset-gray-900 text-2xl font-bold mb-4 text-gray-100 text-left priority-medium text-xl font-bold text-white mb-4"[39m
                    [33mdata-testid[39m=[32m"header-section"[39m
                    [33mid[39m=[32m"section-header-material-properties---aluminum-lfxcx"[39m
                    [33mrole[39m=[32m"heading"[39m
                    [33mtabindex[39m=[32m"-1"[39m
                  [36m>[39m
                    [0mMaterial Properties - Aluminum 6061-T6[0m
                  [36m</h2>[39m
                [36m</header>[39m
              [36m</header>[39m
              [36m<figure[39m
                [33maria-describedby[39m=[32m"caption-image-analysis-Aluminum 6061-T6-1759343130989"[39m
                [33maria-labelledby[39m=[32m"caption-title-analysis-Aluminum 6061-T6-1759343130989"[39m
                [33mclass[39m=[32m"caption-container"[39m
                [33mitemscope[39m=[32m""[39m
                [33mitemtype[39m=[32m"https://schema.org/ImageObject"[39m
                [33mrole[39m=[32m"img"[39m
              [36m>[39m
                [36m<div[39m
                  [33mclass[39m=[32m"sr-only"[39m
                  [33mid[39m=[32m"caption-image-analysis-Aluminum 6061-T6-1759343130989"[39m
                [36m>[39m
                  [0mNo image available for Aluminum 6061-T6 surface analysis[0m
                [36m</div>[39m
                [36m<div[39m
                  [33maria-label[39m=[32m"No surface analysis image available"[39m
                  [33mclass[39m=[32m"w-full h-[300px] md:h-[400px] flex items-center justify-center bg-gray-600 rounded-lg"[39m
                [36m>[39m
                  [36m<img[39m
                    [33malt[39m=[32m"Z-Beam company logo"[39m
                    [33mclass[39m=[32m"opacity-30 object-contain"[39m
                    [33mheight[39m=[32m"72"[39m
                    [33msrc[39m=[32m"/images/Site/Logo/logo_.png"[39m
                    [33mwidth[39m=[32m"120"[39m
                  [36m/>[39m
                [36m</div>[39m
                [36m<figcaption[39m
                  [33maria-labelledby[39m=[32m"caption-title-analysis-Aluminum 6061-T6-1759343130989"[39m
                  [33mclass[39m=[32m"mt-4 pb-4 mb-2 text-sm max-w-none"[39m
                  [33mrole[39m=[32m"group"[39m
                [36m>[39m
                  [36m<div[39m
                    [33maria-label[39m=[32m"Before and after treatment comparison"[39m
                    [33mclass[39m=[32m"grid grid-cols-1 md:grid-cols-2 gap-4"[39m
                    [33mrole[39m=[32m"group"[39m
                  [36m>[39m
                    [36m<section[39m
                      [33maria-labelledby[39m=[32m"before-treatment-analysis-Aluminum 6061-T6-1759343130989"[39m
                      [33mclass[39m=[32m"px-2"[39m
                      [33mrole[39m=[32m"region"[39m
                    [36m>[39m
                      [36m<h4[39m
                        [33maria-level[39m=[32m"4"[39m
                        [33mclass[39m=[32m"text-base font-semibold text-gray-900 dark:text-gray-100 mb-2 flex items-center"[39m
                        [33mid[39m=[32m"before-treatment-analysis-Aluminum 6061-T6-1759343130989"[39m
                        [33mrole[39m=[32m"heading"[39m
                      [36m>[39m
                        [36m<span[39m
                          [33maria-hidden[39m=[32m"true"[39m
                          [33mclass[39m=[32m"w-2 h-2 bg-red-500 rounded-full mr-2"[39m
                          [33mrole[39m=[32m"presentation"[39m
                        [36m/>[39m
                        [0mBefore Treatment[0m
                      [36m</h4>[39m
                      [36m<p[39m
                        [33maria-labelledby[39m=[32m"before-treatment-analysis-Aluminum 6061-T6-1759343130989"[39m
                        [33mclass[39m=[32m"text-gray-600 dark:text-gray-400 text-sm leading-relaxed mb-4 md:mb-0"[39m
                      [36m>[39m
                        [0mSurface shows oxidation, contamination, and roughness from manufacturing processes[0m
                      [36m</p>[39m
                    [36m</section>[39m
                    [36m<section[39m
                      [33maria-labelledby[39m=[32m"after-treatment-analysis-Aluminum 6061-T6-1759343130989"[39m
                      [33mclass[39m=[32m"px-2"[39m
                      [33mrole[39m=[32m"region"[39m
                    [36m>[39m
                      [36m<h4[39m
                        [33maria-level[39m=[32m"4"[39m
                        [33mclass[39m=[32m"text-base font-semibold text-gray-900 dark:text-gray-100 mb-2 flex items-center"[39m
                        [33mid[39m=[32m"after-treatment-analysis-Aluminum 6061-T6-1759343130989"[39m
                        [33mrole[39m=[32m"heading"[39m
                      [36m>[39m
                        [36m<span[39m
                          [33maria-hidden[39m=[32m"true"[39m
                          [33mclass[39m=[32m"w-2 h-2 bg-green-500 rounded-full mr-2"[39m
                          [33mrole[39m=[32m"presentation"[39m
                        [36m/>[39m
                        [0mAfter Treatment[0m
                      [36m</h4>[39m
                      [36m<p[39m
                        [33maria-labelledby[39m=[32m"after-treatment-analysis-Aluminum 6061-T6-1759343130989"[39m
                        [33mclass[39m=[32m"text-gray-600 dark:text-gray-400 text-sm leading-relaxed"[39m
                      [36m>[39m
                        [0mClean, smooth surface with improved thermal and electrical properties for optimal performance[0m
                      [36m</p>[39m
                    [36m</section>[39m
                  [36m</div>[39m
                [36m</figcaption>[39m
              [36m</figure>[39m
            [36m</div>[39m
          [36m</section>[39m
        [36m</div>[39m
      [36m</body>[39m
    [36m</html>[39m

      251 |       const liveRegion = screen.getByRole('status');
      252 |       await waitFor(() => {
    > 253 |         expect(liveRegion).toHaveTextContent('Surface analysis image loaded successfully');
          |                            ^
      254 |       });
      255 |     });
      256 |   });

      at toHaveTextContent (tests/accessibility/Caption.comprehensive.test.tsx:253:28)
      at runWithExpensiveErrorDiagnosticsDisabled (node_modules/@testing-library/dom/dist/config.js:47:12)
      at checkCallback (node_modules/@testing-library/dom/dist/wait-for.js:124:77)
      at checkRealTimersCallback (node_modules/@testing-library/dom/dist/wait-for.js:118:16)
      at Timeout.task [as _onTimeout] (node_modules/jsdom/lib/jsdom/browser/Window.js:579:19)

  ● Caption Comprehensive Accessibility › Before/After Treatment Sections › uses presentation role for decorative indicators

    TestingLibraryElementError: Unable to find an accessible element with the role "presentation"

    Here are the accessible roles:

      region:

      Name "Surface analysis section for Aluminum 6061-T6 laser cleaning treatment":
      [36m<section[39m
        [33maria-describedby[39m=[32m"caption-desc-analysis-Aluminum 6061-T6-1759343132031 caption-announcements-analysis-Aluminum 6061-T6-1759343132031"[39m
        [33maria-label[39m=[32m"Surface analysis section for Aluminum 6061-T6 laser cleaning treatment"[39m
        [33mclass[39m=[32m"enhanced-seo-caption "[39m
        [33mid[39m=[32m"caption-section-analysis-Aluminum 6061-T6-1759343132031"[39m
        [33mitemscope[39m=[32m""[39m
        [33mitemtype[39m=[32m"https://schema.org/TechArticle"[39m
        [33mrole[39m=[32m"region"[39m
        [33mtabindex[39m=[32m"0"[39m
      [36m/>[39m

      Name "":
      [36m<section[39m
        [33maria-labelledby[39m=[32m"before-treatment-analysis-Aluminum 6061-T6-1759343132031"[39m
        [33mclass[39m=[32m"px-2"[39m
        [33mrole[39m=[32m"region"[39m
      [36m/>[39m

      Name "":
      [36m<section[39m
        [33maria-labelledby[39m=[32m"after-treatment-analysis-Aluminum 6061-T6-1759343132031"[39m
        [33mclass[39m=[32m"px-2"[39m
        [33mrole[39m=[32m"region"[39m
      [36m/>[39m

      --------------------------------------------------
      status:

      Name "":
      [36m<div[39m
        [33maria-atomic[39m=[32m"true"[39m
        [33maria-live[39m=[32m"polite"[39m
        [33mclass[39m=[32m"sr-only"[39m
        [33mid[39m=[32m"caption-announcements-analysis-Aluminum 6061-T6-1759343132031"[39m
        [33mrole[39m=[32m"status"[39m
      [36m/>[39m

      --------------------------------------------------
      banner:

      Name "":
      [36m<header />[39m

      Name "Material Properties - Aluminum 6061-T6":
      [36m<header[39m
        [33maria-labelledby[39m=[32m"section-header-material-properties---aluminum-lfxcx"[39m
        [33mclass[39m=[32m"header-wrapper w-full "[39m
        [33mdata-header-level[39m=[32m"section"[39m
        [33mdata-priority[39m=[32m"medium"[39m
        [33mdata-search-keywords[39m=[32m""[39m
      [36m/>[39m

      --------------------------------------------------
      heading:

      Name "Material Properties - Aluminum 6061-T6":
      [36m<h2[39m
        [33maria-level[39m=[32m"2"[39m
        [33mclass[39m=[32m"font-semibold text-white transition-all duration-200 ease-in-out focus:outline-none focus:ring-2 focus:ring-blue-500 focus:ring-offset-2 focus:ring-offset-gray-900 text-2xl font-bold mb-4 text-gray-100 text-left priority-medium text-xl font-bold text-white mb-4"[39m
        [33mdata-testid[39m=[32m"header-section"[39m
        [33mid[39m=[32m"section-header-material-properties---aluminum-lfxcx"[39m
        [33mrole[39m=[32m"heading"[39m
        [33mtabindex[39m=[32m"-1"[39m
      [36m/>[39m

      Name "Before Treatment":
      [36m<h4[39m
        [33maria-level[39m=[32m"4"[39m
        [33mclass[39m=[32m"text-base font-semibold text-gray-900 dark:text-gray-100 mb-2 flex items-center"[39m
        [33mid[39m=[32m"before-treatment-analysis-Aluminum 6061-T6-1759343132031"[39m
        [33mrole[39m=[32m"heading"[39m
      [36m/>[39m

      Name "After Treatment":
      [36m<h4[39m
        [33maria-level[39m=[32m"4"[39m
        [33mclass[39m=[32m"text-base font-semibold text-gray-900 dark:text-gray-100 mb-2 flex items-center"[39m
        [33mid[39m=[32m"after-treatment-analysis-Aluminum 6061-T6-1759343132031"[39m
        [33mrole[39m=[32m"heading"[39m
      [36m/>[39m

      --------------------------------------------------
      img:

      Name "":
      [36m<figure[39m
        [33maria-describedby[39m=[32m"caption-image-analysis-Aluminum 6061-T6-1759343132031"[39m
        [33maria-labelledby[39m=[32m"caption-title-analysis-Aluminum 6061-T6-1759343132031"[39m
        [33mclass[39m=[32m"caption-container"[39m
        [33mitemscope[39m=[32m""[39m
        [33mitemtype[39m=[32m"https://schema.org/ImageObject"[39m
        [33mrole[39m=[32m"img"[39m
      [36m/>[39m

      Name "Z-Beam company logo":
      [36m<img[39m
        [33malt[39m=[32m"Z-Beam company logo"[39m
        [33mclass[39m=[32m"opacity-30 object-contain"[39m
        [33mheight[39m=[32m"72"[39m
        [33msrc[39m=[32m"/images/Site/Logo/logo_.png"[39m
        [33mwidth[39m=[32m"120"[39m
      [36m/>[39m

      --------------------------------------------------
      group:

      Name "":
      [36m<figcaption[39m
        [33maria-labelledby[39m=[32m"caption-title-analysis-Aluminum 6061-T6-1759343132031"[39m
        [33mclass[39m=[32m"mt-4 pb-4 mb-2 text-sm max-w-none"[39m
        [33mrole[39m=[32m"group"[39m
      [36m/>[39m

      Name "Before and after treatment comparison":
      [36m<div[39m
        [33maria-label[39m=[32m"Before and after treatment comparison"[39m
        [33mclass[39m=[32m"grid grid-cols-1 md:grid-cols-2 gap-4"[39m
        [33mrole[39m=[32m"group"[39m
      [36m/>[39m

      --------------------------------------------------
      paragraph:

      Name "":
      [36m<p[39m
        [33maria-labelledby[39m=[32m"before-treatment-analysis-Aluminum 6061-T6-1759343132031"[39m
        [33mclass[39m=[32m"text-gray-600 dark:text-gray-400 text-sm leading-relaxed mb-4 md:mb-0"[39m
      [36m/>[39m

      Name "":
      [36m<p[39m
        [33maria-labelledby[39m=[32m"after-treatment-analysis-Aluminum 6061-T6-1759343132031"[39m
        [33mclass[39m=[32m"text-gray-600 dark:text-gray-400 text-sm leading-relaxed"[39m
      [36m/>[39m

      --------------------------------------------------

    Ignored nodes: comments, script, style
    [36m<body>[39m
      [36m<div>[39m
        [36m<section[39m
          [33maria-describedby[39m=[32m"caption-desc-analysis-Aluminum 6061-T6-1759343132031 caption-announcements-analysis-Aluminum 6061-T6-1759343132031"[39m
          [33maria-label[39m=[32m"Surface analysis section for Aluminum 6061-T6 laser cleaning treatment"[39m
          [33mclass[39m=[32m"enhanced-seo-caption "[39m
          [33mid[39m=[32m"caption-section-analysis-Aluminum 6061-T6-1759343132031"[39m
          [33mitemscope[39m=[32m""[39m
          [33mitemtype[39m=[32m"https://schema.org/TechArticle"[39m
          [33mrole[39m=[32m"region"[39m
          [33mtabindex[39m=[32m"0"[39m
        [36m>[39m
          [36m<div[39m
            [33maria-atomic[39m=[32m"true"[39m
            [33maria-live[39m=[32m"polite"[39m
            [33mclass[39m=[32m"sr-only"[39m
            [33mid[39m=[32m"caption-announcements-analysis-Aluminum 6061-T6-1759343132031"[39m
            [33mrole[39m=[32m"status"[39m
          [36m/>[39m
          [36m<div[39m
            [33mclass[39m=[32m"sr-only"[39m
            [33mid[39m=[32m"caption-desc-analysis-Aluminum 6061-T6-1759343132031"[39m
          [36m>[39m
            [0mInteractive Aluminum 6061-T6 laser cleaning analysis with quality metrics overlay and before/after comparison. Use arrow keys to navigate metrics, Enter to toggle expansion, Escape to return focus.[0m
          [36m</div>[39m
          [36m<div[39m
            [33mclass[39m=[32m"mb-8"[39m
          [36m>[39m
            [36m<header>[39m
              [36m<header[39m
                [33maria-labelledby[39m=[32m"section-header-material-properties---aluminum-lfxcx"[39m
                [33mclass[39m=[32m"header-wrapper w-full "[39m
                [33mdata-header-level[39m=[32m"section"[39m
                [33mdata-priority[39m=[32m"medium"[39m
                [33mdata-search-keywords[39m=[32m""[39m
              [36m>[39m
                [36m<h2[39m
                  [33maria-level[39m=[32m"2"[39m
                  [33mclass[39m=[32m"font-semibold text-white transition-all duration-200 ease-in-out focus:outline-none focus:ring-2 focus:ring-blue-500 focus:ring-offset-2 focus:ring-offset-gray-900 text-2xl font-bold mb-4 text-gray-100 text-left priority-medium text-xl font-bold text-white mb-4"[39m
                  [33mdata-testid[39m=[32m"header-section"[39m
                  [33mid[39m=[32m"section-header-material-properties---aluminum-lfxcx"[39m
                  [33mrole[39m=[32m"heading"[39m
                  [33mtabindex[39m=[32m"-1"[39m
                [36m>[39m
                  [0mMaterial Properties - Aluminum 6061-T6[0m
                [36m</h2>[39m
              [36m</header>[39m
            [36m</header>[39m
            [36m<figure[39m
              [33maria-describedby[39m=[32m"caption-image-analysis-Aluminum 6061-T6-1759343132031"[39m
              [33maria-labelledby[39m=[32m"caption-title-analysis-Aluminum 6061-T6-1759343132031"[39m
              [33mclass[39m=[32m"caption-container"[39m
              [33mitemscope[39m=[32m""[39m
              [33mitemtype[39m=[32m"https://schema.org/ImageObject"[39m
              [33mrole[39m=[32m"img"[39m
            [36m>[39m
              [36m<div[39m
                [33mclass[39m=[32m"sr-only"[39m
                [33mid[39m=[32m"caption-image-analysis-Aluminum 6061-T6-1759343132031"[39m
              [36m>[39m
                [0mNo image available for Aluminum 6061-T6 surface analysis[0m
              [36m</div>[39m
              [36m<div[39m
                [33maria-label[39m=[32m"No surface analysis image available"[39m
                [33mclass[39m=[32m"w-full h-[300px] md:h-[400px] flex items-center justify-center bg-gray-600 rounded-lg"[39m
              [36m>[39m
                [36m<img[39m
                  [33malt[39m=[32m"Z-Beam company logo"[39m
                  [33mclass[39m=[32m"opacity-30 object-contain"[39m
                  [33mheight[39m=[32m"72"[39m
                  [33msrc[39m=[32m"/images/Site/Logo/logo_.png"[39m
                  [33mwidth[39m=[32m"120"[39m
                [36m/>[39m
              [36m</div>[39m
              [36m<figcaption[39m
                [33maria-labelledby[39m=[32m"caption-title-analysis-Aluminum 6061-T6-1759343132031"[39m
                [33mclass[39m=[32m"mt-4 pb-4 mb-2 text-sm max-w-none"[39m
                [33mrole[39m=[32m"group"[39m
              [36m>[39m
                [36m<div[39m
                  [33maria-label[39m=[32m"Before and after treatment comparison"[39m
                  [33mclass[39m=[32m"grid grid-cols-1 md:grid-cols-2 gap-4"[39m
                  [33mrole[39m=[32m"group"[39m
                [36m>[39m
                  [36m<section[39m
                    [33maria-labelledby[39m=[32m"before-treatment-analysis-Aluminum 6061-T6-1759343132031"[39m
                    [33mclass[39m=[32m"px-2"[39m
                    [33mrole[39m=[32m"region"[39m
                  [36m>[39m
                    [36m<h4[39m
                      [33maria-level[39m=[32m"4"[39m
                      [33mclass[39m=[32m"text-base font-semibold text-gray-900 dark:text-gray-100 mb-2 flex items-center"[39m
                      [33mid[39m=[32m"before-treatment-analysis-Aluminum 6061-T6-1759343132031"[39m
                      [33mrole[39m=[32m"heading"[39m
                    [36m>[39m
                      [36m<span[39m
                        [33maria-hidden[39m=[32m"true"[39m
                        [33mclass[39m=[32m"w-2 h-2 bg-red-500 rounded-full mr-2"[39m
                        [33mrole[39m=[32m"presentation"[39m
                      [36m/>[39m
                      [0mBefore Treatment[0m
                    [36m</h4>[39m
                    [36m<p[39m
                      [33maria-labelledby[39m=[32m"before-treatment-analysis-Aluminum 6061-T6-1759343132031"[39m
                      [33mclass[39m=[32m"text-gray-600 dark:text-gray-400 text-sm leading-relaxed mb-4 md:mb-0"[39m
                    [36m>[39m
                      [0mSurface shows oxidation, contamination, and roughness from manufacturing processes[0m
                    [36m</p>[39m
                  [36m</section>[39m
                  [36m<section[39m
                    [33maria-labelledby[39m=[32m"after-treatment-analysis-Aluminum 6061-T6-1759343132031"[39m
                    [33mclass[39m=[32m"px-2"[39m
                    [33mrole[39m=[32m"region"[39m
                  [36m>[39m
                    [36m<h4[39m
                      [33maria-level[39m=[32m"4"[39m
                      [33mclass[39m=[32m"text-base font-semibold text-gray-900 dark:text-gray-100 mb-2 flex items-center"[39m
                      [33mid[39m=[32m"after-treatment-analysis-Aluminum 6061-T6-1759343132031"[39m
                      [33mrole[39m=[32m"heading"[39m
                    [36m>[39m
                      [36m<span[39m
                        [33maria-hidden[39m=[32m"true"[39m
                        [33mclass[39m=[32m"w-2 h-2 bg-green-500 rounded-full mr-2"[39m
                        [33mrole[39m=[32m"presentation"[39m
                      [36m/>[39m
                      [0mAfter Treatment[0m
                    [36m</h4>[39m
                    [36m<p[39m
                      [33maria-labelledby[39m=[32m"after-treatment-analysis-Aluminum 6061-T6-1759343132031"[39m
                      [33mclass[39m=[32m"text-gray-600 dark:text-gray-400 text-sm leading-relaxed"[39m
                    [36m>[39m
                      [0mClean, smooth surface with improved thermal and electrical properties for optimal performance[0m
                    [36m</p>[39m
                  [36m</section>[39m
                [36m</div>[39m
              [36m</figcaption>[39m
            [36m</figure>[39m
          [36m</div>[39m
        [36m</section>[39m
      [36m</div>[39m
    [36m</body>[39m

      284 |       
      285 |       // Color indicators should be marked as presentation
    > 286 |       const indicators = screen.getAllByRole('presentation');
          |                                 ^
      287 |       expect(indicators.length).toBeGreaterThanOrEqual(2); // Before (red) + After (green)
      288 |       
      289 |       indicators.forEach(indicator => {

      at Object.getElementError (node_modules/@testing-library/dom/dist/config.js:37:19)
      at node_modules/@testing-library/dom/dist/query-helpers.js:76:38
      at node_modules/@testing-library/dom/dist/query-helpers.js:109:15
      at Object.getAllByRole (tests/accessibility/Caption.comprehensive.test.tsx:286:33)

  ● Caption Comprehensive Accessibility › Quality Metrics Accessibility › implements accessible data representation

    TestingLibraryElementError: Unable to find an element with the display value: /\d+\.?\d*/.

    Ignored nodes: comments, script, style
    [36m<body>[39m
      [36m<div>[39m
        [36m<section[39m
          [33maria-describedby[39m=[32m"caption-desc-analysis-Aluminum 6061-T6-1759343132083 caption-announcements-analysis-Aluminum 6061-T6-1759343132083"[39m
          [33maria-label[39m=[32m"Surface analysis section for Aluminum 6061-T6 laser cleaning treatment"[39m
          [33mclass[39m=[32m"enhanced-seo-caption "[39m
          [33mid[39m=[32m"caption-section-analysis-Aluminum 6061-T6-1759343132083"[39m
          [33mitemscope[39m=[32m""[39m
          [33mitemtype[39m=[32m"https://schema.org/TechArticle"[39m
          [33mrole[39m=[32m"region"[39m
          [33mtabindex[39m=[32m"0"[39m
        [36m>[39m
          [36m<div[39m
            [33maria-atomic[39m=[32m"true"[39m
            [33maria-live[39m=[32m"polite"[39m
            [33mclass[39m=[32m"sr-only"[39m
            [33mid[39m=[32m"caption-announcements-analysis-Aluminum 6061-T6-1759343132083"[39m
            [33mrole[39m=[32m"status"[39m
          [36m/>[39m
          [36m<div[39m
            [33mclass[39m=[32m"sr-only"[39m
            [33mid[39m=[32m"caption-desc-analysis-Aluminum 6061-T6-1759343132083"[39m
          [36m>[39m
            [0mInteractive Aluminum 6061-T6 laser cleaning analysis with quality metrics overlay and before/after comparison. Use arrow keys to navigate metrics, Enter to toggle expansion, Escape to return focus.[0m
          [36m</div>[39m
          [36m<div[39m
            [33mclass[39m=[32m"mb-8"[39m
          [36m>[39m
            [36m<header>[39m
              [36m<header[39m
                [33maria-labelledby[39m=[32m"section-header-material-properties---aluminum-lfxcx"[39m
                [33mclass[39m=[32m"header-wrapper w-full "[39m
                [33mdata-header-level[39m=[32m"section"[39m
                [33mdata-priority[39m=[32m"medium"[39m
                [33mdata-search-keywords[39m=[32m""[39m
              [36m>[39m
                [36m<h2[39m
                  [33maria-level[39m=[32m"2"[39m
                  [33mclass[39m=[32m"font-semibold text-white transition-all duration-200 ease-in-out focus:outline-none focus:ring-2 focus:ring-blue-500 focus:ring-offset-2 focus:ring-offset-gray-900 text-2xl font-bold mb-4 text-gray-100 text-left priority-medium text-xl font-bold text-white mb-4"[39m
                  [33mdata-testid[39m=[32m"header-section"[39m
                  [33mid[39m=[32m"section-header-material-properties---aluminum-lfxcx"[39m
                  [33mrole[39m=[32m"heading"[39m
                  [33mtabindex[39m=[32m"-1"[39m
                [36m>[39m
                  [0mMaterial Properties - Aluminum 6061-T6[0m
                [36m</h2>[39m
              [36m</header>[39m
            [36m</header>[39m
            [36m<figure[39m
              [33maria-describedby[39m=[32m"caption-image-analysis-Aluminum 6061-T6-1759343132083"[39m
              [33maria-labelledby[39m=[32m"caption-title-analysis-Aluminum 6061-T6-1759343132083"[39m
              [33mclass[39m=[32m"caption-container"[39m
              [33mitemscope[39m=[32m""[39m
              [33mitemtype[39m=[32m"https://schema.org/ImageObject"[39m
              [33mrole[39m=[32m"img"[39m
            [36m>[39m
              [36m<div[39m
                [33mclass[39m=[32m"sr-only"[39m
                [33mid[39m=[32m"caption-image-analysis-Aluminum 6061-T6-1759343132083"[39m
              [36m>[39m
                [0mNo image available for Aluminum 6061-T6 surface analysis[0m
              [36m</div>[39m
              [36m<div[39m
                [33maria-label[39m=[32m"No surface analysis image available"[39m
                [33mclass[39m=[32m"w-full h-[300px] md:h-[400px] flex items-center justify-center bg-gray-600 rounded-lg"[39m
              [36m>[39m
                [36m<img[39m
                  [33malt[39m=[32m"Z-Beam company logo"[39m
                  [33mclass[39m=[32m"opacity-30 object-contain"[39m
                  [33mheight[39m=[32m"72"[39m
                  [33msrc[39m=[32m"/images/Site/Logo/logo_.png"[39m
                  [33mwidth[39m=[32m"120"[39m
                [36m/>[39m
              [36m</div>[39m
              [36m<figcaption[39m
                [33maria-labelledby[39m=[32m"caption-title-analysis-Aluminum 6061-T6-1759343132083"[39m
                [33mclass[39m=[32m"mt-4 pb-4 mb-2 text-sm max-w-none"[39m
                [33mrole[39m=[32m"group"[39m
              [36m>[39m
                [36m<div[39m
                  [33maria-label[39m=[32m"Before and after treatment comparison"[39m
                  [33mclass[39m=[32m"grid grid-cols-1 md:grid-cols-2 gap-4"[39m
                  [33mrole[39m=[32m"group"[39m
                [36m>[39m
                  [36m<section[39m
                    [33maria-labelledby[39m=[32m"before-treatment-analysis-Aluminum 6061-T6-1759343132083"[39m
                    [33mclass[39m=[32m"px-2"[39m
                    [33mrole[39m=[32m"region"[39m
                  [36m>[39m
                    [36m<h4[39m
                      [33maria-level[39m=[32m"4"[39m
                      [33mclass[39m=[32m"text-base font-semibold text-gray-900 dark:text-gray-100 mb-2 flex items-center"[39m
                      [33mid[39m=[32m"before-treatment-analysis-Aluminum 6061-T6-1759343132083"[39m
                      [33mrole[39m=[32m"heading"[39m
                    [36m>[39m
                      [36m<span[39m
                        [33maria-hidden[39m=[32m"true"[39m
                        [33mclass[39m=[32m"w-2 h-2 bg-red-500 rounded-full mr-2"[39m
                        [33mrole[39m=[32m"presentation"[39m
                      [36m/>[39m
                      [0mBefore Treatment[0m
                    [36m</h4>[39m
                    [36m<p[39m
                      [33maria-labelledby[39m=[32m"before-treatment-analysis-Aluminum 6061-T6-1759343132083"[39m
                      [33mclass[39m=[32m"text-gray-600 dark:text-gray-400 text-sm leading-relaxed mb-4 md:mb-0"[39m
                    [36m>[39m
                      [0mSurface shows oxidation, contamination, and roughness from manufacturing processes[0m
                    [36m</p>[39m
                  [36m</section>[39m
                  [36m<section[39m
                    [33maria-labelledby[39m=[32m"after-treatment-analysis-Aluminum 6061-T6-1759343132083"[39m
                    [33mclass[39m=[32m"px-2"[39m
                    [33mrole[39m=[32m"region"[39m
                  [36m>[39m
                    [36m<h4[39m
                      [33maria-level[39m=[32m"4"[39m
                      [33mclass[39m=[32m"text-base font-semibold text-gray-900 dark:text-gray-100 mb-2 flex items-center"[39m
                      [33mid[39m=[32m"after-treatment-analysis-Aluminum 6061-T6-1759343132083"[39m
                      [33mrole[39m=[32m"heading"[39m
                    [36m>[39m
                      [36m<span[39m
                        [33maria-hidden[39m=[32m"true"[39m
                        [33mclass[39m=[32m"w-2 h-2 bg-green-500 rounded-full mr-2"[39m
                        [33mrole[39m=[32m"presentation"[39m
                      [36m/>[39m
                      [0mAfter Treatment[0m
                    [36m</h4>[39m
                    [36m<p[39m
                      [33maria-labelledby[39m=[32m"after-treatment-analysis-Aluminum 6061-T6-1759343132083"[39m
                      [33mclass[39m=[32m"text-gray-600 dark:text-gray-400 text-sm leading-relaxed"[39m
                    [36m>[39m
                      [0mClean, smooth surface with improved thermal and electrical properties for optimal performance[0m
                    [36m</p>[39m
                  [36m</section>[39m
                [36m</div>[39m
              [36m</figcaption>[39m
            [36m</figure>[39m
          [36m</div>[39m
        [36m</section>[39m
      [36m</div>[39m
    [36m</body>[39m

      298 |       
      299 |       // Each metric should use semantic data elements
    > 300 |       const dataElements = screen.getAllByDisplayValue(/\d+\.?\d*/);
          |                                   ^
      301 |       expect(dataElements.length).toBeGreaterThan(0);
      302 |       
      303 |       dataElements.forEach(element => {

      at Object.getElementError (node_modules/@testing-library/dom/dist/config.js:37:19)
      at node_modules/@testing-library/dom/dist/query-helpers.js:76:38
      at node_modules/@testing-library/dom/dist/query-helpers.js:109:15
      at Object.getAllByDisplayValue (tests/accessibility/Caption.comprehensive.test.tsx:300:35)

  ● Caption Comprehensive Accessibility › Quality Metrics Accessibility › provides individual metric descriptions

    TestingLibraryElementError: Unable to find an element with the text: /Metric:.*Value:/. This could be because the text is broken up by multiple elements. In this case, you can provide a function for your text matcher to make your matcher more flexible.

    Ignored nodes: comments, script, style
    [36m<body>[39m
      [36m<div>[39m
        [36m<section[39m
          [33maria-describedby[39m=[32m"caption-desc-analysis-Aluminum 6061-T6-1759343132094 caption-announcements-analysis-Aluminum 6061-T6-1759343132094"[39m
          [33maria-label[39m=[32m"Surface analysis section for Aluminum 6061-T6 laser cleaning treatment"[39m
          [33mclass[39m=[32m"enhanced-seo-caption "[39m
          [33mid[39m=[32m"caption-section-analysis-Aluminum 6061-T6-1759343132094"[39m
          [33mitemscope[39m=[32m""[39m
          [33mitemtype[39m=[32m"https://schema.org/TechArticle"[39m
          [33mrole[39m=[32m"region"[39m
          [33mtabindex[39m=[32m"0"[39m
        [36m>[39m
          [36m<div[39m
            [33maria-atomic[39m=[32m"true"[39m
            [33maria-live[39m=[32m"polite"[39m
            [33mclass[39m=[32m"sr-only"[39m
            [33mid[39m=[32m"caption-announcements-analysis-Aluminum 6061-T6-1759343132094"[39m
            [33mrole[39m=[32m"status"[39m
          [36m/>[39m
          [36m<div[39m
            [33mclass[39m=[32m"sr-only"[39m
            [33mid[39m=[32m"caption-desc-analysis-Aluminum 6061-T6-1759343132094"[39m
          [36m>[39m
            [0mInteractive Aluminum 6061-T6 laser cleaning analysis with quality metrics overlay and before/after comparison. Use arrow keys to navigate metrics, Enter to toggle expansion, Escape to return focus.[0m
          [36m</div>[39m
          [36m<div[39m
            [33mclass[39m=[32m"mb-8"[39m
          [36m>[39m
            [36m<header>[39m
              [36m<header[39m
                [33maria-labelledby[39m=[32m"section-header-material-properties---aluminum-lfxcx"[39m
                [33mclass[39m=[32m"header-wrapper w-full "[39m
                [33mdata-header-level[39m=[32m"section"[39m
                [33mdata-priority[39m=[32m"medium"[39m
                [33mdata-search-keywords[39m=[32m""[39m
              [36m>[39m
                [36m<h2[39m
                  [33maria-level[39m=[32m"2"[39m
                  [33mclass[39m=[32m"font-semibold text-white transition-all duration-200 ease-in-out focus:outline-none focus:ring-2 focus:ring-blue-500 focus:ring-offset-2 focus:ring-offset-gray-900 text-2xl font-bold mb-4 text-gray-100 text-left priority-medium text-xl font-bold text-white mb-4"[39m
                  [33mdata-testid[39m=[32m"header-section"[39m
                  [33mid[39m=[32m"section-header-material-properties---aluminum-lfxcx"[39m
                  [33mrole[39m=[32m"heading"[39m
                  [33mtabindex[39m=[32m"-1"[39m
                [36m>[39m
                  [0mMaterial Properties - Aluminum 6061-T6[0m
                [36m</h2>[39m
              [36m</header>[39m
            [36m</header>[39m
            [36m<figure[39m
              [33maria-describedby[39m=[32m"caption-image-analysis-Aluminum 6061-T6-1759343132094"[39m
              [33maria-labelledby[39m=[32m"caption-title-analysis-Aluminum 6061-T6-1759343132094"[39m
              [33mclass[39m=[32m"caption-container"[39m
              [33mitemscope[39m=[32m""[39m
              [33mitemtype[39m=[32m"https://schema.org/ImageObject"[39m
              [33mrole[39m=[32m"img"[39m
            [36m>[39m
              [36m<div[39m
                [33mclass[39m=[32m"sr-only"[39m
                [33mid[39m=[32m"caption-image-analysis-Aluminum 6061-T6-1759343132094"[39m
              [36m>[39m
                [0mNo image available for Aluminum 6061-T6 surface analysis[0m
              [36m</div>[39m
              [36m<div[39m
                [33maria-label[39m=[32m"No surface analysis image available"[39m
                [33mclass[39m=[32m"w-full h-[300px] md:h-[400px] flex items-center justify-center bg-gray-600 rounded-lg"[39m
              [36m>[39m
                [36m<img[39m
                  [33malt[39m=[32m"Z-Beam company logo"[39m
                  [33mclass[39m=[32m"opacity-30 object-contain"[39m
                  [33mheight[39m=[32m"72"[39m
                  [33msrc[39m=[32m"/images/Site/Logo/logo_.png"[39m
                  [33mwidth[39m=[32m"120"[39m
                [36m/>[39m
              [36m</div>[39m
              [36m<figcaption[39m
                [33maria-labelledby[39m=[32m"caption-title-analysis-Aluminum 6061-T6-1759343132094"[39m
                [33mclass[39m=[32m"mt-4 pb-4 mb-2 text-sm max-w-none"[39m
                [33mrole[39m=[32m"group"[39m
              [36m>[39m
                [36m<div[39m
                  [33maria-label[39m=[32m"Before and after treatment comparison"[39m
                  [33mclass[39m=[32m"grid grid-cols-1 md:grid-cols-2 gap-4"[39m
                  [33mrole[39m=[32m"group"[39m
                [36m>[39m
                  [36m<section[39m
                    [33maria-labelledby[39m=[32m"before-treatment-analysis-Aluminum 6061-T6-1759343132094"[39m
                    [33mclass[39m=[32m"px-2"[39m
                    [33mrole[39m=[32m"region"[39m
                  [36m>[39m
                    [36m<h4[39m
                      [33maria-level[39m=[32m"4"[39m
                      [33mclass[39m=[32m"text-base font-semibold text-gray-900 dark:text-gray-100 mb-2 flex items-center"[39m
                      [33mid[39m=[32m"before-treatment-analysis-Aluminum 6061-T6-1759343132094"[39m
                      [33mrole[39m=[32m"heading"[39m
                    [36m>[39m
                      [36m<span[39m
                        [33maria-hidden[39m=[32m"true"[39m
                        [33mclass[39m=[32m"w-2 h-2 bg-red-500 rounded-full mr-2"[39m
                        [33mrole[39m=[32m"presentation"[39m
                      [36m/>[39m
                      [0mBefore Treatment[0m
                    [36m</h4>[39m
                    [36m<p[39m
                      [33maria-labelledby[39m=[32m"before-treatment-analysis-Aluminum 6061-T6-1759343132094"[39m
                      [33mclass[39m=[32m"text-gray-600 dark:text-gray-400 text-sm leading-relaxed mb-4 md:mb-0"[39m
                    [36m>[39m
                      [0mSurface shows oxidation, contamination, and roughness from manufacturing processes[0m
                    [36m</p>[39m
                  [36m</section>[39m
                  [36m<section[39m
                    [33maria-labelledby[39m=[32m"after-treatment-analysis-Aluminum 6061-T6-1759343132094"[39m
                    [33mclass[39m=[32m"px-2"[39m
                    [33mrole[39m=[32m"region"[39m
                  [36m>[39m
                    [36m<h4[39m
                      [33maria-level[39m=[32m"4"[39m
                      [33mclass[39m=[32m"text-base font-semibold text-gray-900 dark:text-gray-100 mb-2 flex items-center"[39m
                      [33mid[39m=[32m"after-treatment-analysis-Aluminum 6061-T6-1759343132094"[39m
                      [33mrole[39m=[32m"heading"[39m
                    [36m>[39m
                      [36m<span[39m
                        [33maria-hidden[39m=[32m"true"[39m
                        [33mclass[39m=[32m"w-2 h-2 bg-green-500 rounded-full mr-2"[39m
                        [33mrole[39m=[32m"presentation"[39m
                      [36m/>[39m
                      [0mAfter Treatment[0m
                    [36m</h4>[39m
                    [36m<p[39m
                      [33maria-labelledby[39m=[32m"after-treatment-analysis-Aluminum 6061-T6-1759343132094"[39m
                      [33mclass[39m=[32m"text-gray-600 dark:text-gray-400 text-sm leading-relaxed"[39m
                    [36m>[39m
                      [0mClean, smooth surface with improved thermal and electrical properties for optimal performance[0m
                    [36m</p>[39m
                  [36m</section>[39m
                [36m</div>[39m
              [36m</figcaption>[39m
            [36m</figure>[39m
          [36m</div>[39m
        [36m</section>[39m
      [36m</div>[39m
    [36m</body>[39m

      311 |       
      312 |       // Each metric should have screen reader description
    > 313 |       const metricDescriptions = screen.getAllByText(/Metric:.*Value:/);
          |                                         ^
      314 |       expect(metricDescriptions.length).toBe(7); // Number of metrics
      315 |       
      316 |       metricDescriptions.forEach(desc => {

      at Object.getElementError (node_modules/@testing-library/dom/dist/config.js:37:19)
      at node_modules/@testing-library/dom/dist/query-helpers.js:76:38
      at node_modules/@testing-library/dom/dist/query-helpers.js:109:15
      at Object.getAllByText (tests/accessibility/Caption.comprehensive.test.tsx:313:41)

  ● Caption Comprehensive Accessibility › Quality Metrics Accessibility › announces focused metric state

    TestingLibraryElementError: Found multiple elements with the role "region"

    Here are the matching elements:

    Ignored nodes: comments, script, style
    [36m<section[39m
      [33maria-describedby[39m=[32m"caption-desc-analysis-Aluminum 6061-T6-1759343132107 caption-announcements-analysis-Aluminum 6061-T6-1759343132107"[39m
      [33maria-label[39m=[32m"Surface analysis section for Aluminum 6061-T6 laser cleaning treatment"[39m
      [33mclass[39m=[32m"enhanced-seo-caption "[39m
      [33mid[39m=[32m"caption-section-analysis-Aluminum 6061-T6-1759343132107"[39m
      [33mitemscope[39m=[32m""[39m
      [33mitemtype[39m=[32m"https://schema.org/TechArticle"[39m
      [33mrole[39m=[32m"region"[39m
      [33mtabindex[39m=[32m"0"[39m
    [36m>[39m
      [36m<div[39m
        [33maria-atomic[39m=[32m"true"[39m
        [33maria-live[39m=[32m"polite"[39m
        [33mclass[39m=[32m"sr-only"[39m
        [33mid[39m=[32m"caption-announcements-analysis-Aluminum 6061-T6-1759343132107"[39m
        [33mrole[39m=[32m"status"[39m
      [36m/>[39m
      [36m<div[39m
        [33mclass[39m=[32m"sr-only"[39m
        [33mid[39m=[32m"caption-desc-analysis-Aluminum 6061-T6-1759343132107"[39m
      [36m>[39m
        [0mInteractive Aluminum 6061-T6 laser cleaning analysis with quality metrics overlay and before/after comparison. Use arrow keys to navigate metrics, Enter to toggle expansion, Escape to return focus.[0m
      [36m</div>[39m
      [36m<div[39m
        [33mclass[39m=[32m"mb-8"[39m
      [36m>[39m
        [36m<header>[39m
          [36m<header[39m
            [33maria-labelledby[39m=[32m"section-header-material-properties---aluminum-lfxcx"[39m
            [33mclass[39m=[32m"header-wrapper w-full "[39m
            [33mdata-header-level[39m=[32m"section"[39m
            [33mdata-priority[39m=[32m"medium"[39m
            [33mdata-search-keywords[39m=[32m""[39m
          [36m>[39m
            [36m<h2[39m
              [33maria-level[39m=[32m"2"[39m
              [33mclass[39m=[32m"font-semibold text-white transition-all duration-200 ease-in-out focus:outline-none focus:ring-2 focus:ring-blue-500 focus:ring-offset-2 focus:ring-offset-gray-900 text-2xl font-bold mb-4 text-gray-100 text-left priority-medium text-xl font-bold text-white mb-4"[39m
              [33mdata-testid[39m=[32m"header-section"[39m
              [33mid[39m=[32m"section-header-material-properties---aluminum-lfxcx"[39m
              [33mrole[39m=[32m"heading"[39m
              [33mtabindex[39m=[32m"-1"[39m
            [36m>[39m
              [0mMaterial Properties - Aluminum 6061-T6[0m
            [36m</h2>[39m
          [36m</header>[39m
        [36m</header>[39m
        [36m<figure[39m
          [33maria-describedby[39m=[32m"caption-image-analysis-Aluminum 6061-T6-1759343132107"[39m
          [33maria-labelledby[39m=[32m"caption-title-analysis-Aluminum 6061-T6-1759343132107"[39m
          [33mclass[39m=[32m"caption-container"[39m
          [33mitemscope[39m=[32m""[39m
          [33mitemtype[39m=[32m"https://schema.org/ImageObject"[39m
          [33mrole[39m=[32m"img"[39m
        [36m>[39m
          [36m<div[39m
            [33mclass[39m=[32m"sr-only"[39m
            [33mid[39m=[32m"caption-image-analysis-Aluminum 6061-T6-1759343132107"[39m
          [36m>[39m
            [0mNo image available for Aluminum 6061-T6 surface analysis[0m
          [36m</div>[39m
          [36m<div[39m
            [33maria-label[39m=[32m"No surface analysis image available"[39m
            [33mclass[39m=[32m"w-full h-[300px] md:h-[400px] flex items-center justify-center bg-gray-600 rounded-lg"[39m
          [36m>[39m
            [36m<img[39m
              [33malt[39m=[32m"Z-Beam company logo"[39m
              [33mclass[39m=[32m"opacity-30 object-contain"[39m
              [33mheight[39m=[32m"72"[39m
              [33msrc[39m=[32m"/images/Site/Logo/logo_.png"[39m
              [33mwidth[39m=[32m"120"[39m
            [36m/>[39m
          [36m</div>[39m
          [36m<figcaption[39m
            [33maria-labelledby[39m=[32m"caption-title-analysis-Aluminum 6061-T6-1759343132107"[39m
            [33mclass[39m=[32m"mt-4 pb-4 mb-2 text-sm max-w-none"[39m
            [33mrole[39m=[32m"group"[39m
          [36m>[39m
            [36m<div[39m
              [33maria-label[39m=[32m"Before and after treatment comparison"[39m
              [33mclass[39m=[32m"grid grid-cols-1 md:grid-cols-2 gap-4"[39m
              [33mrole[39m=[32m"group"[39m
            [36m>[39m
              [36m<section[39m
                [33maria-labelledby[39m=[32m"before-treatment-analysis-Aluminum 6061-T6-1759343132107"[39m
                [33mclass[39m=[32m"px-2"[39m
                [33mrole[39m=[32m"region"[39m
              [36m>[39m
                [36m<h4[39m
                  [33maria-level[39m=[32m"4"[39m
                  [33mclass[39m=[32m"text-base font-semibold text-gray-900 dark:text-gray-100 mb-2 flex items-center"[39m
                  [33mid[39m=[32m"before-treatment-analysis-Aluminum 6061-T6-1759343132107"[39m
                  [33mrole[39m=[32m"heading"[39m
                [36m>[39m
                  [36m<span[39m
                    [33maria-hidden[39m=[32m"true"[39m
                    [33mclass[39m=[32m"w-2 h-2 bg-red-500 rounded-full mr-2"[39m
                    [33mrole[39m=[32m"presentation"[39m
                  [36m/>[39m
                  [0mBefore Treatment[0m
                [36m</h4>[39m
                [36m<p[39m
                  [33maria-labelledby[39m=[32m"before-treatment-analysis-Aluminum 6061-T6-1759343132107"[39m
                  [33mclass[39m=[32m"text-gray-600 dark:text-gray-400 text-sm leading-relaxed mb-4 md:mb-0"[39m
                [36m>[39m
                  [0mSurface shows oxidation, contamination, and roughness from manufacturing processes[0m
                [36m</p>[39m
              [36m</section>[39m
              [36m<section[39m
                [33maria-labelledby[39m=[32m"after-treatment-analysis-Aluminum 6061-T6-1759343132107"[39m
                [33mclass[39m=[32m"px-2"[39m
                [33mrole[39m=[32m"region"[39m
              [36m>[39m
                [36m<h4[39m
                  [33maria-level[39m=[32m"4"[39m
                  [33mclass[39m=[32m"text-base font-semibold text-gray-900 dark:text-gray-100 mb-2 flex items-center"[39m
                  [33mid[39m=[32m"after-treatment-analysis-Aluminum 6061-T6-1759343132107"[39m
                  [33mrole[39m=[32m"heading"[39m
                [36m>[39m
                  [36m<span[39m
                    [33maria-hidden[39m=[32m"true"[39m
                    [33mclass[39m=[32m"w-2 h-2 bg-green-500 rounded-full mr-2"[39m
                    [33mrole[39m=[32m"presentation"[39m
                  [36m/>[39m
                  [0mAfter Treatment[0m
                [36m</h4>[39m
                [36m<p[39m
                  [33maria-labelledby[39m=[32m"after-treatment-analysis-Aluminum 6061-T6-1759343132107"[39m
                  [33mclass[39m=[32m"text-gray-600 dark:text-gray-400 text-sm leading-relaxed"[39m
                [36m>[39m
                  [0mClean, smooth surface with improved thermal and electrical properties for optimal performance[0m
                [36m</p>[39m
              [36m</section>[39m
            [36m</div>[39m
          [36m</figcaption>[39m
        [36m</figure>[39m
      [36m</div>[39m
    [36m</section>[39m

    Ignored nodes: comments, script, style
    [36m<section[39m
      [33maria-labelledby[39m=[32m"before-treatment-analysis-Aluminum 6061-T6-1759343132107"[39m
      [33mclass[39m=[32m"px-2"[39m
      [33mrole[39m=[32m"region"[39m
    [36m>[39m
      [36m<h4[39m
        [33maria-level[39m=[32m"4"[39m
        [33mclass[39m=[32m"text-base font-semibold text-gray-900 dark:text-gray-100 mb-2 flex items-center"[39m
        [33mid[39m=[32m"before-treatment-analysis-Aluminum 6061-T6-1759343132107"[39m
        [33mrole[39m=[32m"heading"[39m
      [36m>[39m
        [36m<span[39m
          [33maria-hidden[39m=[32m"true"[39m
          [33mclass[39m=[32m"w-2 h-2 bg-red-500 rounded-full mr-2"[39m
          [33mrole[39m=[32m"presentation"[39m
        [36m/>[39m
        [0mBefore Treatment[0m
      [36m</h4>[39m
      [36m<p[39m
        [33maria-labelledby[39m=[32m"before-treatment-analysis-Aluminum 6061-T6-1759343132107"[39m
        [33mclass[39m=[32m"text-gray-600 dark:text-gray-400 text-sm leading-relaxed mb-4 md:mb-0"[39m
      [36m>[39m
        [0mSurface shows oxidation, contamination, and roughness from manufacturing processes[0m
      [36m</p>[39m
    [36m</section>[39m

    Ignored nodes: comments, script, style
    [36m<section[39m
      [33maria-labelledby[39m=[32m"after-treatment-analysis-Aluminum 6061-T6-1759343132107"[39m
      [33mclass[39m=[32m"px-2"[39m
      [33mrole[39m=[32m"region"[39m
    [36m>[39m
      [36m<h4[39m
        [33maria-level[39m=[32m"4"[39m
        [33mclass[39m=[32m"text-base font-semibold text-gray-900 dark:text-gray-100 mb-2 flex items-center"[39m
        [33mid[39m=[32m"after-treatment-analysis-Aluminum 6061-T6-1759343132107"[39m
        [33mrole[39m=[32m"heading"[39m
      [36m>[39m
        [36m<span[39m
          [33maria-hidden[39m=[32m"true"[39m
          [33mclass[39m=[32m"w-2 h-2 bg-green-500 rounded-full mr-2"[39m
          [33mrole[39m=[32m"presentation"[39m
        [36m/>[39m
        [0mAfter Treatment[0m
      [36m</h4>[39m
      [36m<p[39m
        [33maria-labelledby[39m=[32m"after-treatment-analysis-Aluminum 6061-T6-1759343132107"[39m
        [33mclass[39m=[32m"text-gray-600 dark:text-gray-400 text-sm leading-relaxed"[39m
      [36m>[39m
        [0mClean, smooth surface with improved thermal and electrical properties for optimal performance[0m
      [36m</p>[39m
    [36m</section>[39m

    (If this is intentional, then use the `*AllBy*` variant of the query (like `queryAllByText`, `getAllByText`, or `findAllByText`)).

    Ignored nodes: comments, script, style
    [36m<body>[39m
      [36m<div>[39m
        [36m<section[39m
          [33maria-describedby[39m=[32m"caption-desc-analysis-Aluminum 6061-T6-1759343132107 caption-announcements-analysis-Aluminum 6061-T6-1759343132107"[39m
          [33maria-label[39m=[32m"Surface analysis section for Aluminum 6061-T6 laser cleaning treatment"[39m
          [33mclass[39m=[32m"enhanced-seo-caption "[39m
          [33mid[39m=[32m"caption-section-analysis-Aluminum 6061-T6-1759343132107"[39m
          [33mitemscope[39m=[32m""[39m
          [33mitemtype[39m=[32m"https://schema.org/TechArticle"[39m
          [33mrole[39m=[32m"region"[39m
          [33mtabindex[39m=[32m"0"[39m
        [36m>[39m
          [36m<div[39m
            [33maria-atomic[39m=[32m"true"[39m
            [33maria-live[39m=[32m"polite"[39m
            [33mclass[39m=[32m"sr-only"[39m
            [33mid[39m=[32m"caption-announcements-analysis-Aluminum 6061-T6-1759343132107"[39m
            [33mrole[39m=[32m"status"[39m
          [36m/>[39m
          [36m<div[39m
            [33mclass[39m=[32m"sr-only"[39m
            [33mid[39m=[32m"caption-desc-analysis-Aluminum 6061-T6-1759343132107"[39m
          [36m>[39m
            [0mInteractive Aluminum 6061-T6 laser cleaning analysis with quality metrics overlay and before/after comparison. Use arrow keys to navigate metrics, Enter to toggle expansion, Escape to return focus.[0m
          [36m</div>[39m
          [36m<div[39m
            [33mclass[39m=[32m"mb-8"[39m
          [36m>[39m
            [36m<header>[39m
              [36m<header[39m
                [33maria-labelledby[39m=[32m"section-header-material-properties---aluminum-lfxcx"[39m
                [33mclass[39m=[32m"header-wrapper w-full "[39m
                [33mdata-header-level[39m=[32m"section"[39m
                [33mdata-priority[39m=[32m"medium"[39m
                [33mdata-search-keywords[39m=[32m""[39m
              [36m>[39m
                [36m<h2[39m
                  [33maria-level[39m=[32m"2"[39m
                  [33mclass[39m=[32m"font-semibold text-white transition-all duration-200 ease-in-out focus:outline-none focus:ring-2 focus:ring-blue-500 focus:ring-offset-2 focus:ring-offset-gray-900 text-2xl font-bold mb-4 text-gray-100 text-left priority-medium text-xl font-bold text-white mb-4"[39m
                  [33mdata-testid[39m=[32m"header-section"[39m
                  [33mid[39m=[32m"section-header-material-properties---aluminum-lfxcx"[39m
                  [33mrole[39m=[32m"heading"[39m
                  [33mtabindex[39m=[32m"-1"[39m
                [36m>[39m
                  [0mMaterial Properties - Aluminum 6061-T6[0m
                [36m</h2>[39m
              [36m</header>[39m
            [36m</header>[39m
            [36m<figure[39m
              [33maria-describedby[39m=[32m"caption-image-analysis-Aluminum 6061-T6-1759343132107"[39m
              [33maria-labelledby[39m=[32m"caption-title-analysis-Aluminum 6061-T6-1759343132107"[39m
              [33mclass[39m=[32m"caption-container"[39m
              [33mitemscope[39m=[32m""[39m
              [33mitemtype[39m=[32m"https://schema.org/ImageObject"[39m
              [33mrole[39m=[32m"img"[39m
            [36m>[39m
              [36m<div[39m
                [33mclass[39m=[32m"sr-only"[39m
                [33mid[39m=[32m"caption-image-analysis-Aluminum 6061-T6-1759343132107"[39m
              [36m>[39m
                [0mNo image available for Aluminum 6061-T6 surface analysis[0m
              [36m</div>[39m
              [36m<div[39m
                [33maria-label[39m=[32m"No surface analysis image available"[39m
                [33mclass[39m=[32m"w-full h-[300px] md:h-[400px] flex items-center justify-center bg-gray-600 rounded-lg"[39m
              [36m>[39m
                [36m<img[39m
                  [33malt[39m=[32m"Z-Beam company logo"[39m
                  [33mclass[39m=[32m"opacity-30 object-contain"[39m
                  [33mheight[39m=[32m"72"[39m
                  [33msrc[39m=[32m"/images/Site/Logo/logo_.png"[39m
                  [33mwidth[39m=[32m"120"[39m
                [36m/>[39m
              [36m</div>[39m
              [36m<figcaption[39m
                [33maria-labelledby[39m=[32m"caption-title-analysis-Aluminum 6061-T6-1759343132107"[39m
                [33mclass[39m=[32m"mt-4 pb-4 mb-2 text-sm max-w-none"[39m
                [33mrole[39m=[32m"group"[39m
              [36m>[39m
                [36m<div[39m
                  [33maria-label[39m=[32m"Before and after treatment comparison"[39m
                  [33mclass[39m=[32m"grid grid-cols-1 md:grid-cols-2 gap-4"[39m
                  [33mrole[39m=[32m"group"[39m
                [36m>[39m
                  [36m<section[39m
                    [33maria-labelledby[39m=[32m"before-treatment-analysis-Aluminum 6061-T6-1759343132107"[39m
                    [33mclass[39m=[32m"px-2"[39m
                    [33mrole[39m=[32m"region"[39m
                  [36m>[39m
                    [36m<h4[39m
                      [33maria-level[39m=[32m"4"[39m
                      [33mclass[39m=[32m"text-base font-semibold text-gray-900 dark:text-gray-100 mb-2 flex items-center"[39m
                      [33mid[39m=[32m"before-treatment-analysis-Aluminum 6061-T6-1759343132107"[39m
                      [33mrole[39m=[32m"heading"[39m
                    [36m>[39m
                      [36m<span[39m
                        [33maria-hidden[39m=[32m"true"[39m
                        [33mclass[39m=[32m"w-2 h-2 bg-red-500 rounded-full mr-2"[39m
                        [33mrole[39m=[32m"presentation"[39m
                      [36m/>[39m
                      [0mBefore Treatment[0m
                    [36m</h4>[39m
                    [36m<p[39m
                      [33maria-labelledby[39m=[32m"before-treatment-analysis-Aluminum 6061-T6-1759343132107"[39m
                      [33mclass[39m=[32m"text-gray-600 dark:text-gray-400 text-sm leading-relaxed mb-4 md:mb-0"[39m
                    [36m>[39m
                      [0mSurface shows oxidation, contamination, and roughness from manufacturing processes[0m
                    [36m</p>[39m
                  [36m</section>[39m
                  [36m<section[39m
                    [33maria-labelledby[39m=[32m"after-treatment-analysis-Aluminum 6061-T6-1759343132107"[39m
                    [33mclass[39m=[32m"px-2"[39m
                    [33mrole[39m=[32m"region"[39m
                  [36m>[39m
                    [36m<h4[39m
                      [33maria-level[39m=[32m"4"[39m
                      [33mclass[39m=[32m"text-base font-semibold text-gray-900 dark:text-gray-100 mb-2 flex items-center"[39m
                      [33mid[39m=[32m"after-treatment-analysis-Aluminum 6061-T6-1759343132107"[39m
                      [33mrole[39m=[32m"heading"[39m
                    [36m>[39m
                      [36m<span[39m
                        [33maria-hidden[39m=[32m"true"[39m
                        [33mclass[39m=[32m"w-2 h-2 bg-green-500 rounded-full mr-2"[39m
                        [33mrole[39m=[32m"presentation"[39m
                      [36m/>[39m
                      [0mAfter Treatment[0m
                    [36m</h4>[39m
                    [36m<p[39m
                      [33maria-labelledby[39m=[32m"after-treatment-analysis-Aluminum 6061-T6-1759343132107"[39m
                      [33mclass[39m=[32m"text-gray-600 dark:text-gray-400 text-sm leading-relaxed"[39m
                    [36m>[39m
                      [0mClean, smooth surface with improved thermal and electrical properties for optimal performance[0m
                    [36m</p>[39m
                  [36m</section>[39m
                [36m</div>[39m
              [36m</figcaption>[39m
            [36m</figure>[39m
          [36m</div>[39m
        [36m</section>[39m
      [36m</div>[39m
    [36m</body>[39m

      323 |       render(<Caption frontmatter={{ caption: mockData }} />);
      324 |       
    > 325 |       const mainSection = screen.getByRole('region');
          |                                  ^
      326 |       await user.tab();
      327 |       await user.keyboard('{Enter}');
      328 |       await user.keyboard('{ArrowRight}');

      at Object.getElementError (node_modules/@testing-library/dom/dist/config.js:37:19)
      at getElementError (node_modules/@testing-library/dom/dist/query-helpers.js:20:35)
      at getMultipleElementsFoundError (node_modules/@testing-library/dom/dist/query-helpers.js:23:10)
      at node_modules/@testing-library/dom/dist/query-helpers.js:55:13
      at node_modules/@testing-library/dom/dist/query-helpers.js:95:19
      at Object.getByRole (tests/accessibility/Caption.comprehensive.test.tsx:325:34)

  ● Caption Comprehensive Accessibility › Progressive Enhancement › works with minimal data

    expect(element).toHaveAttribute("aria-labelledby") // element.hasAttribute("aria-labelledby")

    Expected the element to have attribute:
      aria-labelledby
    Received:
      null

      341 |       // Should still provide accessible structure
      342 |       const mainSection = screen.getByRole('region');
    > 343 |       expect(mainSection).toHaveAttribute('aria-labelledby');
          |                           ^
      344 |       
      345 |       const heading = screen.getByRole('heading', { level: 3 });
      346 |       expect(heading).toHaveTextContent('Test Material');

      at Object.toHaveAttribute (tests/accessibility/Caption.comprehensive.test.tsx:343:27)

  ● Caption Comprehensive Accessibility › Progressive Enhancement › handles missing quality metrics gracefully

    TestingLibraryElementError: Found multiple elements with the role "region"

    Here are the matching elements:

    Ignored nodes: comments, script, style
    [36m<section[39m
      [33maria-describedby[39m=[32m"caption-desc-analysis-Test-1759343132129 caption-announcements-analysis-Test-1759343132129"[39m
      [33maria-label[39m=[32m"Surface analysis section for Test laser cleaning treatment"[39m
      [33mclass[39m=[32m"enhanced-seo-caption "[39m
      [33mid[39m=[32m"caption-section-analysis-Test-1759343132129"[39m
      [33mitemscope[39m=[32m""[39m
      [33mitemtype[39m=[32m"https://schema.org/TechArticle"[39m
      [33mrole[39m=[32m"region"[39m
      [33mtabindex[39m=[32m"0"[39m
    [36m>[39m
      [36m<div[39m
        [33maria-atomic[39m=[32m"true"[39m
        [33maria-live[39m=[32m"polite"[39m
        [33mclass[39m=[32m"sr-only"[39m
        [33mid[39m=[32m"caption-announcements-analysis-Test-1759343132129"[39m
        [33mrole[39m=[32m"status"[39m
      [36m/>[39m
      [36m<div[39m
        [33mclass[39m=[32m"sr-only"[39m
        [33mid[39m=[32m"caption-desc-analysis-Test-1759343132129"[39m
      [36m>[39m
        [0mInteractive Test laser cleaning analysis and before/after comparison. Use arrow keys to navigate metrics, Enter to toggle expansion, Escape to return focus.[0m
      [36m</div>[39m
      [36m<div[39m
        [33mclass[39m=[32m"mb-8"[39m
      [36m>[39m
        [36m<header>[39m
          [36m<header[39m
            [33maria-labelledby[39m=[32m"section-header-material-properties---test-yf9ml5"[39m
            [33mclass[39m=[32m"header-wrapper w-full "[39m
            [33mdata-header-level[39m=[32m"section"[39m
            [33mdata-priority[39m=[32m"medium"[39m
            [33mdata-search-keywords[39m=[32m""[39m
          [36m>[39m
            [36m<h2[39m
              [33maria-level[39m=[32m"2"[39m
              [33mclass[39m=[32m"font-semibold text-white transition-all duration-200 ease-in-out focus:outline-none focus:ring-2 focus:ring-blue-500 focus:ring-offset-2 focus:ring-offset-gray-900 text-2xl font-bold mb-4 text-gray-100 text-left priority-medium text-xl font-bold text-white mb-4"[39m
              [33mdata-testid[39m=[32m"header-section"[39m
              [33mid[39m=[32m"section-header-material-properties---test-yf9ml5"[39m
              [33mrole[39m=[32m"heading"[39m
              [33mtabindex[39m=[32m"-1"[39m
            [36m>[39m
              [0mMaterial Properties - Test[0m
            [36m</h2>[39m
          [36m</header>[39m
        [36m</header>[39m
        [36m<figure[39m
          [33maria-describedby[39m=[32m"caption-image-analysis-Test-1759343132129"[39m
          [33maria-labelledby[39m=[32m"caption-title-analysis-Test-1759343132129"[39m
          [33mclass[39m=[32m"caption-container"[39m
          [33mitemscope[39m=[32m""[39m
          [33mitemtype[39m=[32m"https://schema.org/ImageObject"[39m
          [33mrole[39m=[32m"img"[39m
        [36m>[39m
          [36m<div[39m
            [33mclass[39m=[32m"sr-only"[39m
            [33mid[39m=[32m"caption-image-analysis-Test-1759343132129"[39m
          [36m>[39m
            [0mNo image available for Test surface analysis[0m
          [36m</div>[39m
          [36m<div[39m
            [33maria-label[39m=[32m"No surface analysis image available"[39m
            [33mclass[39m=[32m"w-full h-[300px] md:h-[400px] flex items-center justify-center bg-gray-600 rounded-lg"[39m
          [36m>[39m
            [36m<img[39m
              [33malt[39m=[32m"Z-Beam company logo"[39m
              [33mclass[39m=[32m"opacity-30 object-contain"[39m
              [33mheight[39m=[32m"72"[39m
              [33msrc[39m=[32m"/images/Site/Logo/logo_.png"[39m
              [33mwidth[39m=[32m"120"[39m
            [36m/>[39m
          [36m</div>[39m
          [36m<figcaption[39m
            [33maria-labelledby[39m=[32m"caption-title-analysis-Test-1759343132129"[39m
            [33mclass[39m=[32m"mt-4 pb-4 mb-2 text-sm max-w-none"[39m
            [33mrole[39m=[32m"group"[39m
          [36m>[39m
            [36m<div[39m
              [33maria-label[39m=[32m"Before and after treatment comparison"[39m
              [33mclass[39m=[32m"grid grid-cols-1 md:grid-cols-2 gap-4"[39m
              [33mrole[39m=[32m"group"[39m
            [36m>[39m
              [36m<section[39m
                [33maria-labelledby[39m=[32m"before-treatment-analysis-Test-1759343132129"[39m
                [33mclass[39m=[32m"px-2"[39m
                [33mrole[39m=[32m"region"[39m
              [36m>[39m
                [36m<h4[39m
                  [33maria-level[39m=[32m"4"[39m
                  [33mclass[39m=[32m"text-base font-semibold text-gray-900 dark:text-gray-100 mb-2 flex items-center"[39m
                  [33mid[39m=[32m"before-treatment-analysis-Test-1759343132129"[39m
                  [33mrole[39m=[32m"heading"[39m
                [36m>[39m
                  [36m<span[39m
                    [33maria-hidden[39m=[32m"true"[39m
                    [33mclass[39m=[32m"w-2 h-2 bg-red-500 rounded-full mr-2"[39m
                    [33mrole[39m=[32m"presentation"[39m
                  [36m/>[39m
                  [0mBefore Treatment[0m
                [36m</h4>[39m
                [36m<p[39m
                  [33maria-labelledby[39m=[32m"before-treatment-analysis-Test-1759343132129"[39m
                  [33mclass[39m=[32m"text-gray-600 dark:text-gray-400 text-sm leading-relaxed mb-4 md:mb-0"[39m
                [36m>[39m
                  [0mBefore[0m
                [36m</p>[39m
              [36m</section>[39m
              [36m<section[39m
                [33maria-labelledby[39m=[32m"after-treatment-analysis-Test-1759343132129"[39m
                [33mclass[39m=[32m"px-2"[39m
                [33mrole[39m=[32m"region"[39m
              [36m>[39m
                [36m<h4[39m
                  [33maria-level[39m=[32m"4"[39m
                  [33mclass[39m=[32m"text-base font-semibold text-gray-900 dark:text-gray-100 mb-2 flex items-center"[39m
                  [33mid[39m=[32m"after-treatment-analysis-Test-1759343132129"[39m
                  [33mrole[39m=[32m"heading"[39m
                [36m>[39m
                  [36m<span[39m
                    [33maria-hidden[39m=[32m"true"[39m
                    [33mclass[39m=[32m"w-2 h-2 bg-green-500 rounded-full mr-2"[39m
                    [33mrole[39m=[32m"presentation"[39m
                  [36m/>[39m
                  [0mAfter Treatment[0m
                [36m</h4>[39m
                [36m<p[39m
                  [33maria-labelledby[39m=[32m"after-treatment-analysis-Test-1759343132129"[39m
                  [33mclass[39m=[32m"text-gray-600 dark:text-gray-400 text-sm leading-relaxed"[39m
                [36m>[39m
                  [0mAfter[0m
                [36m</p>[39m
              [36m</section>[39m
            [36m</div>[39m
          [36m</figcaption>[39m
        [36m</figure>[39m
      [36m</div>[39m
    [36m</section>[39m

    Ignored nodes: comments, script, style
    [36m<section[39m
      [33maria-labelledby[39m=[32m"before-treatment-analysis-Test-1759343132129"[39m
      [33mclass[39m=[32m"px-2"[39m
      [33mrole[39m=[32m"region"[39m
    [36m>[39m
      [36m<h4[39m
        [33maria-level[39m=[32m"4"[39m
        [33mclass[39m=[32m"text-base font-semibold text-gray-900 dark:text-gray-100 mb-2 flex items-center"[39m
        [33mid[39m=[32m"before-treatment-analysis-Test-1759343132129"[39m
        [33mrole[39m=[32m"heading"[39m
      [36m>[39m
        [36m<span[39m
          [33maria-hidden[39m=[32m"true"[39m
          [33mclass[39m=[32m"w-2 h-2 bg-red-500 rounded-full mr-2"[39m
          [33mrole[39m=[32m"presentation"[39m
        [36m/>[39m
        [0mBefore Treatment[0m
      [36m</h4>[39m
      [36m<p[39m
        [33maria-labelledby[39m=[32m"before-treatment-analysis-Test-1759343132129"[39m
        [33mclass[39m=[32m"text-gray-600 dark:text-gray-400 text-sm leading-relaxed mb-4 md:mb-0"[39m
      [36m>[39m
        [0mBefore[0m
      [36m</p>[39m
    [36m</section>[39m

    Ignored nodes: comments, script, style
    [36m<section[39m
      [33maria-labelledby[39m=[32m"after-treatment-analysis-Test-1759343132129"[39m
      [33mclass[39m=[32m"px-2"[39m
      [33mrole[39m=[32m"region"[39m
    [36m>[39m
      [36m<h4[39m
        [33maria-level[39m=[32m"4"[39m
        [33mclass[39m=[32m"text-base font-semibold text-gray-900 dark:text-gray-100 mb-2 flex items-center"[39m
        [33mid[39m=[32m"after-treatment-analysis-Test-1759343132129"[39m
        [33mrole[39m=[32m"heading"[39m
      [36m>[39m
        [36m<span[39m
          [33maria-hidden[39m=[32m"true"[39m
          [33mclass[39m=[32m"w-2 h-2 bg-green-500 rounded-full mr-2"[39m
          [33mrole[39m=[32m"presentation"[39m
        [36m/>[39m
        [0mAfter Treatment[0m
      [36m</h4>[39m
      [36m<p[39m
        [33maria-labelledby[39m=[32m"after-treatment-analysis-Test-1759343132129"[39m
        [33mclass[39m=[32m"text-gray-600 dark:text-gray-400 text-sm leading-relaxed"[39m
      [36m>[39m
        [0mAfter[0m
      [36m</p>[39m
    [36m</section>[39m

    (If this is intentional, then use the `*AllBy*` variant of the query (like `queryAllByText`, `getAllByText`, or `findAllByText`)).

    Ignored nodes: comments, script, style
    [36m<body>[39m
      [36m<div>[39m
        [36m<section[39m
          [33maria-describedby[39m=[32m"caption-desc-analysis-Test-1759343132129 caption-announcements-analysis-Test-1759343132129"[39m
          [33maria-label[39m=[32m"Surface analysis section for Test laser cleaning treatment"[39m
          [33mclass[39m=[32m"enhanced-seo-caption "[39m
          [33mid[39m=[32m"caption-section-analysis-Test-1759343132129"[39m
          [33mitemscope[39m=[32m""[39m
          [33mitemtype[39m=[32m"https://schema.org/TechArticle"[39m
          [33mrole[39m=[32m"region"[39m
          [33mtabindex[39m=[32m"0"[39m
        [36m>[39m
          [36m<div[39m
            [33maria-atomic[39m=[32m"true"[39m
            [33maria-live[39m=[32m"polite"[39m
            [33mclass[39m=[32m"sr-only"[39m
            [33mid[39m=[32m"caption-announcements-analysis-Test-1759343132129"[39m
            [33mrole[39m=[32m"status"[39m
          [36m/>[39m
          [36m<div[39m
            [33mclass[39m=[32m"sr-only"[39m
            [33mid[39m=[32m"caption-desc-analysis-Test-1759343132129"[39m
          [36m>[39m
            [0mInteractive Test laser cleaning analysis and before/after comparison. Use arrow keys to navigate metrics, Enter to toggle expansion, Escape to return focus.[0m
          [36m</div>[39m
          [36m<div[39m
            [33mclass[39m=[32m"mb-8"[39m
          [36m>[39m
            [36m<header>[39m
              [36m<header[39m
                [33maria-labelledby[39m=[32m"section-header-material-properties---test-yf9ml5"[39m
                [33mclass[39m=[32m"header-wrapper w-full "[39m
                [33mdata-header-level[39m=[32m"section"[39m
                [33mdata-priority[39m=[32m"medium"[39m
                [33mdata-search-keywords[39m=[32m""[39m
              [36m>[39m
                [36m<h2[39m
                  [33maria-level[39m=[32m"2"[39m
                  [33mclass[39m=[32m"font-semibold text-white transition-all duration-200 ease-in-out focus:outline-none focus:ring-2 focus:ring-blue-500 focus:ring-offset-2 focus:ring-offset-gray-900 text-2xl font-bold mb-4 text-gray-100 text-left priority-medium text-xl font-bold text-white mb-4"[39m
                  [33mdata-testid[39m=[32m"header-section"[39m
                  [33mid[39m=[32m"section-header-material-properties---test-yf9ml5"[39m
                  [33mrole[39m=[32m"heading"[39m
                  [33mtabindex[39m=[32m"-1"[39m
                [36m>[39m
                  [0mMaterial Properties - Test[0m
                [36m</h2>[39m
              [36m</header>[39m
            [36m</header>[39m
            [36m<figure[39m
              [33maria-describedby[39m=[32m"caption-image-analysis-Test-1759343132129"[39m
              [33maria-labelledby[39m=[32m"caption-title-analysis-Test-1759343132129"[39m
              [33mclass[39m=[32m"caption-container"[39m
              [33mitemscope[39m=[32m""[39m
              [33mitemtype[39m=[32m"https://schema.org/ImageObject"[39m
              [33mrole[39m=[32m"img"[39m
            [36m>[39m
              [36m<div[39m
                [33mclass[39m=[32m"sr-only"[39m
                [33mid[39m=[32m"caption-image-analysis-Test-1759343132129"[39m
              [36m>[39m
                [0mNo image available for Test surface analysis[0m
              [36m</div>[39m
              [36m<div[39m
                [33maria-label[39m=[32m"No surface analysis image available"[39m
                [33mclass[39m=[32m"w-full h-[300px] md:h-[400px] flex items-center justify-center bg-gray-600 rounded-lg"[39m
              [36m>[39m
                [36m<img[39m
                  [33malt[39m=[32m"Z-Beam company logo"[39m
                  [33mclass[39m=[32m"opacity-30 object-contain"[39m
                  [33mheight[39m=[32m"72"[39m
                  [33msrc[39m=[32m"/images/Site/Logo/logo_.png"[39m
                  [33mwidth[39m=[32m"120"[39m
                [36m/>[39m
              [36m</div>[39m
              [36m<figcaption[39m
                [33maria-labelledby[39m=[32m"caption-title-analysis-Test-1759343132129"[39m
                [33mclass[39m=[32m"mt-4 pb-4 mb-2 text-sm max-w-none"[39m
                [33mrole[39m=[32m"group"[39m
              [36m>[39m
                [36m<div[39m
                  [33maria-label[39m=[32m"Before and after treatment comparison"[39m
                  [33mclass[39m=[32m"grid grid-cols-1 md:grid-cols-2 gap-4"[39m
                  [33mrole[39m=[32m"group"[39m
                [36m>[39m
                  [36m<section[39m
                    [33maria-labelledby[39m=[32m"before-treatment-analysis-Test-1759343132129"[39m
                    [33mclass[39m=[32m"px-2"[39m
                    [33mrole[39m=[32m"region"[39m
                  [36m>[39m
                    [36m<h4[39m
                      [33maria-level[39m=[32m"4"[39m
                      [33mclass[39m=[32m"text-base font-semibold text-gray-900 dark:text-gray-100 mb-2 flex items-center"[39m
                      [33mid[39m=[32m"before-treatment-analysis-Test-1759343132129"[39m
                      [33mrole[39m=[32m"heading"[39m
                    [36m>[39m
                      [36m<span[39m
                        [33maria-hidden[39m=[32m"true"[39m
                        [33mclass[39m=[32m"w-2 h-2 bg-red-500 rounded-full mr-2"[39m
                        [33mrole[39m=[32m"presentation"[39m
                      [36m/>[39m
                      [0mBefore Treatment[0m
                    [36m</h4>[39m
                    [36m<p[39m
                      [33maria-labelledby[39m=[32m"before-treatment-analysis-Test-1759343132129"[39m
                      [33mclass[39m=[32m"text-gray-600 dark:text-gray-400 text-sm leading-relaxed mb-4 md:mb-0"[39m
                    [36m>[39m
                      [0mBefore[0m
                    [36m</p>[39m
                  [36m</section>[39m
                  [36m<section[39m
                    [33maria-labelledby[39m=[32m"after-treatment-analysis-Test-1759343132129"[39m
                    [33mclass[39m=[32m"px-2"[39m
                    [33mrole[39m=[32m"region"[39m
                  [36m>[39m
                    [36m<h4[39m
                      [33maria-level[39m=[32m"4"[39m
                      [33mclass[39m=[32m"text-base font-semibold text-gray-900 dark:text-gray-100 mb-2 flex items-center"[39m
                      [33mid[39m=[32m"after-treatment-analysis-Test-1759343132129"[39m
                      [33mrole[39m=[32m"heading"[39m
                    [36m>[39m
                      [36m<span[39m
                        [33maria-hidden[39m=[32m"true"[39m
                        [33mclass[39m=[32m"w-2 h-2 bg-green-500 rounded-full mr-2"[39m
                        [33mrole[39m=[32m"presentation"[39m
                      [36m/>[39m
                      [0mAfter Treatment[0m
                    [36m</h4>[39m
                    [36m<p[39m
                      [33maria-labelledby[39m=[32m"after-treatment-analysis-Test-1759343132129"[39m
                      [33mclass[39m=[32m"text-gray-600 dark:text-gray-400 text-sm leading-relaxed"[39m
                    [36m>[39m
                      [0mAfter[0m
                    [36m</p>[39m
                  [36m</section>[39m
                [36m</div>[39m
              [36m</figcaption>[39m
            [36m</figure>[39m
          [36m</div>[39m
        [36m</section>[39m
      [36m</div>[39m
    [36m</body>[39m

      356 |       
      357 |       // Should not break without metrics
    > 358 |       const mainSection = screen.getByRole('region');
          |                                  ^
      359 |       expect(mainSection).toBeInTheDocument();
      360 |       
      361 |       // Should not show metrics overlay

      at Object.getElementError (node_modules/@testing-library/dom/dist/config.js:37:19)
      at getElementError (node_modules/@testing-library/dom/dist/query-helpers.js:20:35)
      at getMultipleElementsFoundError (node_modules/@testing-library/dom/dist/query-helpers.js:23:10)
      at node_modules/@testing-library/dom/dist/query-helpers.js:55:13
      at node_modules/@testing-library/dom/dist/query-helpers.js:95:19
      at Object.getByRole (tests/accessibility/Caption.comprehensive.test.tsx:358:34)

  ● Caption Comprehensive Accessibility › Progressive Enhancement › handles missing treatment descriptions

    TestingLibraryElementError: Unable to find a label with the text of: Interactive quality metrics overlay

    Ignored nodes: comments, script, style
    [36m<body>[39m
      [36m<div>[39m
        [36m<section[39m
          [33maria-describedby[39m=[32m"caption-desc-analysis-Test-1759343132142 caption-announcements-analysis-Test-1759343132142"[39m
          [33maria-label[39m=[32m"Surface analysis section for Test laser cleaning treatment"[39m
          [33mclass[39m=[32m"enhanced-seo-caption "[39m
          [33mid[39m=[32m"caption-section-analysis-Test-1759343132142"[39m
          [33mitemscope[39m=[32m""[39m
          [33mitemtype[39m=[32m"https://schema.org/TechArticle"[39m
          [33mrole[39m=[32m"region"[39m
          [33mtabindex[39m=[32m"0"[39m
        [36m>[39m
          [36m<div[39m
            [33maria-atomic[39m=[32m"true"[39m
            [33maria-live[39m=[32m"polite"[39m
            [33mclass[39m=[32m"sr-only"[39m
            [33mid[39m=[32m"caption-announcements-analysis-Test-1759343132142"[39m
            [33mrole[39m=[32m"status"[39m
          [36m/>[39m
          [36m<div[39m
            [33mclass[39m=[32m"sr-only"[39m
            [33mid[39m=[32m"caption-desc-analysis-Test-1759343132142"[39m
          [36m>[39m
            [0mInteractive Test laser cleaning analysis with quality metrics overlay. Use arrow keys to navigate metrics, Enter to toggle expansion, Escape to return focus.[0m
          [36m</div>[39m
          [36m<div[39m
            [33mclass[39m=[32m"mb-8"[39m
          [36m>[39m
            [36m<header>[39m
              [36m<header[39m
                [33maria-labelledby[39m=[32m"section-header-material-properties---test-yf9ml5"[39m
                [33mclass[39m=[32m"header-wrapper w-full "[39m
                [33mdata-header-level[39m=[32m"section"[39m
                [33mdata-priority[39m=[32m"medium"[39m
                [33mdata-search-keywords[39m=[32m""[39m
              [36m>[39m
                [36m<h2[39m
                  [33maria-level[39m=[32m"2"[39m
                  [33mclass[39m=[32m"font-semibold text-white transition-all duration-200 ease-in-out focus:outline-none focus:ring-2 focus:ring-blue-500 focus:ring-offset-2 focus:ring-offset-gray-900 text-2xl font-bold mb-4 text-gray-100 text-left priority-medium text-xl font-bold text-white mb-4"[39m
                  [33mdata-testid[39m=[32m"header-section"[39m
                  [33mid[39m=[32m"section-header-material-properties---test-yf9ml5"[39m
                  [33mrole[39m=[32m"heading"[39m
                  [33mtabindex[39m=[32m"-1"[39m
                [36m>[39m
                  [0mMaterial Properties - Test[0m
                [36m</h2>[39m
              [36m</header>[39m
            [36m</header>[39m
            [36m<figure[39m
              [33maria-describedby[39m=[32m"caption-image-analysis-Test-1759343132142"[39m
              [33maria-labelledby[39m=[32m"caption-title-analysis-Test-1759343132142"[39m
              [33mclass[39m=[32m"caption-container"[39m
              [33mitemscope[39m=[32m""[39m
              [33mitemtype[39m=[32m"https://schema.org/ImageObject"[39m
              [33mrole[39m=[32m"img"[39m
            [36m>[39m
              [36m<div[39m
                [33mclass[39m=[32m"sr-only"[39m
                [33mid[39m=[32m"caption-image-analysis-Test-1759343132142"[39m
              [36m>[39m
                [0mNo image available for Test surface analysis[0m
              [36m</div>[39m
              [36m<div[39m
                [33maria-label[39m=[32m"No surface analysis image available"[39m
                [33mclass[39m=[32m"w-full h-[300px] md:h-[400px] flex items-center justify-center bg-gray-600 rounded-lg"[39m
              [36m>[39m
                [36m<img[39m
                  [33malt[39m=[32m"Z-Beam company logo"[39m
                  [33mclass[39m=[32m"opacity-30 object-contain"[39m
                  [33mheight[39m=[32m"72"[39m
                  [33msrc[39m=[32m"/images/Site/Logo/logo_.png"[39m
                  [33mwidth[39m=[32m"120"[39m
                [36m/>[39m
              [36m</div>[39m
              [36m<figcaption[39m
                [33maria-labelledby[39m=[32m"caption-title-analysis-Test-1759343132142"[39m
                [33mclass[39m=[32m"mt-4 pb-4 mb-2 text-sm max-w-none"[39m
                [33mrole[39m=[32m"group"[39m
              [36m/>[39m
            [36m</figure>[39m
          [36m</div>[39m
        [36m</section>[39m
      [36m</div>[39m
    [36m</body>[39m

      375 |       expect(mainSection).toBeInTheDocument();
      376 |       
    > 377 |       const metricsOverlay = screen.getByLabelText('Interactive quality metrics overlay');
          |                                     ^
      378 |       expect(metricsOverlay).toBeInTheDocument();
      379 |     });
      380 |   });

      at Object.getElementError (node_modules/@testing-library/dom/dist/config.js:37:19)
      at getAllByLabelText (node_modules/@testing-library/dom/dist/queries/label-text.js:111:38)
      at node_modules/@testing-library/dom/dist/query-helpers.js:52:17
      at node_modules/@testing-library/dom/dist/query-helpers.js:95:19
      at Object.getByLabelText (tests/accessibility/Caption.comprehensive.test.tsx:377:37)

  ● Caption Comprehensive Accessibility › Performance and Scaling › handles large number of quality metrics efficiently

    TestingLibraryElementError: Unable to find an accessible element with the role "article"

    Here are the accessible roles:

      region:

      Name "Surface analysis section for Test laser cleaning treatment":
      [36m<section[39m
        [33maria-describedby[39m=[32m"caption-desc-analysis-Test-1759343132153 caption-announcements-analysis-Test-1759343132153"[39m
        [33maria-label[39m=[32m"Surface analysis section for Test laser cleaning treatment"[39m
        [33mclass[39m=[32m"enhanced-seo-caption "[39m
        [33mid[39m=[32m"caption-section-analysis-Test-1759343132153"[39m
        [33mitemscope[39m=[32m""[39m
        [33mitemtype[39m=[32m"https://schema.org/TechArticle"[39m
        [33mrole[39m=[32m"region"[39m
        [33mtabindex[39m=[32m"0"[39m
      [36m/>[39m

      --------------------------------------------------
      status:

      Name "":
      [36m<div[39m
        [33maria-atomic[39m=[32m"true"[39m
        [33maria-live[39m=[32m"polite"[39m
        [33mclass[39m=[32m"sr-only"[39m
        [33mid[39m=[32m"caption-announcements-analysis-Test-1759343132153"[39m
        [33mrole[39m=[32m"status"[39m
      [36m/>[39m

      --------------------------------------------------
      banner:

      Name "":
      [36m<header />[39m

      Name "Material Properties - Test":
      [36m<header[39m
        [33maria-labelledby[39m=[32m"section-header-material-properties---test-yf9ml5"[39m
        [33mclass[39m=[32m"header-wrapper w-full "[39m
        [33mdata-header-level[39m=[32m"section"[39m
        [33mdata-priority[39m=[32m"medium"[39m
        [33mdata-search-keywords[39m=[32m""[39m
      [36m/>[39m

      --------------------------------------------------
      heading:

      Name "Material Properties - Test":
      [36m<h2[39m
        [33maria-level[39m=[32m"2"[39m
        [33mclass[39m=[32m"font-semibold text-white transition-all duration-200 ease-in-out focus:outline-none focus:ring-2 focus:ring-blue-500 focus:ring-offset-2 focus:ring-offset-gray-900 text-2xl font-bold mb-4 text-gray-100 text-left priority-medium text-xl font-bold text-white mb-4"[39m
        [33mdata-testid[39m=[32m"header-section"[39m
        [33mid[39m=[32m"section-header-material-properties---test-yf9ml5"[39m
        [33mrole[39m=[32m"heading"[39m
        [33mtabindex[39m=[32m"-1"[39m
      [36m/>[39m

      --------------------------------------------------
      img:

      Name "":
      [36m<figure[39m
        [33maria-describedby[39m=[32m"caption-image-analysis-Test-1759343132153"[39m
        [33maria-labelledby[39m=[32m"caption-title-analysis-Test-1759343132153"[39m
        [33mclass[39m=[32m"caption-container"[39m
        [33mitemscope[39m=[32m""[39m
        [33mitemtype[39m=[32m"https://schema.org/ImageObject"[39m
        [33mrole[39m=[32m"img"[39m
      [36m/>[39m

      Name "Z-Beam company logo":
      [36m<img[39m
        [33malt[39m=[32m"Z-Beam company logo"[39m
        [33mclass[39m=[32m"opacity-30 object-contain"[39m
        [33mheight[39m=[32m"72"[39m
        [33msrc[39m=[32m"/images/Site/Logo/logo_.png"[39m
        [33mwidth[39m=[32m"120"[39m
      [36m/>[39m

      --------------------------------------------------
      group:

      Name "":
      [36m<figcaption[39m
        [33maria-labelledby[39m=[32m"caption-title-analysis-Test-1759343132153"[39m
        [33mclass[39m=[32m"mt-4 pb-4 mb-2 text-sm max-w-none"[39m
        [33mrole[39m=[32m"group"[39m
      [36m/>[39m

      --------------------------------------------------

    Ignored nodes: comments, script, style
    [36m<body>[39m
      [36m<div>[39m
        [36m<section[39m
          [33maria-describedby[39m=[32m"caption-desc-analysis-Test-1759343132153 caption-announcements-analysis-Test-1759343132153"[39m
          [33maria-label[39m=[32m"Surface analysis section for Test laser cleaning treatment"[39m
          [33mclass[39m=[32m"enhanced-seo-caption "[39m
          [33mid[39m=[32m"caption-section-analysis-Test-1759343132153"[39m
          [33mitemscope[39m=[32m""[39m
          [33mitemtype[39m=[32m"https://schema.org/TechArticle"[39m
          [33mrole[39m=[32m"region"[39m
          [33mtabindex[39m=[32m"0"[39m
        [36m>[39m
          [36m<div[39m
            [33maria-atomic[39m=[32m"true"[39m
            [33maria-live[39m=[32m"polite"[39m
            [33mclass[39m=[32m"sr-only"[39m
            [33mid[39m=[32m"caption-announcements-analysis-Test-1759343132153"[39m
            [33mrole[39m=[32m"status"[39m
          [36m/>[39m
          [36m<div[39m
            [33mclass[39m=[32m"sr-only"[39m
            [33mid[39m=[32m"caption-desc-analysis-Test-1759343132153"[39m
          [36m>[39m
            [0mInteractive Test laser cleaning analysis with quality metrics overlay. Use arrow keys to navigate metrics, Enter to toggle expansion, Escape to return focus.[0m
          [36m</div>[39m
          [36m<div[39m
            [33mclass[39m=[32m"mb-8"[39m
          [36m>[39m
            [36m<header>[39m
              [36m<header[39m
                [33maria-labelledby[39m=[32m"section-header-material-properties---test-yf9ml5"[39m
                [33mclass[39m=[32m"header-wrapper w-full "[39m
                [33mdata-header-level[39m=[32m"section"[39m
                [33mdata-priority[39m=[32m"medium"[39m
                [33mdata-search-keywords[39m=[32m""[39m
              [36m>[39m
                [36m<h2[39m
                  [33maria-level[39m=[32m"2"[39m
                  [33mclass[39m=[32m"font-semibold text-white transition-all duration-200 ease-in-out focus:outline-none focus:ring-2 focus:ring-blue-500 focus:ring-offset-2 focus:ring-offset-gray-900 text-2xl font-bold mb-4 text-gray-100 text-left priority-medium text-xl font-bold text-white mb-4"[39m
                  [33mdata-testid[39m=[32m"header-section"[39m
                  [33mid[39m=[32m"section-header-material-properties---test-yf9ml5"[39m
                  [33mrole[39m=[32m"heading"[39m
                  [33mtabindex[39m=[32m"-1"[39m
                [36m>[39m
                  [0mMaterial Properties - Test[0m
                [36m</h2>[39m
              [36m</header>[39m
            [36m</header>[39m
            [36m<figure[39m
              [33maria-describedby[39m=[32m"caption-image-analysis-Test-1759343132153"[39m
              [33maria-labelledby[39m=[32m"caption-title-analysis-Test-1759343132153"[39m
              [33mclass[39m=[32m"caption-container"[39m
              [33mitemscope[39m=[32m""[39m
              [33mitemtype[39m=[32m"https://schema.org/ImageObject"[39m
              [33mrole[39m=[32m"img"[39m
            [36m>[39m
              [36m<div[39m
                [33mclass[39m=[32m"sr-only"[39m
                [33mid[39m=[32m"caption-image-analysis-Test-1759343132153"[39m
              [36m>[39m
                [0mNo image available for Test surface analysis[0m
              [36m</div>[39m
              [36m<div[39m
                [33maria-label[39m=[32m"No surface analysis image available"[39m
                [33mclass[39m=[32m"w-full h-[300px] md:h-[400px] flex items-center justify-center bg-gray-600 rounded-lg"[39m
              [36m>[39m
                [36m<img[39m
                  [33malt[39m=[32m"Z-Beam company logo"[39m
                  [33mclass[39m=[32m"opacity-30 object-contain"[39m
                  [33mheight[39m=[32m"72"[39m
                  [33msrc[39m=[32m"/images/Site/Logo/logo_.png"[39m
                  [33mwidth[39m=[32m"120"[39m
                [36m/>[39m
              [36m</div>[39m
              [36m<figcaption[39m
                [33maria-labelledby[39m=[32m"caption-title-analysis-Test-1759343132153"[39m
                [33mclass[39m=[32m"mt-4 pb-4 mb-2 text-sm max-w-none"[39m
                [33mrole[39m=[32m"group"[39m
              [36m/>[39m
            [36m</figure>[39m
          [36m</div>[39m
        [36m</section>[39m
      [36m</div>[39m
    [36m</body>[39m

      397 |       
      398 |       // All metrics should be accessible
    > 399 |       const metricArticles = screen.getAllByRole('article');
          |                                     ^
      400 |       expect(metricArticles).toHaveLength(50);
      401 |       
      402 |       const metricItems = screen.getAllByRole('listitem');

      at Object.getElementError (node_modules/@testing-library/dom/dist/config.js:37:19)
      at node_modules/@testing-library/dom/dist/query-helpers.js:76:38
      at node_modules/@testing-library/dom/dist/query-helpers.js:109:15
      at Object.getAllByRole (tests/accessibility/Caption.comprehensive.test.tsx:399:37)

PASS jsdom tests/utils/formatting.test.js
  Formatting utilities
    formatDate
      ✓ should format date correctly (31 ms)
      ✓ should handle different date formats (1 ms)
      ✓ should handle ISO date strings (1 ms)
    slugify
      ✓ should convert text to slug format (1 ms)
      ✓ should handle special characters
      ✓ should handle empty and edge cases
      ✓ should remove consecutive dashes (1 ms)
    truncateText
      ✓ should truncate text when over limit (1 ms)
      ✓ should not truncate when under limit
      ✓ should handle exact length match (1 ms)
      ✓ should handle empty string
    capitalizeFirst
      ✓ should capitalize first letter
      ✓ should handle edge cases (1 ms)
      ✓ should handle non-string input gracefully
    kebabToTitle
      ✓ should convert kebab case to title case (1 ms)
      ✓ should handle single words
      ✓ should handle empty string (1 ms)
    formatRelativeDate
      ✓ should format relative dates correctly (1 ms)
      ✓ should handle months and years (1 ms)
    stripHtml
      ✓ should remove HTML tags (1 ms)
      ✓ should handle self-closing tags
      ✓ should handle text without HTML
      ✓ should handle empty string (1 ms)
    toSentenceCase
      ✓ should convert to sentence case
      ✓ should handle edge cases (1 ms)
      ✓ should handle non-string input (1 ms)
    isValidUrl
      ✓ should validate URLs correctly (1 ms)
      ✓ should reject invalid URLs (1 ms)
      ✓ should handle relative URLs (1 ms)
    formatFileSize
      ✓ should format file sizes correctly (1 ms)
      ✓ should handle fractional sizes
      ✓ should handle small byte counts (1 ms)
    stripParenthesesFromSlug
      ✓ should remove parentheses from slugs
      ✓ should handle slugs without parentheses
      ✓ should handle empty and null input (1 ms)
    stripParenthesesFromImageUrl
      ✓ should remove parentheses from image URLs
      ✓ should handle URLs without parentheses (1 ms)
      ✓ should handle edge cases (1 ms)
    urlEncodeParentheses
      ✓ should encode parentheses for URLs
      ✓ should handle URLs without parentheses (1 ms)
      ✓ should handle edge cases
    capitalizeWords
      ✓ should capitalize each word
      ✓ should handle mixed separators (1 ms)
      ✓ should handle edge cases
      ✓ should handle non-string input (1 ms)
    slugToDisplayName
      ✓ should convert simple slugs to display names (1 ms)
      ✓ should handle multi-word materials
      ✓ should extract material names before process words (1 ms)
      ✓ should handle complex multi-word materials with processes (1 ms)
      ✓ should handle edge cases
      ✓ should handle slugs without known patterns (1 ms)
    Integration tests
      ✓ should chain formatting functions correctly
      ✓ should handle complex material processing workflows
      ✓ should format content for display (1 ms)

PASS node tests/systems/regional-content.test.js
  Regional Content System Tests
    Regional Data Validation
      ✓ should validate complete regional data structure (3 ms)
      ✓ should contain valid regions for each geographic area (1 ms)
      ✓ should have appropriate regulations for each region (1 ms)
      ✓ should include relevant certifications
    Regional Requirements Processing
      ✓ should retrieve regional requirements successfully (1 ms)
      ✓ should throw error for unknown regions (20 ms)
      ✓ should handle all defined regions
    Regional Compliance Validation
      ✓ should validate material compliance for specific regions (1 ms)
      ✓ should include required certifications in compliance check
      ✓ should provide compliance recommendations
      ✓ should calculate realistic compliance scores
    Regional Content Generation
      ✓ should generate region-specific content (2 ms)
      ✓ should include market information for each region
      ✓ should localize content based on region (1 ms)
    Language and Localization
      ✓ should map regions to appropriate languages
      ✓ should default to US English for unknown regions (1 ms)
      ✓ should map regions to appropriate currencies
      ✓ should map regions to appropriate unit systems (1 ms)
    Market Analysis
      ✓ should categorize market sizes appropriately (1 ms)
      ✓ should track adoption rates by region
      ✓ should identify key industries for each region (1 ms)
    Regulatory Compliance
      ✓ should track region-specific regulations (1 ms)
      ✓ should ensure certification standards are valid (1 ms)
      ✓ should cross-reference regulations with certifications (1 ms)
    Content Integration
      ✓ should format regional data for content management system (1 ms)
      ✓ should generate SEO-friendly regional descriptions
      ✓ should create regional content hierarchies (2 ms)
    Performance and Caching
      ✓ should efficiently process multiple regions
      ✓ should cache regional compliance results (1 ms)
      ✓ should handle batch regional content generation (1 ms)
    Error Handling
      ✓ should handle invalid regional data gracefully
      ✓ should provide fallbacks for missing regional data (1 ms)
      ✓ should validate regional data consistency (1 ms)

PASS node tests/systems/application-specific.test.js
  Application-Specific System Tests
    Application Data Validation
      ✓ should validate complete application data structure (2 ms)
      ✓ should require all mandatory fields (17 ms)
      ✓ should validate materials array (2 ms)
      ✓ should validate processes array (1 ms)
    Application Complexity Calculation
      ✓ should calculate complexity based on multiple factors (1 ms)
      ✓ should assign higher complexity to aerospace applications
      ✓ should assign highest complexity to cultural heritage
      ✓ should factor in material and process variety (1 ms)
    Application Guide Generation
      ✓ should generate comprehensive application guide (2 ms)
      ✓ should assign appropriate difficulty levels (1 ms)
      ✓ should include industry-specific safety considerations
      ✓ should determine appropriate equipment requirements (1 ms)
    Processing Time Estimation
      ✓ should estimate realistic processing times
      ✓ should scale time based on volume and complexity
      ✓ should factor in application complexity
    Equipment Requirements
      ✓ should include basic equipment for all applications (25 ms)
      ✓ should add precision equipment for high-precision applications (1 ms)
      ✓ should add advanced equipment for complex applications
    Safety Guidelines Generation
      ✓ should include standard safety guidelines
      ✓ should add material-specific safety guidelines (1 ms)
      ✓ should include industry-specific guidelines
    Process Steps Generation
      ✓ should include standard process steps (7 ms)
      ✓ should add aerospace-specific steps (1 ms)
      ✓ should add restoration-specific steps (1 ms)
    Industry-Specific Requirements
      ✓ should handle automotive industry requirements
      ✓ should handle aerospace industry requirements
      ✓ should handle cultural heritage requirements (1 ms)
    Quality Standards Validation
      ✓ should validate surface finish requirements (1 ms)
      ✓ should validate contaminant removal percentages (1 ms)
      ✓ should validate heat affected zone limits
    Application Comparison and Selection
      ✓ should compare applications by complexity
      ✓ should filter applications by industry
      ✓ should find applications by material compatibility
    Performance and Efficiency
      ✓ should efficiently process multiple applications (1 ms)
      ✓ should cache application calculations (1 ms)
      ✓ should handle batch application processing (1 ms)
    Error Handling and Edge Cases
      ✓ should handle incomplete application data (2 ms)
      ✓ should handle extreme complexity values (1 ms)
      ✓ should provide fallbacks for missing data

PASS jsdom tests/components/BadgeSymbol.test.tsx
  BadgeSymbol Component
    ✓ should render with required props (11 ms)
    ✓ should handle minimal props (4 ms)
    ✓ should apply size variants (3 ms)
    ✓ should apply style variants (4 ms)
    ✓ should handle different material types (41 ms)
    ✓ should handle complex symbols (5 ms)
    ✓ should handle special characters in symbols (3 ms)
    ✓ should apply default classes when no size/variant specified (3 ms)

PASS node tests/systems/performance.test.js
  Performance and Optimization Tests
    Performance Monitoring
      ✓ should create and manage performance timers (12 ms)
      ✓ should track multiple concurrent operations (1 ms)
      ✓ should handle nested timer operations (1 ms)
    Content Loading Performance
      ✓ should load single articles efficiently (7 ms)
      ✓ should demonstrate performance improvement with caching (56 ms)
      ✓ should efficiently load multiple articles in parallel (7 ms)
      ✓ should handle large batch loads efficiently (6 ms)
    Search Performance
      ✓ should perform searches within acceptable time limits (34 ms)
      ✓ should scale search performance with result limits (39 ms)
      ✓ should maintain search quality with performance constraints (23 ms)
    Caching Performance
      ✓ should provide fast cache operations (1 ms)
      ✓ should efficiently manage cache size limits (2 ms)
      ✓ should provide good cache hit rates
      ✓ should handle cache eviction efficiently (1 ms)
    Image Optimization Performance
      ✓ should optimize single images efficiently (153 ms)
      ✓ should handle batch image optimization efficiently (207 ms)
      ✓ should scale processing time linearly with batch size (313 ms)
      ✓ should maintain quality while optimizing for performance (169 ms)
    Memory Management
      ✓ should manage memory efficiently during operations (2 ms)
      ✓ should prevent memory leaks in long-running operations (1 ms)
    Concurrent Operations
      ✓ should handle concurrent content loading efficiently (8 ms)
      ✓ should maintain performance under concurrent cache access (13 ms)
      ✓ should throttle operations to prevent resource exhaustion (109 ms)
    Performance Regression Detection
      ✓ should detect performance regressions in content loading (36 ms)
      ✓ should maintain performance benchmarks over time
    Resource Utilization
      ✓ should efficiently utilize system resources (1 ms)
      ✓ should balance resource usage across operations (1 ms)

PASS node tests/systems/material-system.test.js
  Material System Tests
    Material Data Validation
      ✓ should validate complete material data structure (3 ms)
      ✓ should throw error for missing required fields (25 ms)
      ✓ should validate material properties completeness (3 ms)
      ✓ should validate laser parameters completeness (2 ms)
    Laser Efficiency Calculations
      ✓ should calculate base efficiency for standard materials (1 ms)
      ✓ should apply material type factor for metals (1 ms)
      ✓ should apply power factor for high-power settings
    Material Report Generation
      ✓ should generate complete material processing report (85 ms)
      ✓ should set processing complexity based on material type (1 ms)
      ✓ should include recommended laser settings (1 ms)
      ✓ should calculate realistic efficiency values
    Material Database Operations
      ✓ should handle material lookups by slug (35 ms)
      ✓ should handle material lookups by symbol
      ✓ should filter materials by type (1 ms)
      ✓ should sort materials by processing complexity
    Material Safety and Compliance
      ✓ should assign appropriate safety ratings (1 ms)
      ✓ should validate laser parameter ranges
      ✓ should enforce material property constraints (1 ms)
    Integration with Content System
      ✓ should format material data for content generation (1 ms)
      ✓ should generate SEO-friendly material descriptions (1 ms)
      ✓ should create material cross-references
    Performance and Optimization
      ✓ should efficiently process multiple materials (1 ms)
      ✓ should cache material calculations (1 ms)
      ✓ should handle batch material processing (1 ms)
    Error Handling and Edge Cases
      ✓ should handle malformed material data gracefully (1 ms)
      ✓ should handle extreme laser parameter values (1 ms)
      ✓ should handle empty material database
      ✓ should validate material type consistency (1 ms)

FAIL jsdom tests/components/Layout.test.tsx
  Layout Component
    Regular Page Layout
      ✕ should render basic page layout with title and description (108 ms)
      ✓ should render without header when fullWidth is true (5 ms)
      ✓ should apply full width layout when fullWidth is true (9 ms)
      ✓ should apply contained layout by default (7 ms)
    Article Layout
      ✕ should render article layout with components (24 ms)
      ✓ should render empty state when no components provided (5 ms)
      ✓ should generate JSON-LD structured data for articles (10 ms)
    Accessibility
      ✓ should have proper semantic structure for articles (19 ms)
      ✓ should have proper semantic structure for pages (8 ms)

  ● Layout Component › Regular Page Layout › should render basic page layout with title and description

    TestingLibraryElementError: Unable to find an element with the text: Test page description. This could be because the text is broken up by multiple elements. In this case, you can provide a function for your text matcher to make your matcher more flexible.

    Ignored nodes: comments, script, style
    [36m<body>[39m
      [36m<div>[39m
        [36m<main[39m
          [33mclass[39m=[32m"max-w-7xl mx-auto px-4 sm:px-6 lg:px-8"[39m
          [33mid[39m=[32m"main-content"[39m
          [33mrole[39m=[32m"main"[39m
        [36m>[39m
          [36m<div[39m
            [33mclass[39m=[32m"mb-8"[39m
          [36m>[39m
            [36m<header[39m
              [33maria-labelledby[39m=[32m"page-header-test-page-cn7rdp"[39m
              [33mclass[39m=[32m"header-wrapper w-full "[39m
              [33mdata-header-level[39m=[32m"page"[39m
              [33mdata-priority[39m=[32m"medium"[39m
              [33mdata-search-keywords[39m=[32m""[39m
            [36m>[39m
              [36m<h1[39m
                [33maria-level[39m=[32m"1"[39m
                [33mclass[39m=[32m"font-semibold text-white transition-all duration-200 ease-in-out focus:outline-none focus:ring-2 focus:ring-blue-500 focus:ring-offset-2 focus:ring-offset-gray-900 text-3xl font-bold mb-6 text-white text-left priority-medium"[39m
                [33mdata-testid[39m=[32m"header-page"[39m
                [33mid[39m=[32m"page-header-test-page-cn7rdp"[39m
                [33mrole[39m=[32m"heading"[39m
                [33mtabindex[39m=[32m"0"[39m
              [36m>[39m
                [0mTest Page[0m
              [36m</h1>[39m
            [36m</header>[39m
          [36m</div>[39m
          [36m<div[39m
            [33mclass[39m=[32m"space-y-6"[39m
          [36m>[39m
            [36m<div[39m
              [33mdata-testid[39m=[32m"page-content"[39m
            [36m>[39m
              [0mPage content[0m
            [36m</div>[39m
          [36m</div>[39m
        [36m</main>[39m
      [36m</div>[39m
    [36m</body>[39m

      109 |       expect(screen.getByRole('main')).toBeInTheDocument();
      110 |       expect(screen.getByText('Test Page')).toBeInTheDocument();
    > 111 |       expect(screen.getByText('Test page description')).toBeInTheDocument();
          |                     ^
      112 |       expect(screen.getByTestId('page-content')).toBeInTheDocument();
      113 |     });
      114 |

      at Object.getElementError (node_modules/@testing-library/dom/dist/config.js:37:19)
      at node_modules/@testing-library/dom/dist/query-helpers.js:76:38
      at node_modules/@testing-library/dom/dist/query-helpers.js:52:17
      at node_modules/@testing-library/dom/dist/query-helpers.js:95:19
      at Object.getByText (tests/components/Layout.test.tsx:111:21)

  ● Layout Component › Article Layout › should render article layout with components

    TestingLibraryElementError: Unable to find an element by: [data-testid="title"]

    Ignored nodes: comments, script, style
    [36m<body>[39m
      [36m<div>[39m
        [36m<main[39m
          [33mclass[39m=[32m"max-w-7xl mx-auto px-4 sm:px-6 lg:px-8"[39m
          [33mid[39m=[32m"main-content"[39m
          [33mrole[39m=[32m"main"[39m
        [36m>[39m
          [36m<div[39m
            [33mclass[39m=[32m"header-section mb-6"[39m
          [36m>[39m
            [36m<div[39m
              [33mdata-testid[39m=[32m"hero"[39m
              [33mdata-theme[39m=[32m"dark"[39m
            [36m>[39m
              [0mHero for [0m
              [0mTest Article[0m
            [36m</div>[39m
            [36m<header[39m
              [33maria-labelledby[39m=[32m"page-header-test-article-rt7jhk"[39m
              [33mclass[39m=[32m"header-wrapper w-full "[39m
              [33mdata-header-level[39m=[32m"page"[39m
              [33mdata-priority[39m=[32m"medium"[39m
              [33mdata-search-keywords[39m=[32m""[39m
            [36m>[39m
              [36m<h1[39m
                [33maria-level[39m=[32m"1"[39m
                [33mclass[39m=[32m"font-semibold text-white transition-all duration-200 ease-in-out focus:outline-none focus:ring-2 focus:ring-blue-500 focus:ring-offset-2 focus:ring-offset-gray-900 text-3xl font-bold mb-6 text-white text-left priority-medium"[39m
                [33mdata-testid[39m=[32m"header-page"[39m
                [33mid[39m=[32m"page-header-test-article-rt7jhk"[39m
                [33mrole[39m=[32m"heading"[39m
                [33mtabindex[39m=[32m"0"[39m
              [36m>[39m
                [0mTest Article[0m
              [36m</h1>[39m
            [36m</header>[39m
            [36m<div[39m
              [33mdata-testid[39m=[32m"author"[39m
            [36m>[39m
              [0mAuthor: [0m
              [0mTest Author[0m
            [36m</div>[39m
          [36m</div>[39m
          [0m        [0m
          [36m<article[39m
            [33mclass[39m=[32m"space-y-8"[39m
            [33mrole[39m=[32m"article"[39m
          [36m>[39m
            [36m<section[39m
              [33maria-label[39m=[32m"Tags and categories"[39m
            [36m>[39m
              [36m<div[39m
                [33mdata-testid[39m=[32m"tags-component"[39m
              [36m>[39m
                [0mTags Component[0m
              [36m</div>[39m
            [36m</section>[39m
          [36m</article>[39m
        [36m</main>[39m
      [36m</div>[39m
    [36m</body>[39m

      181 |       expect(screen.getByRole('article')).toBeInTheDocument();
      182 |       expect(screen.getByTestId('hero')).toBeInTheDocument();
    > 183 |       expect(screen.getByTestId('title')).toBeInTheDocument();
          |                     ^
      184 |       expect(screen.getByTestId('author')).toBeInTheDocument();
      185 |       expect(screen.getByTestId('caption-component')).toBeInTheDocument();
      186 |       expect(screen.getByTestId('tags-component')).toBeInTheDocument();

      at Object.getElementError (node_modules/@testing-library/dom/dist/config.js:37:19)
      at node_modules/@testing-library/dom/dist/query-helpers.js:76:38
      at node_modules/@testing-library/dom/dist/query-helpers.js:52:17
      at node_modules/@testing-library/dom/dist/query-helpers.js:95:19
      at Object.getByTestId (tests/components/Layout.test.tsx:183:21)

PASS jsdom tests/components/Hero.test.tsx
  Hero Component - Accessibility & Performance Standards
    Accessibility Requirements
      ✓ should meet WCAG 2.1 AA standards (2 ms)
      ✓ should provide comprehensive alt text options (1 ms)
      ✓ should implement proper ARIA attributes (1 ms)
    Performance Optimizations
      ✓ should implement lazy loading features (2 ms)
      ✓ should handle video performance correctly
    Component Interface
      ✓ should have complete TypeScript interface (1 ms)
      ✓ should support all required variants (2 ms)
    Error Handling & Robustness
      ✓ should handle missing data gracefully (1 ms)
      ✓ should provide fallback content (1 ms)
    Web Standards Compliance
      ✓ should meet modern web standards (1 ms)
    Integration with Z-Beam System
      ✓ should integrate with frontmatter system (1 ms)

PASS jsdom tests/utils/validation.test.js
  Validation utilities
    validateContentStructure
      ✓ should validate valid content structure (2 ms)
      ✓ should reject content without title (2 ms)
      ✓ should reject content without slug (1 ms)
      ✓ should reject invalid slug format (1 ms)
      ✓ should accept valid slug formats (1 ms)
      ✓ should reject invalid slug formats (2 ms)
      ✓ should handle multiple validation errors
      ✓ should allow extra properties (1 ms)
    validateImageMetadata
      ✓ should validate valid image metadata (1 ms)
      ✓ should reject metadata without alt text
      ✓ should reject metadata without src (1 ms)
      ✓ should accept minimal required metadata (1 ms)
      ✓ should reject non-numeric width
      ✓ should reject non-numeric height (1 ms)
      ✓ should handle multiple validation errors (1 ms)
      ✓ should allow extra properties (1 ms)
      ✓ should accept zero dimensions
    Validation result interface
      ✓ should return consistent result structure (1 ms)
      ✓ should return empty errors array for valid input (1 ms)
      ✓ should return non-empty errors array for invalid input (1 ms)
    Edge cases and error handling
      ✓ should handle null input for content structure (1 ms)
      ✓ should handle undefined input for content structure
      ✓ should handle null input for image metadata (5 ms)
      ✓ should handle undefined input for image metadata
      ✓ should handle empty string values (1 ms)
      ✓ should handle whitespace-only values

  console.error
    Error fetching tags: Error: Database error
        at Object.<anonymous> (/Users/todddunning/Desktop/Z-Beam/z-beam-test-push/tests/app/api.test.ts:66:50)
        at Promise.finally.completed (/Users/todddunning/Desktop/Z-Beam/z-beam-test-push/node_modules/jest-circus/build/jestAdapterInit.js:1556:28)
        at new Promise (<anonymous>)
        at callAsyncCircusFn (/Users/todddunning/Desktop/Z-Beam/z-beam-test-push/node_modules/jest-circus/build/jestAdapterInit.js:1496:10)
        at _callCircusTest (/Users/todddunning/Desktop/Z-Beam/z-beam-test-push/node_modules/jest-circus/build/jestAdapterInit.js:1006:40)
        at processTicksAndRejections (node:internal/process/task_queues:105:5)
        at _runTest (/Users/todddunning/Desktop/Z-Beam/z-beam-test-push/node_modules/jest-circus/build/jestAdapterInit.js:946:3)
        at _runTestsForDescribeBlock (/Users/todddunning/Desktop/Z-Beam/z-beam-test-push/node_modules/jest-circus/build/jestAdapterInit.js:839:13)
        at _runTestsForDescribeBlock (/Users/todddunning/Desktop/Z-Beam/z-beam-test-push/node_modules/jest-circus/build/jestAdapterInit.js:829:11)
        at _runTestsForDescribeBlock (/Users/todddunning/Desktop/Z-Beam/z-beam-test-push/node_modules/jest-circus/build/jestAdapterInit.js:829:11)
        at run (/Users/todddunning/Desktop/Z-Beam/z-beam-test-push/node_modules/jest-circus/build/jestAdapterInit.js:757:3)
        at runAndTransformResultsToJestFormat (/Users/todddunning/Desktop/Z-Beam/z-beam-test-push/node_modules/jest-circus/build/jestAdapterInit.js:1917:21)
        at jestAdapter (/Users/todddunning/Desktop/Z-Beam/z-beam-test-push/node_modules/jest-circus/build/runner.js:101:19)
        at runTestInternal (/Users/todddunning/Desktop/Z-Beam/z-beam-test-push/node_modules/jest-runner/build/testWorker.js:275:16)
        at runTest (/Users/todddunning/Desktop/Z-Beam/z-beam-test-push/node_modules/jest-runner/build/testWorker.js:343:7)
        at Object.worker (/Users/todddunning/Desktop/Z-Beam/z-beam-test-push/node_modules/jest-runner/build/testWorker.js:497:12)

      14 |     return NextResponse.json({ tags });
      15 |   } catch (error) {
    > 16 |     console.error('Error fetching tags:', error);
         |             ^
      17 |     return NextResponse.json(
      18 |       { error: 'Failed to fetch tags' },
      19 |       { status: 500 }

      at error (app/api/tags/route.ts:16:13)
      at Object.<anonymous> (tests/app/api.test.ts:69:24)

  console.error
    Search API error: TypeError: Cannot read properties of null (reading 'url')
        at url (/Users/todddunning/Desktop/Z-Beam/z-beam-test-push/app/api/search/route.ts:10:33)
        at Object.GET (/Users/todddunning/Desktop/Z-Beam/z-beam-test-push/tests/app/api.test.ts:129:30)
        at Promise.finally.completed (/Users/todddunning/Desktop/Z-Beam/z-beam-test-push/node_modules/jest-circus/build/jestAdapterInit.js:1556:28)
        at new Promise (<anonymous>)
        at callAsyncCircusFn (/Users/todddunning/Desktop/Z-Beam/z-beam-test-push/node_modules/jest-circus/build/jestAdapterInit.js:1496:10)
        at _callCircusTest (/Users/todddunning/Desktop/Z-Beam/z-beam-test-push/node_modules/jest-circus/build/jestAdapterInit.js:1006:40)
        at processTicksAndRejections (node:internal/process/task_queues:105:5)
        at _runTest (/Users/todddunning/Desktop/Z-Beam/z-beam-test-push/node_modules/jest-circus/build/jestAdapterInit.js:946:3)
        at _runTestsForDescribeBlock (/Users/todddunning/Desktop/Z-Beam/z-beam-test-push/node_modules/jest-circus/build/jestAdapterInit.js:839:13)
        at _runTestsForDescribeBlock (/Users/todddunning/Desktop/Z-Beam/z-beam-test-push/node_modules/jest-circus/build/jestAdapterInit.js:829:11)
        at _runTestsForDescribeBlock (/Users/todddunning/Desktop/Z-Beam/z-beam-test-push/node_modules/jest-circus/build/jestAdapterInit.js:829:11)
        at run (/Users/todddunning/Desktop/Z-Beam/z-beam-test-push/node_modules/jest-circus/build/jestAdapterInit.js:757:3)
        at runAndTransformResultsToJestFormat (/Users/todddunning/Desktop/Z-Beam/z-beam-test-push/node_modules/jest-circus/build/jestAdapterInit.js:1917:21)
        at jestAdapter (/Users/todddunning/Desktop/Z-Beam/z-beam-test-push/node_modules/jest-circus/build/runner.js:101:19)
        at runTestInternal (/Users/todddunning/Desktop/Z-Beam/z-beam-test-push/node_modules/jest-runner/build/testWorker.js:275:16)
        at runTest (/Users/todddunning/Desktop/Z-Beam/z-beam-test-push/node_modules/jest-runner/build/testWorker.js:343:7)
        at Object.worker (/Users/todddunning/Desktop/Z-Beam/z-beam-test-push/node_modules/jest-runner/build/testWorker.js:497:12)

      47 |     });
      48 |   } catch (error) {
    > 49 |     console.error('Search API error:', error);
         |             ^
      50 |     return NextResponse.json(
      51 |       { error: 'Search service error' },
      52 |       { status: 500 }

      at error (app/api/search/route.ts:49:13)
      at Object.GET (tests/app/api.test.ts:129:30)

PASS jsdom tests/components/Navigation.accessibility.test.tsx
  Navigation Component - WCAG 2.1 AA Compliance
    Main Navigation Accessibility
      ✓ should meet WCAG 2.1 AA standards for navigation (2 ms)
      ✓ should provide comprehensive keyboard navigation (2 ms)
      ✓ should implement proper ARIA attributes and roles (1 ms)
      ✓ should support screen reader announcements (2 ms)
    Mobile Navigation Accessibility
      ✓ should implement accessible mobile menu patterns (2 ms)
      ✓ should handle mobile menu states accessibly (2 ms)
    Focus Management & Indicators
      ✓ should implement comprehensive focus management (2 ms)
      ✓ should maintain focus indicators without focus rings (1 ms)
    Footer Navigation Accessibility
      ✓ should implement accessible footer navigation (1 ms)
      ✓ should provide accessible social media links (2 ms)
    Color Contrast & Visual Accessibility
      ✓ should meet WCAG color contrast requirements (2 ms)
      ✓ should support multiple visual accessibility needs (1 ms)
    Error Handling & Robustness
      ✓ should handle navigation errors gracefully (2 ms)
      ✓ should maintain accessibility during error states (1 ms)
    Web Standards Compliance
      ✓ should meet modern web accessibility standards (1 ms)
      ✓ should implement progressive enhancement (1 ms)
    Integration & Cross-Component Accessibility
      ✓ should integrate accessibly with other components (2 ms)
      ✓ should maintain accessibility across navigation states (2 ms)

PASS jsdom tests/components/DebugLayout.test.tsx
  DebugLayout Component
    ✓ should render basic debug layout (8 ms)
    ✓ should display debug info when provided (4 ms)
    ✓ should show grid overlay when enabled (3 ms)
    ✓ should show boundaries when enabled (3 ms)
    ✓ should enable all debug features together (4 ms)
    ✓ should handle complex debug information (2 ms)

  console.error
    Error fetching tags: TypeError: Unexpected error
        at /Users/todddunning/Desktop/Z-Beam/z-beam-test-push/tests/app/api.test.ts:184:15
        at /Users/todddunning/Desktop/Z-Beam/z-beam-test-push/node_modules/jest-mock/build/index.js:305:39
        at /Users/todddunning/Desktop/Z-Beam/z-beam-test-push/node_modules/jest-mock/build/index.js:312:13
        at mockConstructor (/Users/todddunning/Desktop/Z-Beam/z-beam-test-push/node_modules/jest-mock/build/index.js:102:19)
        at GET (/Users/todddunning/Desktop/Z-Beam/z-beam-test-push/app/api/tags/route.ts:11:34)
        at Object.GET (/Users/todddunning/Desktop/Z-Beam/z-beam-test-push/tests/app/api.test.ts:188:30)
        at Promise.finally.completed (/Users/todddunning/Desktop/Z-Beam/z-beam-test-push/node_modules/jest-circus/build/jestAdapterInit.js:1556:28)
        at new Promise (<anonymous>)
        at callAsyncCircusFn (/Users/todddunning/Desktop/Z-Beam/z-beam-test-push/node_modules/jest-circus/build/jestAdapterInit.js:1496:10)
        at _callCircusTest (/Users/todddunning/Desktop/Z-Beam/z-beam-test-push/node_modules/jest-circus/build/jestAdapterInit.js:1006:40)
        at processTicksAndRejections (node:internal/process/task_queues:105:5)
        at _runTest (/Users/todddunning/Desktop/Z-Beam/z-beam-test-push/node_modules/jest-circus/build/jestAdapterInit.js:946:3)
        at _runTestsForDescribeBlock (/Users/todddunning/Desktop/Z-Beam/z-beam-test-push/node_modules/jest-circus/build/jestAdapterInit.js:839:13)
        at _runTestsForDescribeBlock (/Users/todddunning/Desktop/Z-Beam/z-beam-test-push/node_modules/jest-circus/build/jestAdapterInit.js:829:11)
        at _runTestsForDescribeBlock (/Users/todddunning/Desktop/Z-Beam/z-beam-test-push/node_modules/jest-circus/build/jestAdapterInit.js:829:11)
        at run (/Users/todddunning/Desktop/Z-Beam/z-beam-test-push/node_modules/jest-circus/build/jestAdapterInit.js:757:3)
        at runAndTransformResultsToJestFormat (/Users/todddunning/Desktop/Z-Beam/z-beam-test-push/node_modules/jest-circus/build/jestAdapterInit.js:1917:21)
        at jestAdapter (/Users/todddunning/Desktop/Z-Beam/z-beam-test-push/node_modules/jest-circus/build/runner.js:101:19)
        at runTestInternal (/Users/todddunning/Desktop/Z-Beam/z-beam-test-push/node_modules/jest-runner/build/testWorker.js:275:16)
        at runTest (/Users/todddunning/Desktop/Z-Beam/z-beam-test-push/node_modules/jest-runner/build/testWorker.js:343:7)
        at Object.worker (/Users/todddunning/Desktop/Z-Beam/z-beam-test-push/node_modules/jest-runner/build/testWorker.js:497:12)

      14 |     return NextResponse.json({ tags });
      15 |   } catch (error) {
    > 16 |     console.error('Error fetching tags:', error);
         |             ^
      17 |     return NextResponse.json(
      18 |       { error: 'Failed to fetch tags' },
      19 |       { status: 500 }

      at error (app/api/tags/route.ts:16:13)
      at Object.GET (tests/app/api.test.ts:188:30)

PASS jsdom tests/components/Contact.accessibility.test.tsx
  Contact Components - WCAG 2.1 AA Compliance
    Contact Form Accessibility
      ✓ should meet WCAG 2.1 AA standards for forms (1 ms)
      ✓ should implement comprehensive form labeling (2 ms)
      ✓ should provide accessible form validation (1 ms)
      ✓ should implement keyboard accessibility for forms (1 ms)
    Contact Information Accessibility
      ✓ should structure contact information accessibly (1 ms)
      ✓ should implement accessible contact links (1 ms)
      ✓ should provide structured contact information (1 ms)
    Contact Page Layout Accessibility
      ✓ should implement accessible page layout (2 ms)
      ✓ should handle contact page navigation (1 ms)
    Dark Theme Accessibility
      ✓ should maintain accessibility in dark theme (1 ms)
      ✓ should support theme switching accessibility (1 ms)
    Form Error Handling & Robustness
      ✓ should handle form errors accessibly (1 ms)
      ✓ should provide comprehensive error feedback (2 ms)
      ✓ should maintain accessibility during form states
    Performance & Loading Accessibility
      ✓ should handle loading states accessibly (1 ms)
      ✓ should optimize for performance while maintaining accessibility (1 ms)
    International & Multi-language Accessibility
      ✓ should support international accessibility standards
      ✓ should handle multilingual content accessibly
    Security & Privacy Accessibility
      ✓ should implement accessible security features (1 ms)
      ✓ should protect user privacy accessibly (1 ms)
    Testing & Quality Assurance
      ✓ should pass automated accessibility testing (1 ms)
      ✓ should pass manual accessibility testing (1 ms)

  console.error
    Search API error: TypeError: Cannot read properties of null (reading 'url')
        at url (/Users/todddunning/Desktop/Z-Beam/z-beam-test-push/app/api/search/route.ts:10:33)
        at Object.GET (/Users/todddunning/Desktop/Z-Beam/z-beam-test-push/tests/app/api.test.ts:198:30)
        at Promise.finally.completed (/Users/todddunning/Desktop/Z-Beam/z-beam-test-push/node_modules/jest-circus/build/jestAdapterInit.js:1556:28)
        at new Promise (<anonymous>)
        at callAsyncCircusFn (/Users/todddunning/Desktop/Z-Beam/z-beam-test-push/node_modules/jest-circus/build/jestAdapterInit.js:1496:10)
        at _callCircusTest (/Users/todddunning/Desktop/Z-Beam/z-beam-test-push/node_modules/jest-circus/build/jestAdapterInit.js:1006:40)
        at processTicksAndRejections (node:internal/process/task_queues:105:5)
        at _runTest (/Users/todddunning/Desktop/Z-Beam/z-beam-test-push/node_modules/jest-circus/build/jestAdapterInit.js:946:3)
        at _runTestsForDescribeBlock (/Users/todddunning/Desktop/Z-Beam/z-beam-test-push/node_modules/jest-circus/build/jestAdapterInit.js:839:13)
        at _runTestsForDescribeBlock (/Users/todddunning/Desktop/Z-Beam/z-beam-test-push/node_modules/jest-circus/build/jestAdapterInit.js:829:11)
        at _runTestsForDescribeBlock (/Users/todddunning/Desktop/Z-Beam/z-beam-test-push/node_modules/jest-circus/build/jestAdapterInit.js:829:11)
        at run (/Users/todddunning/Desktop/Z-Beam/z-beam-test-push/node_modules/jest-circus/build/jestAdapterInit.js:757:3)
        at runAndTransformResultsToJestFormat (/Users/todddunning/Desktop/Z-Beam/z-beam-test-push/node_modules/jest-circus/build/jestAdapterInit.js:1917:21)
        at jestAdapter (/Users/todddunning/Desktop/Z-Beam/z-beam-test-push/node_modules/jest-circus/build/runner.js:101:19)
        at runTestInternal (/Users/todddunning/Desktop/Z-Beam/z-beam-test-push/node_modules/jest-runner/build/testWorker.js:275:16)
        at runTest (/Users/todddunning/Desktop/Z-Beam/z-beam-test-push/node_modules/jest-runner/build/testWorker.js:343:7)
        at Object.worker (/Users/todddunning/Desktop/Z-Beam/z-beam-test-push/node_modules/jest-runner/build/testWorker.js:497:12)

      47 |     });
      48 |   } catch (error) {
    > 49 |     console.error('Search API error:', error);
         |             ^
      50 |     return NextResponse.json(
      51 |       { error: 'Search service error' },
      52 |       { status: 500 }

      at error (app/api/search/route.ts:49:13)
      at Object.GET (tests/app/api.test.ts:198:30)

  console.error
    Error fetching tags: Error: Test error
        at Object.<anonymous> (/Users/todddunning/Desktop/Z-Beam/z-beam-test-push/tests/app/api.test.ts:236:50)
        at processTicksAndRejections (node:internal/process/task_queues:105:5)

      14 |     return NextResponse.json({ tags });
      15 |   } catch (error) {
    > 16 |     console.error('Error fetching tags:', error);
         |             ^
      17 |     return NextResponse.json(
      18 |       { error: 'Failed to fetch tags' },
      19 |       { status: 500 }

      at error (app/api/tags/route.ts:16:13)
      at Object.<anonymous> (tests/app/api.test.ts:237:29)

PASS jsdom tests/app/api.test.ts
  API Routes Tests
    Tags API (/api/tags)
      ✓ should return tags successfully (7 ms)
      ✓ should handle getAllTags errors (17 ms)
      ✓ should handle empty tags array (1 ms)
    Search API (/api/search)
      ✓ should return search results for valid query (6 ms)
      ✓ should return empty results for missing query (2 ms)
      ✓ should filter results based on query relevance (1 ms)
      ✓ should handle search errors gracefully (5 ms)
      ✓ should handle empty search query (1 ms)
      ✓ should format search results correctly (3 ms)
      ✓ should handle case-insensitive search (1 ms)
    API Error Handling
      ✓ should handle unexpected errors gracefully (5 ms)
      ✓ should handle malformed requests (4 ms)
    API Response Format
      ✓ should return consistent JSON format for tags
      ✓ should return consistent JSON format for search (2 ms)
      ✓ should return proper HTTP status codes (2 ms)
    Performance
      ✓ should respond to tags API quickly
      ✓ should handle large tag datasets efficiently (2 ms)
      ✓ should handle search with reasonable performance (1 ms)

PASS jsdom tests/integration/OrganizationSchemaIntegration.test.tsx
  Organization Schema Integration
    Schema Integration with Business Config
      ✓ should use business config data correctly (2 ms)
      ✓ should map contact points correctly (3 ms)
      ✓ should map service areas correctly (1 ms)
      ✓ should map services correctly (1 ms)
      ✓ should handle logo URL correctly (1 ms)
    Schema Validation for SEO
      ✓ should have all required Schema.org properties (5 ms)
      ✓ should have valid structured data for rich snippets (1 ms)
      ✓ should be serializable for JSON-LD (2 ms)
    Business Focus Validation
      ✓ should reflect laser cleaning business (1 ms)
      ✓ should have correct contact information (1 ms)
    Social Media Integration
      ✓ should handle Twitter/X.com correctly
      ✓ should filter out empty social media URLs (1 ms)

PASS jsdom tests/utils/contentAPI.simple.test.js
  Content API Utils - Simple Tests
    ✓ modules can be imported without errors (106 ms)
    ✓ basic functionality exists (2 ms)
    ✓ error handling functions exist (1 ms)

PASS jsdom tests/components/Caption.accessibility.test.tsx
  Caption Component - Enhanced Accessibility & Performance Standards
    Accessibility Requirements (WCAG 2.1 AA)
      ✓ should meet WCAG 2.1 AA standards with Hero-level compliance (3 ms)
      ✓ should provide comprehensive alt text options with fallback hierarchy
      ✓ should implement comprehensive ARIA attributes and live regions
      ✓ should support screen reader announcements for dynamic states (1 ms)
    Performance Optimizations (Hero-Level)
      ✓ should implement advanced lazy loading with Intersection Observer (2 ms)
      ✓ should handle loading states with performance optimization (1 ms)
      ✓ should implement Core Web Vitals optimization (2 ms)
    Enhanced Component Features
      ✓ should have complete TypeScript interface with accessibility props (1 ms)
      ✓ should support enhanced data structures (1 ms)
      ✓ should implement keyboard navigation for interactive elements (1 ms)
    Error Handling & Robustness (Hero-Level)
      ✓ should handle all error scenarios gracefully (2 ms)
      ✓ should provide comprehensive fallback content (1 ms)
      ✓ should maintain accessibility during error states
    Web Standards Compliance (Hero-Level)
      ✓ should meet advanced web standards (1 ms)
      ✓ should implement structured data for SEO excellence (1 ms)
    Integration with Z-Beam System (Enhanced)
      ✓ should integrate seamlessly with enhanced data structures (1 ms)
      ✓ should maintain backward compatibility (1 ms)

PASS jsdom tests/utils/performance.test.js
  Performance Tests
    ✓ should load content within acceptable time (52 ms)
    ✓ should cache repeated operations (1 ms)

PASS jsdom tests/utils/constants.test.js
  Constants
    SITE_CONFIG
      ✓ should have required properties (2 ms)
      ✓ should have correct site name
      ✓ should have descriptive site description
      ✓ should return localhost URL in development (1 ms)
      ✓ should return production URL in production (1 ms)
    ANIMATION_CONFIG
      ✓ should have durations configuration (1 ms)
      ✓ should have delays configuration
      ✓ should have easing configuration (1 ms)
      ✓ should have numeric duration values (1 ms)
      ✓ should have numeric delay values (1 ms)
      ✓ should have properly formatted easing arrays (2 ms)
    COMPONENT_DEFAULTS
      ✓ should have image defaults
      ✓ should have pagination defaults
      ✓ should have card defaults (1 ms)
      ✓ should have valid image loading time
      ✓ should have valid placeholder path
      ✓ should have valid items per page
      ✓ should have valid image height
      ✓ should have valid Tailwind border radius class (1 ms)
    BREAKPOINTS
      ✓ should have all standard breakpoints
      ✓ should have proper pixel format (1 ms)
      ✓ should be in ascending order (1 ms)
      ✓ should start with reasonable mobile-first breakpoint
      ✓ should have desktop breakpoint
    Configuration coherence
      ✓ animation durations should be in logical order
      ✓ animation delays should be in logical order (1 ms)
      ✓ image loading time should be reasonable
      ✓ pagination items per page should be reasonable (1 ms)

PASS jsdom tests/utils/helpers.test.tsx
  Utility Functions
    Content Utils
      ✓ parseMarkdown should process basic markdown (2 ms)
      ✓ extractMetadata should parse frontmatter (1 ms)
      ✓ extractMetadata should handle missing frontmatter
      ✓ slugify should create valid slugs (2 ms)
      ✓ slugify should handle edge cases (1 ms)
      ✓ parseMarkdown should handle empty content (1 ms)
      ✓ parseMarkdown should preserve line breaks
    Validation Utils
      ✓ validateContentStructure should pass valid content
      ✓ validateContentStructure should catch missing title
      ✓ validateContentStructure should catch missing slug (1 ms)
      ✓ validateContentStructure should catch invalid slug format (1 ms)
      ✓ validateImageMetadata should pass valid metadata (1 ms)
      ✓ validateImageMetadata should catch missing alt text (1 ms)
      ✓ validateImageMetadata should catch missing src
      ✓ validateImageMetadata should catch invalid width type (1 ms)

PASS jsdom tests/utils/stringHelpers.test.js
  String Helper utilities
    extractSafeValue
      ✓ should return string values as-is (1 ms)
      ✓ should extract string from single-property object (1 ms)
      ✓ should return JSON string for multi-property objects
      ✓ should return JSON string for empty objects
      ✓ should handle nested object with non-string value (2 ms)
      ✓ should handle null and undefined
      ✓ should convert primitive types to strings
      ✓ should handle arrays
      ✓ should handle complex nested structures from YAML (1 ms)
    toSafeString
      ✓ should be an alias for extractSafeValue (2 ms)
      ✓ should handle all the same cases as extractSafeValue (2 ms)
    safeIncludes
      ✓ should work with direct string values (1 ms)
      ✓ should work with single-property objects (1 ms)
      ✓ should work with multi-property objects (searches JSON) (1 ms)
      ✓ should work with primitive types (1 ms)
      ✓ should handle null and undefined (2 ms)
      ✓ should handle case sensitivity (1 ms)
      ✓ should handle arrays (1 ms)
    safeMatch
      ✓ should work with direct string values (19 ms)
      ✓ should work with single-property objects (1 ms)
      ✓ should work with multi-property objects (searches JSON) (1 ms)
      ✓ should work with primitive types (2 ms)
      ✓ should handle null and undefined (1 ms)
      ✓ should handle global and multiline regex flags (1 ms)
      ✓ should capture groups correctly (1 ms)
      ✓ should handle complex regex patterns (1 ms)
      ✓ should handle arrays (1 ms)
    Integration and edge cases
      ✓ should handle deeply nested YAML-like structures (1 ms)
      ✓ should maintain consistency across all functions (2 ms)
      ✓ should handle special characters and encoding (1 ms)
      ✓ should handle very large objects efficiently (1 ms)

PASS jsdom tests/utils/articleEnrichment.test.js
  Article Enrichment Utils
    enrichArticle
      ✓ should handle basic article enrichment (5 ms)
      ✓ should handle multi-word material names (1 ms)
      ✓ should extract tags from frontmatter (2 ms)
      ✓ should handle frontmatter author (2 ms)
      ✓ should extract tags from content first line (1 ms)
      ✓ should handle metadata fields (1 ms)
      ✓ should deduplicate tags (1 ms)
      ✓ should handle articles without slug (1 ms)
      ✓ should filter short slug parts (1 ms)
      ✓ should handle empty input gracefully
      ✓ should preserve existing href (1 ms)
      ✓ should handle known multi-word materials (2 ms)
    enrichArticles
      ✓ should enrich multiple articles (1 ms)
      ✓ should handle empty array (2 ms)
      ✓ should not mutate original articles (1 ms)
    tag inference patterns
      ✓ should infer tags from slug when relevant (1 ms)
      ✓ should infer Surface Treatment tag from cleaning slug (1 ms)
      ✓ should process industrial-related slugs (1 ms)
      ✓ should handle complex slugs with multiple concepts

PASS jsdom tests/standards/OrganizationSchema.test.tsx
  Organization Schema Implementation
    Schema Structure and Context
      ✓ should have valid Schema.org context (1 ms)
      ✓ should have Organization type (1 ms)
      ✓ should have unique identifier
    Basic Organization Information
      ✓ should have organization name
      ✓ should have legal name (1 ms)
      ✓ should have website URL
      ✓ should have description (1 ms)
    Logo and Image Properties
      ✓ should have logo schema (1 ms)
      ✓ should have logo dimensions (1 ms)
      ✓ should have organization image (1 ms)
    Contact Information
      ✓ should have postal address (1 ms)
      ✓ should have contact points array (1 ms)
      ✓ should have valid contact point structure (2 ms)
    Social Media Integration
      ✓ should have social media profiles
      ✓ should have valid social media URLs (2 ms)
      ✓ should filter out empty social media URLs (21 ms)
    Business Information
      ✓ should have founding date
      ✓ should have employee count (1 ms)
      ✓ should have industry classification (1 ms)
      ✓ should have NAICS code
    Service Catalog
      ✓ should have offer catalog (1 ms)
      ✓ should have service offers (5 ms)
      ✓ should have descriptive service names and descriptions (2 ms)
    Geographic and Operational Information
      ✓ should have service area (1 ms)
      ✓ should have valid geographic areas (4 ms)
      ✓ should have opening hours (1 ms)
    Payment and Pricing Information
      ✓ should have currency information
      ✓ should have payment methods (1 ms)
      ✓ should have price range indicator (1 ms)
    Professional Credentials
      ✓ should handle credentials array (2 ms)
      ✓ should have proper credential structure when present (1 ms)
    SEO and Rich Snippet Optimization
      ✓ should have appropriate length limits for rich snippets (1 ms)
      ✓ should have consistent branding
      ✓ should have complete contact information for local SEO (1 ms)
    Schema Validation and Structure
      ✓ should be serializable to JSON-LD
      ✓ should have consistent object structure (2 ms)
      ✓ should not have circular references (1 ms)

PASS jsdom tests/components/Caption.layout.test.tsx
  Caption Component Layout Integration
    ✓ should have proper data structure for side-by-side layout (2 ms)
    ✓ should handle single section data structures (2 ms)
    ✓ should support both string and object content (2 ms)
    ✓ should have backward compatibility with frontmatter (1 ms)
    ✓ caption data structure should be valid (3 ms)
    ✓ should support CaptionProps interface (1 ms)
  Caption Component Centralized Types
    ✓ should use centralized CaptionDataStructure type (1 ms)
    ✓ should support enhanced properties from centralized types (1 ms)
    ✓ should safely handle author objects in seoData (1 ms)
    ✓ should extract author name from object for React rendering (1 ms)

PASS jsdom tests/standards/HTMLStandards.comprehensive.test.tsx
  HTML Standards Compliance - Modern Web Standards
    Semantic HTML5 Document Structure
      ✓ should implement proper document landmarks (3 ms)
      ✓ should use proper sectioning elements (1 ms)
      ✓ should implement proper heading hierarchy (2 ms)
    Form Standards Compliance
      ✓ should implement HTML5 form validation (2 ms)
      ✓ should implement proper form controls (2 ms)
    Media Standards Compliance
      ✓ should implement responsive image standards (19 ms)
      ✓ should implement video and audio standards (2 ms)
    Performance Standards
      ✓ should implement Core Web Vitals optimization (1 ms)
      ✓ should implement resource optimization (2 ms)
    Security Standards
      ✓ should implement Content Security Policy (2 ms)
      ✓ should implement secure coding practices (1 ms)
    Progressive Web App Standards
      ✓ should implement PWA fundamentals (1 ms)
      ✓ should implement offline functionality (1 ms)
    International Standards
      ✓ should implement internationalization support (1 ms)
      ✓ should implement content localization (1 ms)
    SEO and Structured Data Standards
      ✓ should implement advanced SEO standards (1 ms)
      ✓ should implement rich snippets and structured data (2 ms)
    Browser Compatibility Standards
      ✓ should implement cross-browser compatibility (2 ms)
      ✓ should implement standards compliance (2 ms)
    Privacy and Data Protection Standards
      ✓ should implement privacy compliance (1 ms)
      ✓ should implement data security measures (2 ms)
    Quality Assurance Standards
      ✓ should implement testing standards (1 ms)
      ✓ should implement monitoring and analytics (1 ms)

PASS jsdom tests/integration/universal-templates-layout-integration.test.tsx
  Universal Templates Layout Integration
    Template System
      ✓ should be properly integrated with layout system (1 ms)

PASS jsdom tests/app/slug-page.test.tsx
  Dynamic Slug Page
    ✓ should validate slug format (1 ms)
    ✓ should handle slug parameter extraction
    ✓ should normalize slug formats (1 ms)

PASS jsdom tests/utils/accessibility.test.js
  Accessibility Tests
    ✓ should have proper ARIA labels (1 ms)
    ✓ should have keyboard navigation support (1 ms)

PASS jsdom tests/utils/error-boundary.test.js
  Error Boundary Tests
    ✓ should handle component errors gracefully (1 ms)
    ✓ should log errors for debugging

PASS jsdom tests/components/MetricsGrid.test.tsx
  MetricsGrid Component
    ✓ should use centralized QualityMetrics type (1 ms)
    ✓ should support MetricsGridProps interface (1 ms)
    ✓ should handle empty quality metrics
    ✓ should support flexible metric properties with index signature
    ✓ should work with default props (1 ms)
    ✓ should validate quality metrics structure
    ✓ should support filtering metrics through excludeMetrics (1 ms)
  MetricsGrid Centralized Types Integration
    ✓ should import types from centralized location
    ✓ should maintain backward compatibility with existing metric names (1 ms)
    ✓ should support custom metrics through index signature

FAIL jsdom tests/api/routes.test.tsx
  ● Test suite failed to run

    ReferenceError: Request is not defined

       5 |  */
       6 |
    >  7 | import { NextRequest } from 'next/server';
         | ^
       8 |
       9 | jest.mock('../../app/api/search/route', () => ({
      10 |   GET: async (request: NextRequest) => {

      at Object.Request (node_modules/next/src/server/web/spec-extension/request.ts:15:34)
      at Object.<anonymous> (node_modules/next/server.js:2:16)
      at Object.require (tests/api/routes.test.tsx:7:1)

FAIL jsdom tests/pages/HomePage.test.tsx
  ● Test suite failed to run

    Jest encountered an unexpected token

    Jest failed to parse a file. This happens e.g. when your code or its dependencies use non-standard JavaScript syntax, or when Jest is not configured to support such syntax.

    Out of the box Jest supports Babel, which will be used to transform your files into valid JS based on your Babel configuration.

    By default "node_modules" folder is ignored by transformers.

    Here's what you can do:
     • If you are trying to use ECMAScript Modules, see https://jestjs.io/docs/ecmascript-modules for how to enable it.
     • If you are trying to use TypeScript, see https://jestjs.io/docs/getting-started#using-typescript
     • To have some of your "node_modules" files transformed, you can specify a custom "transformIgnorePatterns" in your config.
     • If you need a custom transformation, specify a "transform" option in your config.
     • If you simply want to mock your non-JS modules (e.g. binary assets) you can stub them out with the "moduleNameMapper" config option.

    You'll find more details and examples of these config options in the docs:
    https://jestjs.io/docs/configuration
    For information about custom transformations, see:
    https://jestjs.io/docs/code-transformation

    Details:

    SyntaxError: /Users/todddunning/Desktop/Z-Beam/z-beam-test-push/tests/pages/HomePage.test.tsx: Unexpected token (303:3)

      301 |     });
      302 |   });
    > 303 | });
          |    ^

      at constructor (node_modules/@babel/parser/src/parse-error.ts:95:45)
      at TypeScriptParserMixin.toParseError [as raise] (node_modules/@babel/parser/src/tokenizer/index.ts:1503:19)
      at TypeScriptParserMixin.raise [as unexpected] (node_modules/@babel/parser/src/tokenizer/index.ts:1543:16)
      at TypeScriptParserMixin.unexpected (node_modules/@babel/parser/src/parser/expression.ts:1350:16)
      at TypeScriptParserMixin.parseExprAtom (node_modules/@babel/parser/src/plugins/jsx/index.ts:583:22)
      at TypeScriptParserMixin.parseExprAtom [as parseExprSubscripts] (node_modules/@babel/parser/src/parser/expression.ts:734:23)
      at TypeScriptParserMixin.parseExprSubscripts [as parseUpdate] (node_modules/@babel/parser/src/parser/expression.ts:713:21)
      at TypeScriptParserMixin.parseUpdate (node_modules/@babel/parser/src/parser/expression.ts:675:23)
      at TypeScriptParserMixin.parseMaybeUnary (node_modules/@babel/parser/src/plugins/typescript/index.ts:3855:20)
      at TypeScriptParserMixin.parseMaybeUnary [as parseMaybeUnaryOrPrivate] (node_modules/@babel/parser/src/parser/expression.ts:409:14)
      at TypeScriptParserMixin.parseMaybeUnaryOrPrivate [as parseExprOps] (node_modules/@babel/parser/src/parser/expression.ts:421:23)
      at TypeScriptParserMixin.parseExprOps [as parseMaybeConditional] (node_modules/@babel/parser/src/parser/expression.ts:376:23)
      at TypeScriptParserMixin.parseMaybeConditional (node_modules/@babel/parser/src/parser/expression.ts:301:21)
      at TypeScriptParserMixin.parseMaybeAssign (node_modules/@babel/parser/src/plugins/typescript/index.ts:3727:22)
      at TypeScriptParserMixin.parseMaybeAssign [as parseExpressionBase] (node_modules/@babel/parser/src/parser/expression.ts:226:23)
      at parseExpressionBase (node_modules/@babel/parser/src/parser/expression.ts:217:39)
      at TypeScriptParserMixin.callback [as allowInAnd] (node_modules/@babel/parser/src/parser/expression.ts:3187:16)
      at TypeScriptParserMixin.allowInAnd [as parseExpression] (node_modules/@babel/parser/src/parser/expression.ts:217:17)
      at TypeScriptParserMixin.parseExpression (node_modules/@babel/parser/src/parser/statement.ts:683:23)
      at TypeScriptParserMixin.parseStatementContent (node_modules/@babel/parser/src/plugins/typescript/index.ts:3185:20)
      at TypeScriptParserMixin.parseStatementContent [as parseStatementLike] (node_modules/@babel/parser/src/parser/statement.ts:477:17)
      at TypeScriptParserMixin.parseStatementLike [as parseStatementListItem] (node_modules/@babel/parser/src/parser/statement.ts:426:17)
      at TypeScriptParserMixin.parseStatementListItem [as parseBlockOrModuleBlockBody] (node_modules/@babel/parser/src/parser/statement.ts:1439:16)
      at TypeScriptParserMixin.parseBlockOrModuleBlockBody [as parseBlockBody] (node_modules/@babel/parser/src/parser/statement.ts:1412:10)
      at TypeScriptParserMixin.parseBlockBody [as parseBlock] (node_modules/@babel/parser/src/parser/statement.ts:1380:10)
      at TypeScriptParserMixin.parseBlock [as parseFunctionBody] (node_modules/@babel/parser/src/parser/expression.ts:2616:24)
      at TypeScriptParserMixin.parseFunctionBody [as parseArrowExpression] (node_modules/@babel/parser/src/parser/expression.ts:2553:10)
      at TypeScriptParserMixin.parseArrowExpression [as parseParenAndDistinguishExpression] (node_modules/@babel/parser/src/parser/expression.ts:1837:12)
      at TypeScriptParserMixin.parseParenAndDistinguishExpression (node_modules/@babel/parser/src/parser/expression.ts:1162:21)
      at TypeScriptParserMixin.parseExprAtom (node_modules/@babel/parser/src/plugins/jsx/index.ts:583:22)
      at TypeScriptParserMixin.parseExprAtom [as parseExprSubscripts] (node_modules/@babel/parser/src/parser/expression.ts:734:23)
      at TypeScriptParserMixin.parseExprSubscripts [as parseUpdate] (node_modules/@babel/parser/src/parser/expression.ts:713:21)
      at TypeScriptParserMixin.parseUpdate (node_modules/@babel/parser/src/parser/expression.ts:675:23)
      at TypeScriptParserMixin.parseMaybeUnary (node_modules/@babel/parser/src/plugins/typescript/index.ts:3855:20)
      at TypeScriptParserMixin.parseMaybeUnary [as parseMaybeUnaryOrPrivate] (node_modules/@babel/parser/src/parser/expression.ts:409:14)
      at TypeScriptParserMixin.parseMaybeUnaryOrPrivate [as parseExprOps] (node_modules/@babel/parser/src/parser/expression.ts:421:23)
      at TypeScriptParserMixin.parseExprOps [as parseMaybeConditional] (node_modules/@babel/parser/src/parser/expression.ts:376:23)
      at TypeScriptParserMixin.parseMaybeConditional (node_modules/@babel/parser/src/parser/expression.ts:301:21)
      at TypeScriptParserMixin.parseMaybeAssign (node_modules/@babel/parser/src/plugins/typescript/index.ts:3727:22)
      at parseMaybeAssign (node_modules/@babel/parser/src/parser/expression.ts:257:12)
      at TypeScriptParserMixin.callback [as allowInAnd] (node_modules/@babel/parser/src/parser/expression.ts:3192:12)
      at TypeScriptParserMixin.allowInAnd [as parseMaybeAssignAllowIn] (node_modules/@babel/parser/src/parser/expression.ts:256:17)
      at TypeScriptParserMixin.parseMaybeAssignAllowIn [as parseMaybeAssignAllowInOrVoidPattern] (node_modules/@babel/parser/src/parser/expression.ts:3306:17)
      at TypeScriptParserMixin.parseMaybeAssignAllowInOrVoidPattern [as parseExprListItem] (node_modules/@babel/parser/src/parser/expression.ts:2788:18)
      at TypeScriptParserMixin.parseExprListItem [as parseCallExpressionArguments] (node_modules/@babel/parser/src/parser/expression.ts:1034:14)
      at TypeScriptParserMixin.parseCallExpressionArguments [as parseCoverCallAndAsyncArrowHead] (node_modules/@babel/parser/src/parser/expression.ts:914:29)
      at TypeScriptParserMixin.parseCoverCallAndAsyncArrowHead (node_modules/@babel/parser/src/parser/expression.ts:796:19)
      at TypeScriptParserMixin.parseSubscript (node_modules/@babel/parser/src/plugins/typescript/index.ts:2850:20)
      at TypeScriptParserMixin.parseSubscript [as parseSubscripts] (node_modules/@babel/parser/src/parser/expression.ts:755:19)
      at TypeScriptParserMixin.parseSubscripts [as parseExprSubscripts] (node_modules/@babel/parser/src/parser/expression.ts:740:17)
      at TypeScriptParserMixin.parseExprSubscripts [as parseUpdate] (node_modules/@babel/parser/src/parser/expression.ts:713:21)
      at TypeScriptParserMixin.parseUpdate (node_modules/@babel/parser/src/parser/expression.ts:675:23)
      at TypeScriptParserMixin.parseMaybeUnary (node_modules/@babel/parser/src/plugins/typescript/index.ts:3855:20)
      at TypeScriptParserMixin.parseMaybeUnary [as parseMaybeUnaryOrPrivate] (node_modules/@babel/parser/src/parser/expression.ts:409:14)
      at TypeScriptParserMixin.parseMaybeUnaryOrPrivate [as parseExprOps] (node_modules/@babel/parser/src/parser/expression.ts:421:23)
      at TypeScriptParserMixin.parseExprOps [as parseMaybeConditional] (node_modules/@babel/parser/src/parser/expression.ts:376:23)
      at TypeScriptParserMixin.parseMaybeConditional (node_modules/@babel/parser/src/parser/expression.ts:301:21)
      at TypeScriptParserMixin.parseMaybeAssign (node_modules/@babel/parser/src/plugins/typescript/index.ts:3727:22)
      at TypeScriptParserMixin.parseMaybeAssign [as parseExpressionBase] (node_modules/@babel/parser/src/parser/expression.ts:226:23)
      at parseExpressionBase (node_modules/@babel/parser/src/parser/expression.ts:217:39)
      at TypeScriptParserMixin.callback [as allowInAnd] (node_modules/@babel/parser/src/parser/expression.ts:3187:16)
      at TypeScriptParserMixin.allowInAnd [as parseExpression] (node_modules/@babel/parser/src/parser/expression.ts:217:17)
      at TypeScriptParserMixin.parseExpression (node_modules/@babel/parser/src/parser/statement.ts:683:23)
      at TypeScriptParserMixin.parseStatementContent (node_modules/@babel/parser/src/plugins/typescript/index.ts:3185:20)
      at TypeScriptParserMixin.parseStatementContent [as parseStatementLike] (node_modules/@babel/parser/src/parser/statement.ts:477:17)
      at TypeScriptParserMixin.parseStatementLike [as parseModuleItem] (node_modules/@babel/parser/src/parser/statement.ts:414:17)
      at TypeScriptParserMixin.parseModuleItem [as parseBlockOrModuleBlockBody] (node_modules/@babel/parser/src/parser/statement.ts:1438:16)
      at TypeScriptParserMixin.parseBlockOrModuleBlockBody [as parseBlockBody] (node_modules/@babel/parser/src/parser/statement.ts:1412:10)
      at TypeScriptParserMixin.parseBlockBody [as parseProgram] (node_modules/@babel/parser/src/parser/statement.ts:229:10)
      at TypeScriptParserMixin.parseProgram [as parseTopLevel] (node_modules/@babel/parser/src/parser/statement.ts:203:25)
      at TypeScriptParserMixin.parseTopLevel (node_modules/@babel/parser/src/parser/index.ts:93:10)
      at TypeScriptParserMixin.parse (node_modules/@babel/parser/src/plugins/typescript/index.ts:4309:20)
      at parse (node_modules/@babel/parser/src/index.ts:54:26)
      at parser (node_modules/@babel/core/src/parser/index.ts:28:19)
          at parser.next (<anonymous>)
      at normalizeFile (node_modules/@babel/core/src/transformation/normalize-file.ts:49:24)
          at normalizeFile.next (<anonymous>)
      at run (node_modules/@babel/core/src/transformation/index.ts:40:36)
          at run.next (<anonymous>)
      at transform (node_modules/@babel/core/src/transform.ts:29:20)
          at transform.next (<anonymous>)
      at evaluateSync (node_modules/gensync/index.js:251:28)
      at sync (node_modules/gensync/index.js:89:14)
      at fn (node_modules/@babel/core/src/errors/rewrite-stack-trace.ts:99:14)
      at transformSync (node_modules/@babel/core/src/transform.ts:66:52)
      at ScriptTransformer.transformSource (node_modules/@jest/transform/build/index.js:422:31)
      at ScriptTransformer._transformAndBuildScript (node_modules/@jest/transform/build/index.js:519:40)
      at ScriptTransformer.transform (node_modules/@jest/transform/build/index.js:558:19)

-----------------------------------|---------|----------|---------|---------|----------------------------------------------------------------------------------------------
File                               | % Stmts | % Branch | % Funcs | % Lines | Uncovered Line #s                                                                            
-----------------------------------|---------|----------|---------|---------|----------------------------------------------------------------------------------------------
All files                          |   31.78 |    30.14 |   33.72 |   31.74 |                                                                                              
 app                               |      50 |    71.42 |   44.44 |      50 |                                                                                              
  error.tsx                        |       0 |        0 |       0 |       0 | 14-19                                                                                        
  global-error.tsx                 |       0 |        0 |       0 |       0 | 14                                                                                           
  layout.tsx                       |       0 |      100 |       0 |       0 | 14-123                                                                                       
  not-found.tsx                    |       0 |      100 |       0 |       0 | 2                                                                                            
  page.tsx                         |     100 |      100 |     100 |     100 |                                                                                              
 app/[slug]                        |       0 |        0 |       0 |       0 |                                                                                              
  page.tsx                         |       0 |        0 |       0 |       0 | 11-134                                                                                       
 app/about                         |       0 |      100 |       0 |       0 |                                                                                              
  page.tsx                         |       0 |      100 |       0 |       0 | 4-11                                                                                         
 app/components                    |       0 |        0 |       0 |       0 |                                                                                              
  Button.tsx                       |       0 |        0 |       0 |       0 | 23-39                                                                                        
 app/components/Article            |       0 |        0 |       0 |       0 |                                                                                              
  ArticleHeader.tsx                |       0 |        0 |       0 |       0 | 19-26                                                                                        
 app/components/Author             |     100 |    97.22 |     100 |     100 |                                                                                              
  Author.tsx                       |     100 |    97.22 |     100 |     100 | 16                                                                                           
 app/components/BadgeSymbol        |       0 |        0 |       0 |       0 |                                                                                              
  BadgeSymbol.tsx                  |       0 |        0 |       0 |       0 | 17-111                                                                                       
  types.ts                         |       0 |        0 |       0 |       0 |                                                                                              
 app/components/Base               |   35.29 |    29.62 |   27.27 |   36.92 |                                                                                              
  MarkdownRenderer.tsx             |   35.29 |    29.62 |   27.27 |   36.92 | 28,52-53,72-83,94-150                                                                        
 app/components/Caption            |   48.16 |    37.17 |    42.5 |   48.05 |                                                                                              
  Caption.tsx                      |   57.85 |    55.55 |      50 |   57.01 | 41-43,109-124,134-138,162-176,186-192,353-432                                                
  CaptionContent.tsx               |   28.94 |    34.48 |    37.5 |   29.72 | 26-49,57-62                                                                                  
  CaptionHeader.tsx                |       0 |        0 |       0 |       0 | 14-17                                                                                        
  CaptionImage.tsx                 |   63.63 |    38.23 |   42.85 |    61.9 | 31-33,55,119-125                                                                             
  MetadataDisplay.tsx              |       0 |        0 |       0 |       0 | 20-22                                                                                        
  SEOOptimizedCaption.tsx          |       0 |        0 |       0 |       0 | 25-126                                                                                       
  TechnicalDetails.tsx             |       0 |        0 |       0 |       0 | 20-22                                                                                        
  index.ts                         |       0 |        0 |       0 |       0 |                                                                                              
  useCaptionParsing.ts             |   41.66 |    30.61 |     100 |   43.47 | 99,123-135,141-156,178                                                                       
 app/components/Card               |   14.28 |        0 |       0 |   14.28 |                                                                                              
  Card.tsx                         |   14.28 |        0 |       0 |   14.28 | 68-79                                                                                        
  index.ts                         |       0 |        0 |       0 |       0 |                                                                                              
  types.ts                         |       0 |        0 |       0 |       0 |                                                                                              
 app/components/CardGrid           |   33.56 |    30.57 |   32.35 |   33.82 |                                                                                              
  CardGrid.tsx                     |      60 |    54.85 |      44 |   60.81 | 151-158,170-171,179-184,190-194,206-213,219-220,257-280,292,355,418                          
  CardGridSSR.tsx                  |    1.51 |        0 |       0 |    1.61 | 75-341                                                                                       
  index.ts                         |       0 |        0 |       0 |       0 |                                                                                              
 app/components/Contact            |       0 |        0 |       0 |       0 |                                                                                              
  ContactForm.tsx                  |       0 |        0 |       0 |       0 | 8-139                                                                                        
  ContactInfo.tsx                  |       0 |      100 |       0 |       0 | 7                                                                                            
 app/components/Content            |       0 |        0 |       0 |       0 |                                                                                              
  Content.tsx                      |       0 |        0 |       0 |       0 | 15-22                                                                                        
 app/components/Debug              |       0 |        0 |       0 |       0 |                                                                                              
  FrontmatterDebug.tsx             |       0 |        0 |       0 |       0 | 14-94                                                                                        
  FrontmatterNameChecker.tsx       |       0 |        0 |       0 |       0 | 7-100                                                                                        
  TagDebug.tsx                     |       0 |        0 |       0 |       0 | 19-123                                                                                       
 app/components/ErrorBoundary      |       0 |        0 |       0 |       0 |                                                                                              
  ErrorBoundary.tsx                |       0 |        0 |       0 |       0 | 21-78                                                                                        
 app/components/Header             |   35.08 |    52.94 |   27.27 |   33.92 |                                                                                              
  Header.accessibility.example.tsx |       0 |        0 |       0 |       0 | 8-165                                                                                        
  Header.example.tsx               |       0 |      100 |       0 |       0 | 8                                                                                            
  Header.tsx                       |   39.21 |    54.54 |      50 |      38 | 127-160,187-198,212-213                                                                      
  index.ts                         |       0 |        0 |       0 |       0 |                                                                                              
 app/components/Hero               |   80.89 |    85.88 |   66.66 |   81.48 |                                                                                              
  Hero.tsx                         |   80.89 |    85.88 |   66.66 |   81.48 | 82-83,86-87,131,201-215,248-249                                                              
 app/components/JsonLD             |       0 |        0 |       0 |       0 |                                                                                              
  JsonLD.tsx                       |       0 |        0 |       0 |       0 | 62-184                                                                                       
 app/components/Layout             |   47.16 |    48.18 |   23.07 |   47.05 |                                                                                              
  DebugLayout.tsx                  |       0 |        0 |       0 |       0 | 26-247                                                                                       
  Layout.tsx                       |   80.64 |    62.35 |     100 |      80 | 159-166,185-192,213,229                                                                      
 app/components/MetricsCard        |   62.19 |    66.89 |   61.11 |   62.89 |                                                                                              
  MetricsCard.example.tsx          |       0 |      100 |       0 |       0 | 8-222                                                                                        
  MetricsCard.tsx                  |   86.66 |    81.75 |   66.66 |   86.44 | 284-287,401-407                                                                              
  MetricsGrid.tsx                  |      50 |    52.02 |   71.42 |   51.04 | 61,104-106,112-129,134-135,149-150,176-177,183-185,239,276-310                               
  index.ts                         |       0 |        0 |       0 |       0 |                                                                                              
 app/components/Navigation         |       0 |        0 |       0 |       0 |                                                                                              
  breadcrumbs.tsx                  |       0 |        0 |       0 |       0 | 10-83                                                                                        
  footer.tsx                       |       0 |        0 |       0 |       0 | 9-105                                                                                        
  nav.tsx                          |       0 |        0 |       0 |       0 | 27-192                                                                                       
 app/components/SearchResults      |       0 |        0 |       0 |       0 |                                                                                              
  EmptySearchResults.tsx           |       0 |      100 |       0 |       0 | 3                                                                                            
  SearchHeader.tsx                 |       0 |        0 |       0 |       0 | 26-40                                                                                        
  SearchResults.tsx                |       0 |        0 |       0 |       0 | 19-36                                                                                        
  SearchResultsCount.tsx           |       0 |        0 |       0 |       0 | 13                                                                                           
  SearchResultsGrid.tsx            |       0 |        0 |       0 |       0 |                                                                                              
 app/components/Table              |       0 |        0 |       0 |       0 |                                                                                              
  Table.tsx                        |       0 |        0 |       0 |       0 | 23-293                                                                                       
 app/components/Tags               |   40.74 |    58.26 |      56 |   40.18 |                                                                                              
  Tags.tsx                         |   40.74 |    58.26 |      56 |   40.18 | 54,59-96,112-174,180,195-199,209,263                                                         
 app/components/Templates          |     100 |    92.85 |     100 |     100 |                                                                                              
  UniversalPage.tsx                |     100 |    92.85 |     100 |     100 | 55                                                                                           
 app/components/Thumbnail          |       0 |        0 |       0 |       0 |                                                                                              
  Thumbnail.tsx                    |       0 |        0 |       0 |       0 | 29-50                                                                                        
 app/components/Title              |       0 |        0 |       0 |       0 |                                                                                              
  Title.tsx                        |       0 |        0 |       0 |       0 | 13-31                                                                                        
 app/components/UI                 |       0 |        0 |       0 |       0 |                                                                                              
  SearchBar.tsx                    |       0 |        0 |       0 |       0 | 17-86                                                                                        
  TagFilter.tsx                    |       0 |        0 |       0 |       0 | 24-70                                                                                        
 app/config                        |       0 |        0 |       0 |       0 |                                                                                              
  index.ts                         |       0 |        0 |       0 |       0 | 3-425                                                                                        
 app/contact                       |       0 |      100 |       0 |       0 |                                                                                              
  page.tsx                         |       0 |      100 |       0 |       0 | 14-68                                                                                        
 app/data                          |      50 |      100 |     100 |      50 |                                                                                              
  featuredMaterialCategories.ts    |     100 |      100 |     100 |     100 |                                                                                              
  featuredSections.ts              |       0 |      100 |     100 |       0 | 11                                                                                           
 app/favicon                       |       0 |      100 |       0 |       0 |                                                                                              
  route.js                         |       0 |      100 |       0 |       0 | 8-20                                                                                         
 app/materials                     |       0 |      100 |     100 |       0 |                                                                                              
  metadata.ts                      |       0 |      100 |     100 |       0 | 17-128                                                                                       
 app/materials/[category]          |       0 |        0 |       0 |       0 |                                                                                              
  page.tsx                         |       0 |        0 |       0 |       0 | 15-140                                                                                       
 app/search                        |       0 |        0 |       0 |       0 |                                                                                              
  page.tsx                         |       0 |        0 |       0 |       0 | 10-135                                                                                       
  search-client.tsx                |       0 |        0 |       0 |       0 | 12-262                                                                                       
 app/services                      |       0 |      100 |       0 |       0 |                                                                                              
  page.tsx                         |       0 |      100 |       0 |       0 | 5-15                                                                                         
 app/utils                         |   34.55 |    28.21 |   42.68 |   34.56 |                                                                                              
  apiWrapper.ts                    |       0 |        0 |       0 |       0 | 3-269                                                                                        
  articleEnrichment.ts             |   76.14 |    78.34 |   66.66 |   77.22 | 21-57,128-138                                                                                
  authorParser.ts                  |       0 |        0 |       0 |       0 | 19-122                                                                                       
  badgeDataLoader.ts               |       0 |        0 |       0 |       0 |                                                                                              
  badgeSymbolLoader.ts             |       0 |        0 |       0 |       0 |                                                                                              
  badgeSystem.ts                   |    8.17 |        4 |    8.33 |    8.08 | 24-34,87-449                                                                                 
  badgeUtils.ts                    |       0 |        0 |       0 |       0 |                                                                                              
  business-config.ts               |     100 |    66.66 |     100 |     100 | 252-258                                                                                      
  client-safe.ts                   |       0 |        0 |       0 |       0 | 10-43                                                                                        
  constants.ts                     |     100 |      100 |     100 |     100 |                                                                                              
  containerStyles.ts               |      80 |        0 |       0 |      80 | 31                                                                                           
  content.ts                       |       0 |        0 |       0 |       0 | 16-48                                                                                        
  contentAPI.ts                    |   38.62 |    23.74 |      54 |   39.11 | 69-78,95-104,116-130,138-149,157-234,250,258,266,279,342,354-355,368-626,676,770-805,816-826 
  contentUtils.ts                  |       0 |        0 |       0 |       0 |                                                                                              
  contentValidator.ts              |       0 |        0 |       0 |       0 | 3-433                                                                                        
  errorSystem.ts                   |     100 |    98.36 |     100 |     100 | 21                                                                                           
  formatting.ts                    |     100 |      100 |     100 |     100 |                                                                                              
  gridConfig.ts                    |      60 |        0 |       0 |      60 | 57,82-96                                                                                     
  gridTitleMapping.ts              |    6.45 |        0 |       0 |    6.66 | 67-87,117-171                                                                                
  helpers.ts                       |   97.91 |    92.85 |     100 |     100 | 124                                                                                          
  imageLoader.ts                   |       0 |        0 |       0 |       0 | 26-50                                                                                        
  index.ts                         |       0 |        0 |       0 |       0 |                                                                                              
  jsonld-example.tsx               |       0 |      100 |       0 |       0 | 6-25                                                                                         
  jsonld-helper.ts                 |       0 |        0 |       0 |       0 | 7-117                                                                                        
  jsonld-schema.ts                 |       0 |        0 |       0 |       0 | 24-169                                                                                       
  materialBadgeUtils.ts            |       0 |        0 |       0 |       0 |                                                                                              
  metadata.ts                      |       0 |        0 |       0 |       0 | 20-57                                                                                        
  metricsCardHelpers.ts            |       0 |        0 |       0 |       0 | 15-593                                                                                       
  performanceCache.ts              |   37.39 |     23.8 |   30.43 |   38.01 | 8,63,75,96-104,115-169,187-209,226-247,258-259,264,280-288,301-340,354                       
  safeValueExtractor.ts            |   33.33 |    33.33 |   33.33 |   33.33 | 10-16                                                                                        
  searchUtils.ts                   |   94.11 |    82.27 |     100 |   96.61 | 144-145                                                                                      
  server-only.ts                   |       0 |        0 |       0 |       0 |                                                                                              
  startupValidation.ts             |       0 |        0 |       0 |       0 | 19-199                                                                                       
  stringHelpers.ts                 |     100 |      100 |     100 |     100 |                                                                                              
  styles.ts                        |     100 |      100 |     100 |     100 |                                                                                              
  tableEnhancer.ts                 |       0 |        0 |       0 |       0 | 8-61                                                                                         
  tagDebug.ts                      |       0 |        0 |       0 |       0 | 24-176                                                                                       
  tagIntegration.ts                |       0 |        0 |       0 |       0 |                                                                                              
  tagManager.ts                    |       0 |        0 |       0 |       0 | 16-56                                                                                        
  tags.ts                          |   68.18 |    60.91 |   66.66 |   67.13 | 56-77,148-176,259-267,278,302-325,376-385                                                    
  thumbnailLoader.ts               |       0 |        0 |       0 |       0 | 12-74                                                                                        
  validation.ts                    |     100 |      100 |     100 |     100 |                                                                                              
  yamlSanitizer.ts                 |       0 |        0 |       0 |       0 | 10-92                                                                                        
-----------------------------------|---------|----------|---------|---------|----------------------------------------------------------------------------------------------
Summary of all failing tests
FAIL tests/components/UniversalPage.test.tsx
  ● pageConfigs › should have predefined configurations for common pages

    expect(received).toEqual(expected) // deep equality

    - Expected  - 0
    + Received  + 1

      Object {
        "description": StringContaining "Z-Beam's mission",
    +   "showHero": true,
        "slug": "about",
        "title": "About Z-Beam",
        "useContentAPI": true,
      }

      254 | describe('pageConfigs', () => {
      255 |   it('should have predefined configurations for common pages', () => {
    > 256 |     expect(pageConfigs.about).toEqual({
          |                               ^
      257 |       slug: 'about',
      258 |       title: 'About Z-Beam',
      259 |       description: expect.stringContaining('Z-Beam\'s mission'),

      at Object.toEqual (tests/components/UniversalPage.test.tsx:256:31)

FAIL tests/accessibility/Caption.semantic-enhancement.test.tsx
  ● Caption Semantic Enhancement Tests › Quality Metrics Semantic Enhancement › implements comprehensive data attributes for quality metrics

    expect(received).toBe(expected) // Object.is equality

    Expected: 7
    Received: 0

      32 |       // Find quality metric data elements
      33 |       const metricDataElements = container.querySelectorAll('data[data-metric-type="quality_measurement"]');
    > 34 |       expect(metricDataElements.length).toBe(7); // Number of quality metrics
         |                                         ^
      35 |       
      36 |       metricDataElements.forEach((element: Element) => {
      37 |         expect(element).toHaveAttribute('data-metric-type', 'quality_measurement');

      at Object.toBe (tests/accessibility/Caption.semantic-enhancement.test.tsx:34:41)

  ● Caption Semantic Enhancement Tests › Quality Metrics Semantic Enhancement › calculates precision correctly for quality metrics

    expect(received).toHaveAttribute()

    received value must be an HTMLElement or an SVGElement.
    Received has value: null

      48 |       // Check specific precision calculations
      49 |       const roughnessRaElement = container.querySelector('data[data-property="surface_roughness_ra"]');
    > 50 |       expect(roughnessRaElement).toHaveAttribute('data-precision', '1'); // 0.8 has 1 decimal place
         |                                  ^
      51 |       
      52 |       const thermalElement = container.querySelector('data[data-property="thermal_conductivity"]');
      53 |       expect(thermalElement).toHaveAttribute('data-precision', '0'); // 167 has 0 decimal places

      at __EXTERNAL_MATCHER_TRAP__ (node_modules/expect/build/index.js:2240:22)
      at Object.throwingMatcher (node_modules/expect/build/index.js:2241:6)
      at Object.toHaveAttribute (tests/accessibility/Caption.semantic-enhancement.test.tsx:50:34)

  ● Caption Semantic Enhancement Tests › Quality Metrics Semantic Enhancement › calculates magnitude correctly for quality metrics

    expect(received).toHaveAttribute()

    received value must be an HTMLElement or an SVGElement.
    Received has value: null

      62 |       // Check magnitude classifications
      63 |       const roughnessElement = container.querySelector('data[data-property="surface_roughness_ra"]');
    > 64 |       expect(roughnessElement).toHaveAttribute('data-magnitude', 'low'); // 0.8 < 1
         |                                ^
      65 |       
      66 |       const thermalElement = container.querySelector('data[data-property="thermal_conductivity"]');
      67 |       expect(thermalElement).toHaveAttribute('data-magnitude', 'high'); // 167 >= 100

      at __EXTERNAL_MATCHER_TRAP__ (node_modules/expect/build/index.js:2240:22)
      at Object.throwingMatcher (node_modules/expect/build/index.js:2241:6)
      at Object.toHaveAttribute (tests/accessibility/Caption.semantic-enhancement.test.tsx:64:32)

  ● Caption Semantic Enhancement Tests › Quality Metrics Semantic Enhancement › provides consistent property naming

    expect(received).toBeInTheDocument()

    received value must be an HTMLElement or an SVGElement.
    Received has value: null

      86 |       expectedProperties.forEach(property => {
      87 |         const element = container.querySelector(`data[data-property="${property}"]`);
    > 88 |         expect(element).toBeInTheDocument();
         |                         ^
      89 |         expect(element).toHaveAttribute('data-context', 'surface_analysis');
      90 |       });
      91 |     });

      at __EXTERNAL_MATCHER_TRAP__ (node_modules/expect/build/index.js:2240:22)
      at Object.throwingMatcher [as toBeInTheDocument] (node_modules/expect/build/index.js:2241:6)
      at toBeInTheDocument (tests/accessibility/Caption.semantic-enhancement.test.tsx:88:25)
          at Array.forEach (<anonymous>)
      at Object.forEach (tests/accessibility/Caption.semantic-enhancement.test.tsx:86:26)

  ● Caption Semantic Enhancement Tests › Schema.org Integration for Surface Analysis › implements structured data for surface analysis context

    expect(received).toBeGreaterThan(expected)

    Expected: > 0
    Received:   0

      135 |       // Check for Schema.org PropertyValue integration
      136 |       const schemaElements = container.querySelectorAll('[itemType="https://schema.org/PropertyValue"]');
    > 137 |       expect(schemaElements.length).toBeGreaterThan(0);
          |                                     ^
      138 |       
      139 |       schemaElements.forEach((element: Element) => {
      140 |         expect(element).toHaveAttribute('itemProp', 'value');

      at Object.toBeGreaterThan (tests/accessibility/Caption.semantic-enhancement.test.tsx:137:37)

  ● Caption Semantic Enhancement Tests › SEO Enhancement for Surface Analysis › enables surface analysis specific queries

    expect(received).toBe(expected) // Object.is equality

    Expected: 7
    Received: 0

      164 |       // All quality metrics should be queryable by surface analysis context
      165 |       const surfaceAnalysisElements = container.querySelectorAll('[data-context="surface_analysis"]');
    > 166 |       expect(surfaceAnalysisElements.length).toBe(7); // All quality metrics
          |                                              ^
      167 |       
      168 |       surfaceAnalysisElements.forEach((element: Element) => {
      169 |         expect(element).toHaveAttribute('data-metric-type', 'quality_measurement');

      at Object.toBe (tests/accessibility/Caption.semantic-enhancement.test.tsx:166:46)

  ● Caption Semantic Enhancement Tests › SEO Enhancement for Surface Analysis › supports material-specific property searches

    expect(received).toBeGreaterThan(expected)

    Expected: > 0
    Received:   0

      176 |       // Should be able to query for aluminum-specific properties
      177 |       const aluminumElements = container.querySelectorAll('[data-material*="Aluminum"]');
    > 178 |       expect(aluminumElements.length).toBeGreaterThan(0);
          |                                       ^
      179 |       
      180 |       aluminumElements.forEach((element: Element) => {
      181 |         expect(element).toHaveAttribute('data-context', 'surface_analysis');

      at Object.toBeGreaterThan (tests/accessibility/Caption.semantic-enhancement.test.tsx:178:39)

  ● Caption Semantic Enhancement Tests › SEO Enhancement for Surface Analysis › enables precision-based filtering

    expect(received).toBeGreaterThan(expected)

    Expected: > 0
    Received:   0

      190 |       const lowPrecisionElements = container.querySelectorAll('[data-precision="0"]');
      191 |       
    > 192 |       expect(highPrecisionElements.length).toBeGreaterThan(0);
          |                                            ^
      193 |       expect(lowPrecisionElements.length).toBeGreaterThan(0);
      194 |     });
      195 |

      at Object.toBeGreaterThan (tests/accessibility/Caption.semantic-enhancement.test.tsx:192:44)

  ● Caption Semantic Enhancement Tests › SEO Enhancement for Surface Analysis › enables magnitude-based classification

    expect(received).toBeGreaterThan(expected)

    Expected: > 0
    Received:   0

      202 |       const highMagnitudeElements = container.querySelectorAll('[data-magnitude="high"]');
      203 |       
    > 204 |       expect(lowMagnitudeElements.length).toBeGreaterThan(0);
          |                                           ^
      205 |       expect(mediumMagnitudeElements.length).toBeGreaterThan(0);
      206 |       expect(highMagnitudeElements.length).toBeGreaterThan(0);
      207 |     });

      at Object.toBeGreaterThan (tests/accessibility/Caption.semantic-enhancement.test.tsx:204:43)

  ● Caption Semantic Enhancement Tests › Accessibility Integration with Semantic Enhancement › maintains accessibility while adding semantic attributes

    TestingLibraryElementError: Unable to find an accessible element with the role "region"

    There are no accessible roles. But there might be some inaccessible roles. If you wish to access them, then set the `hidden` option to `true`. Learn more about this here: https://testing-library.com/docs/dom-testing-library/api-queries#byrole

    Ignored nodes: comments, script, style
    [36m<body>[39m
      [36m<div />[39m
    [36m</body>[39m

      213 |       
      214 |       // Should still have all accessibility features
    > 215 |       const mainSection = screen.getByRole('region');
          |                                  ^
      216 |       expect(mainSection).toHaveAttribute('aria-labelledby');
      217 |       expect(mainSection).toHaveAttribute('aria-describedby');
      218 |       

      at Object.getElementError (node_modules/@testing-library/dom/dist/config.js:37:19)
      at node_modules/@testing-library/dom/dist/query-helpers.js:76:38
      at node_modules/@testing-library/dom/dist/query-helpers.js:52:17
      at node_modules/@testing-library/dom/dist/query-helpers.js:95:19
      at Object.getByRole (tests/accessibility/Caption.semantic-enhancement.test.tsx:215:34)

  ● Caption Semantic Enhancement Tests › Accessibility Integration with Semantic Enhancement › screen reader descriptions include semantic context

    TestingLibraryElementError: Unable to find an element with the text: /Metric:.*Value:/. This could be because the text is broken up by multiple elements. In this case, you can provide a function for your text matcher to make your matcher more flexible.

    Ignored nodes: comments, script, style
    [36m<body>[39m
      [36m<div />[39m
    [36m</body>[39m

      228 |       
      229 |       // Hidden descriptions should include comprehensive context
    > 230 |       const descriptions = screen.getAllByText(/Metric:.*Value:/);
          |                                   ^
      231 |       expect(descriptions.length).toBeGreaterThan(0);
      232 |       
      233 |       descriptions.forEach(desc => {

      at Object.getElementError (node_modules/@testing-library/dom/dist/config.js:37:19)
      at node_modules/@testing-library/dom/dist/query-helpers.js:76:38
      at node_modules/@testing-library/dom/dist/query-helpers.js:109:15
      at Object.getAllByText (tests/accessibility/Caption.semantic-enhancement.test.tsx:230:35)

  ● Caption Semantic Enhancement Tests › Edge Cases and Error Handling › handles null/undefined quality metric values

    expect(received).toBe(expected) // Object.is equality

    Expected: 1
    Received: 0

      285 |       // Should only render valid metrics
      286 |       const metricElements = container.querySelectorAll('[data-metric-type="quality_measurement"]');
    > 287 |       expect(metricElements.length).toBe(1); // Only valid_metric
          |                                     ^
      288 |     });
      289 |
      290 |     test('handles non-numeric quality metric values', () => {

      at Object.toBe (tests/accessibility/Caption.semantic-enhancement.test.tsx:287:37)

  ● Caption Semantic Enhancement Tests › Edge Cases and Error Handling › handles non-numeric quality metric values

    expect(received).toBe(expected) // Object.is equality

    Expected: 3
    Received: 0

      302 |       // Should handle string values appropriately
      303 |       const metricElements = container.querySelectorAll('[data-metric-type="quality_measurement"]');
    > 304 |       expect(metricElements.length).toBe(3);
          |                                     ^
      305 |       
      306 |       // String values should have different magnitude classification
      307 |       const excellentElement = container.querySelector('[data-property="surface_condition"]');

      at Object.toBe (tests/accessibility/Caption.semantic-enhancement.test.tsx:304:37)

FAIL tests/image-naming-conventions.test.js
  ● Image Naming Conventions › Image Path Validation › should validate image path structure follows conventions

    expect(received).toMatch(expected)

    Expected pattern: /^\/images\/[a-z0-9\-]+-laser-cleaning-(micro|hero)\.jpg$/
    Received string:  "/images/material/oak-laser-cleaning-micro.jpg"

      200 |       
      201 |       testPaths.forEach(path => {
    > 202 |         expect(path).toMatch(pattern);
          |                      ^
      203 |       });
      204 |     });
      205 |

      at toMatch (tests/image-naming-conventions.test.js:202:22)
          at Array.forEach (<anonymous>)
      at Object.forEach (tests/image-naming-conventions.test.js:201:17)

  ● Image Naming Conventions › Image Path Validation › should validate social image path structure

    expect(received).toMatch(expected)

    Expected pattern: /^\/images\/[a-z0-9\-]+-laser-cleaning-micro-social\.jpg$/
    Received string:  "/images/material/oak-laser-cleaning-micro-social.jpg"

      213 |       
      214 |       testPaths.forEach(path => {
    > 215 |         expect(path).toMatch(pattern);
          |                      ^
      216 |       });
      217 |     });
      218 |

      at toMatch (tests/image-naming-conventions.test.js:215:22)
          at Array.forEach (<anonymous>)
      at Object.forEach (tests/image-naming-conventions.test.js:214:17)

FAIL tests/components/Tags.test.tsx
  ● Tags Component › Categorized Display › should show categorized view when showCategorized is enabled

    TestingLibraryElementError: Unable to find an element with the text: Industry. This could be because the text is broken up by multiple elements. In this case, you can provide a function for your text matcher to make your matcher more flexible.

    Ignored nodes: comments, script, style
    [36m<body>[39m
      [36m<div>[39m
        [36m<div[39m
          [33mclass[39m=[32m"tags-container my-6"[39m
          [33mdata-testid[39m=[32m"tags-container"[39m
        [36m>[39m
          [36m<header[39m
            [33maria-labelledby[39m=[32m"card-header-tags-1jpdl"[39m
            [33mclass[39m=[32m"header-wrapper w-full "[39m
            [33mdata-header-level[39m=[32m"card"[39m
            [33mdata-priority[39m=[32m"medium"[39m
            [33mdata-search-keywords[39m=[32m""[39m
          [36m>[39m
            [36m<h3[39m
              [33maria-level[39m=[32m"3"[39m
              [33mclass[39m=[32m"font-semibold text-white transition-all duration-200 ease-in-out focus:outline-none focus:ring-2 focus:ring-blue-500 focus:ring-offset-2 focus:ring-offset-gray-900 text-base font-semibold mb-2 text-gray-200 text-left priority-medium"[39m
              [33mdata-testid[39m=[32m"header-card"[39m
              [33mid[39m=[32m"card-header-tags-1jpdl"[39m
              [33mrole[39m=[32m"heading"[39m
              [33mtabindex[39m=[32m"-1"[39m
            [36m>[39m
              [0mTags[0m
            [36m</h3>[39m
          [36m</header>[39m
          [0m      [0m
          [36m<div[39m
            [33mclass[39m=[32m"space-y-3"[39m
          [36m>[39m
            [36m<div>[39m
              [36m<header[39m
                [33maria-labelledby[39m=[32m"card-header-industry-tags-cae32z"[39m
                [33mclass[39m=[32m"header-wrapper w-full "[39m
                [33mdata-header-level[39m=[32m"card"[39m
                [33mdata-priority[39m=[32m"medium"[39m
                [33mdata-search-keywords[39m=[32m""[39m
              [36m>[39m
                [36m<h3[39m
                  [33maria-level[39m=[32m"3"[39m
                  [33mclass[39m=[32m"font-semibold text-white transition-all duration-200 ease-in-out focus:outline-none focus:ring-2 focus:ring-blue-500 focus:ring-offset-2 focus:ring-offset-gray-900 text-base font-semibold mb-2 text-gray-200 text-left priority-medium text-sm font-semibold mb-2 text-gray-700 dark:text-gray-300"[39m
                  [33mdata-testid[39m=[32m"header-card"[39m
                  [33mid[39m=[32m"card-header-industry-tags-cae32z"[39m
                  [33mrole[39m=[32m"heading"[39m
                  [33mtabindex[39m=[32m"-1"[39m
                [36m>[39m
                  [0mIndustry Tags[0m
                [36m</h3>[39m
              [36m</header>[39m
              [36m<div[39m
                [33mclass[39m=[32m"flex flex-wrap gap-2"[39m
              [36m>[39m
                [36m<a[39m
                  [33maria-label[39m=[32m"View all articles tagged with electronics"[39m
                  [33mclass[39m=[32m"inline-block px-3 py-2 rounded-full text-sm font-medium bg-gray-800 text-blue-800 dark:text-blue-200  cursor-pointer flex items-center"[39m
                  [33mhref[39m=[32m"/search?q=electronics"[39m
                  [33mtitle[39m=[32m"View all articles tagged with electronics"[39m
                [36m>[39m
                  [0mElectronics[0m
                [36m</a>[39m
                [36m<a[39m
                  [33maria-label[39m=[32m"View all articles tagged with aerospace"[39m
                  [33mclass[39m=[32m"inline-block px-3 py-2 rounded-full text-sm font-medium bg-gray-800 text-blue-800 dark:text-blue-200  cursor-pointer flex items-center"[39m
                  [33mhref[39m=[32m"/search?q=aerospace"[39m
                  [33mtitle[39m=[32m"View all articles tagged with aerospace"[39m
                [36m>[39m
                  [0mAerospace[0m
                [36m</a>[39m
              [36m</div>[39m
            [36m</div>[39m
            [36m<div>[39m
              [36m<header[39m
                [33maria-labelledby[39m=[32m"card-header-process-tags-ypff56"[39m
                [33mclass[39m=[32m"header-wrapper w-full "[39m
                [33mdata-header-level[39m=[32m"card"[39m
                [33mdata-priority[39m=[32m"medium"[39m
                [33mdata-search-keywords[39m=[32m""[39m
              [36m>[39m
                [36m<h3[39m
                  [33maria-level[39m=[32m"3"[39m
                  [33mclass[39m=[32m"font-semibold text-white transition-all duration-200 ease-in-out focus:outline-none focus:ring-2 focus:ring-blue-500 focus:ring-offset-2 focus:ring-offset-gray-900 text-base font-semibold mb-2 text-gray-200 text-left priority-medium text-sm font-semibold mb-2 text-gray-700 dark:text-gray-300"[39m
                  [33mdata-testid[39m=[32m"header-card"[39m
                  [33mid[39m=[32m"card-header-process-tags-ypff56"[39m
                  [33mrole[39m=[32m"heading"[39m
                  [33mtabindex[39m=[32m"-1"[39m
                [36m>[39m
                  [0mProcess Tags[0m
                [36m</h3>[39m
              [36m</header>[39m
              [36m<div[39m
                [33mclass[39m=[32m"flex flex-wrap gap-2"[39m
              [36m>[39m
                [36m<a[39m
                  [33maria-label[39m=[32m"View all articles tagged with passivation"[39m
                  [33mclass[39m=[32m"inline-block px-3 py-2 rounded-full text-sm font-medium bg-gray-800 text-blue-800 dark:text-blue-200  cursor-pointer flex items-center"[39m
                  [33mhref[39m=[32m"/search?q=passivation"[39m
                  [33mtitle[39m=[32m"View all articles tagged with passivation"[39m
                [36m>[39m
                  [0mPassivation[0m
                [36m</a>[39m
                [36m<a[39m
                  [33maria-label[39m=[32m"View all articles tagged with polishing"[39m
                  [33mclass[39m=[32m"inline-block px-3 py-2 rounded-full text-sm font-medium bg-gray-800 text-blue-800 dark:text-blue-200  cursor-pointer flex items-center"[39m
                  [33mhref[39m=[32m"/search?q=polishing"[39m
                  [33mtitle[39m=[32m"View all articles tagged with polishing"[39m
                [36m>[39m
                  [0mPolishing[0m
                [36m</a>[39m
              [36m</div>[39m
            [36m</div>[39m
            [36m<div>[39m
              [36m<header[39m
                [33maria-labelledby[39m=[32m"card-header-other-tags-sz5ieh"[39m
                [33mclass[39m=[32m"header-wrapper w-full "[39m
                [33mdata-header-level[39m=[32m"card"[39m
                [33mdata-priority[39m=[32m"medium"[39m
                [33mdata-search-keywords[39m=[32m""[39m
              [36m>[39m
                [36m<h3[39m
                  [33maria-level[39m=[32m"3"[39m
                  [33mclass[39m=[32m"font-semibold text-white transition-all duration-200 ease-in-out focus:outline-none focus:ring-2 focus:ring-blue-500 focus:ring-offset-2 focus:ring-offset-gray-900 text-base font-semibold mb-2 text-gray-200 text-left priority-medium text-sm font-semibold mb-2 text-gray-700 dark:text-gray-300"[39m
                  [33mdata-testid[39m=[32m"header-card"[39m
                  [33mid[39m=[32m"card-header-other-tags-sz5ieh"[39m
                  [33mrole[39m=[32m"heading"[39m
                  [33mtabindex[39m=[32m"-1"[39m
                [36m>[39m
                  [0mOther Tags[0m
                [36m</h3>[39m
              [36m</header>[39m
              [36m<div[39m
                [33mclass[39m=[32m"flex flex-wrap gap-2"[39m
              [36m>[39m
                [36m<a[39m
                  [33maria-label[39m=[32m"View all articles tagged with expert"[39m
                  [33mclass[39m=[32m"inline-block px-3 py-2 rounded-full text-sm font-medium bg-gray-800 text-blue-800 dark:text-blue-200  cursor-pointer flex items-center"[39m
                  [33mhref[39m=[32m"/search?q=expert"[39m
                  [33mtitle[39m=[32m"View all articles tagged with expert"[39m
                [36m>[39m
                  [0mExpert[0m
                [36m</a>[39m
              [36m</div>[39m
            [36m</div>[39m
          [36m</div>[39m
        [36m</div>[39m
      [36m</div>[39m
    [36m</body>[39m

      196 |       );
      197 |       
    > 198 |       expect(screen.getByText('Industry')).toBeInTheDocument();
          |                     ^
      199 |       expect(screen.getByText('Process')).toBeInTheDocument();
      200 |       expect(screen.getByText('Other')).toBeInTheDocument();
      201 |       

      at Object.getElementError (node_modules/@testing-library/dom/dist/config.js:37:19)
      at node_modules/@testing-library/dom/dist/query-helpers.js:76:38
      at node_modules/@testing-library/dom/dist/query-helpers.js:52:17
      at node_modules/@testing-library/dom/dist/query-helpers.js:95:19
      at Object.getByText (tests/components/Tags.test.tsx:198:21)

FAIL tests/components/author-architecture.test.js
  ● Author Architecture Tests › 2. YAML Author Loading › loadComponent loads existing authors correctly

    expect(received).toBeDefined()

    Received: undefined

      50 |       const ikmanda = result?.config;
      51 |       
    > 52 |       expect(ikmanda).toBeDefined();
         |                       ^
      53 |       expect(ikmanda.name).toBe('Ikmanda Roswati');
      54 |       expect(ikmanda.title).toBe('Ph.D.');
      55 |       expect(ikmanda.expertise).toBe('Ultrafast Laser Physics and Material Interactions');

      at Object.toBeDefined (tests/components/author-architecture.test.js:52:23)

  ● Author Architecture Tests › 2. YAML Author Loading › loadComponent loads Todd Dunning correctly

    expect(received).toBeDefined()

    Received: undefined

      68 |       const todd = result?.config;
      69 |       
    > 70 |       expect(todd).toBeDefined();
         |                    ^
      71 |       expect(todd.name).toBe('Todd Dunning');
      72 |       expect(todd.title).toBe('MA');
      73 |       expect(todd.expertise).toBe('Optical Materials for Laser Systems');

      at Object.toBeDefined (tests/components/author-architecture.test.js:70:20)

FAIL tests/accessibility/MetricsCard.semantic-enhancement.test.tsx
  ● MetricsCard Semantic Enhancement Tests › Maximum Specificity Data Attributes › implements comprehensive data attributes on main value element

    TestingLibraryElementError: Unable to find an element with the display value: 45.5.

    Ignored nodes: comments, script, style
    [36m<body>[39m
      [36m<div>[39m
        [36m<a[39m
          [33maria-describedby[39m=[32m"metric-desc-Thermal Conductivity"[39m
          [33maria-label[39m=[32m"Navigate to search results for thermal_conductivity: 45.5W/mK"[39m
          [33mclass[39m=[32m"rounded-lg p-3 block h-24 cursor-pointer hover:shadow-xl hover:scale-[1.03] hover:-translate-y-1 transition-all duration-300 ease-out focus:ring-2 focus:ring-blue-500 focus:outline-none focus:ring-offset-2 min-h-[44px] min-w-[44px] "[39m
          [33mhref[39m=[32m"/search?property=thermal_conductivity&value=45.5"[39m
          [33mstyle[39m=[32m"--hover-bg-color: undefined80; transition: all 0.3s ease-out;"[39m
          [33mtitle[39m=[32m"Search for thermal_conductivity: 45.5W/mK"[39m
        [36m>[39m
          [36m<article[39m
            [33maria-describedby[39m=[32m"metric-desc-Thermal Conductivity"[39m
            [33maria-labelledby[39m=[32m"metric-title-Thermal Conductivity"[39m
            [33mclass[39m=[32m"h-full flex flex-col"[39m
            [33mdata-component[39m=[32m"metrics-card"[39m
            [33mdata-has-range[39m=[32m"true"[39m
            [33mdata-property[39m=[32m"thermal_conductivity"[39m
            [33mdata-searchable[39m=[32m"true"[39m
            [33mdata-unit[39m=[32m"W/mK"[39m
            [33mdata-value[39m=[32m"45.5"[39m
            [33mid[39m=[32m"metric-card-Thermal Conductivity"[39m
            [33mitemscope[39m=[32m""[39m
            [33mitemtype[39m=[32m"https://schema.org/PropertyValue"[39m
            [33mrole[39m=[32m"article"[39m
            [33mtabindex[39m=[32m"0"[39m
          [36m>[39m
            [36m<div[39m
              [33mclass[39m=[32m"sr-only"[39m
              [33mid[39m=[32m"metric-desc-Thermal Conductivity"[39m
            [36m>[39m
              [0mMetric showing thermal_conductivity with value 45.5 W/mK, ranging from 0.1 to 429 W/mK[0m
              [0m. Press Enter or Space to search for this metric.[0m
            [36m</div>[39m
            [36m<section[39m
              [33maria-label[39m=[32m"Metric visualization"[39m
              [33mclass[39m=[32m"mb-1"[39m
            [36m>[39m
              [36m<figure[39m
                [33maria-describedby[39m=[32m"progress-desc-Thermal Conductivity"[39m
                [33maria-labelledby[39m=[32m"progress-label-Thermal Conductivity"[39m
                [33mclass[39m=[32m"w-full"[39m
                [33mrole[39m=[32m"img"[39m
              [36m>[39m
                [36m<figcaption[39m
                  [33mclass[39m=[32m"sr-only"[39m
                  [33mid[39m=[32m"progress-label-Thermal Conductivity"[39m
                [36m>[39m
                  [0mThermal Conductivity[0m
                  [0m progress indicator[0m
                [36m</figcaption>[39m
                [36m<div[39m
                  [33mclass[39m=[32m"sr-only"[39m
                  [33mid[39m=[32m"progress-desc-Thermal Conductivity"[39m
                [36m>[39m
                  [0mCurrent value: [0m
                  [36m<data[39m
                    [33mdata-context[39m=[32m"material_property"[39m
                    [33mdata-magnitude[39m=[32m"medium"[39m
                    [33mdata-precision[39m=[32m"1"[39m
                    [33mdata-property[39m=[32m"thermal_conductivity"[39m
                    [33mdata-type[39m=[32m"measurement"[39m
                    [33mdata-unit[39m=[32m"W/mK"[39m
                    [33mitemprop[39m=[32m"value"[39m
                    [33mitemtype[39m=[32m"https://schema.org/PropertyValue"[39m
                    [33mvalue[39m=[32m"45.5"[39m
                  [36m>[39m
                    [0m45.5[0m
                  [36m</data>[39m
                  [0m [0m
                  [0mW/mK[0m
                  [0m. Range: [0m
                  [0m0.1[0m
                  [0m to [0m
                  [0m429[0m
                  [0m [0m
                  [0mW/mK[0m
                  [0m. Progress: [0m
                  [0m11[0m
                  [0m% of maximum.[0m
                [36m</div>[39m
                [36m<div[39m
                  [33mclass[39m=[32m"relative w-full mb-1 h-4"[39m
                [36m>[39m
                  [36m<div[39m
                    [33maria-hidden[39m=[32m"true"[39m
                    [33mclass[39m=[32m"absolute text-lg font-bold text-white/90 z-10"[39m
                    [33mstyle[39m=[32m"left: 10.585217999533691%; transform: none; top: -8px;"[39m
                  [36m>[39m
                    [36m<data[39m
                      [33mdata-context[39m=[32m"material_property"[39m
                      [33mdata-magnitude[39m=[32m"medium"[39m
                      [33mdata-position[39m=[32m"current"[39m
                      [33mdata-precision[39m=[32m"1"[39m
                      [33mdata-property[39m=[32m"thermal_conductivity"[39m
                      [33mdata-type[39m=[32m"measurement"[39m
                      [33mdata-unit[39m=[32m"W/mK"[39m
                      [33mitemprop[39m=[32m"value"[39m
                      [33mitemtype[39m=[32m"https://schema.org/PropertyValue"[39m
                      [33mvalue[39m=[32m"45.5"[39m
                    [36m>[39m
                      [0m45.5[0m
                    [36m</data>[39m
                  [36m</div>[39m
                [36m</div>[39m
                [36m<div[39m
                  [33mclass[39m=[32m"relative w-full mb-1"[39m
                [36m>[39m
                  [36m<div[39m
                    [33maria-describedby[39m=[32m"progress-desc-Thermal Conductivity"[39m
                    [33maria-labelledby[39m=[32m"progress-label-Thermal Conductivity"[39m
                    [33maria-valuemax[39m=[32m"429"[39m
                    [33maria-valuemin[39m=[32m"0.1"[39m
                    [33maria-valuenow[39m=[32m"45.5"[39m
                    [33mclass[39m=[32m"w-full h-3 bg-white/20 dark:bg-white/10 rounded-full overflow-hidden focus:ring-2 focus:ring-blue-500 focus:outline-none"[39m
                    [33mdata-component[39m=[32m"progress-bar"[39m
                    [33mdata-percentage[39m=[32m"11"[39m
                    [33mdata-property[39m=[32m"thermal_conductivity"[39m
                    [33mid[39m=[32m"progress-Thermal Conductivity"[39m
                    [33mitemprop[39m=[32m"value"[39m
                    [33mrole[39m=[32m"progressbar"[39m
                    [33mtabindex[39m=[32m"0"[39m
                  [36m>[39m
                    [36m<div[39m
                      [33maria-hidden[39m=[32m"true"[39m
                      [33mclass[39m=[32m"h-full opacity-30 rounded-full"[39m
                      [33mstyle[39m=[32m"background-color: rgb(79, 70, 229); width: 100%;"[39m
                    [36m/>[39m
                    [36m<div[39m
                      [33maria-hidden[39m=[32m"true"[39m
                      [33mclass[39m=[32m"absolute top-0 left-0 h-full opacity-90 rounded-l-full transition-all duration-300"[39m
                      [33mstyle[39m=[32m"background-color: rgb(79, 70, 229); width: 10.585217999533691%;"[39m
                    [36m/>[39m
                  [36m</div>[39m
                  [36m<div[39m
                    [33maria-hidden[39m=[32m"true"[39m
                    [33mclass[39m=[32m"absolute top-0 h-3 w-0.5 bg-white dark:bg-white/90 transform -translate-x-0.25 shadow-md rounded-full"[39m
                    [33mstyle[39m=[32m"left: 10.585217999533691%;"[39m
                  [36m/>[39m
                [36m</div>[39m
                [36m<div[39m
                  [33maria-hidden[39m=[32m"true"[39m
                  [33mclass[39m=[32m"flex justify-between items-center"[39m
                [36m>[39m
                  [36m<span[39m
                    [33mclass[39m=[32m"text-xs font-medium text-white/50"[39m
                  [36m>[39m
                    [36m<data[39m
                      [33mdata-context[39m=[32m"material_property"[39m
                      [33mdata-magnitude[39m=[32m"low"[39m
                      [33mdata-position[39m=[32m"minimum"[39m
                      [33mdata-precision[39m=[32m"1"[39m
                      [33mdata-property[39m=[32m"thermal_conductivity"[39m
                      [33mdata-type[39m=[32m"range_minimum"[39m
                      [33mdata-unit[39m=[32m"W/mK"[39m
                      [33mitemprop[39m=[32m"minValue"[39m
                      [33mitemtype[39m=[32m"https://schema.org/PropertyValue"[39m
                      [33mvalue[39m=[32m"0.1"[39m
                    [36m>[39m
                      [0m0.1[0m
                    [36m</data>[39m
                  [36m</span>[39m
                  [36m<span[39m
                    [33mclass[39m=[32m"text-xs font-medium text-white/50"[39m
                  [36m>[39m
                    [36m<data[39m
                      [33mdata-context[39m=[32m"material_property"[39m
                      [33mdata-magnitude[39m=[32m"medium"[39m
                      [33mdata-position[39m=[32m"maximum"[39m
                      [33mdata-precision[39m=[32m"0"[39m
                      [33mdata-property[39m=[32m"thermal_conductivity"[39m
                      [33mdata-type[39m=[32m"range_maximum"[39m
                      [33mdata-unit[39m=[32m"W/mK"[39m
                      [33mitemprop[39m=[32m"maxValue"[39m
                      [33mitemtype[39m=[32m"https://schema.org/PropertyValue"[39m
                      [33mvalue[39m=[32m"429"[39m
                    [36m>[39m
                      [0m429[0m
                    [36m</data>[39m
                  [36m</span>[39m
                [36m</div>[39m
              [36m</figure>[39m
            [36m</section>[39m
            [36m<section[39m
              [33mclass[39m=[32m"flex-1 flex flex-col justify-center text-center"[39m
            [36m>[39m
              [36m<h4[39m
                [33mclass[39m=[32m"font-bold text-xs text-white/90"[39m
                [33mdata-component[39m=[32m"metric-title"[39m
                [33mdata-property[39m=[32m"thermal_conductivity"[39m
                [33mid[39m=[32m"metric-title-Thermal Conductivity"[39m
                [33mitemprop[39m=[32m"name"[39m
              [36m>[39m
                [0mThermal Conductivity[0m
                [36m<span[39m
                  [33mclass[39m=[32m"font-normal ml-1"[39m
                  [33mtitle[39m=[32m"W/mK"[39m
                [36m>[39m
                  [0mW/mK[0m
                [36m</span>[39m
              [36m</h4>[39m
            [36m</section>[39m
          [36m</article>[39m
        [36m</a>[39m
      [36m</div>[39m
    [36m</body>[39m

      20 |       
      21 |       // Find the main data element (in progress bar context)
    > 22 |       const dataElements = screen.getAllByDisplayValue('45.5');
         |                                   ^
      23 |       const mainDataElement = dataElements.find(el => 
      24 |         el.getAttribute('data-type') === 'measurement'
      25 |       );

      at Object.getElementError (node_modules/@testing-library/dom/dist/config.js:37:19)
      at node_modules/@testing-library/dom/dist/query-helpers.js:76:38
      at node_modules/@testing-library/dom/dist/query-helpers.js:109:15
      at Object.getAllByDisplayValue (tests/accessibility/MetricsCard.semantic-enhancement.test.tsx:22:35)

  ● MetricsCard Semantic Enhancement Tests › Maximum Specificity Data Attributes › implements range-specific attributes on min/max values

    TestingLibraryElementError: Unable to find an element with the display value: 0.1.

    Ignored nodes: comments, script, style
    [36m<body>[39m
      [36m<div>[39m
        [36m<a[39m
          [33maria-describedby[39m=[32m"metric-desc-Thermal Conductivity"[39m
          [33maria-label[39m=[32m"Navigate to search results for thermal_conductivity: 45.5W/mK"[39m
          [33mclass[39m=[32m"rounded-lg p-3 block h-24 cursor-pointer hover:shadow-xl hover:scale-[1.03] hover:-translate-y-1 transition-all duration-300 ease-out focus:ring-2 focus:ring-blue-500 focus:outline-none focus:ring-offset-2 min-h-[44px] min-w-[44px] "[39m
          [33mhref[39m=[32m"/search?property=thermal_conductivity&value=45.5"[39m
          [33mstyle[39m=[32m"--hover-bg-color: undefined80; transition: all 0.3s ease-out;"[39m
          [33mtitle[39m=[32m"Search for thermal_conductivity: 45.5W/mK"[39m
        [36m>[39m
          [36m<article[39m
            [33maria-describedby[39m=[32m"metric-desc-Thermal Conductivity"[39m
            [33maria-labelledby[39m=[32m"metric-title-Thermal Conductivity"[39m
            [33mclass[39m=[32m"h-full flex flex-col"[39m
            [33mdata-component[39m=[32m"metrics-card"[39m
            [33mdata-has-range[39m=[32m"true"[39m
            [33mdata-property[39m=[32m"thermal_conductivity"[39m
            [33mdata-searchable[39m=[32m"true"[39m
            [33mdata-unit[39m=[32m"W/mK"[39m
            [33mdata-value[39m=[32m"45.5"[39m
            [33mid[39m=[32m"metric-card-Thermal Conductivity"[39m
            [33mitemscope[39m=[32m""[39m
            [33mitemtype[39m=[32m"https://schema.org/PropertyValue"[39m
            [33mrole[39m=[32m"article"[39m
            [33mtabindex[39m=[32m"0"[39m
          [36m>[39m
            [36m<div[39m
              [33mclass[39m=[32m"sr-only"[39m
              [33mid[39m=[32m"metric-desc-Thermal Conductivity"[39m
            [36m>[39m
              [0mMetric showing thermal_conductivity with value 45.5 W/mK, ranging from 0.1 to 429 W/mK[0m
              [0m. Press Enter or Space to search for this metric.[0m
            [36m</div>[39m
            [36m<section[39m
              [33maria-label[39m=[32m"Metric visualization"[39m
              [33mclass[39m=[32m"mb-1"[39m
            [36m>[39m
              [36m<figure[39m
                [33maria-describedby[39m=[32m"progress-desc-Thermal Conductivity"[39m
                [33maria-labelledby[39m=[32m"progress-label-Thermal Conductivity"[39m
                [33mclass[39m=[32m"w-full"[39m
                [33mrole[39m=[32m"img"[39m
              [36m>[39m
                [36m<figcaption[39m
                  [33mclass[39m=[32m"sr-only"[39m
                  [33mid[39m=[32m"progress-label-Thermal Conductivity"[39m
                [36m>[39m
                  [0mThermal Conductivity[0m
                  [0m progress indicator[0m
                [36m</figcaption>[39m
                [36m<div[39m
                  [33mclass[39m=[32m"sr-only"[39m
                  [33mid[39m=[32m"progress-desc-Thermal Conductivity"[39m
                [36m>[39m
                  [0mCurrent value: [0m
                  [36m<data[39m
                    [33mdata-context[39m=[32m"material_property"[39m
                    [33mdata-magnitude[39m=[32m"medium"[39m
                    [33mdata-precision[39m=[32m"1"[39m
                    [33mdata-property[39m=[32m"thermal_conductivity"[39m
                    [33mdata-type[39m=[32m"measurement"[39m
                    [33mdata-unit[39m=[32m"W/mK"[39m
                    [33mitemprop[39m=[32m"value"[39m
                    [33mitemtype[39m=[32m"https://schema.org/PropertyValue"[39m
                    [33mvalue[39m=[32m"45.5"[39m
                  [36m>[39m
                    [0m45.5[0m
                  [36m</data>[39m
                  [0m [0m
                  [0mW/mK[0m
                  [0m. Range: [0m
                  [0m0.1[0m
                  [0m to [0m
                  [0m429[0m
                  [0m [0m
                  [0mW/mK[0m
                  [0m. Progress: [0m
                  [0m11[0m
                  [0m% of maximum.[0m
                [36m</div>[39m
                [36m<div[39m
                  [33mclass[39m=[32m"relative w-full mb-1 h-4"[39m
                [36m>[39m
                  [36m<div[39m
                    [33maria-hidden[39m=[32m"true"[39m
                    [33mclass[39m=[32m"absolute text-lg font-bold text-white/90 z-10"[39m
                    [33mstyle[39m=[32m"left: 10.585217999533691%; transform: none; top: -8px;"[39m
                  [36m>[39m
                    [36m<data[39m
                      [33mdata-context[39m=[32m"material_property"[39m
                      [33mdata-magnitude[39m=[32m"medium"[39m
                      [33mdata-position[39m=[32m"current"[39m
                      [33mdata-precision[39m=[32m"1"[39m
                      [33mdata-property[39m=[32m"thermal_conductivity"[39m
                      [33mdata-type[39m=[32m"measurement"[39m
                      [33mdata-unit[39m=[32m"W/mK"[39m
                      [33mitemprop[39m=[32m"value"[39m
                      [33mitemtype[39m=[32m"https://schema.org/PropertyValue"[39m
                      [33mvalue[39m=[32m"45.5"[39m
                    [36m>[39m
                      [0m45.5[0m
                    [36m</data>[39m
                  [36m</div>[39m
                [36m</div>[39m
                [36m<div[39m
                  [33mclass[39m=[32m"relative w-full mb-1"[39m
                [36m>[39m
                  [36m<div[39m
                    [33maria-describedby[39m=[32m"progress-desc-Thermal Conductivity"[39m
                    [33maria-labelledby[39m=[32m"progress-label-Thermal Conductivity"[39m
                    [33maria-valuemax[39m=[32m"429"[39m
                    [33maria-valuemin[39m=[32m"0.1"[39m
                    [33maria-valuenow[39m=[32m"45.5"[39m
                    [33mclass[39m=[32m"w-full h-3 bg-white/20 dark:bg-white/10 rounded-full overflow-hidden focus:ring-2 focus:ring-blue-500 focus:outline-none"[39m
                    [33mdata-component[39m=[32m"progress-bar"[39m
                    [33mdata-percentage[39m=[32m"11"[39m
                    [33mdata-property[39m=[32m"thermal_conductivity"[39m
                    [33mid[39m=[32m"progress-Thermal Conductivity"[39m
                    [33mitemprop[39m=[32m"value"[39m
                    [33mrole[39m=[32m"progressbar"[39m
                    [33mtabindex[39m=[32m"0"[39m
                  [36m>[39m
                    [36m<div[39m
                      [33maria-hidden[39m=[32m"true"[39m
                      [33mclass[39m=[32m"h-full opacity-30 rounded-full"[39m
                      [33mstyle[39m=[32m"background-color: rgb(79, 70, 229); width: 100%;"[39m
                    [36m/>[39m
                    [36m<div[39m
                      [33maria-hidden[39m=[32m"true"[39m
                      [33mclass[39m=[32m"absolute top-0 left-0 h-full opacity-90 rounded-l-full transition-all duration-300"[39m
                      [33mstyle[39m=[32m"background-color: rgb(79, 70, 229); width: 10.585217999533691%;"[39m
                    [36m/>[39m
                  [36m</div>[39m
                  [36m<div[39m
                    [33maria-hidden[39m=[32m"true"[39m
                    [33mclass[39m=[32m"absolute top-0 h-3 w-0.5 bg-white dark:bg-white/90 transform -translate-x-0.25 shadow-md rounded-full"[39m
                    [33mstyle[39m=[32m"left: 10.585217999533691%;"[39m
                  [36m/>[39m
                [36m</div>[39m
                [36m<div[39m
                  [33maria-hidden[39m=[32m"true"[39m
                  [33mclass[39m=[32m"flex justify-between items-center"[39m
                [36m>[39m
                  [36m<span[39m
                    [33mclass[39m=[32m"text-xs font-medium text-white/50"[39m
                  [36m>[39m
                    [36m<data[39m
                      [33mdata-context[39m=[32m"material_property"[39m
                      [33mdata-magnitude[39m=[32m"low"[39m
                      [33mdata-position[39m=[32m"minimum"[39m
                      [33mdata-precision[39m=[32m"1"[39m
                      [33mdata-property[39m=[32m"thermal_conductivity"[39m
                      [33mdata-type[39m=[32m"range_minimum"[39m
                      [33mdata-unit[39m=[32m"W/mK"[39m
                      [33mitemprop[39m=[32m"minValue"[39m
                      [33mitemtype[39m=[32m"https://schema.org/PropertyValue"[39m
                      [33mvalue[39m=[32m"0.1"[39m
                    [36m>[39m
                      [0m0.1[0m
                    [36m</data>[39m
                  [36m</span>[39m
                  [36m<span[39m
                    [33mclass[39m=[32m"text-xs font-medium text-white/50"[39m
                  [36m>[39m
                    [36m<data[39m
                      [33mdata-context[39m=[32m"material_property"[39m
                      [33mdata-magnitude[39m=[32m"medium"[39m
                      [33mdata-position[39m=[32m"maximum"[39m
                      [33mdata-precision[39m=[32m"0"[39m
                      [33mdata-property[39m=[32m"thermal_conductivity"[39m
                      [33mdata-type[39m=[32m"range_maximum"[39m
                      [33mdata-unit[39m=[32m"W/mK"[39m
                      [33mitemprop[39m=[32m"maxValue"[39m
                      [33mitemtype[39m=[32m"https://schema.org/PropertyValue"[39m
                      [33mvalue[39m=[32m"429"[39m
                    [36m>[39m
                      [0m429[0m
                    [36m</data>[39m
                  [36m</span>[39m
                [36m</div>[39m
              [36m</figure>[39m
            [36m</section>[39m
            [36m<section[39m
              [33mclass[39m=[32m"flex-1 flex flex-col justify-center text-center"[39m
            [36m>[39m
              [36m<h4[39m
                [33mclass[39m=[32m"font-bold text-xs text-white/90"[39m
                [33mdata-component[39m=[32m"metric-title"[39m
                [33mdata-property[39m=[32m"thermal_conductivity"[39m
                [33mid[39m=[32m"metric-title-Thermal Conductivity"[39m
                [33mitemprop[39m=[32m"name"[39m
              [36m>[39m
                [0mThermal Conductivity[0m
                [36m<span[39m
                  [33mclass[39m=[32m"font-normal ml-1"[39m
                  [33mtitle[39m=[32m"W/mK"[39m
                [36m>[39m
                  [0mW/mK[0m
                [36m</span>[39m
              [36m</h4>[39m
            [36m</section>[39m
          [36m</article>[39m
        [36m</a>[39m
      [36m</div>[39m
    [36m</body>[39m

      40 |       render(<MetricsCard {...mockProps} />);
      41 |       
    > 42 |       const minDataElement = screen.getByDisplayValue('0.1');
         |                                     ^
      43 |       expect(minDataElement).toHaveAttribute('data-type', 'range_minimum');
      44 |       expect(minDataElement).toHaveAttribute('data-position', 'minimum');
      45 |       expect(minDataElement).toHaveAttribute('data-precision', '1');

      at Object.getElementError (node_modules/@testing-library/dom/dist/config.js:37:19)
      at node_modules/@testing-library/dom/dist/query-helpers.js:76:38
      at node_modules/@testing-library/dom/dist/query-helpers.js:52:17
      at node_modules/@testing-library/dom/dist/query-helpers.js:95:19
      at Object.getByDisplayValue (tests/accessibility/MetricsCard.semantic-enhancement.test.tsx:42:37)

  ● MetricsCard Semantic Enhancement Tests › Maximum Specificity Data Attributes › calculates precision correctly for different value formats

    TestingLibraryElementError: Unable to find an element with the display value: 45.5.

    Ignored nodes: comments, script, style
    [36m<body>[39m
      [36m<div>[39m
        [36m<a[39m
          [33maria-describedby[39m=[32m"metric-desc-Thermal Conductivity"[39m
          [33maria-label[39m=[32m"Navigate to search results for thermal_conductivity: 45.5W/mK"[39m
          [33mclass[39m=[32m"rounded-lg p-3 block h-24 cursor-pointer hover:shadow-xl hover:scale-[1.03] hover:-translate-y-1 transition-all duration-300 ease-out focus:ring-2 focus:ring-blue-500 focus:outline-none focus:ring-offset-2 min-h-[44px] min-w-[44px] "[39m
          [33mhref[39m=[32m"/search?property=thermal_conductivity&value=45.5"[39m
          [33mstyle[39m=[32m"--hover-bg-color: undefined80; transition: all 0.3s ease-out;"[39m
          [33mtitle[39m=[32m"Search for thermal_conductivity: 45.5W/mK"[39m
        [36m>[39m
          [36m<article[39m
            [33maria-describedby[39m=[32m"metric-desc-Thermal Conductivity"[39m
            [33maria-labelledby[39m=[32m"metric-title-Thermal Conductivity"[39m
            [33mclass[39m=[32m"h-full flex flex-col"[39m
            [33mdata-component[39m=[32m"metrics-card"[39m
            [33mdata-has-range[39m=[32m"true"[39m
            [33mdata-property[39m=[32m"thermal_conductivity"[39m
            [33mdata-searchable[39m=[32m"true"[39m
            [33mdata-unit[39m=[32m"W/mK"[39m
            [33mdata-value[39m=[32m"45.5"[39m
            [33mid[39m=[32m"metric-card-Thermal Conductivity"[39m
            [33mitemscope[39m=[32m""[39m
            [33mitemtype[39m=[32m"https://schema.org/PropertyValue"[39m
            [33mrole[39m=[32m"article"[39m
            [33mtabindex[39m=[32m"0"[39m
          [36m>[39m
            [36m<div[39m
              [33mclass[39m=[32m"sr-only"[39m
              [33mid[39m=[32m"metric-desc-Thermal Conductivity"[39m
            [36m>[39m
              [0mMetric showing thermal_conductivity with value 45.5 W/mK, ranging from 0.1 to 429 W/mK[0m
              [0m. Press Enter or Space to search for this metric.[0m
            [36m</div>[39m
            [36m<section[39m
              [33maria-label[39m=[32m"Metric visualization"[39m
              [33mclass[39m=[32m"mb-1"[39m
            [36m>[39m
              [36m<figure[39m
                [33maria-describedby[39m=[32m"progress-desc-Thermal Conductivity"[39m
                [33maria-labelledby[39m=[32m"progress-label-Thermal Conductivity"[39m
                [33mclass[39m=[32m"w-full"[39m
                [33mrole[39m=[32m"img"[39m
              [36m>[39m
                [36m<figcaption[39m
                  [33mclass[39m=[32m"sr-only"[39m
                  [33mid[39m=[32m"progress-label-Thermal Conductivity"[39m
                [36m>[39m
                  [0mThermal Conductivity[0m
                  [0m progress indicator[0m
                [36m</figcaption>[39m
                [36m<div[39m
                  [33mclass[39m=[32m"sr-only"[39m
                  [33mid[39m=[32m"progress-desc-Thermal Conductivity"[39m
                [36m>[39m
                  [0mCurrent value: [0m
                  [36m<data[39m
                    [33mdata-context[39m=[32m"material_property"[39m
                    [33mdata-magnitude[39m=[32m"medium"[39m
                    [33mdata-precision[39m=[32m"1"[39m
                    [33mdata-property[39m=[32m"thermal_conductivity"[39m
                    [33mdata-type[39m=[32m"measurement"[39m
                    [33mdata-unit[39m=[32m"W/mK"[39m
                    [33mitemprop[39m=[32m"value"[39m
                    [33mitemtype[39m=[32m"https://schema.org/PropertyValue"[39m
                    [33mvalue[39m=[32m"45.5"[39m
                  [36m>[39m
                    [0m45.5[0m
                  [36m</data>[39m
                  [0m [0m
                  [0mW/mK[0m
                  [0m. Range: [0m
                  [0m0.1[0m
                  [0m to [0m
                  [0m429[0m
                  [0m [0m
                  [0mW/mK[0m
                  [0m. Progress: [0m
                  [0m11[0m
                  [0m% of maximum.[0m
                [36m</div>[39m
                [36m<div[39m
                  [33mclass[39m=[32m"relative w-full mb-1 h-4"[39m
                [36m>[39m
                  [36m<div[39m
                    [33maria-hidden[39m=[32m"true"[39m
                    [33mclass[39m=[32m"absolute text-lg font-bold text-white/90 z-10"[39m
                    [33mstyle[39m=[32m"left: 10.585217999533691%; transform: none; top: -8px;"[39m
                  [36m>[39m
                    [36m<data[39m
                      [33mdata-context[39m=[32m"material_property"[39m
                      [33mdata-magnitude[39m=[32m"medium"[39m
                      [33mdata-position[39m=[32m"current"[39m
                      [33mdata-precision[39m=[32m"1"[39m
                      [33mdata-property[39m=[32m"thermal_conductivity"[39m
                      [33mdata-type[39m=[32m"measurement"[39m
                      [33mdata-unit[39m=[32m"W/mK"[39m
                      [33mitemprop[39m=[32m"value"[39m
                      [33mitemtype[39m=[32m"https://schema.org/PropertyValue"[39m
                      [33mvalue[39m=[32m"45.5"[39m
                    [36m>[39m
                      [0m45.5[0m
                    [36m</data>[39m
                  [36m</div>[39m
                [36m</div>[39m
                [36m<div[39m
                  [33mclass[39m=[32m"relative w-full mb-1"[39m
                [36m>[39m
                  [36m<div[39m
                    [33maria-describedby[39m=[32m"progress-desc-Thermal Conductivity"[39m
                    [33maria-labelledby[39m=[32m"progress-label-Thermal Conductivity"[39m
                    [33maria-valuemax[39m=[32m"429"[39m
                    [33maria-valuemin[39m=[32m"0.1"[39m
                    [33maria-valuenow[39m=[32m"45.5"[39m
                    [33mclass[39m=[32m"w-full h-3 bg-white/20 dark:bg-white/10 rounded-full overflow-hidden focus:ring-2 focus:ring-blue-500 focus:outline-none"[39m
                    [33mdata-component[39m=[32m"progress-bar"[39m
                    [33mdata-percentage[39m=[32m"11"[39m
                    [33mdata-property[39m=[32m"thermal_conductivity"[39m
                    [33mid[39m=[32m"progress-Thermal Conductivity"[39m
                    [33mitemprop[39m=[32m"value"[39m
                    [33mrole[39m=[32m"progressbar"[39m
                    [33mtabindex[39m=[32m"0"[39m
                  [36m>[39m
                    [36m<div[39m
                      [33maria-hidden[39m=[32m"true"[39m
                      [33mclass[39m=[32m"h-full opacity-30 rounded-full"[39m
                      [33mstyle[39m=[32m"background-color: rgb(79, 70, 229); width: 100%;"[39m
                    [36m/>[39m
                    [36m<div[39m
                      [33maria-hidden[39m=[32m"true"[39m
                      [33mclass[39m=[32m"absolute top-0 left-0 h-full opacity-90 rounded-l-full transition-all duration-300"[39m
                      [33mstyle[39m=[32m"background-color: rgb(79, 70, 229); width: 10.585217999533691%;"[39m
                    [36m/>[39m
                  [36m</div>[39m
                  [36m<div[39m
                    [33maria-hidden[39m=[32m"true"[39m
                    [33mclass[39m=[32m"absolute top-0 h-3 w-0.5 bg-white dark:bg-white/90 transform -translate-x-0.25 shadow-md rounded-full"[39m
                    [33mstyle[39m=[32m"left: 10.585217999533691%;"[39m
                  [36m/>[39m
                [36m</div>[39m
                [36m<div[39m
                  [33maria-hidden[39m=[32m"true"[39m
                  [33mclass[39m=[32m"flex justify-between items-center"[39m
                [36m>[39m
                  [36m<span[39m
                    [33mclass[39m=[32m"text-xs font-medium text-white/50"[39m
                  [36m>[39m
                    [36m<data[39m
                      [33mdata-context[39m=[32m"material_property"[39m
                      [33mdata-magnitude[39m=[32m"low"[39m
                      [33mdata-position[39m=[32m"minimum"[39m
                      [33mdata-precision[39m=[32m"1"[39m
                      [33mdata-property[39m=[32m"thermal_conductivity"[39m
                      [33mdata-type[39m=[32m"range_minimum"[39m
                      [33mdata-unit[39m=[32m"W/mK"[39m
                      [33mitemprop[39m=[32m"minValue"[39m
                      [33mitemtype[39m=[32m"https://schema.org/PropertyValue"[39m
                      [33mvalue[39m=[32m"0.1"[39m
                    [36m>[39m
                      [0m0.1[0m
                    [36m</data>[39m
                  [36m</span>[39m
                  [36m<span[39m
                    [33mclass[39m=[32m"text-xs font-medium text-white/50"[39m
                  [36m>[39m
                    [36m<data[39m
                      [33mdata-context[39m=[32m"material_property"[39m
                      [33mdata-magnitude[39m=[32m"medium"[39m
                      [33mdata-position[39m=[32m"maximum"[39m
                      [33mdata-precision[39m=[32m"0"[39m
                      [33mdata-property[39m=[32m"thermal_conductivity"[39m
                      [33mdata-type[39m=[32m"range_maximum"[39m
                      [33mdata-unit[39m=[32m"W/mK"[39m
                      [33mitemprop[39m=[32m"maxValue"[39m
                      [33mitemtype[39m=[32m"https://schema.org/PropertyValue"[39m
                      [33mvalue[39m=[32m"429"[39m
                    [36m>[39m
                      [0m429[0m
                    [36m</data>[39m
                  [36m</span>[39m
                [36m</div>[39m
              [36m</figure>[39m
            [36m</section>[39m
            [36m<section[39m
              [33mclass[39m=[32m"flex-1 flex flex-col justify-center text-center"[39m
            [36m>[39m
              [36m<h4[39m
                [33mclass[39m=[32m"font-bold text-xs text-white/90"[39m
                [33mdata-component[39m=[32m"metric-title"[39m
                [33mdata-property[39m=[32m"thermal_conductivity"[39m
                [33mid[39m=[32m"metric-title-Thermal Conductivity"[39m
                [33mitemprop[39m=[32m"name"[39m
              [36m>[39m
                [0mThermal Conductivity[0m
                [36m<span[39m
                  [33mclass[39m=[32m"font-normal ml-1"[39m
                  [33mtitle[39m=[32m"W/mK"[39m
                [36m>[39m
                  [0mW/mK[0m
                [36m</span>[39m
              [36m</h4>[39m
            [36m</section>[39m
          [36m</article>[39m
        [36m</a>[39m
      [36m</div>[39m
    [36m</body>[39m

      68 |         );
      69 |         
    > 70 |         const dataElement = screen.getByDisplayValue(value);
         |                                    ^
      71 |         expect(dataElement).toHaveAttribute('data-precision', expectedPrecision);
      72 |         
      73 |         unmount();

      at Object.getElementError (node_modules/@testing-library/dom/dist/config.js:37:19)
      at node_modules/@testing-library/dom/dist/query-helpers.js:76:38
      at node_modules/@testing-library/dom/dist/query-helpers.js:52:17
      at node_modules/@testing-library/dom/dist/query-helpers.js:95:19
      at getByDisplayValue (tests/accessibility/MetricsCard.semantic-enhancement.test.tsx:70:36)
          at Array.forEach (<anonymous>)
      at Object.forEach (tests/accessibility/MetricsCard.semantic-enhancement.test.tsx:65:17)

  ● MetricsCard Semantic Enhancement Tests › Maximum Specificity Data Attributes › calculates magnitude correctly for different value ranges

    TestingLibraryElementError: Unable to find an element with the display value: 0.5.

    Ignored nodes: comments, script, style
    [36m<body>[39m
      [36m<div>[39m
        [36m<a[39m
          [33maria-describedby[39m=[32m"metric-desc-Thermal Conductivity"[39m
          [33maria-label[39m=[32m"Navigate to search results for thermal_conductivity: 0.5W/mK"[39m
          [33mclass[39m=[32m"rounded-lg p-3 block h-24 cursor-pointer hover:shadow-xl hover:scale-[1.03] hover:-translate-y-1 transition-all duration-300 ease-out focus:ring-2 focus:ring-blue-500 focus:outline-none focus:ring-offset-2 min-h-[44px] min-w-[44px] "[39m
          [33mhref[39m=[32m"/search?property=thermal_conductivity&value=0.5"[39m
          [33mstyle[39m=[32m"--hover-bg-color: undefined80; transition: all 0.3s ease-out;"[39m
          [33mtitle[39m=[32m"Search for thermal_conductivity: 0.5W/mK"[39m
        [36m>[39m
          [36m<article[39m
            [33maria-describedby[39m=[32m"metric-desc-Thermal Conductivity"[39m
            [33maria-labelledby[39m=[32m"metric-title-Thermal Conductivity"[39m
            [33mclass[39m=[32m"h-full flex flex-col"[39m
            [33mdata-component[39m=[32m"metrics-card"[39m
            [33mdata-has-range[39m=[32m"true"[39m
            [33mdata-property[39m=[32m"thermal_conductivity"[39m
            [33mdata-searchable[39m=[32m"true"[39m
            [33mdata-unit[39m=[32m"W/mK"[39m
            [33mdata-value[39m=[32m"0.5"[39m
            [33mid[39m=[32m"metric-card-Thermal Conductivity"[39m
            [33mitemscope[39m=[32m""[39m
            [33mitemtype[39m=[32m"https://schema.org/PropertyValue"[39m
            [33mrole[39m=[32m"article"[39m
            [33mtabindex[39m=[32m"0"[39m
          [36m>[39m
            [36m<div[39m
              [33mclass[39m=[32m"sr-only"[39m
              [33mid[39m=[32m"metric-desc-Thermal Conductivity"[39m
            [36m>[39m
              [0mMetric showing thermal_conductivity with value 0.5 W/mK, ranging from 0.1 to 429 W/mK[0m
              [0m. Press Enter or Space to search for this metric.[0m
            [36m</div>[39m
            [36m<section[39m
              [33maria-label[39m=[32m"Metric visualization"[39m
              [33mclass[39m=[32m"mb-1"[39m
            [36m>[39m
              [36m<figure[39m
                [33maria-describedby[39m=[32m"progress-desc-Thermal Conductivity"[39m
                [33maria-labelledby[39m=[32m"progress-label-Thermal Conductivity"[39m
                [33mclass[39m=[32m"w-full"[39m
                [33mrole[39m=[32m"img"[39m
              [36m>[39m
                [36m<figcaption[39m
                  [33mclass[39m=[32m"sr-only"[39m
                  [33mid[39m=[32m"progress-label-Thermal Conductivity"[39m
                [36m>[39m
                  [0mThermal Conductivity[0m
                  [0m progress indicator[0m
                [36m</figcaption>[39m
                [36m<div[39m
                  [33mclass[39m=[32m"sr-only"[39m
                  [33mid[39m=[32m"progress-desc-Thermal Conductivity"[39m
                [36m>[39m
                  [0mCurrent value: [0m
                  [36m<data[39m
                    [33mdata-context[39m=[32m"material_property"[39m
                    [33mdata-magnitude[39m=[32m"low"[39m
                    [33mdata-precision[39m=[32m"1"[39m
                    [33mdata-property[39m=[32m"thermal_conductivity"[39m
                    [33mdata-type[39m=[32m"measurement"[39m
                    [33mdata-unit[39m=[32m"W/mK"[39m
                    [33mitemprop[39m=[32m"value"[39m
                    [33mitemtype[39m=[32m"https://schema.org/PropertyValue"[39m
                    [33mvalue[39m=[32m"0.5"[39m
                  [36m>[39m
                    [0m0.5[0m
                  [36m</data>[39m
                  [0m [0m
                  [0mW/mK[0m
                  [0m. Range: [0m
                  [0m0.1[0m
                  [0m to [0m
                  [0m429[0m
                  [0m [0m
                  [0mW/mK[0m
                  [0m. Progress: [0m
                  [0m0[0m
                  [0m% of maximum.[0m
                [36m</div>[39m
                [36m<div[39m
                  [33mclass[39m=[32m"relative w-full mb-1 h-4"[39m
                [36m>[39m
                  [36m<div[39m
                    [33maria-hidden[39m=[32m"true"[39m
                    [33mclass[39m=[32m"absolute text-lg font-bold text-white/90 z-10"[39m
                    [33mstyle[39m=[32m"left: 0.0932618325950105%; transform: none; top: -8px;"[39m
                  [36m>[39m
                    [36m<data[39m
                      [33mdata-context[39m=[32m"material_property"[39m
                      [33mdata-magnitude[39m=[32m"low"[39m
                      [33mdata-position[39m=[32m"current"[39m
                      [33mdata-precision[39m=[32m"1"[39m
                      [33mdata-property[39m=[32m"thermal_conductivity"[39m
                      [33mdata-type[39m=[32m"measurement"[39m
                      [33mdata-unit[39m=[32m"W/mK"[39m
                      [33mitemprop[39m=[32m"value"[39m
                      [33mitemtype[39m=[32m"https://schema.org/PropertyValue"[39m
                      [33mvalue[39m=[32m"0.5"[39m
                    [36m>[39m
                      [0m0.5[0m
                    [36m</data>[39m
                  [36m</div>[39m
                [36m</div>[39m
                [36m<div[39m
                  [33mclass[39m=[32m"relative w-full mb-1"[39m
                [36m>[39m
                  [36m<div[39m
                    [33maria-describedby[39m=[32m"progress-desc-Thermal Conductivity"[39m
                    [33maria-labelledby[39m=[32m"progress-label-Thermal Conductivity"[39m
                    [33maria-valuemax[39m=[32m"429"[39m
                    [33maria-valuemin[39m=[32m"0.1"[39m
                    [33maria-valuenow[39m=[32m"0.5"[39m
                    [33mclass[39m=[32m"w-full h-3 bg-white/20 dark:bg-white/10 rounded-full overflow-hidden focus:ring-2 focus:ring-blue-500 focus:outline-none"[39m
                    [33mdata-component[39m=[32m"progress-bar"[39m
                    [33mdata-percentage[39m=[32m"0"[39m
                    [33mdata-property[39m=[32m"thermal_conductivity"[39m
                    [33mid[39m=[32m"progress-Thermal Conductivity"[39m
                    [33mitemprop[39m=[32m"value"[39m
                    [33mrole[39m=[32m"progressbar"[39m
                    [33mtabindex[39m=[32m"0"[39m
                  [36m>[39m
                    [36m<div[39m
                      [33maria-hidden[39m=[32m"true"[39m
                      [33mclass[39m=[32m"h-full opacity-30 rounded-full"[39m
                      [33mstyle[39m=[32m"background-color: rgb(79, 70, 229); width: 100%;"[39m
                    [36m/>[39m
                    [36m<div[39m
                      [33maria-hidden[39m=[32m"true"[39m
                      [33mclass[39m=[32m"absolute top-0 left-0 h-full opacity-90 rounded-l-full transition-all duration-300"[39m
                      [33mstyle[39m=[32m"background-color: rgb(79, 70, 229); width: 0.0932618325950105%;"[39m
                    [36m/>[39m
                  [36m</div>[39m
                  [36m<div[39m
                    [33maria-hidden[39m=[32m"true"[39m
                    [33mclass[39m=[32m"absolute top-0 h-3 w-0.5 bg-white dark:bg-white/90 transform -translate-x-0.25 shadow-md rounded-full"[39m
                    [33mstyle[39m=[32m"left: 0.0932618325950105%;"[39m
                  [36m/>[39m
                [36m</div>[39m
                [36m<div[39m
                  [33maria-hidden[39m=[32m"true"[39m
                  [33mclass[39m=[32m"flex justify-between items-center"[39m
                [36m>[39m
                  [36m<span[39m
                    [33mclass[39m=[32m"text-xs font-medium text-white/50"[39m
                  [36m>[39m
                    [36m<data[39m
                      [33mdata-context[39m=[32m"material_property"[39m
                      [33mdata-magnitude[39m=[32m"low"[39m
                      [33mdata-position[39m=[32m"minimum"[39m
                      [33mdata-precision[39m=[32m"1"[39m
                      [33mdata-property[39m=[32m"thermal_conductivity"[39m
                      [33mdata-type[39m=[32m"range_minimum"[39m
                      [33mdata-unit[39m=[32m"W/mK"[39m
                      [33mitemprop[39m=[32m"minValue"[39m
                      [33mitemtype[39m=[32m"https://schema.org/PropertyValue"[39m
                      [33mvalue[39m=[32m"0.1"[39m
                    [36m>[39m
                      [0m0.1[0m
                    [36m</data>[39m
                  [36m</span>[39m
                  [36m<span[39m
                    [33mclass[39m=[32m"text-xs font-medium text-white/50"[39m
                  [36m>[39m
                    [36m<data[39m
                      [33mdata-context[39m=[32m"material_property"[39m
                      [33mdata-magnitude[39m=[32m"medium"[39m
                      [33mdata-position[39m=[32m"maximum"[39m
                      [33mdata-precision[39m=[32m"0"[39m
                      [33mdata-property[39m=[32m"thermal_conductivity"[39m
                      [33mdata-type[39m=[32m"range_maximum"[39m
                      [33mdata-unit[39m=[32m"W/mK"[39m
                      [33mitemprop[39m=[32m"maxValue"[39m
                      [33mitemtype[39m=[32m"https://schema.org/PropertyValue"[39m
                      [33mvalue[39m=[32m"429"[39m
                    [36m>[39m
                      [0m429[0m
                    [36m</data>[39m
                  [36m</span>[39m
                [36m</div>[39m
              [36m</figure>[39m
            [36m</section>[39m
            [36m<section[39m
              [33mclass[39m=[32m"flex-1 flex flex-col justify-center text-center"[39m
            [36m>[39m
              [36m<h4[39m
                [33mclass[39m=[32m"font-bold text-xs text-white/90"[39m
                [33mdata-component[39m=[32m"metric-title"[39m
                [33mdata-property[39m=[32m"thermal_conductivity"[39m
                [33mid[39m=[32m"metric-title-Thermal Conductivity"[39m
                [33mitemprop[39m=[32m"name"[39m
              [36m>[39m
                [0mThermal Conductivity[0m
                [36m<span[39m
                  [33mclass[39m=[32m"font-normal ml-1"[39m
                  [33mtitle[39m=[32m"W/mK"[39m
                [36m>[39m
                  [0mW/mK[0m
                [36m</span>[39m
              [36m</h4>[39m
            [36m</section>[39m
          [36m</article>[39m
        [36m</a>[39m
      [36m</div>[39m
    [36m</body>[39m

      87 |         );
      88 |         
    > 89 |         const dataElement = screen.getByDisplayValue(value);
         |                                    ^
      90 |         expect(dataElement).toHaveAttribute('data-magnitude', expectedMagnitude);
      91 |         
      92 |         unmount();

      at Object.getElementError (node_modules/@testing-library/dom/dist/config.js:37:19)
      at node_modules/@testing-library/dom/dist/query-helpers.js:76:38
      at node_modules/@testing-library/dom/dist/query-helpers.js:52:17
      at node_modules/@testing-library/dom/dist/query-helpers.js:95:19
      at getByDisplayValue (tests/accessibility/MetricsCard.semantic-enhancement.test.tsx:89:36)
          at Array.forEach (<anonymous>)
      at Object.forEach (tests/accessibility/MetricsCard.semantic-enhancement.test.tsx:84:17)

FAIL tests/standards/JSONLDComponent.test.tsx
  ● JSON-LD Component Implementation › JSON File Structure and Validation › should have valid Schema.org types

    expect(received).toBeDefined()

    Received: undefined

      78 |         const data = JSON.parse(content);
      79 |
    > 80 |         expect(data['@type']).toBeDefined();
         |                               ^
      81 |         expect(validTypes).toContain(data['@type']);
      82 |       });
      83 |     });

      at toBeDefined (tests/standards/JSONLDComponent.test.tsx:80:31)
          at Array.forEach (<anonymous>)
      at Object.forEach (tests/standards/JSONLDComponent.test.tsx:75:31)

  ● JSON-LD Component Implementation › Service and Product Schema › should have material-specific properties

    expect(received).toBeDefined()

    Received: undefined

      234 |
      235 |         // Should have material-specific information
    > 236 |         expect(data.name || data.headline).toBeDefined();
          |                                            ^
      237 |         if (data.material) {
      238 |           expect(data.material.name || data.material.type).toBeDefined();
      239 |         }

      at toBeDefined (tests/standards/JSONLDComponent.test.tsx:236:44)
          at Array.forEach (<anonymous>)
      at Object.forEach (tests/standards/JSONLDComponent.test.tsx:230:33)

FAIL tests/components/Caption.author.test.tsx
  ● Caption Components Author Object Handling › CaptionImage Component › should handle string author in seoData

    expect(received).toHaveAttribute()

    received value must be an HTMLElement or an SVGElement.
    Received has value: null

      43 |
      44 |       const authorMeta = container.querySelector('meta[itemProp="author"]');
    > 45 |       expect(authorMeta).toHaveAttribute('content', 'John Doe');
         |                          ^
      46 |     });
      47 |
      48 |     test('should handle object author in seoData', () => {

      at __EXTERNAL_MATCHER_TRAP__ (node_modules/expect/build/index.js:2240:22)
      at Object.throwingMatcher (node_modules/expect/build/index.js:2241:6)
      at Object.toHaveAttribute (tests/components/Caption.author.test.tsx:45:26)

  ● Caption Components Author Object Handling › CaptionImage Component › should handle object author in seoData

    expect(received).toHaveAttribute()

    received value must be an HTMLElement or an SVGElement.
    Received has value: null

      71 |
      72 |       const authorMeta = container.querySelector('meta[itemProp="author"]');
    > 73 |       expect(authorMeta).toHaveAttribute('content', 'Jane Smith');
         |                          ^
      74 |     });
      75 |
      76 |     test('should handle missing author name in object', () => {

      at __EXTERNAL_MATCHER_TRAP__ (node_modules/expect/build/index.js:2240:22)
      at Object.throwingMatcher (node_modules/expect/build/index.js:2241:6)
      at Object.toHaveAttribute (tests/components/Caption.author.test.tsx:73:26)

  ● Caption Components Author Object Handling › CaptionImage Component › should handle missing author name in object

    expect(received).toHaveAttribute()

    received value must be an HTMLElement or an SVGElement.
    Received has value: null

       96 |
       97 |       const authorMeta = container.querySelector('meta[itemProp="author"]');
    >  98 |       expect(authorMeta).toHaveAttribute('content', 'Unknown Author');
          |                          ^
       99 |     });
      100 |
      101 |     test('should not render author meta when author is undefined', () => {

      at __EXTERNAL_MATCHER_TRAP__ (node_modules/expect/build/index.js:2240:22)
      at Object.throwingMatcher (node_modules/expect/build/index.js:2241:6)
      at Object.toHaveAttribute (tests/components/Caption.author.test.tsx:98:26)

FAIL tests/alabaster-tags.test.js
  ● Alabaster YAML v2.0 Data Structure › should only show non-empty categories

    TestingLibraryElementError: Unable to find an element with the text: Process. This could be because the text is broken up by multiple elements. In this case, you can provide a function for your text matcher to make your matcher more flexible.

    Ignored nodes: comments, script, style
    [36m<body>[39m
      [36m<div>[39m
        [36m<div[39m
          [33mclass[39m=[32m"tags-container my-6"[39m
          [33mdata-testid[39m=[32m"tags-container"[39m
        [36m>[39m
          [36m<header[39m
            [33maria-labelledby[39m=[32m"card-header-tags-1jpdl"[39m
            [33mclass[39m=[32m"header-wrapper w-full "[39m
            [33mdata-header-level[39m=[32m"card"[39m
            [33mdata-priority[39m=[32m"medium"[39m
            [33mdata-search-keywords[39m=[32m""[39m
          [36m>[39m
            [36m<h3[39m
              [33maria-level[39m=[32m"3"[39m
              [33mclass[39m=[32m"font-semibold text-white transition-all duration-200 ease-in-out focus:outline-none focus:ring-2 focus:ring-blue-500 focus:ring-offset-2 focus:ring-offset-gray-900 text-base font-semibold mb-2 text-gray-200 text-left priority-medium"[39m
              [33mdata-testid[39m=[32m"header-card"[39m
              [33mid[39m=[32m"card-header-tags-1jpdl"[39m
              [33mrole[39m=[32m"heading"[39m
              [33mtabindex[39m=[32m"-1"[39m
            [36m>[39m
              [0mTags[0m
            [36m</h3>[39m
          [36m</header>[39m
          [0m      [0m
          [36m<div[39m
            [33mclass[39m=[32m"mb-3 p-3 bg-gray-50 dark:bg-gray-800 rounded-lg text-sm"[39m
          [36m>[39m
            [36m<div[39m
              [33mclass[39m=[32m"flex flex-wrap gap-4"[39m
            [36m>[39m
              [36m<span[39m
                [33mclass[39m=[32m"font-medium"[39m
              [36m>[39m
                [0mMaterial: [0m
                [36m<span[39m
                  [33mclass[39m=[32m"font-normal"[39m
                [36m>[39m
                  [0mAlabaster[0m
                [36m</span>[39m
              [36m</span>[39m
              [36m<span[39m
                [33mclass[39m=[32m"font-medium"[39m
              [36m>[39m
                [0mTags: [0m
                [36m<span[39m
                  [33mclass[39m=[32m"font-normal"[39m
                [36m>[39m
                  [0m8[0m
                [36m</span>[39m
              [36m</span>[39m
              [36m<span[39m
                [33mclass[39m=[32m"font-medium"[39m
              [36m>[39m
                [0mCategories: [0m
                [36m<span[39m
                  [33mclass[39m=[32m"font-normal"[39m
                [36m>[39m
                  [0mProcess, Other[0m
                [36m</span>[39m
              [36m</span>[39m
              [36m<span[39m
                [33mclass[39m=[32m"font-medium"[39m
              [36m>[39m
                [0mFormat: [0m
                [36m<span[39m
                  [33mclass[39m=[32m"font-normal"[39m
                [36m>[39m
                  [0myaml[0m
                  [0m v[0m
                  [0m2.0[0m
                [36m</span>[39m
              [36m</span>[39m
            [36m</div>[39m
          [36m</div>[39m
          [36m<div[39m
            [33mclass[39m=[32m"space-y-3"[39m
          [36m>[39m
            [36m<div>[39m
              [36m<header[39m
                [33maria-labelledby[39m=[32m"card-header-process-tags-ypff56"[39m
                [33mclass[39m=[32m"header-wrapper w-full "[39m
                [33mdata-header-level[39m=[32m"card"[39m
                [33mdata-priority[39m=[32m"medium"[39m
                [33mdata-search-keywords[39m=[32m""[39m
              [36m>[39m
                [36m<h3[39m
                  [33maria-level[39m=[32m"3"[39m
                  [33mclass[39m=[32m"font-semibold text-white transition-all duration-200 ease-in-out focus:outline-none focus:ring-2 focus:ring-blue-500 focus:ring-offset-2 focus:ring-offset-gray-900 text-base font-semibold mb-2 text-gray-200 text-left priority-medium text-sm font-semibold mb-2 text-gray-700 dark:text-gray-300"[39m
                  [33mdata-testid[39m=[32m"header-card"[39m
                  [33mid[39m=[32m"card-header-process-tags-ypff56"[39m
                  [33mrole[39m=[32m"heading"[39m
                  [33mtabindex[39m=[32m"-1"[39m
                [36m>[39m
                  [0mProcess Tags[0m
                [36m</h3>[39m
              [36m</header>[39m
              [36m<div[39m
                [33mclass[39m=[32m"flex flex-wrap gap-2"[39m
              [36m>[39m
                [36m<a[39m
                  [33mhref[39m=[32m"/search?q=restoration"[39m
                [36m>[39m
                  [36m<a[39m
                    [33maria-label[39m=[32m"View all articles tagged with restoration"[39m
                    [33mclass[39m=[32m"inline-block px-3 py-2 rounded-full text-sm font-medium bg-gray-800 text-blue-800 dark:text-blue-200  cursor-pointer flex items-center"[39m
                    [33mtitle[39m=[32m"View all articles tagged with restoration"[39m
                  [36m>[39m
                    [0mRestoration[0m
                  [36m</a>[39m
                [36m</a>[39m
                [36m<a[39m
                  [33mhref[39m=[32m"/search?q=polishing"[39m
                [36m>[39m
                  [36m<a[39m
                    [33maria-label[39m=[32m"View all articles tagged with polishing"[39m
                    [33mclass[39m=[32m"inline-block px-3 py-2 rounded-full text-sm font-medium bg-gray-800 text-blue-800 dark:text-blue-200  cursor-pointer flex items-center"[39m
                    [33mtitle[39m=[32m"View all articles tagged with polishing"[39m
                  [36m>[39m
                    [0mPolishing[0m
                  [36m</a>[39m
                [36m</a>[39m
                [36m<a[39m
                  [33mhref[39m=[32m"/search?q=texturing"[39m
                [36m>[39m
                  [36m<a[39m
                    [33maria-label[39m=[32m"View all articles tagged with texturing"[39m
                    [33mclass[39m=[32m"inline-block px-3 py-2 rounded-full text-sm font-medium bg-gray-800 text-blue-800 dark:text-blue-200  cursor-pointer flex items-center"[39m
                    [33mtitle[39m=[32m"View all articles tagged with texturing"[39m
                  [36m>[39m
                    [0mTexturing[0m
                  [36m</a>[39m
                [36m</a>[39m
              [36m</div>[39m
            [36m</div>[39m
            [36m<div>[39m
              [36m<header[39m
                [33maria-labelledby[39m=[32m"card-header-other-tags-sz5ieh"[39m
                [33mclass[39m=[32m"header-wrapper w-full "[39m
                [33mdata-header-level[39m=[32m"card"[39m
                [33mdata-priority[39m=[32m"medium"[39m
                [33mdata-search-keywords[39m=[32m""[39m
              [36m>[39m
                [36m<h3[39m
                  [33maria-level[39m=[32m"3"[39m
                  [33mclass[39m=[32m"font-semibold text-white transition-all duration-200 ease-in-out focus:outline-none focus:ring-2 focus:ring-blue-500 focus:ring-offset-2 focus:ring-offset-gray-900 text-base font-semibold mb-2 text-gray-200 text-left priority-medium text-sm font-semibold mb-2 text-gray-700 dark:text-gray-300"[39m
                  [33mdata-testid[39m=[32m"header-card"[39m
                  [33mid[39m=[32m"card-header-other-tags-sz5ieh"[39m
                  [33mrole[39m=[32m"heading"[39m
                  [33mtabindex[39m=[32m"-1"[39m
                [36m>[39m
                  [0mOther Tags[0m
                [36m</h3>[39m
              [36m</header>[39m
              [36m<div[39m
                [33mclass[39m=[32m"flex flex-wrap gap-2"[39m
              [36m>[39m
                [36m<a[39m
                  [33mhref[39m=[32m"/search?q=stone"[39m
                [36m>[39m
                  [36m<a[39m
                    [33maria-label[39m=[32m"View all articles tagged with stone"[39m
                    [33mclass[39m=[32m"inline-block px-3 py-2 rounded-full text-sm font-medium bg-gray-800 text-blue-800 dark:text-blue-200  cursor-pointer flex items-center"[39m
                    [33mtitle[39m=[32m"View all articles tagged with stone"[39m
                  [36m>[39m
                    [0mStone[0m
                  [36m</a>[39m
                [36m</a>[39m
                [36m<a[39m
                  [33mhref[39m=[32m"/search?q=gypsum"[39m
                [36m>[39m
                  [36m<a[39m
                    [33maria-label[39m=[32m"View all articles tagged with gypsum"[39m
                    [33mclass[39m=[32m"inline-block px-3 py-2 rounded-full text-sm font-medium bg-gray-800 text-blue-800 dark:text-blue-200  cursor-pointer flex items-center"[39m
                    [33mtitle[39m=[32m"View all articles tagged with gypsum"[39m
                  [36m>[39m
                    [0mGypsum[0m
                  [36m</a>[39m
                [36m</a>[39m
                [36m<a[39m
                  [33mhref[39m=[32m"/search?q=conservation"[39m
                [36m>[39m
                  [36m<a[39m
                    [33maria-label[39m=[32m"View all articles tagged with conservation"[39m
                    [33mclass[39m=[32m"inline-block px-3 py-2 rounded-full text-sm font-medium bg-gray-800 text-blue-800 dark:text-blue-200  cursor-pointer flex items-center"[39m
                    [33mtitle[39m=[32m"View all articles tagged with conservation"[39m
                  [36m>[39m
                    [0mConservation[0m
                  [36m</a>[39m
                [36m</a>[39m
                [36m<a[39m
                  [33mhref[39m=[32m"/search?q=sculpture"[39m
                [36m>[39m
                  [36m<a[39m
                    [33maria-label[39m=[32m"View all articles tagged with sculpture"[39m
                    [33mclass[39m=[32m"inline-block px-3 py-2 rounded-full text-sm font-medium bg-gray-800 text-blue-800 dark:text-blue-200  cursor-pointer flex items-center"[39m
                    [33mtitle[39m=[32m"View all articles tagged with sculpture"[39m
                  [36m>[39m
                    [0mSculpture[0m
                  [36m</a>[39m
                [36m</a>[39m
                [36m<a[39m
                  [33mhref[39m=[32m"/search?q=architecture"[39m
                [36m>[39m
                  [36m<a[39m
                    [33maria-label[39m=[32m"View all articles tagged with architecture"[39m
                    [33mclass[39m=[32m"inline-block px-3 py-2 rounded-full text-sm font-medium bg-gray-800 text-blue-800 dark:text-blue-200  cursor-pointer flex items-center"[39m
                    [33mtitle[39m=[32m"View all articles tagged with architecture"[39m
                  [36m>[39m
                    [0mArchitecture[0m
                  [36m</a>[39m
                [36m</a>[39m
              [36m</div>[39m
            [36m</div>[39m
          [36m</div>[39m
        [36m</div>[39m
      [36m</div>[39m
    [36m</body>[39m

      62 |     
      63 |     // Should show non-empty categories
    > 64 |     expect(screen.getByText('Process')).toBeInTheDocument();
         |                   ^
      65 |     expect(screen.getByText('Other')).toBeInTheDocument();
      66 |     
      67 |     // Should NOT show empty categories

      at Object.getElementError (node_modules/@testing-library/dom/dist/config.js:37:19)
      at node_modules/@testing-library/dom/dist/query-helpers.js:76:38
      at node_modules/@testing-library/dom/dist/query-helpers.js:52:17
      at node_modules/@testing-library/dom/dist/query-helpers.js:95:19
      at Object.getByText (tests/alabaster-tags.test.js:64:19)

  ● Alabaster YAML v2.0 Data Structure › should correctly categorize tags

    TestingLibraryElementError: Unable to find an element with the text: Process. This could be because the text is broken up by multiple elements. In this case, you can provide a function for your text matcher to make your matcher more flexible.

    Ignored nodes: comments, script, style
    [36m<body>[39m
      [36m<div>[39m
        [36m<div[39m
          [33mclass[39m=[32m"tags-container my-6"[39m
          [33mdata-testid[39m=[32m"tags-container"[39m
        [36m>[39m
          [36m<header[39m
            [33maria-labelledby[39m=[32m"card-header-tags-1jpdl"[39m
            [33mclass[39m=[32m"header-wrapper w-full "[39m
            [33mdata-header-level[39m=[32m"card"[39m
            [33mdata-priority[39m=[32m"medium"[39m
            [33mdata-search-keywords[39m=[32m""[39m
          [36m>[39m
            [36m<h3[39m
              [33maria-level[39m=[32m"3"[39m
              [33mclass[39m=[32m"font-semibold text-white transition-all duration-200 ease-in-out focus:outline-none focus:ring-2 focus:ring-blue-500 focus:ring-offset-2 focus:ring-offset-gray-900 text-base font-semibold mb-2 text-gray-200 text-left priority-medium"[39m
              [33mdata-testid[39m=[32m"header-card"[39m
              [33mid[39m=[32m"card-header-tags-1jpdl"[39m
              [33mrole[39m=[32m"heading"[39m
              [33mtabindex[39m=[32m"-1"[39m
            [36m>[39m
              [0mTags[0m
            [36m</h3>[39m
          [36m</header>[39m
          [0m      [0m
          [36m<div[39m
            [33mclass[39m=[32m"space-y-3"[39m
          [36m>[39m
            [36m<div>[39m
              [36m<header[39m
                [33maria-labelledby[39m=[32m"card-header-process-tags-ypff56"[39m
                [33mclass[39m=[32m"header-wrapper w-full "[39m
                [33mdata-header-level[39m=[32m"card"[39m
                [33mdata-priority[39m=[32m"medium"[39m
                [33mdata-search-keywords[39m=[32m""[39m
              [36m>[39m
                [36m<h3[39m
                  [33maria-level[39m=[32m"3"[39m
                  [33mclass[39m=[32m"font-semibold text-white transition-all duration-200 ease-in-out focus:outline-none focus:ring-2 focus:ring-blue-500 focus:ring-offset-2 focus:ring-offset-gray-900 text-base font-semibold mb-2 text-gray-200 text-left priority-medium text-sm font-semibold mb-2 text-gray-700 dark:text-gray-300"[39m
                  [33mdata-testid[39m=[32m"header-card"[39m
                  [33mid[39m=[32m"card-header-process-tags-ypff56"[39m
                  [33mrole[39m=[32m"heading"[39m
                  [33mtabindex[39m=[32m"-1"[39m
                [36m>[39m
                  [0mProcess Tags[0m
                [36m</h3>[39m
              [36m</header>[39m
              [36m<div[39m
                [33mclass[39m=[32m"flex flex-wrap gap-2"[39m
              [36m>[39m
                [36m<a[39m
                  [33mhref[39m=[32m"/search?q=restoration"[39m
                [36m>[39m
                  [36m<a[39m
                    [33maria-label[39m=[32m"View all articles tagged with restoration"[39m
                    [33mclass[39m=[32m"inline-block px-3 py-2 rounded-full text-sm font-medium bg-gray-800 text-blue-800 dark:text-blue-200  cursor-pointer flex items-center"[39m
                    [33mtitle[39m=[32m"View all articles tagged with restoration"[39m
                  [36m>[39m
                    [0mRestoration[0m
                  [36m</a>[39m
                [36m</a>[39m
                [36m<a[39m
                  [33mhref[39m=[32m"/search?q=polishing"[39m
                [36m>[39m
                  [36m<a[39m
                    [33maria-label[39m=[32m"View all articles tagged with polishing"[39m
                    [33mclass[39m=[32m"inline-block px-3 py-2 rounded-full text-sm font-medium bg-gray-800 text-blue-800 dark:text-blue-200  cursor-pointer flex items-center"[39m
                    [33mtitle[39m=[32m"View all articles tagged with polishing"[39m
                  [36m>[39m
                    [0mPolishing[0m
                  [36m</a>[39m
                [36m</a>[39m
                [36m<a[39m
                  [33mhref[39m=[32m"/search?q=texturing"[39m
                [36m>[39m
                  [36m<a[39m
                    [33maria-label[39m=[32m"View all articles tagged with texturing"[39m
                    [33mclass[39m=[32m"inline-block px-3 py-2 rounded-full text-sm font-medium bg-gray-800 text-blue-800 dark:text-blue-200  cursor-pointer flex items-center"[39m
                    [33mtitle[39m=[32m"View all articles tagged with texturing"[39m
                  [36m>[39m
                    [0mTexturing[0m
                  [36m</a>[39m
                [36m</a>[39m
              [36m</div>[39m
            [36m</div>[39m
            [36m<div>[39m
              [36m<header[39m
                [33maria-labelledby[39m=[32m"card-header-other-tags-sz5ieh"[39m
                [33mclass[39m=[32m"header-wrapper w-full "[39m
                [33mdata-header-level[39m=[32m"card"[39m
                [33mdata-priority[39m=[32m"medium"[39m
                [33mdata-search-keywords[39m=[32m""[39m
              [36m>[39m
                [36m<h3[39m
                  [33maria-level[39m=[32m"3"[39m
                  [33mclass[39m=[32m"font-semibold text-white transition-all duration-200 ease-in-out focus:outline-none focus:ring-2 focus:ring-blue-500 focus:ring-offset-2 focus:ring-offset-gray-900 text-base font-semibold mb-2 text-gray-200 text-left priority-medium text-sm font-semibold mb-2 text-gray-700 dark:text-gray-300"[39m
                  [33mdata-testid[39m=[32m"header-card"[39m
                  [33mid[39m=[32m"card-header-other-tags-sz5ieh"[39m
                  [33mrole[39m=[32m"heading"[39m
                  [33mtabindex[39m=[32m"-1"[39m
                [36m>[39m
                  [0mOther Tags[0m
                [36m</h3>[39m
              [36m</header>[39m
              [36m<div[39m
                [33mclass[39m=[32m"flex flex-wrap gap-2"[39m
              [36m>[39m
                [36m<a[39m
                  [33mhref[39m=[32m"/search?q=stone"[39m
                [36m>[39m
                  [36m<a[39m
                    [33maria-label[39m=[32m"View all articles tagged with stone"[39m
                    [33mclass[39m=[32m"inline-block px-3 py-2 rounded-full text-sm font-medium bg-gray-800 text-blue-800 dark:text-blue-200  cursor-pointer flex items-center"[39m
                    [33mtitle[39m=[32m"View all articles tagged with stone"[39m
                  [36m>[39m
                    [0mStone[0m
                  [36m</a>[39m
                [36m</a>[39m
                [36m<a[39m
                  [33mhref[39m=[32m"/search?q=gypsum"[39m
                [36m>[39m
                  [36m<a[39m
                    [33maria-label[39m=[32m"View all articles tagged with gypsum"[39m
                    [33mclass[39m=[32m"inline-block px-3 py-2 rounded-full text-sm font-medium bg-gray-800 text-blue-800 dark:text-blue-200  cursor-pointer flex items-center"[39m
                    [33mtitle[39m=[32m"View all articles tagged with gypsum"[39m
                  [36m>[39m
                    [0mGypsum[0m
                  [36m</a>[39m
                [36m</a>[39m
                [36m<a[39m
                  [33mhref[39m=[32m"/search?q=conservation"[39m
                [36m>[39m
                  [36m<a[39m
                    [33maria-label[39m=[32m"View all articles tagged with conservation"[39m
                    [33mclass[39m=[32m"inline-block px-3 py-2 rounded-full text-sm font-medium bg-gray-800 text-blue-800 dark:text-blue-200  cursor-pointer flex items-center"[39m
                    [33mtitle[39m=[32m"View all articles tagged with conservation"[39m
                  [36m>[39m
                    [0mConservation[0m
                  [36m</a>[39m
                [36m</a>[39m
                [36m<a[39m
                  [33mhref[39m=[32m"/search?q=sculpture"[39m
                [36m>[39m
                  [36m<a[39m
                    [33maria-label[39m=[32m"View all articles tagged with sculpture"[39m
                    [33mclass[39m=[32m"inline-block px-3 py-2 rounded-full text-sm font-medium bg-gray-800 text-blue-800 dark:text-blue-200  cursor-pointer flex items-center"[39m
                    [33mtitle[39m=[32m"View all articles tagged with sculpture"[39m
                  [36m>[39m
                    [0mSculpture[0m
                  [36m</a>[39m
                [36m</a>[39m
                [36m<a[39m
                  [33mhref[39m=[32m"/search?q=architecture"[39m
                [36m>[39m
                  [36m<a[39m
                    [33maria-label[39m=[32m"View all articles tagged with architecture"[39m
                    [33mclass[39m=[32m"inline-block px-3 py-2 rounded-full text-sm font-medium bg-gray-800 text-blue-800 dark:text-blue-200  cursor-pointer flex items-center"[39m
                    [33mtitle[39m=[32m"View all articles tagged with architecture"[39m
                  [36m>[39m
                    [0mArchitecture[0m
                  [36m</a>[39m
                [36m</a>[39m
              [36m</div>[39m
            [36m</div>[39m
          [36m</div>[39m
        [36m</div>[39m
      [36m</div>[39m
    [36m</body>[39m

      78 |     
      79 |     // Check process category tags
    > 80 |     expect(screen.getByText('Process')).toBeInTheDocument();
         |                   ^
      81 |     expect(screen.getByText('Restoration')).toBeInTheDocument();
      82 |     expect(screen.getByText('Polishing')).toBeInTheDocument();
      83 |     expect(screen.getByText('Texturing')).toBeInTheDocument();

      at Object.getElementError (node_modules/@testing-library/dom/dist/config.js:37:19)
      at node_modules/@testing-library/dom/dist/query-helpers.js:76:38
      at node_modules/@testing-library/dom/dist/query-helpers.js:52:17
      at node_modules/@testing-library/dom/dist/query-helpers.js:95:19
      at Object.getByText (tests/alabaster-tags.test.js:80:19)

FAIL tests/components/CaptionContentValidation.test.ts
  ● Caption Component Content Validation › should find caption files in the directory

    expect(received).toBeGreaterThan(expected)

    Expected: > 0
    Received:   0

      22 |
      23 |   test('should find caption files in the directory', () => {
    > 24 |     expect(captionFiles.length).toBeGreaterThan(0);
         |                                 ^
      25 |     expect(captionFiles.length).toBeGreaterThan(50); // Expect many material caption files
      26 |   });
      27 |

      at Object.toBeGreaterThan (tests/components/CaptionContentValidation.test.ts:24:33)

FAIL tests/utils/contentAPI.test.js
  ● Content API Utils › loadPageData › should combine metadata and components

    expect(received).toEqual(expected) // deep equality

    - Expected  - 3
    + Received  + 1

    - Object {
    -   "title": "Test Page",
    - }
    + Object {}

      356 |       expect(result).toHaveProperty('metadata');
      357 |       expect(result).toHaveProperty('components');
    > 358 |       expect(result.metadata).toEqual({ title: 'Test Page' });
          |                               ^
      359 |     });
      360 |
      361 |     test('should handle errors gracefully', async () => {

      at Object.toEqual (tests/utils/contentAPI.test.js:358:31)

FAIL tests/utils/helpers.test.js
  ● Helper utilities › isBrowser › should return false in Node.js environment

    expect(received).toBe(expected) // Object.is equality

    Expected: false
    Received: true

      292 |     test('should return false in Node.js environment', () => {
      293 |       // In Jest/Node environment, window is undefined
    > 294 |       expect(isBrowser()).toBe(false);
          |                           ^
      295 |     });
      296 |
      297 |     test('should return true when window is defined', () => {

      at Object.toBe (tests/utils/helpers.test.js:294:27)

  ● Helper utilities › prefersReducedMotion › should return true when user prefers reduced motion

    expect(received).toBe(expected) // Object.is equality

    Expected: true
    Received: false

      315 |       };
      316 |       
    > 317 |       expect(prefersReducedMotion()).toBe(true);
          |                                      ^
      318 |       
      319 |       // Cleanup
      320 |       delete global.window;

      at Object.toBe (tests/utils/helpers.test.js:317:38)

FAIL tests/standards/PWAManifest.test.tsx
  ● PWA Manifest Standards › Icons Configuration › should have required icon sizes

    expect(received).toContain(expected) // indexOf

    Expected value: "72x72"
    Received array: ["350x350"]

      78 |       
      79 |       requiredSizes.forEach(size => {
    > 80 |         expect(iconSizes).toContain(size);
         |                           ^
      81 |       });
      82 |     });
      83 |

      at toContain (tests/standards/PWAManifest.test.tsx:80:27)
          at Array.forEach (<anonymous>)
      at Object.forEach (tests/standards/PWAManifest.test.tsx:79:21)

FAIL tests/accessibility/MetricsCard.comprehensive.test.tsx
  ● MetricsCard Comprehensive Accessibility › WCAG 2.1 AA Compliance › passes axe accessibility scan with zero violations

    expect(received).toHaveNoViolations(expected)

    Expected the HTML found at $('#progress-Thermal\ Conductivity') to have no violations:

    <div id="progress-Thermal Conductivity" role="progressbar" aria-valuenow="45.5" aria-valuemin="0.1" aria-valuemax="429" aria-labelledby="progress-label-Thermal Conductivity" aria-describedby="progress-desc-Thermal Conductivity" tabindex="0" class="w-full h-3 bg-white/20 dark:bg-white/10 rounded-full overflow-hidden focus:ring-2 focus:ring-blue-500 focus:outline-none" data-property="thermal_conductivity" data-percentage="11" data-component="progress-bar" itemprop="value">

    Received:

    "ARIA progressbar nodes must have an accessible name (aria-progressbar-name)"

    Fix any of the following:
      aria-label attribute does not exist or is empty
      aria-labelledby attribute does not exist, references elements that do not exist or references elements that are empty
      Element has no title attribute

    You can find more information on this issue here: 
    https://dequeuniversity.com/rules/axe/4.10/aria-progressbar-name?application=axeAPI

    ────────

    Expected the HTML found at $('figure') to have no violations:

    <figure class="w-full" role="img" aria-labelledby="progress-label-Thermal Conductivity" aria-describedby="progress-desc-Thermal Conductivity">

    Received:

    "Interactive controls must not be nested (nested-interactive)"

    Fix any of the following:
      Element has focusable descendants

    You can find more information on this issue here: 
    https://dequeuniversity.com/rules/axe/4.10/nested-interactive?application=axeAPI

    ────────

    Expected the HTML found at $('figure') to have no violations:

    <figure class="w-full" role="img" aria-labelledby="progress-label-Thermal Conductivity" aria-describedby="progress-desc-Thermal Conductivity">

    Received:

    "[role=\"img\"] elements must have an alternative text (role-img-alt)"

    Fix any of the following:
      aria-label attribute does not exist or is empty
      aria-labelledby attribute does not exist, references elements that do not exist or references elements that are empty
      Element has no title attribute

    You can find more information on this issue here: 
    https://dequeuniversity.com/rules/axe/4.10/role-img-alt?application=axeAPI

      23 |       const { container } = render(<MetricsCard {...mockProps} />);
      24 |       const results = await axe(container);
    > 25 |       expect(results).toHaveNoViolations();
         |                       ^
      26 |     });
      27 |
      28 |     test('implements semantic HTML structure correctly', () => {

      at Object.toHaveNoViolations (tests/accessibility/MetricsCard.comprehensive.test.tsx:25:23)

  ● MetricsCard Comprehensive Accessibility › WCAG 2.1 AA Compliance › implements semantic HTML structure correctly

    TestingLibraryElementError: Unable to find an accessible element with the role "heading"

    Here are the accessible roles:

      link:

      Name "Navigate to search results for thermal_conductivity: 45.5W/mK":
      [36m<a[39m
        [33maria-describedby[39m=[32m"metric-desc-Thermal Conductivity"[39m
        [33maria-label[39m=[32m"Navigate to search results for thermal_conductivity: 45.5W/mK"[39m
        [33mclass[39m=[32m"rounded-lg p-3 block h-24 cursor-pointer hover:shadow-xl hover:scale-[1.03] hover:-translate-y-1 transition-all duration-300 ease-out focus:ring-2 focus:ring-blue-500 focus:outline-none focus:ring-offset-2 min-h-[44px] min-w-[44px] "[39m
        [33mhref[39m=[32m"/search?property=thermal_conductivity&value=45.5"[39m
        [33mstyle[39m=[32m"--hover-bg-color: undefined80; transition: all 0.3s ease-out;"[39m
        [33mtitle[39m=[32m"Search for thermal_conductivity: 45.5W/mK"[39m
      [36m/>[39m

      --------------------------------------------------
      article:

      Name "":
      [36m<article[39m
        [33maria-describedby[39m=[32m"metric-desc-Thermal Conductivity"[39m
        [33maria-labelledby[39m=[32m"metric-title-Thermal Conductivity"[39m
        [33mclass[39m=[32m"h-full flex flex-col"[39m
        [33mdata-component[39m=[32m"metrics-card"[39m
        [33mdata-has-range[39m=[32m"true"[39m
        [33mdata-property[39m=[32m"thermal_conductivity"[39m
        [33mdata-searchable[39m=[32m"true"[39m
        [33mdata-unit[39m=[32m"W/mK"[39m
        [33mdata-value[39m=[32m"45.5"[39m
        [33mid[39m=[32m"metric-card-Thermal Conductivity"[39m
        [33mitemscope[39m=[32m""[39m
        [33mitemtype[39m=[32m"https://schema.org/PropertyValue"[39m
        [33mrole[39m=[32m"article"[39m
        [33mtabindex[39m=[32m"0"[39m
      [36m/>[39m

      --------------------------------------------------
      region:

      Name "Metric visualization":
      [36m<section[39m
        [33maria-label[39m=[32m"Metric visualization"[39m
        [33mclass[39m=[32m"mb-1"[39m
      [36m/>[39m

      --------------------------------------------------
      img:

      Name "":
      [36m<figure[39m
        [33maria-describedby[39m=[32m"progress-desc-Thermal Conductivity"[39m
        [33maria-labelledby[39m=[32m"progress-label-Thermal Conductivity"[39m
        [33mclass[39m=[32m"w-full"[39m
        [33mrole[39m=[32m"img"[39m
      [36m/>[39m

      --------------------------------------------------
      progressbar:

      Name "":
      [36m<div[39m
        [33maria-describedby[39m=[32m"progress-desc-Thermal Conductivity"[39m
        [33maria-labelledby[39m=[32m"progress-label-Thermal Conductivity"[39m
        [33maria-valuemax[39m=[32m"429"[39m
        [33maria-valuemin[39m=[32m"0.1"[39m
        [33maria-valuenow[39m=[32m"45.5"[39m
        [33mclass[39m=[32m"w-full h-3 bg-white/20 dark:bg-white/10 rounded-full overflow-hidden focus:ring-2 focus:ring-blue-500 focus:outline-none"[39m
        [33mdata-component[39m=[32m"progress-bar"[39m
        [33mdata-percentage[39m=[32m"11"[39m
        [33mdata-property[39m=[32m"thermal_conductivity"[39m
        [33mid[39m=[32m"progress-Thermal Conductivity"[39m
        [33mitemprop[39m=[32m"value"[39m
        [33mrole[39m=[32m"progressbar"[39m
        [33mtabindex[39m=[32m"0"[39m
      [36m/>[39m

      --------------------------------------------------
      heading:

      Name "Thermal Conductivity W/mK":
      [36m<h4[39m
        [33mclass[39m=[32m"font-bold text-xs text-white/90"[39m
        [33mdata-component[39m=[32m"metric-title"[39m
        [33mdata-property[39m=[32m"thermal_conductivity"[39m
        [33mid[39m=[32m"metric-title-Thermal Conductivity"[39m
        [33mitemprop[39m=[32m"name"[39m
      [36m/>[39m

      --------------------------------------------------

    Ignored nodes: comments, script, style
    [36m<body>[39m
      [36m<div>[39m
        [36m<a[39m
          [33maria-describedby[39m=[32m"metric-desc-Thermal Conductivity"[39m
          [33maria-label[39m=[32m"Navigate to search results for thermal_conductivity: 45.5W/mK"[39m
          [33mclass[39m=[32m"rounded-lg p-3 block h-24 cursor-pointer hover:shadow-xl hover:scale-[1.03] hover:-translate-y-1 transition-all duration-300 ease-out focus:ring-2 focus:ring-blue-500 focus:outline-none focus:ring-offset-2 min-h-[44px] min-w-[44px] "[39m
          [33mhref[39m=[32m"/search?property=thermal_conductivity&value=45.5"[39m
          [33mstyle[39m=[32m"--hover-bg-color: undefined80; transition: all 0.3s ease-out;"[39m
          [33mtitle[39m=[32m"Search for thermal_conductivity: 45.5W/mK"[39m
        [36m>[39m
          [36m<article[39m
            [33maria-describedby[39m=[32m"metric-desc-Thermal Conductivity"[39m
            [33maria-labelledby[39m=[32m"metric-title-Thermal Conductivity"[39m
            [33mclass[39m=[32m"h-full flex flex-col"[39m
            [33mdata-component[39m=[32m"metrics-card"[39m
            [33mdata-has-range[39m=[32m"true"[39m
            [33mdata-property[39m=[32m"thermal_conductivity"[39m
            [33mdata-searchable[39m=[32m"true"[39m
            [33mdata-unit[39m=[32m"W/mK"[39m
            [33mdata-value[39m=[32m"45.5"[39m
            [33mid[39m=[32m"metric-card-Thermal Conductivity"[39m
            [33mitemscope[39m=[32m""[39m
            [33mitemtype[39m=[32m"https://schema.org/PropertyValue"[39m
            [33mrole[39m=[32m"article"[39m
            [33mtabindex[39m=[32m"0"[39m
          [36m>[39m
            [36m<div[39m
              [33mclass[39m=[32m"sr-only"[39m
              [33mid[39m=[32m"metric-desc-Thermal Conductivity"[39m
            [36m>[39m
              [0mMetric showing thermal_conductivity with value 45.5 W/mK, ranging from 0.1 to 429 W/mK[0m
              [0m. Press Enter or Space to search for this metric.[0m
            [36m</div>[39m
            [36m<section[39m
              [33maria-label[39m=[32m"Metric visualization"[39m
              [33mclass[39m=[32m"mb-1"[39m
            [36m>[39m
              [36m<figure[39m
                [33maria-describedby[39m=[32m"progress-desc-Thermal Conductivity"[39m
                [33maria-labelledby[39m=[32m"progress-label-Thermal Conductivity"[39m
                [33mclass[39m=[32m"w-full"[39m
                [33mrole[39m=[32m"img"[39m
              [36m>[39m
                [36m<figcaption[39m
                  [33mclass[39m=[32m"sr-only"[39m
                  [33mid[39m=[32m"progress-label-Thermal Conductivity"[39m
                [36m>[39m
                  [0mThermal Conductivity[0m
                  [0m progress indicator[0m
                [36m</figcaption>[39m
                [36m<div[39m
                  [33mclass[39m=[32m"sr-only"[39m
                  [33mid[39m=[32m"progress-desc-Thermal Conductivity"[39m
                [36m>[39m
                  [0mCurrent value: [0m
                  [36m<data[39m
                    [33mdata-context[39m=[32m"material_property"[39m
                    [33mdata-magnitude[39m=[32m"medium"[39m
                    [33mdata-precision[39m=[32m"1"[39m
                    [33mdata-property[39m=[32m"thermal_conductivity"[39m
                    [33mdata-type[39m=[32m"measurement"[39m
                    [33mdata-unit[39m=[32m"W/mK"[39m
                    [33mitemprop[39m=[32m"value"[39m
                    [33mitemtype[39m=[32m"https://schema.org/PropertyValue"[39m
                    [33mvalue[39m=[32m"45.5"[39m
                  [36m>[39m
                    [0m45.5[0m
                  [36m</data>[39m
                  [0m [0m
                  [0mW/mK[0m
                  [0m. Range: [0m
                  [0m0.1[0m
                  [0m to [0m
                  [0m429[0m
                  [0m [0m
                  [0mW/mK[0m
                  [0m. Progress: [0m
                  [0m11[0m
                  [0m% of maximum.[0m
                [36m</div>[39m
                [36m<div[39m
                  [33mclass[39m=[32m"relative w-full mb-1 h-4"[39m
                [36m>[39m
                  [36m<div[39m
                    [33maria-hidden[39m=[32m"true"[39m
                    [33mclass[39m=[32m"absolute text-lg font-bold text-white/90 z-10"[39m
                    [33mstyle[39m=[32m"left: 10.585217999533691%; transform: none; top: -8px;"[39m
                  [36m>[39m
                    [36m<data[39m
                      [33mdata-context[39m=[32m"material_property"[39m
                      [33mdata-magnitude[39m=[32m"medium"[39m
                      [33mdata-position[39m=[32m"current"[39m
                      [33mdata-precision[39m=[32m"1"[39m
                      [33mdata-property[39m=[32m"thermal_conductivity"[39m
                      [33mdata-type[39m=[32m"measurement"[39m
                      [33mdata-unit[39m=[32m"W/mK"[39m
                      [33mitemprop[39m=[32m"value"[39m
                      [33mitemtype[39m=[32m"https://schema.org/PropertyValue"[39m
                      [33mvalue[39m=[32m"45.5"[39m
                    [36m>[39m
                      [0m45.5[0m
                    [36m</data>[39m
                  [36m</div>[39m
                [36m</div>[39m
                [36m<div[39m
                  [33mclass[39m=[32m"relative w-full mb-1"[39m
                [36m>[39m
                  [36m<div[39m
                    [33maria-describedby[39m=[32m"progress-desc-Thermal Conductivity"[39m
                    [33maria-labelledby[39m=[32m"progress-label-Thermal Conductivity"[39m
                    [33maria-valuemax[39m=[32m"429"[39m
                    [33maria-valuemin[39m=[32m"0.1"[39m
                    [33maria-valuenow[39m=[32m"45.5"[39m
                    [33mclass[39m=[32m"w-full h-3 bg-white/20 dark:bg-white/10 rounded-full overflow-hidden focus:ring-2 focus:ring-blue-500 focus:outline-none"[39m
                    [33mdata-component[39m=[32m"progress-bar"[39m
                    [33mdata-percentage[39m=[32m"11"[39m
                    [33mdata-property[39m=[32m"thermal_conductivity"[39m
                    [33mid[39m=[32m"progress-Thermal Conductivity"[39m
                    [33mitemprop[39m=[32m"value"[39m
                    [33mrole[39m=[32m"progressbar"[39m
                    [33mtabindex[39m=[32m"0"[39m
                  [36m>[39m
                    [36m<div[39m
                      [33maria-hidden[39m=[32m"true"[39m
                      [33mclass[39m=[32m"h-full opacity-30 rounded-full"[39m
                      [33mstyle[39m=[32m"background-color: rgb(79, 70, 229); width: 100%;"[39m
                    [36m/>[39m
                    [36m<div[39m
                      [33maria-hidden[39m=[32m"true"[39m
                      [33mclass[39m=[32m"absolute top-0 left-0 h-full opacity-90 rounded-l-full transition-all duration-300"[39m
                      [33mstyle[39m=[32m"background-color: rgb(79, 70, 229); width: 10.585217999533691%;"[39m
                    [36m/>[39m
                  [36m</div>[39m
                  [36m<div[39m
                    [33maria-hidden[39m=[32m"true"[39m
                    [33mclass[39m=[32m"absolute top-0 h-3 w-0.5 bg-white dark:bg-white/90 transform -translate-x-0.25 shadow-md rounded-full"[39m
                    [33mstyle[39m=[32m"left: 10.585217999533691%;"[39m
                  [36m/>[39m
                [36m</div>[39m
                [36m<div[39m
                  [33maria-hidden[39m=[32m"true"[39m
                  [33mclass[39m=[32m"flex justify-between items-center"[39m
                [36m>[39m
                  [36m<span[39m
                    [33mclass[39m=[32m"text-xs font-medium text-white/50"[39m
                  [36m>[39m
                    [36m<data[39m
                      [33mdata-context[39m=[32m"material_property"[39m
                      [33mdata-magnitude[39m=[32m"low"[39m
                      [33mdata-position[39m=[32m"minimum"[39m
                      [33mdata-precision[39m=[32m"1"[39m
                      [33mdata-property[39m=[32m"thermal_conductivity"[39m
                      [33mdata-type[39m=[32m"range_minimum"[39m
                      [33mdata-unit[39m=[32m"W/mK"[39m
                      [33mitemprop[39m=[32m"minValue"[39m
                      [33mitemtype[39m=[32m"https://schema.org/PropertyValue"[39m
                      [33mvalue[39m=[32m"0.1"[39m
                    [36m>[39m
                      [0m0.1[0m
                    [36m</data>[39m
                  [36m</span>[39m
                  [36m<span[39m
                    [33mclass[39m=[32m"text-xs font-medium text-white/50"[39m
                  [36m>[39m
                    [36m<data[39m
                      [33mdata-context[39m=[32m"material_property"[39m
                      [33mdata-magnitude[39m=[32m"medium"[39m
                      [33mdata-position[39m=[32m"maximum"[39m
                      [33mdata-precision[39m=[32m"0"[39m
                      [33mdata-property[39m=[32m"thermal_conductivity"[39m
                      [33mdata-type[39m=[32m"range_maximum"[39m
                      [33mdata-unit[39m=[32m"W/mK"[39m
                      [33mitemprop[39m=[32m"maxValue"[39m
                      [33mitemtype[39m=[32m"https://schema.org/PropertyValue"[39m
                      [33mvalue[39m=[32m"429"[39m
                    [36m>[39m
                      [0m429[0m
                    [36m</data>[39m
                  [36m</span>[39m
                [36m</div>[39m
              [36m</figure>[39m
            [36m</section>[39m
            [36m<section[39m
              [33mclass[39m=[32m"flex-1 flex flex-col justify-center text-center"[39m
            [36m>[39m
              [36m<h4[39m
                [33mclass[39m=[32m"font-bold text-xs text-white/90"[39m
                [33mdata-component[39m=[32m"metric-title"[39m
                [33mdata-property[39m=[32m"thermal_conductivity"[39m
                [33mid[39m=[32m"metric-title-Thermal Conductivity"[39m
                [33mitemprop[39m=[32m"name"[39m
              [36m>[39m
                [0mThermal Conductivity[0m
                [36m<span[39m
                  [33mclass[39m=[32m"font-normal ml-1"[39m
                  [33mtitle[39m=[32m"W/mK"[39m
                [36m>[39m
                  [0mW/mK[0m
                [36m</span>[39m
              [36m</h4>[39m
            [36m</section>[39m
          [36m</article>[39m
        [36m</a>[39m
      [36m</div>[39m
    [36m</body>[39m

      34 |       
      35 |       // Title is proper heading
    > 36 |       const heading = screen.getByRole('heading', { level: 3 });
         |                              ^
      37 |       expect(heading).toHaveTextContent('Thermal Conductivity');
      38 |       
      39 |       // Value uses semantic data element

      at Object.getElementError (node_modules/@testing-library/dom/dist/config.js:37:19)
      at node_modules/@testing-library/dom/dist/query-helpers.js:76:38
      at node_modules/@testing-library/dom/dist/query-helpers.js:52:17
      at node_modules/@testing-library/dom/dist/query-helpers.js:95:19
      at Object.getByRole (tests/accessibility/MetricsCard.comprehensive.test.tsx:36:30)

  ● MetricsCard Comprehensive Accessibility › WCAG 2.1 AA Compliance › provides comprehensive screen reader content

    TestingLibraryElementError: Unable to find an element with the text: /Current value: 45.5 W\/mK/. This could be because the text is broken up by multiple elements. In this case, you can provide a function for your text matcher to make your matcher more flexible.

    Ignored nodes: comments, script, style
    [36m<body>[39m
      [36m<div>[39m
        [36m<a[39m
          [33maria-describedby[39m=[32m"metric-desc-Thermal Conductivity"[39m
          [33maria-label[39m=[32m"Navigate to search results for thermal_conductivity: 45.5W/mK"[39m
          [33mclass[39m=[32m"rounded-lg p-3 block h-24 cursor-pointer hover:shadow-xl hover:scale-[1.03] hover:-translate-y-1 transition-all duration-300 ease-out focus:ring-2 focus:ring-blue-500 focus:outline-none focus:ring-offset-2 min-h-[44px] min-w-[44px] "[39m
          [33mhref[39m=[32m"/search?property=thermal_conductivity&value=45.5"[39m
          [33mstyle[39m=[32m"--hover-bg-color: undefined80; transition: all 0.3s ease-out;"[39m
          [33mtitle[39m=[32m"Search for thermal_conductivity: 45.5W/mK"[39m
        [36m>[39m
          [36m<article[39m
            [33maria-describedby[39m=[32m"metric-desc-Thermal Conductivity"[39m
            [33maria-labelledby[39m=[32m"metric-title-Thermal Conductivity"[39m
            [33mclass[39m=[32m"h-full flex flex-col"[39m
            [33mdata-component[39m=[32m"metrics-card"[39m
            [33mdata-has-range[39m=[32m"true"[39m
            [33mdata-property[39m=[32m"thermal_conductivity"[39m
            [33mdata-searchable[39m=[32m"true"[39m
            [33mdata-unit[39m=[32m"W/mK"[39m
            [33mdata-value[39m=[32m"45.5"[39m
            [33mid[39m=[32m"metric-card-Thermal Conductivity"[39m
            [33mitemscope[39m=[32m""[39m
            [33mitemtype[39m=[32m"https://schema.org/PropertyValue"[39m
            [33mrole[39m=[32m"article"[39m
            [33mtabindex[39m=[32m"0"[39m
          [36m>[39m
            [36m<div[39m
              [33mclass[39m=[32m"sr-only"[39m
              [33mid[39m=[32m"metric-desc-Thermal Conductivity"[39m
            [36m>[39m
              [0mMetric showing thermal_conductivity with value 45.5 W/mK, ranging from 0.1 to 429 W/mK[0m
              [0m. Press Enter or Space to search for this metric.[0m
            [36m</div>[39m
            [36m<section[39m
              [33maria-label[39m=[32m"Metric visualization"[39m
              [33mclass[39m=[32m"mb-1"[39m
            [36m>[39m
              [36m<figure[39m
                [33maria-describedby[39m=[32m"progress-desc-Thermal Conductivity"[39m
                [33maria-labelledby[39m=[32m"progress-label-Thermal Conductivity"[39m
                [33mclass[39m=[32m"w-full"[39m
                [33mrole[39m=[32m"img"[39m
              [36m>[39m
                [36m<figcaption[39m
                  [33mclass[39m=[32m"sr-only"[39m
                  [33mid[39m=[32m"progress-label-Thermal Conductivity"[39m
                [36m>[39m
                  [0mThermal Conductivity[0m
                  [0m progress indicator[0m
                [36m</figcaption>[39m
                [36m<div[39m
                  [33mclass[39m=[32m"sr-only"[39m
                  [33mid[39m=[32m"progress-desc-Thermal Conductivity"[39m
                [36m>[39m
                  [0mCurrent value: [0m
                  [36m<data[39m
                    [33mdata-context[39m=[32m"material_property"[39m
                    [33mdata-magnitude[39m=[32m"medium"[39m
                    [33mdata-precision[39m=[32m"1"[39m
                    [33mdata-property[39m=[32m"thermal_conductivity"[39m
                    [33mdata-type[39m=[32m"measurement"[39m
                    [33mdata-unit[39m=[32m"W/mK"[39m
                    [33mitemprop[39m=[32m"value"[39m
                    [33mitemtype[39m=[32m"https://schema.org/PropertyValue"[39m
                    [33mvalue[39m=[32m"45.5"[39m
                  [36m>[39m
                    [0m45.5[0m
                  [36m</data>[39m
                  [0m [0m
                  [0mW/mK[0m
                  [0m. Range: [0m
                  [0m0.1[0m
                  [0m to [0m
                  [0m429[0m
                  [0m [0m
                  [0mW/mK[0m
                  [0m. Progress: [0m
                  [0m11[0m
                  [0m% of maximum.[0m
                [36m</div>[39m
                [36m<div[39m
                  [33mclass[39m=[32m"relative w-full mb-1 h-4"[39m
                [36m>[39m
                  [36m<div[39m
                    [33maria-hidden[39m=[32m"true"[39m
                    [33mclass[39m=[32m"absolute text-lg font-bold text-white/90 z-10"[39m
                    [33mstyle[39m=[32m"left: 10.585217999533691%; transform: none; top: -8px;"[39m
                  [36m>[39m
                    [36m<data[39m
                      [33mdata-context[39m=[32m"material_property"[39m
                      [33mdata-magnitude[39m=[32m"medium"[39m
                      [33mdata-position[39m=[32m"current"[39m
                      [33mdata-precision[39m=[32m"1"[39m
                      [33mdata-property[39m=[32m"thermal_conductivity"[39m
                      [33mdata-type[39m=[32m"measurement"[39m
                      [33mdata-unit[39m=[32m"W/mK"[39m
                      [33mitemprop[39m=[32m"value"[39m
                      [33mitemtype[39m=[32m"https://schema.org/PropertyValue"[39m
                      [33mvalue[39m=[32m"45.5"[39m
                    [36m>[39m
                      [0m45.5[0m
                    [36m</data>[39m
                  [36m</div>[39m
                [36m</div>[39m
                [36m<div[39m
                  [33mclass[39m=[32m"relative w-full mb-1"[39m
                [36m>[39m
                  [36m<div[39m
                    [33maria-describedby[39m=[32m"progress-desc-Thermal Conductivity"[39m
                    [33maria-labelledby[39m=[32m"progress-label-Thermal Conductivity"[39m
                    [33maria-valuemax[39m=[32m"429"[39m
                    [33maria-valuemin[39m=[32m"0.1"[39m
                    [33maria-valuenow[39m=[32m"45.5"[39m
                    [33mclass[39m=[32m"w-full h-3 bg-white/20 dark:bg-white/10 rounded-full overflow-hidden focus:ring-2 focus:ring-blue-500 focus:outline-none"[39m
                    [33mdata-component[39m=[32m"progress-bar"[39m
                    [33mdata-percentage[39m=[32m"11"[39m
                    [33mdata-property[39m=[32m"thermal_conductivity"[39m
                    [33mid[39m=[32m"progress-Thermal Conductivity"[39m
                    [33mitemprop[39m=[32m"value"[39m
                    [33mrole[39m=[32m"progressbar"[39m
                    [33mtabindex[39m=[32m"0"[39m
                  [36m>[39m
                    [36m<div[39m
                      [33maria-hidden[39m=[32m"true"[39m
                      [33mclass[39m=[32m"h-full opacity-30 rounded-full"[39m
                      [33mstyle[39m=[32m"background-color: rgb(79, 70, 229); width: 100%;"[39m
                    [36m/>[39m
                    [36m<div[39m
                      [33maria-hidden[39m=[32m"true"[39m
                      [33mclass[39m=[32m"absolute top-0 left-0 h-full opacity-90 rounded-l-full transition-all duration-300"[39m
                      [33mstyle[39m=[32m"background-color: rgb(79, 70, 229); width: 10.585217999533691%;"[39m
                    [36m/>[39m
                  [36m</div>[39m
                  [36m<div[39m
                    [33maria-hidden[39m=[32m"true"[39m
                    [33mclass[39m=[32m"absolute top-0 h-3 w-0.5 bg-white dark:bg-white/90 transform -translate-x-0.25 shadow-md rounded-full"[39m
                    [33mstyle[39m=[32m"left: 10.585217999533691%;"[39m
                  [36m/>[39m
                [36m</div>[39m
                [36m<div[39m
                  [33maria-hidden[39m=[32m"true"[39m
                  [33mclass[39m=[32m"flex justify-between items-center"[39m
                [36m>[39m
                  [36m<span[39m
                    [33mclass[39m=[32m"text-xs font-medium text-white/50"[39m
                  [36m>[39m
                    [36m<data[39m
                      [33mdata-context[39m=[32m"material_property"[39m
                      [33mdata-magnitude[39m=[32m"low"[39m
                      [33mdata-position[39m=[32m"minimum"[39m
                      [33mdata-precision[39m=[32m"1"[39m
                      [33mdata-property[39m=[32m"thermal_conductivity"[39m
                      [33mdata-type[39m=[32m"range_minimum"[39m
                      [33mdata-unit[39m=[32m"W/mK"[39m
                      [33mitemprop[39m=[32m"minValue"[39m
                      [33mitemtype[39m=[32m"https://schema.org/PropertyValue"[39m
                      [33mvalue[39m=[32m"0.1"[39m
                    [36m>[39m
                      [0m0.1[0m
                    [36m</data>[39m
                  [36m</span>[39m
                  [36m<span[39m
                    [33mclass[39m=[32m"text-xs font-medium text-white/50"[39m
                  [36m>[39m
                    [36m<data[39m
                      [33mdata-context[39m=[32m"material_property"[39m
                      [33mdata-magnitude[39m=[32m"medium"[39m
                      [33mdata-position[39m=[32m"maximum"[39m
                      [33mdata-precision[39m=[32m"0"[39m
                      [33mdata-property[39m=[32m"thermal_conductivity"[39m
                      [33mdata-type[39m=[32m"range_maximum"[39m
                      [33mdata-unit[39m=[32m"W/mK"[39m
                      [33mitemprop[39m=[32m"maxValue"[39m
                      [33mitemtype[39m=[32m"https://schema.org/PropertyValue"[39m
                      [33mvalue[39m=[32m"429"[39m
                    [36m>[39m
                      [0m429[0m
                    [36m</data>[39m
                  [36m</span>[39m
                [36m</div>[39m
              [36m</figure>[39m
            [36m</section>[39m
            [36m<section[39m
              [33mclass[39m=[32m"flex-1 flex flex-col justify-center text-center"[39m
            [36m>[39m
              [36m<h4[39m
                [33mclass[39m=[32m"font-bold text-xs text-white/90"[39m
                [33mdata-component[39m=[32m"metric-title"[39m
                [33mdata-property[39m=[32m"thermal_conductivity"[39m
                [33mid[39m=[32m"metric-title-Thermal Conductivity"[39m
                [33mitemprop[39m=[32m"name"[39m
              [36m>[39m
                [0mThermal Conductivity[0m
                [36m<span[39m
                  [33mclass[39m=[32m"font-normal ml-1"[39m
                  [33mtitle[39m=[32m"W/mK"[39m
                [36m>[39m
                  [0mW/mK[0m
                [36m</span>[39m
              [36m</h4>[39m
            [36m</section>[39m
          [36m</article>[39m
        [36m</a>[39m
      [36m</div>[39m
    [36m</body>[39m

      77 |       
      78 |       // Progress description is detailed
    > 79 |       const progressDesc = screen.getByText(/Current value: 45.5 W\/mK/);
         |                                   ^
      80 |       expect(progressDesc).toHaveClass('sr-only');
      81 |       expect(progressDesc).toHaveTextContent('Range: 0.1 to 429 W/mK');
      82 |       expect(progressDesc).toHaveTextContent('Progress: 11% of maximum');

      at Object.getElementError (node_modules/@testing-library/dom/dist/config.js:37:19)
      at node_modules/@testing-library/dom/dist/query-helpers.js:76:38
      at node_modules/@testing-library/dom/dist/query-helpers.js:52:17
      at node_modules/@testing-library/dom/dist/query-helpers.js:95:19
      at Object.getByText (tests/accessibility/MetricsCard.comprehensive.test.tsx:79:35)

  ● MetricsCard Comprehensive Accessibility › Keyboard Navigation › supports complete tab navigation sequence

    expect(element).toHaveFocus()

    Expected element with focus:
      <article aria-describedby="metric-desc-Thermal Conductivity" aria-labelledby="metric-title-Thermal Conductivity" class="h-full flex flex-col" data-component="metrics-card" data-has-range="true" data-property="thermal_conductivity" data-searchable="true" data-unit="W/mK" data-value="45.5" id="metric-card-Thermal Conductivity" itemscope="" itemtype="https://schema.org/PropertyValue" role="article" tabindex="0"><div class="sr-only" id="metric-desc-Thermal Conductivity">Metric showing thermal_conductivity with value 45.5 W/mK, ranging from 0.1 to 429 W/mK. Press Enter or Space to search for this metric.</div><section aria-label="Metric visualization" class="mb-1"><figure aria-describedby="progress-desc-Thermal Conductivity" aria-labelledby="progress-label-Thermal Conductivity" class="w-full" role="img"><figcaption class="sr-only" id="progress-label-Thermal Conductivity">Thermal Conductivity progress indicator</figcaption><div class="sr-only" id="progress-desc-Thermal Conductivity">Current value: <data data-context="material_property" data-magnitude="medium" data-precision="1" data-property="thermal_conductivity" data-type="measurement" data-unit="W/mK" itemprop="value" itemtype="https://schema.org/PropertyValue" value="45.5">45.5</data> W/mK. Range: 0.1 to 429 W/mK. Progress: 11% of maximum.</div><div class="relative w-full mb-1 h-4"><div aria-hidden="true" class="absolute text-lg font-bold text-white/90 z-10" style="left: 10.585217999533691%; transform: none; top: -8px;"><data data-context="material_property" data-magnitude="medium" data-position="current" data-precision="1" data-property="thermal_conductivity" data-type="measurement" data-unit="W/mK" itemprop="value" itemtype="https://schema.org/PropertyValue" value="45.5">45.5</data></div></div><div class="relative w-full mb-1"><div aria-describedby="progress-desc-Thermal Conductivity" aria-labelledby="progress-label-Thermal Conductivity" aria-valuemax="429" aria-valuemin="0.1" aria-valuenow="45.5" class="w-full h-3 bg-white/20 dark:bg-white/10 rounded-full overflow-hidden focus:ring-2 focus:ring-blue-500 focus:outline-none" data-component="progress-bar" data-percentage="11" data-property="thermal_conductivity" id="progress-Thermal Conductivity" itemprop="value" role="progressbar" tabindex="0"><div aria-hidden="true" class="h-full opacity-30 rounded-full" style="background-color: rgb(79, 70, 229); width: 100%;" /><div aria-hidden="true" class="absolute top-0 left-0 h-full opacity-90 rounded-l-full transition-all duration-300" style="background-color: rgb(79, 70, 229); width: 10.585217999533691%;" /></div><div aria-hidden="true" class="absolute top-0 h-3 w-0.5 bg-white dark:bg-white/90 transform -translate-x-0.25 shadow-md rounded-full" style="left: 10.585217999533691%;" /></div><div aria-hidden="true" class="flex justify-between items-center"><span class="text-xs font-medium text-white/50"><data data-context="material_property" data-magnitude="low" data-position="minimum" data-precision="1" data-property="thermal_conductivity" data-type="range_minimum" data-unit="W/mK" itemprop="minValue" itemtype="https://schema.org/PropertyValue" value="0.1">0.1</data></span><span class="text-xs font-medium text-white/50"><data data-context="material_property" data-magnitude="medium" data-position="maximum" data-precision="0" data-property="thermal_conductivity" data-type="range_maximum" data-unit="W/mK" itemprop="maxValue" itemtype="https://schema.org/PropertyValue" value="429">429</data></span></div></figure></section><section class="flex-1 flex flex-col justify-center text-center"><h4 class="font-bold text-xs text-white/90" data-component="metric-title" data-property="thermal_conductivity" id="metric-title-Thermal Conductivity" itemprop="name">Thermal Conductivity<span class="font-normal ml-1" title="W/mK">W/mK</span></h4></section></article>
    Received element with focus:
      <a aria-describedby="metric-desc-Thermal Conductivity" aria-label="Navigate to search results for thermal_conductivity: 45.5W/mK" class="rounded-lg p-3 block h-24 cursor-pointer hover:shadow-xl hover:scale-[1.03] hover:-translate-y-1 transition-all duration-300 ease-out focus:ring-2 focus:ring-blue-500 focus:outline-none focus:ring-offset-2 min-h-[44px] min-w-[44px] " href="/search?property=thermal_conductivity&value=45.5" style="--hover-bg-color: undefined80; transition: all 0.3s ease-out;" title="Search for thermal_conductivity: 45.5W/mK"><article aria-describedby="metric-desc-Thermal Conductivity" aria-labelledby="metric-title-Thermal Conductivity" class="h-full flex flex-col" data-component="metrics-card" data-has-range="true" data-property="thermal_conductivity" data-searchable="true" data-unit="W/mK" data-value="45.5" id="metric-card-Thermal Conductivity" itemscope="" itemtype="https://schema.org/PropertyValue" role="article" tabindex="0"><div class="sr-only" id="metric-desc-Thermal Conductivity">Metric showing thermal_conductivity with value 45.5 W/mK, ranging from 0.1 to 429 W/mK. Press Enter or Space to search for this metric.</div><section aria-label="Metric visualization" class="mb-1"><figure aria-describedby="progress-desc-Thermal Conductivity" aria-labelledby="progress-label-Thermal Conductivity" class="w-full" role="img"><figcaption class="sr-only" id="progress-label-Thermal Conductivity">Thermal Conductivity progress indicator</figcaption><div class="sr-only" id="progress-desc-Thermal Conductivity">Current value: <data data-context="material_property" data-magnitude="medium" data-precision="1" data-property="thermal_conductivity" data-type="measurement" data-unit="W/mK" itemprop="value" itemtype="https://schema.org/PropertyValue" value="45.5">45.5</data> W/mK. Range: 0.1 to 429 W/mK. Progress: 11% of maximum.</div><div class="relative w-full mb-1 h-4"><div aria-hidden="true" class="absolute text-lg font-bold text-white/90 z-10" style="left: 10.585217999533691%; transform: none; top: -8px;"><data data-context="material_property" data-magnitude="medium" data-position="current" data-precision="1" data-property="thermal_conductivity" data-type="measurement" data-unit="W/mK" itemprop="value" itemtype="https://schema.org/PropertyValue" value="45.5">45.5</data></div></div><div class="relative w-full mb-1"><div aria-describedby="progress-desc-Thermal Conductivity" aria-labelledby="progress-label-Thermal Conductivity" aria-valuemax="429" aria-valuemin="0.1" aria-valuenow="45.5" class="w-full h-3 bg-white/20 dark:bg-white/10 rounded-full overflow-hidden focus:ring-2 focus:ring-blue-500 focus:outline-none" data-component="progress-bar" data-percentage="11" data-property="thermal_conductivity" id="progress-Thermal Conductivity" itemprop="value" role="progressbar" tabindex="0"><div aria-hidden="true" class="h-full opacity-30 rounded-full" style="background-color: rgb(79, 70, 229); width: 100%;" /><div aria-hidden="true" class="absolute top-0 left-0 h-full opacity-90 rounded-l-full transition-all duration-300" style="background-color: rgb(79, 70, 229); width: 10.585217999533691%;" /></div><div aria-hidden="true" class="absolute top-0 h-3 w-0.5 bg-white dark:bg-white/90 transform -translate-x-0.25 shadow-md rounded-full" style="left: 10.585217999533691%;" /></div><div aria-hidden="true" class="flex justify-between items-center"><span class="text-xs font-medium text-white/50"><data data-context="material_property" data-magnitude="low" data-position="minimum" data-precision="1" data-property="thermal_conductivity" data-type="range_minimum" data-unit="W/mK" itemprop="minValue" itemtype="https://schema.org/PropertyValue" value="0.1">0.1</data></span><span class="text-xs font-medium text-white/50"><data data-context="material_property" data-magnitude="medium" data-position="maximum" data-precision="0" data-property="thermal_conductivity" data-type="range_maximum" data-unit="W/mK" itemprop="maxValue" itemtype="https://schema.org/PropertyValue" value="429">429</data></span></div></figure></section><section class="flex-1 flex flex-col justify-center text-center"><h4 class="font-bold text-xs text-white/90" data-component="metric-title" data-property="thermal_conductivity" id="metric-title-Thermal Conductivity" itemprop="name">Thermal Conductivity<span class="font-normal ml-1" title="W/mK">W/mK</span></h4></section></article></a>

      103 |       prevButton.focus();
      104 |       await user.tab();
    > 105 |       expect(article).toHaveFocus();
          |                       ^
      106 |       
      107 |       await user.tab();
      108 |       expect(progressbar).toHaveFocus();

      at Object.toHaveFocus (tests/accessibility/MetricsCard.comprehensive.test.tsx:105:23)

  ● MetricsCard Comprehensive Accessibility › Keyboard Navigation › handles Enter key activation for searchable cards

    expect(jest.fn()).toHaveBeenCalledWith(...expected)

    Expected: "/search?thermal_conductivity=45.5"

    Number of calls: 0

      125 |       await user.keyboard('{Enter}');
      126 |       
    > 127 |       expect(mockPush).toHaveBeenCalledWith('/search?thermal_conductivity=45.5');
          |                        ^
      128 |     });
      129 |
      130 |     test('handles Space key activation for searchable cards', async () => {

      at Object.toHaveBeenCalledWith (tests/accessibility/MetricsCard.comprehensive.test.tsx:127:24)

  ● MetricsCard Comprehensive Accessibility › Keyboard Navigation › handles Space key activation for searchable cards

    expect(jest.fn()).toHaveBeenCalledWith(...expected)

    Expected: "/search?thermal_conductivity=45.5"

    Number of calls: 0

      141 |       await user.keyboard(' ');
      142 |       
    > 143 |       expect(mockPush).toHaveBeenCalledWith('/search?thermal_conductivity=45.5');
          |                        ^
      144 |     });
      145 |
      146 |     test('shows high-contrast focus indicators', async () => {

      at Object.toHaveBeenCalledWith (tests/accessibility/MetricsCard.comprehensive.test.tsx:143:24)

  ● MetricsCard Comprehensive Accessibility › Keyboard Navigation › shows high-contrast focus indicators

    expect(element).toHaveClass("focus:ring-2")

    Expected the element to have class:
      focus:ring-2
    Received:
      h-full flex flex-col

      151 |       await user.tab();
      152 |       
    > 153 |       expect(article).toHaveClass('focus:ring-2');
          |                       ^
      154 |       expect(article).toHaveClass('focus:ring-blue-500');
      155 |       expect(article).toHaveClass('focus:outline-none');
      156 |     });

      at Object.toHaveClass (tests/accessibility/MetricsCard.comprehensive.test.tsx:153:23)

  ● MetricsCard Comprehensive Accessibility › Progressive Enhancement › works without JavaScript for basic content

    TestingLibraryElementError: Unable to find an element with the display value: 50.

    Ignored nodes: comments, script, style
    [36m<body>[39m
      [36m<div>[39m
        [36m<div[39m
          [33mclass[39m=[32m"rounded-lg p-3 h-24 transition-all duration-300 ease-out min-h-[44px] min-w-[44px] "[39m
          [33mrole[39m=[32m"presentation"[39m
          [33mstyle[39m=[32m"transition: all 0.3s ease-out;"[39m
        [36m>[39m
          [36m<article[39m
            [33maria-describedby[39m=[32m"metric-desc-Test"[39m
            [33maria-labelledby[39m=[32m"metric-title-Test"[39m
            [33mclass[39m=[32m"h-full flex flex-col"[39m
            [33mdata-component[39m=[32m"metrics-card"[39m
            [33mdata-has-range[39m=[32m"false"[39m
            [33mdata-property[39m=[32m"test"[39m
            [33mdata-searchable[39m=[32m"false"[39m
            [33mdata-unit[39m=[32m"%"[39m
            [33mdata-value[39m=[32m"50"[39m
            [33mid[39m=[32m"metric-card-Test"[39m
            [33mitemscope[39m=[32m""[39m
            [33mitemtype[39m=[32m"https://schema.org/PropertyValue"[39m
            [33mrole[39m=[32m"article"[39m
            [33mtabindex[39m=[32m"-1"[39m
          [36m>[39m
            [36m<div[39m
              [33mclass[39m=[32m"sr-only"[39m
              [33mid[39m=[32m"metric-desc-Test"[39m
            [36m>[39m
              [0mMetric showing Test with value 50 %[0m
            [36m</div>[39m
            [36m<div[39m
              [33maria-hidden[39m=[32m"true"[39m
              [33mclass[39m=[32m"h-2 mb-1"[39m
            [36m/>[39m
            [36m<section[39m
              [33mclass[39m=[32m"flex-1 flex flex-col justify-center text-center"[39m
            [36m>[39m
              [36m<div[39m
                [33mclass[39m=[32m"text-lg font-bold text-white/90 mb-1"[39m
              [36m>[39m
                [36m<data[39m
                  [33mdata-context[39m=[32m"material_property"[39m
                  [33mdata-has-range[39m=[32m"false"[39m
                  [33mdata-magnitude[39m=[32m"medium"[39m
                  [33mdata-position[39m=[32m"primary"[39m
                  [33mdata-precision[39m=[32m"0"[39m
                  [33mdata-property[39m=[32m"test"[39m
                  [33mdata-type[39m=[32m"measurement"[39m
                  [33mdata-unit[39m=[32m"%"[39m
                  [33mid[39m=[32m"metric-value-Test"[39m
                  [33mitemprop[39m=[32m"value"[39m
                  [33mitemtype[39m=[32m"https://schema.org/PropertyValue"[39m
                  [33mvalue[39m=[32m"50"[39m
                [36m>[39m
                  [0m50[0m
                [36m</data>[39m
                [36m<span[39m
                  [33mclass[39m=[32m"text-sm text-white/70 ml-1"[39m
                  [33mtitle[39m=[32m"%"[39m
                [36m>[39m
                  [0m%[0m
                [36m</span>[39m
              [36m</div>[39m
              [36m<h4[39m
                [33mclass[39m=[32m"font-bold text-xs text-white/90"[39m
                [33mdata-component[39m=[32m"metric-title"[39m
                [33mdata-property[39m=[32m"test"[39m
                [33mid[39m=[32m"metric-title-Test"[39m
                [33mitemprop[39m=[32m"name"[39m
              [36m>[39m
                [0mTest[0m
              [36m</h4>[39m
            [36m</section>[39m
          [36m</article>[39m
        [36m</div>[39m
      [36m</div>[39m
    [36m</body>[39m

      163 |       // Core content should be accessible even without JS
      164 |       expect(screen.getByText('Test')).toBeInTheDocument();
    > 165 |       expect(screen.getByDisplayValue('50')).toBeInTheDocument();
          |                     ^
      166 |       expect(screen.getByText('%')).toBeInTheDocument();
      167 |     });
      168 |

      at Object.getElementError (node_modules/@testing-library/dom/dist/config.js:37:19)
      at node_modules/@testing-library/dom/dist/query-helpers.js:76:38
      at node_modules/@testing-library/dom/dist/query-helpers.js:52:17
      at node_modules/@testing-library/dom/dist/query-helpers.js:95:19
      at Object.getByDisplayValue (tests/accessibility/MetricsCard.comprehensive.test.tsx:165:21)

  ● MetricsCard Comprehensive Accessibility › Error States and Edge Cases › handles invalid numeric values gracefully

    expect(received).toHaveAttribute()

    received value must be an HTMLElement or an SVGElement.
    Received has value: null

      194 |       // Should not break accessibility with invalid values
      195 |       const progressbar = screen.queryByRole('progressbar');
    > 196 |       expect(progressbar).toHaveAttribute('aria-valuenow', 'invalid');
          |                           ^
      197 |     });
      198 |
      199 |     test('handles missing range values', () => {

      at __EXTERNAL_MATCHER_TRAP__ (node_modules/expect/build/index.js:2240:22)
      at Object.throwingMatcher (node_modules/expect/build/index.js:2241:6)
      at Object.toHaveAttribute (tests/accessibility/MetricsCard.comprehensive.test.tsx:196:27)

  ● MetricsCard Comprehensive Accessibility › Multiple Instance Interaction › maintains proper tab order across multiple instances

    TestingLibraryElementError: Unable to find an accessible element with the role "progressbar"

    Here are the accessible roles:

      link:

      Name "Navigate to search results for Metric 1: 50":
      [36m<a[39m
        [33maria-describedby[39m=[32m"metric-desc-Metric 1"[39m
        [33maria-label[39m=[32m"Navigate to search results for Metric 1: 50"[39m
        [33mclass[39m=[32m"rounded-lg p-3 block h-24 cursor-pointer hover:shadow-xl hover:scale-[1.03] hover:-translate-y-1 transition-all duration-300 ease-out focus:ring-2 focus:ring-blue-500 focus:outline-none focus:ring-offset-2 min-h-[44px] min-w-[44px] "[39m
        [33mhref[39m=[32m"/search?q=50"[39m
        [33mstyle[39m=[32m"--hover-bg-color: undefined80; transition: all 0.3s ease-out;"[39m
        [33mtitle[39m=[32m"Search for Metric 1: 50"[39m
      [36m/>[39m

      Name "Navigate to search results for Metric 3: 25":
      [36m<a[39m
        [33maria-describedby[39m=[32m"metric-desc-Metric 3"[39m
        [33maria-label[39m=[32m"Navigate to search results for Metric 3: 25"[39m
        [33mclass[39m=[32m"rounded-lg p-3 block h-24 cursor-pointer hover:shadow-xl hover:scale-[1.03] hover:-translate-y-1 transition-all duration-300 ease-out focus:ring-2 focus:ring-blue-500 focus:outline-none focus:ring-offset-2 min-h-[44px] min-w-[44px] "[39m
        [33mhref[39m=[32m"/search?q=25"[39m
        [33mstyle[39m=[32m"--hover-bg-color: undefined80; transition: all 0.3s ease-out;"[39m
        [33mtitle[39m=[32m"Search for Metric 3: 25"[39m
      [36m/>[39m

      --------------------------------------------------
      article:

      Name "":
      [36m<article[39m
        [33maria-describedby[39m=[32m"metric-desc-Metric 1"[39m
        [33maria-labelledby[39m=[32m"metric-title-Metric 1"[39m
        [33mclass[39m=[32m"h-full flex flex-col"[39m
        [33mdata-component[39m=[32m"metrics-card"[39m
        [33mdata-has-range[39m=[32m"false"[39m
        [33mdata-property[39m=[32m"metric_1"[39m
        [33mdata-searchable[39m=[32m"true"[39m
        [33mdata-unit[39m=[32m""[39m
        [33mdata-value[39m=[32m"50"[39m
        [33mid[39m=[32m"metric-card-Metric 1"[39m
        [33mitemscope[39m=[32m""[39m
        [33mitemtype[39m=[32m"https://schema.org/PropertyValue"[39m
        [33mrole[39m=[32m"article"[39m
        [33mtabindex[39m=[32m"0"[39m
      [36m/>[39m

      Name "":
      [36m<article[39m
        [33maria-describedby[39m=[32m"metric-desc-Metric 2"[39m
        [33maria-labelledby[39m=[32m"metric-title-Metric 2"[39m
        [33mclass[39m=[32m"h-full flex flex-col"[39m
        [33mdata-component[39m=[32m"metrics-card"[39m
        [33mdata-has-range[39m=[32m"false"[39m
        [33mdata-property[39m=[32m"metric_2"[39m
        [33mdata-searchable[39m=[32m"false"[39m
        [33mdata-unit[39m=[32m""[39m
        [33mdata-value[39m=[32m"75"[39m
        [33mid[39m=[32m"metric-card-Metric 2"[39m
        [33mitemscope[39m=[32m""[39m
        [33mitemtype[39m=[32m"https://schema.org/PropertyValue"[39m
        [33mrole[39m=[32m"article"[39m
        [33mtabindex[39m=[32m"-1"[39m
      [36m/>[39m

      Name "":
      [36m<article[39m
        [33maria-describedby[39m=[32m"metric-desc-Metric 3"[39m
        [33maria-labelledby[39m=[32m"metric-title-Metric 3"[39m
        [33mclass[39m=[32m"h-full flex flex-col"[39m
        [33mdata-component[39m=[32m"metrics-card"[39m
        [33mdata-has-range[39m=[32m"false"[39m
        [33mdata-property[39m=[32m"metric_3"[39m
        [33mdata-searchable[39m=[32m"true"[39m
        [33mdata-unit[39m=[32m""[39m
        [33mdata-value[39m=[32m"25"[39m
        [33mid[39m=[32m"metric-card-Metric 3"[39m
        [33mitemscope[39m=[32m""[39m
        [33mitemtype[39m=[32m"https://schema.org/PropertyValue"[39m
        [33mrole[39m=[32m"article"[39m
        [33mtabindex[39m=[32m"0"[39m
      [36m/>[39m

      --------------------------------------------------
      heading:

      Name "Metric 1":
      [36m<h4[39m
        [33mclass[39m=[32m"font-bold text-xs text-white/90"[39m
        [33mdata-component[39m=[32m"metric-title"[39m
        [33mdata-property[39m=[32m"metric_1"[39m
        [33mid[39m=[32m"metric-title-Metric 1"[39m
        [33mitemprop[39m=[32m"name"[39m
      [36m/>[39m

      Name "Metric 2":
      [36m<h4[39m
        [33mclass[39m=[32m"font-bold text-xs text-white/90"[39m
        [33mdata-component[39m=[32m"metric-title"[39m
        [33mdata-property[39m=[32m"metric_2"[39m
        [33mid[39m=[32m"metric-title-Metric 2"[39m
        [33mitemprop[39m=[32m"name"[39m
      [36m/>[39m

      Name "Metric 3":
      [36m<h4[39m
        [33mclass[39m=[32m"font-bold text-xs text-white/90"[39m
        [33mdata-component[39m=[32m"metric-title"[39m
        [33mdata-property[39m=[32m"metric_3"[39m
        [33mid[39m=[32m"metric-title-Metric 3"[39m
        [33mitemprop[39m=[32m"name"[39m
      [36m/>[39m

      --------------------------------------------------
      presentation:

      Name "":
      [36m<div[39m
        [33mclass[39m=[32m"rounded-lg p-3 h-24 transition-all duration-300 ease-out min-h-[44px] min-w-[44px] "[39m
        [33mrole[39m=[32m"presentation"[39m
        [33mstyle[39m=[32m"transition: all 0.3s ease-out;"[39m
      [36m/>[39m

      --------------------------------------------------

    Ignored nodes: comments, script, style
    [36m<body>[39m
      [36m<div>[39m
        [36m<div>[39m
          [36m<a[39m
            [33maria-describedby[39m=[32m"metric-desc-Metric 1"[39m
            [33maria-label[39m=[32m"Navigate to search results for Metric 1: 50"[39m
            [33mclass[39m=[32m"rounded-lg p-3 block h-24 cursor-pointer hover:shadow-xl hover:scale-[1.03] hover:-translate-y-1 transition-all duration-300 ease-out focus:ring-2 focus:ring-blue-500 focus:outline-none focus:ring-offset-2 min-h-[44px] min-w-[44px] "[39m
            [33mhref[39m=[32m"/search?q=50"[39m
            [33mstyle[39m=[32m"--hover-bg-color: undefined80; transition: all 0.3s ease-out;"[39m
            [33mtitle[39m=[32m"Search for Metric 1: 50"[39m
          [36m>[39m
            [36m<article[39m
              [33maria-describedby[39m=[32m"metric-desc-Metric 1"[39m
              [33maria-labelledby[39m=[32m"metric-title-Metric 1"[39m
              [33mclass[39m=[32m"h-full flex flex-col"[39m
              [33mdata-component[39m=[32m"metrics-card"[39m
              [33mdata-has-range[39m=[32m"false"[39m
              [33mdata-property[39m=[32m"metric_1"[39m
              [33mdata-searchable[39m=[32m"true"[39m
              [33mdata-unit[39m=[32m""[39m
              [33mdata-value[39m=[32m"50"[39m
              [33mid[39m=[32m"metric-card-Metric 1"[39m
              [33mitemscope[39m=[32m""[39m
              [33mitemtype[39m=[32m"https://schema.org/PropertyValue"[39m
              [33mrole[39m=[32m"article"[39m
              [33mtabindex[39m=[32m"0"[39m
            [36m>[39m
              [36m<div[39m
                [33mclass[39m=[32m"sr-only"[39m
                [33mid[39m=[32m"metric-desc-Metric 1"[39m
              [36m>[39m
                [0mMetric showing Metric 1 with value 50 [0m
                [0m. Press Enter or Space to search for this metric.[0m
              [36m</div>[39m
              [36m<div[39m
                [33maria-hidden[39m=[32m"true"[39m
                [33mclass[39m=[32m"h-2 mb-1"[39m
              [36m/>[39m
              [36m<section[39m
                [33mclass[39m=[32m"flex-1 flex flex-col justify-center text-center"[39m
              [36m>[39m
                [36m<div[39m
                  [33mclass[39m=[32m"text-lg font-bold text-white/90 mb-1"[39m
                [36m>[39m
                  [36m<data[39m
                    [33mdata-context[39m=[32m"material_property"[39m
                    [33mdata-has-range[39m=[32m"false"[39m
                    [33mdata-magnitude[39m=[32m"medium"[39m
                    [33mdata-position[39m=[32m"primary"[39m
                    [33mdata-precision[39m=[32m"0"[39m
                    [33mdata-property[39m=[32m"metric_1"[39m
                    [33mdata-type[39m=[32m"measurement"[39m
                    [33mdata-unit[39m=[32m""[39m
                    [33mid[39m=[32m"metric-value-Metric 1"[39m
                    [33mitemprop[39m=[32m"value"[39m
                    [33mitemtype[39m=[32m"https://schema.org/PropertyValue"[39m
                    [33mvalue[39m=[32m"50"[39m
                  [36m>[39m
                    [0m50[0m
                  [36m</data>[39m
                [36m</div>[39m
                [36m<h4[39m
                  [33mclass[39m=[32m"font-bold text-xs text-white/90"[39m
                  [33mdata-component[39m=[32m"metric-title"[39m
                  [33mdata-property[39m=[32m"metric_1"[39m
                  [33mid[39m=[32m"metric-title-Metric 1"[39m
                  [33mitemprop[39m=[32m"name"[39m
                [36m>[39m
                  [0mMetric 1[0m
                [36m</h4>[39m
              [36m</section>[39m
            [36m</article>[39m
          [36m</a>[39m
          [36m<div[39m
            [33mclass[39m=[32m"rounded-lg p-3 h-24 transition-all duration-300 ease-out min-h-[44px] min-w-[44px] "[39m
            [33mrole[39m=[32m"presentation"[39m
            [33mstyle[39m=[32m"transition: all 0.3s ease-out;"[39m
          [36m>[39m
            [36m<article[39m
              [33maria-describedby[39m=[32m"metric-desc-Metric 2"[39m
              [33maria-labelledby[39m=[32m"metric-title-Metric 2"[39m
              [33mclass[39m=[32m"h-full flex flex-col"[39m
              [33mdata-component[39m=[32m"metrics-card"[39m
              [33mdata-has-range[39m=[32m"false"[39m
              [33mdata-property[39m=[32m"metric_2"[39m
              [33mdata-searchable[39m=[32m"false"[39m
              [33mdata-unit[39m=[32m""[39m
              [33mdata-value[39m=[32m"75"[39m
              [33mid[39m=[32m"metric-card-Metric 2"[39m
              [33mitemscope[39m=[32m""[39m
              [33mitemtype[39m=[32m"https://schema.org/PropertyValue"[39m
              [33mrole[39m=[32m"article"[39m
              [33mtabindex[39m=[32m"-1"[39m
            [36m>[39m
              [36m<div[39m
                [33mclass[39m=[32m"sr-only"[39m
                [33mid[39m=[32m"metric-desc-Metric 2"[39m
              [36m>[39m
                [0mMetric showing Metric 2 with value 75 [0m
              [36m</div>[39m
              [36m<div[39m
                [33maria-hidden[39m=[32m"true"[39m
                [33mclass[39m=[32m"h-2 mb-1"[39m
              [36m/>[39m
              [36m<section[39m
                [33mclass[39m=[32m"flex-1 flex flex-col justify-center text-center"[39m
              [36m>[39m
                [36m<div[39m
                  [33mclass[39m=[32m"text-lg font-bold text-white/90 mb-1"[39m
                [36m>[39m
                  [36m<data[39m
                    [33mdata-context[39m=[32m"material_property"[39m
                    [33mdata-has-range[39m=[32m"false"[39m
                    [33mdata-magnitude[39m=[32m"medium"[39m
                    [33mdata-position[39m=[32m"primary"[39m
                    [33mdata-precision[39m=[32m"0"[39m
                    [33mdata-property[39m=[32m"metric_2"[39m
                    [33mdata-type[39m=[32m"measurement"[39m
                    [33mdata-unit[39m=[32m""[39m
                    [33mid[39m=[32m"metric-value-Metric 2"[39m
                    [33mitemprop[39m=[32m"value"[39m
                    [33mitemtype[39m=[32m"https://schema.org/PropertyValue"[39m
                    [33mvalue[39m=[32m"75"[39m
                  [36m>[39m
                    [0m75[0m
                  [36m</data>[39m
                [36m</div>[39m
                [36m<h4[39m
                  [33mclass[39m=[32m"font-bold text-xs text-white/90"[39m
                  [33mdata-component[39m=[32m"metric-title"[39m
                  [33mdata-property[39m=[32m"metric_2"[39m
                  [33mid[39m=[32m"metric-title-Metric 2"[39m
                  [33mitemprop[39m=[32m"name"[39m
                [36m>[39m
                  [0mMetric 2[0m
                [36m</h4>[39m
              [36m</section>[39m
            [36m</article>[39m
          [36m</div>[39m
          [36m<a[39m
            [33maria-describedby[39m=[32m"metric-desc-Metric 3"[39m
            [33maria-label[39m=[32m"Navigate to search results for Metric 3: 25"[39m
            [33mclass[39m=[32m"rounded-lg p-3 block h-24 cursor-pointer hover:shadow-xl hover:scale-[1.03] hover:-translate-y-1 transition-all duration-300 ease-out focus:ring-2 focus:ring-blue-500 focus:outline-none focus:ring-offset-2 min-h-[44px] min-w-[44px] "[39m
            [33mhref[39m=[32m"/search?q=25"[39m
            [33mstyle[39m=[32m"--hover-bg-color: undefined80; transition: all 0.3s ease-out;"[39m
            [33mtitle[39m=[32m"Search for Metric 3: 25"[39m
          [36m>[39m
            [36m<article[39m
              [33maria-describedby[39m=[32m"metric-desc-Metric 3"[39m
              [33maria-labelledby[39m=[32m"metric-title-Metric 3"[39m
              [33mclass[39m=[32m"h-full flex flex-col"[39m
              [33mdata-component[39m=[32m"metrics-card"[39m
              [33mdata-has-range[39m=[32m"false"[39m
              [33mdata-property[39m=[32m"metric_3"[39m
              [33mdata-searchable[39m=[32m"true"[39m
              [33mdata-unit[39m=[32m""[39m
              [33mdata-value[39m=[32m"25"[39m
              [33mid[39m=[32m"metric-card-Metric 3"[39m
              [33mitemscope[39m=[32m""[39m
              [33mitemtype[39m=[32m"https://schema.org/PropertyValue"[39m
              [33mrole[39m=[32m"article"[39m
              [33mtabindex[39m=[32m"0"[39m
            [36m>[39m
              [36m<div[39m
                [33mclass[39m=[32m"sr-only"[39m
                [33mid[39m=[32m"metric-desc-Metric 3"[39m
              [36m>[39m
                [0mMetric showing Metric 3 with value 25 [0m
                [0m. Press Enter or Space to search for this metric.[0m
              [36m</div>[39m
              [36m<div[39m
                [33maria-hidden[39m=[32m"true"[39m
                [33mclass[39m=[32m"h-2 mb-1"[39m
              [36m/>[39m
              [36m<section[39m
                [33mclass[39m=[32m"flex-1 flex flex-col justify-center text-center"[39m
              [36m>[39m
                [36m<div[39m
                  [33mclass[39m=[32m"text-lg font-bold text-white/90 mb-1"[39m
                [36m>[39m
                  [36m<data[39m
                    [33mdata-context[39m=[32m"material_property"[39m
                    [33mdata-has-range[39m=[32m"false"[39m
                    [33mdata-magnitude[39m=[32m"medium"[39m
                    [33mdata-position[39m=[32m"primary"[39m
                    [33mdata-precision[39m=[32m"0"[39m
                    [33mdata-property[39m=[32m"metric_3"[39m
                    [33mdata-type[39m=[32m"measurement"[39m
                    [33mdata-unit[39m=[32m""[39m
                    [33mid[39m=[32m"metric-value-Metric 3"[39m
                    [33mitemprop[39m=[32m"value"[39m
                    [33mitemtype[39m=[32m"https://schema.org/PropertyValue"[39m
                    [33mvalue[39m=[32m"25"[39m
                  [36m>[39m
                    [0m25[0m
                  [36m</data>[39m
                [36m</div>[39m
                [36m<h4[39m
                  [33mclass[39m=[32m"font-bold text-xs text-white/90"[39m
                  [33mdata-component[39m=[32m"metric-title"[39m
                  [33mdata-property[39m=[32m"metric_3"[39m
                  [33mid[39m=[32m"metric-title-Metric 3"[39m
                  [33mitemprop[39m=[32m"name"[39m
                [36m>[39m
                  [0mMetric 3[0m
                [36m</h4>[39m
              [36m</section>[39m
            [36m</article>[39m
          [36m</a>[39m
        [36m</div>[39m
      [36m</div>[39m
    [36m</body>[39m

      244 |       
      245 |       const articles = screen.getAllByRole('article');
    > 246 |       const progressbars = screen.getAllByRole('progressbar');
          |                                   ^
      247 |       
      248 |       // Tab through all focusable elements
      249 |       await user.tab(); // First article (searchable)

      at Object.getElementError (node_modules/@testing-library/dom/dist/config.js:37:19)
      at node_modules/@testing-library/dom/dist/query-helpers.js:76:38
      at node_modules/@testing-library/dom/dist/query-helpers.js:109:15
      at Object.getAllByRole (tests/accessibility/MetricsCard.comprehensive.test.tsx:246:35)

  ● MetricsCard Comprehensive Accessibility › Performance and Scaling › renders efficiently with many instances

    expect(received).toBeLessThan(expected)

    Expected: < 200
    Received:   332.2423299999996

      289 |       
      290 |       // Should render 100 components efficiently
    > 291 |       expect(renderTime).toBeLessThan(200); // Reasonable threshold
          |                          ^
      292 |       
      293 |       // All should have proper accessibility
      294 |       const articles = screen.getAllByRole('article');

      at Object.toBeLessThan (tests/accessibility/MetricsCard.comprehensive.test.tsx:291:26)

FAIL tests/components/MetricsCard.test.tsx
  ● MetricsCard Simple Component › Search Functionality › should have hover effects for clickable cards

    expect(element).toHaveClass("hover:shadow-lg")

    Expected the element to have class:
      hover:shadow-lg
    Received:
      rounded-lg p-3 block h-24 cursor-pointer hover:shadow-xl hover:scale-[1.03] hover:-translate-y-1 transition-all duration-300 ease-out focus:ring-2 focus:ring-blue-500 focus:outline-none focus:ring-offset-2 min-h-[44px] min-w-[44px]

      143 |       const link = screen.getByRole('link');
      144 |       expect(link).toHaveClass('cursor-pointer');
    > 145 |       expect(link).toHaveClass('hover:shadow-lg');
          |                    ^
      146 |       expect(link).toHaveClass('hover:scale-105');
      147 |     });
      148 |   });

      at Object.toHaveClass (tests/components/MetricsCard.test.tsx:145:20)

FAIL tests/accessibility/Caption.comprehensive.test.tsx
  ● Caption Comprehensive Accessibility › WCAG 2.1 AA Compliance › implements complete semantic HTML structure

    TestingLibraryElementError: Found multiple elements with the role "region"

    Here are the matching elements:

    Ignored nodes: comments, script, style
    [36m<section[39m
      [33maria-describedby[39m=[32m"caption-desc-analysis-Aluminum 6061-T6-1759343130183 caption-announcements-analysis-Aluminum 6061-T6-1759343130183"[39m
      [33maria-label[39m=[32m"Surface analysis section for Aluminum 6061-T6 laser cleaning treatment"[39m
      [33mclass[39m=[32m"enhanced-seo-caption "[39m
      [33mid[39m=[32m"caption-section-analysis-Aluminum 6061-T6-1759343130183"[39m
      [33mitemscope[39m=[32m""[39m
      [33mitemtype[39m=[32m"https://schema.org/TechArticle"[39m
      [33mrole[39m=[32m"region"[39m
      [33mtabindex[39m=[32m"0"[39m
    [36m>[39m
      [36m<div[39m
        [33maria-atomic[39m=[32m"true"[39m
        [33maria-live[39m=[32m"polite"[39m
        [33mclass[39m=[32m"sr-only"[39m
        [33mid[39m=[32m"caption-announcements-analysis-Aluminum 6061-T6-1759343130183"[39m
        [33mrole[39m=[32m"status"[39m
      [36m/>[39m
      [36m<div[39m
        [33mclass[39m=[32m"sr-only"[39m
        [33mid[39m=[32m"caption-desc-analysis-Aluminum 6061-T6-1759343130183"[39m
      [36m>[39m
        [0mInteractive Aluminum 6061-T6 laser cleaning analysis with quality metrics overlay and before/after comparison. Use arrow keys to navigate metrics, Enter to toggle expansion, Escape to return focus.[0m
      [36m</div>[39m
      [36m<div[39m
        [33mclass[39m=[32m"mb-8"[39m
      [36m>[39m
        [36m<header>[39m
          [36m<header[39m
            [33maria-labelledby[39m=[32m"section-header-material-properties---aluminum-lfxcx"[39m
            [33mclass[39m=[32m"header-wrapper w-full "[39m
            [33mdata-header-level[39m=[32m"section"[39m
            [33mdata-priority[39m=[32m"medium"[39m
            [33mdata-search-keywords[39m=[32m""[39m
          [36m>[39m
            [36m<h2[39m
              [33maria-level[39m=[32m"2"[39m
              [33mclass[39m=[32m"font-semibold text-white transition-all duration-200 ease-in-out focus:outline-none focus:ring-2 focus:ring-blue-500 focus:ring-offset-2 focus:ring-offset-gray-900 text-2xl font-bold mb-4 text-gray-100 text-left priority-medium text-xl font-bold text-white mb-4"[39m
              [33mdata-testid[39m=[32m"header-section"[39m
              [33mid[39m=[32m"section-header-material-properties---aluminum-lfxcx"[39m
              [33mrole[39m=[32m"heading"[39m
              [33mtabindex[39m=[32m"-1"[39m
            [36m>[39m
              [0mMaterial Properties - Aluminum 6061-T6[0m
            [36m</h2>[39m
          [36m</header>[39m
        [36m</header>[39m
        [36m<figure[39m
          [33maria-describedby[39m=[32m"caption-image-analysis-Aluminum 6061-T6-1759343130183"[39m
          [33maria-labelledby[39m=[32m"caption-title-analysis-Aluminum 6061-T6-1759343130183"[39m
          [33mclass[39m=[32m"caption-container"[39m
          [33mitemscope[39m=[32m""[39m
          [33mitemtype[39m=[32m"https://schema.org/ImageObject"[39m
          [33mrole[39m=[32m"img"[39m
        [36m>[39m
          [36m<div[39m
            [33mclass[39m=[32m"sr-only"[39m
            [33mid[39m=[32m"caption-image-analysis-Aluminum 6061-T6-1759343130183"[39m
          [36m>[39m
            [0mNo image available for Aluminum 6061-T6 surface analysis[0m
          [36m</div>[39m
          [36m<div[39m
            [33maria-label[39m=[32m"No surface analysis image available"[39m
            [33mclass[39m=[32m"w-full h-[300px] md:h-[400px] flex items-center justify-center bg-gray-600 rounded-lg"[39m
          [36m>[39m
            [36m<img[39m
              [33malt[39m=[32m"Z-Beam company logo"[39m
              [33mclass[39m=[32m"opacity-30 object-contain"[39m
              [33mheight[39m=[32m"72"[39m
              [33msrc[39m=[32m"/images/Site/Logo/logo_.png"[39m
              [33mwidth[39m=[32m"120"[39m
            [36m/>[39m
          [36m</div>[39m
          [36m<figcaption[39m
            [33maria-labelledby[39m=[32m"caption-title-analysis-Aluminum 6061-T6-1759343130183"[39m
            [33mclass[39m=[32m"mt-4 pb-4 mb-2 text-sm max-w-none"[39m
            [33mrole[39m=[32m"group"[39m
          [36m>[39m
            [36m<div[39m
              [33maria-label[39m=[32m"Before and after treatment comparison"[39m
              [33mclass[39m=[32m"grid grid-cols-1 md:grid-cols-2 gap-4"[39m
              [33mrole[39m=[32m"group"[39m
            [36m>[39m
              [36m<section[39m
                [33maria-labelledby[39m=[32m"before-treatment-analysis-Aluminum 6061-T6-1759343130183"[39m
                [33mclass[39m=[32m"px-2"[39m
                [33mrole[39m=[32m"region"[39m
              [36m>[39m
                [36m<h4[39m
                  [33maria-level[39m=[32m"4"[39m
                  [33mclass[39m=[32m"text-base font-semibold text-gray-900 dark:text-gray-100 mb-2 flex items-center"[39m
                  [33mid[39m=[32m"before-treatment-analysis-Aluminum 6061-T6-1759343130183"[39m
                  [33mrole[39m=[32m"heading"[39m
                [36m>[39m
                  [36m<span[39m
                    [33maria-hidden[39m=[32m"true"[39m
                    [33mclass[39m=[32m"w-2 h-2 bg-red-500 rounded-full mr-2"[39m
                    [33mrole[39m=[32m"presentation"[39m
                  [36m/>[39m
                  [0mBefore Treatment[0m
                [36m</h4>[39m
                [36m<p[39m
                  [33maria-labelledby[39m=[32m"before-treatment-analysis-Aluminum 6061-T6-1759343130183"[39m
                  [33mclass[39m=[32m"text-gray-600 dark:text-gray-400 text-sm leading-relaxed mb-4 md:mb-0"[39m
                [36m>[39m
                  [0mSurface shows oxidation, contamination, and roughness from manufacturing processes[0m
                [36m</p>[39m
              [36m</section>[39m
              [36m<section[39m
                [33maria-labelledby[39m=[32m"after-treatment-analysis-Aluminum 6061-T6-1759343130183"[39m
                [33mclass[39m=[32m"px-2"[39m
                [33mrole[39m=[32m"region"[39m
              [36m>[39m
                [36m<h4[39m
                  [33maria-level[39m=[32m"4"[39m
                  [33mclass[39m=[32m"text-base font-semibold text-gray-900 dark:text-gray-100 mb-2 flex items-center"[39m
                  [33mid[39m=[32m"after-treatment-analysis-Aluminum 6061-T6-1759343130183"[39m
                  [33mrole[39m=[32m"heading"[39m
                [36m>[39m
                  [36m<span[39m
                    [33maria-hidden[39m=[32m"true"[39m
                    [33mclass[39m=[32m"w-2 h-2 bg-green-500 rounded-full mr-2"[39m
                    [33mrole[39m=[32m"presentation"[39m
                  [36m/>[39m
                  [0mAfter Treatment[0m
                [36m</h4>[39m
                [36m<p[39m
                  [33maria-labelledby[39m=[32m"after-treatment-analysis-Aluminum 6061-T6-1759343130183"[39m
                  [33mclass[39m=[32m"text-gray-600 dark:text-gray-400 text-sm leading-relaxed"[39m
                [36m>[39m
                  [0mClean, smooth surface with improved thermal and electrical properties for optimal performance[0m
                [36m</p>[39m
              [36m</section>[39m
            [36m</div>[39m
          [36m</figcaption>[39m
        [36m</figure>[39m
      [36m</div>[39m
    [36m</section>[39m

    Ignored nodes: comments, script, style
    [36m<section[39m
      [33maria-labelledby[39m=[32m"before-treatment-analysis-Aluminum 6061-T6-1759343130183"[39m
      [33mclass[39m=[32m"px-2"[39m
      [33mrole[39m=[32m"region"[39m
    [36m>[39m
      [36m<h4[39m
        [33maria-level[39m=[32m"4"[39m
        [33mclass[39m=[32m"text-base font-semibold text-gray-900 dark:text-gray-100 mb-2 flex items-center"[39m
        [33mid[39m=[32m"before-treatment-analysis-Aluminum 6061-T6-1759343130183"[39m
        [33mrole[39m=[32m"heading"[39m
      [36m>[39m
        [36m<span[39m
          [33maria-hidden[39m=[32m"true"[39m
          [33mclass[39m=[32m"w-2 h-2 bg-red-500 rounded-full mr-2"[39m
          [33mrole[39m=[32m"presentation"[39m
        [36m/>[39m
        [0mBefore Treatment[0m
      [36m</h4>[39m
      [36m<p[39m
        [33maria-labelledby[39m=[32m"before-treatment-analysis-Aluminum 6061-T6-1759343130183"[39m
        [33mclass[39m=[32m"text-gray-600 dark:text-gray-400 text-sm leading-relaxed mb-4 md:mb-0"[39m
      [36m>[39m
        [0mSurface shows oxidation, contamination, and roughness from manufacturing processes[0m
      [36m</p>[39m
    [36m</section>[39m

    Ignored nodes: comments, script, style
    [36m<section[39m
      [33maria-labelledby[39m=[32m"after-treatment-analysis-Aluminum 6061-T6-1759343130183"[39m
      [33mclass[39m=[32m"px-2"[39m
      [33mrole[39m=[32m"region"[39m
    [36m>[39m
      [36m<h4[39m
        [33maria-level[39m=[32m"4"[39m
        [33mclass[39m=[32m"text-base font-semibold text-gray-900 dark:text-gray-100 mb-2 flex items-center"[39m
        [33mid[39m=[32m"after-treatment-analysis-Aluminum 6061-T6-1759343130183"[39m
        [33mrole[39m=[32m"heading"[39m
      [36m>[39m
        [36m<span[39m
          [33maria-hidden[39m=[32m"true"[39m
          [33mclass[39m=[32m"w-2 h-2 bg-green-500 rounded-full mr-2"[39m
          [33mrole[39m=[32m"presentation"[39m
        [36m/>[39m
        [0mAfter Treatment[0m
      [36m</h4>[39m
      [36m<p[39m
        [33maria-labelledby[39m=[32m"after-treatment-analysis-Aluminum 6061-T6-1759343130183"[39m
        [33mclass[39m=[32m"text-gray-600 dark:text-gray-400 text-sm leading-relaxed"[39m
      [36m>[39m
        [0mClean, smooth surface with improved thermal and electrical properties for optimal performance[0m
      [36m</p>[39m
    [36m</section>[39m

    (If this is intentional, then use the `*AllBy*` variant of the query (like `queryAllByText`, `getAllByText`, or `findAllByText`)).

    Ignored nodes: comments, script, style
    [36m<body>[39m
      [36m<div>[39m
        [36m<section[39m
          [33maria-describedby[39m=[32m"caption-desc-analysis-Aluminum 6061-T6-1759343130183 caption-announcements-analysis-Aluminum 6061-T6-1759343130183"[39m
          [33maria-label[39m=[32m"Surface analysis section for Aluminum 6061-T6 laser cleaning treatment"[39m
          [33mclass[39m=[32m"enhanced-seo-caption "[39m
          [33mid[39m=[32m"caption-section-analysis-Aluminum 6061-T6-1759343130183"[39m
          [33mitemscope[39m=[32m""[39m
          [33mitemtype[39m=[32m"https://schema.org/TechArticle"[39m
          [33mrole[39m=[32m"region"[39m
          [33mtabindex[39m=[32m"0"[39m
        [36m>[39m
          [36m<div[39m
            [33maria-atomic[39m=[32m"true"[39m
            [33maria-live[39m=[32m"polite"[39m
            [33mclass[39m=[32m"sr-only"[39m
            [33mid[39m=[32m"caption-announcements-analysis-Aluminum 6061-T6-1759343130183"[39m
            [33mrole[39m=[32m"status"[39m
          [36m/>[39m
          [36m<div[39m
            [33mclass[39m=[32m"sr-only"[39m
            [33mid[39m=[32m"caption-desc-analysis-Aluminum 6061-T6-1759343130183"[39m
          [36m>[39m
            [0mInteractive Aluminum 6061-T6 laser cleaning analysis with quality metrics overlay and before/after comparison. Use arrow keys to navigate metrics, Enter to toggle expansion, Escape to return focus.[0m
          [36m</div>[39m
          [36m<div[39m
            [33mclass[39m=[32m"mb-8"[39m
          [36m>[39m
            [36m<header>[39m
              [36m<header[39m
                [33maria-labelledby[39m=[32m"section-header-material-properties---aluminum-lfxcx"[39m
                [33mclass[39m=[32m"header-wrapper w-full "[39m
                [33mdata-header-level[39m=[32m"section"[39m
                [33mdata-priority[39m=[32m"medium"[39m
                [33mdata-search-keywords[39m=[32m""[39m
              [36m>[39m
                [36m<h2[39m
                  [33maria-level[39m=[32m"2"[39m
                  [33mclass[39m=[32m"font-semibold text-white transition-all duration-200 ease-in-out focus:outline-none focus:ring-2 focus:ring-blue-500 focus:ring-offset-2 focus:ring-offset-gray-900 text-2xl font-bold mb-4 text-gray-100 text-left priority-medium text-xl font-bold text-white mb-4"[39m
                  [33mdata-testid[39m=[32m"header-section"[39m
                  [33mid[39m=[32m"section-header-material-properties---aluminum-lfxcx"[39m
                  [33mrole[39m=[32m"heading"[39m
                  [33mtabindex[39m=[32m"-1"[39m
                [36m>[39m
                  [0mMaterial Properties - Aluminum 6061-T6[0m
                [36m</h2>[39m
              [36m</header>[39m
            [36m</header>[39m
            [36m<figure[39m
              [33maria-describedby[39m=[32m"caption-image-analysis-Aluminum 6061-T6-1759343130183"[39m
              [33maria-labelledby[39m=[32m"caption-title-analysis-Aluminum 6061-T6-1759343130183"[39m
              [33mclass[39m=[32m"caption-container"[39m
              [33mitemscope[39m=[32m""[39m
              [33mitemtype[39m=[32m"https://schema.org/ImageObject"[39m
              [33mrole[39m=[32m"img"[39m
            [36m>[39m
              [36m<div[39m
                [33mclass[39m=[32m"sr-only"[39m
                [33mid[39m=[32m"caption-image-analysis-Aluminum 6061-T6-1759343130183"[39m
              [36m>[39m
                [0mNo image available for Aluminum 6061-T6 surface analysis[0m
              [36m</div>[39m
              [36m<div[39m
                [33maria-label[39m=[32m"No surface analysis image available"[39m
                [33mclass[39m=[32m"w-full h-[300px] md:h-[400px] flex items-center justify-center bg-gray-600 rounded-lg"[39m
              [36m>[39m
                [36m<img[39m
                  [33malt[39m=[32m"Z-Beam company logo"[39m
                  [33mclass[39m=[32m"opacity-30 object-contain"[39m
                  [33mheight[39m=[32m"72"[39m
                  [33msrc[39m=[32m"/images/Site/Logo/logo_.png"[39m
                  [33mwidth[39m=[32m"120"[39m
                [36m/>[39m
              [36m</div>[39m
              [36m<figcaption[39m
                [33maria-labelledby[39m=[32m"caption-title-analysis-Aluminum 6061-T6-1759343130183"[39m
                [33mclass[39m=[32m"mt-4 pb-4 mb-2 text-sm max-w-none"[39m
                [33mrole[39m=[32m"group"[39m
              [36m>[39m
                [36m<div[39m
                  [33maria-label[39m=[32m"Before and after treatment comparison"[39m
                  [33mclass[39m=[32m"grid grid-cols-1 md:grid-cols-2 gap-4"[39m
                  [33mrole[39m=[32m"group"[39m
                [36m>[39m
                  [36m<section[39m
                    [33maria-labelledby[39m=[32m"before-treatment-analysis-Aluminum 6061-T6-1759343130183"[39m
                    [33mclass[39m=[32m"px-2"[39m
                    [33mrole[39m=[32m"region"[39m
                  [36m>[39m
                    [36m<h4[39m
                      [33maria-level[39m=[32m"4"[39m
                      [33mclass[39m=[32m"text-base font-semibold text-gray-900 dark:text-gray-100 mb-2 flex items-center"[39m
                      [33mid[39m=[32m"before-treatment-analysis-Aluminum 6061-T6-1759343130183"[39m
                      [33mrole[39m=[32m"heading"[39m
                    [36m>[39m
                      [36m<span[39m
                        [33maria-hidden[39m=[32m"true"[39m
                        [33mclass[39m=[32m"w-2 h-2 bg-red-500 rounded-full mr-2"[39m
                        [33mrole[39m=[32m"presentation"[39m
                      [36m/>[39m
                      [0mBefore Treatment[0m
                    [36m</h4>[39m
                    [36m<p[39m
                      [33maria-labelledby[39m=[32m"before-treatment-analysis-Aluminum 6061-T6-1759343130183"[39m
                      [33mclass[39m=[32m"text-gray-600 dark:text-gray-400 text-sm leading-relaxed mb-4 md:mb-0"[39m
                    [36m>[39m
                      [0mSurface shows oxidation, contamination, and roughness from manufacturing processes[0m
                    [36m</p>[39m
                  [36m</section>[39m
                  [36m<section[39m
                    [33maria-labelledby[39m=[32m"after-treatment-analysis-Aluminum 6061-T6-1759343130183"[39m
                    [33mclass[39m=[32m"px-2"[39m
                    [33mrole[39m=[32m"region"[39m
                  [36m>[39m
                    [36m<h4[39m
                      [33maria-level[39m=[32m"4"[39m
                      [33mclass[39m=[32m"text-base font-semibold text-gray-900 dark:text-gray-100 mb-2 flex items-center"[39m
                      [33mid[39m=[32m"after-treatment-analysis-Aluminum 6061-T6-1759343130183"[39m
                      [33mrole[39m=[32m"heading"[39m
                    [36m>[39m
                      [36m<span[39m
                        [33maria-hidden[39m=[32m"true"[39m
                        [33mclass[39m=[32m"w-2 h-2 bg-green-500 rounded-full mr-2"[39m
                        [33mrole[39m=[32m"presentation"[39m
                      [36m/>[39m
                      [0mAfter Treatment[0m
                    [36m</h4>[39m
                    [36m<p[39m
                      [33maria-labelledby[39m=[32m"after-treatment-analysis-Aluminum 6061-T6-1759343130183"[39m
                      [33mclass[39m=[32m"text-gray-600 dark:text-gray-400 text-sm leading-relaxed"[39m
                    [36m>[39m
                      [0mClean, smooth surface with improved thermal and electrical properties for optimal performance[0m
                    [36m</p>[39m
                  [36m</section>[39m
                [36m</div>[39m
              [36m</figcaption>[39m
            [36m</figure>[39m
          [36m</div>[39m
        [36m</section>[39m
      [36m</div>[39m
    [36m</body>[39m

      26 |       
      27 |       // Main container is semantic section with region role
    > 28 |       const mainSection = screen.getByRole('region');
         |                                  ^
      29 |       expect(mainSection.tagName).toBe('SECTION');
      30 |       expect(mainSection).toHaveAttribute('aria-labelledby');
      31 |       expect(mainSection).toHaveAttribute('aria-describedby');

      at Object.getElementError (node_modules/@testing-library/dom/dist/config.js:37:19)
      at getElementError (node_modules/@testing-library/dom/dist/query-helpers.js:20:35)
      at getMultipleElementsFoundError (node_modules/@testing-library/dom/dist/query-helpers.js:23:10)
      at node_modules/@testing-library/dom/dist/query-helpers.js:55:13
      at node_modules/@testing-library/dom/dist/query-helpers.js:95:19
      at Object.getByRole (tests/accessibility/Caption.comprehensive.test.tsx:28:34)

  ● Caption Comprehensive Accessibility › WCAG 2.1 AA Compliance › implements comprehensive ARIA attributes

    TestingLibraryElementError: Found multiple elements with the role "region"

    Here are the matching elements:

    Ignored nodes: comments, script, style
    [36m<section[39m
      [33maria-describedby[39m=[32m"caption-desc-analysis-Aluminum 6061-T6-1759343130487 caption-announcements-analysis-Aluminum 6061-T6-1759343130487"[39m
      [33maria-label[39m=[32m"Surface analysis section for Aluminum 6061-T6 laser cleaning treatment"[39m
      [33mclass[39m=[32m"enhanced-seo-caption "[39m
      [33mid[39m=[32m"caption-section-analysis-Aluminum 6061-T6-1759343130487"[39m
      [33mitemscope[39m=[32m""[39m
      [33mitemtype[39m=[32m"https://schema.org/TechArticle"[39m
      [33mrole[39m=[32m"region"[39m
      [33mtabindex[39m=[32m"0"[39m
    [36m>[39m
      [36m<div[39m
        [33maria-atomic[39m=[32m"true"[39m
        [33maria-live[39m=[32m"polite"[39m
        [33mclass[39m=[32m"sr-only"[39m
        [33mid[39m=[32m"caption-announcements-analysis-Aluminum 6061-T6-1759343130487"[39m
        [33mrole[39m=[32m"status"[39m
      [36m/>[39m
      [36m<div[39m
        [33mclass[39m=[32m"sr-only"[39m
        [33mid[39m=[32m"caption-desc-analysis-Aluminum 6061-T6-1759343130487"[39m
      [36m>[39m
        [0mInteractive Aluminum 6061-T6 laser cleaning analysis with quality metrics overlay and before/after comparison. Use arrow keys to navigate metrics, Enter to toggle expansion, Escape to return focus.[0m
      [36m</div>[39m
      [36m<div[39m
        [33mclass[39m=[32m"mb-8"[39m
      [36m>[39m
        [36m<header>[39m
          [36m<header[39m
            [33maria-labelledby[39m=[32m"section-header-material-properties---aluminum-lfxcx"[39m
            [33mclass[39m=[32m"header-wrapper w-full "[39m
            [33mdata-header-level[39m=[32m"section"[39m
            [33mdata-priority[39m=[32m"medium"[39m
            [33mdata-search-keywords[39m=[32m""[39m
          [36m>[39m
            [36m<h2[39m
              [33maria-level[39m=[32m"2"[39m
              [33mclass[39m=[32m"font-semibold text-white transition-all duration-200 ease-in-out focus:outline-none focus:ring-2 focus:ring-blue-500 focus:ring-offset-2 focus:ring-offset-gray-900 text-2xl font-bold mb-4 text-gray-100 text-left priority-medium text-xl font-bold text-white mb-4"[39m
              [33mdata-testid[39m=[32m"header-section"[39m
              [33mid[39m=[32m"section-header-material-properties---aluminum-lfxcx"[39m
              [33mrole[39m=[32m"heading"[39m
              [33mtabindex[39m=[32m"-1"[39m
            [36m>[39m
              [0mMaterial Properties - Aluminum 6061-T6[0m
            [36m</h2>[39m
          [36m</header>[39m
        [36m</header>[39m
        [36m<figure[39m
          [33maria-describedby[39m=[32m"caption-image-analysis-Aluminum 6061-T6-1759343130487"[39m
          [33maria-labelledby[39m=[32m"caption-title-analysis-Aluminum 6061-T6-1759343130487"[39m
          [33mclass[39m=[32m"caption-container"[39m
          [33mitemscope[39m=[32m""[39m
          [33mitemtype[39m=[32m"https://schema.org/ImageObject"[39m
          [33mrole[39m=[32m"img"[39m
        [36m>[39m
          [36m<div[39m
            [33mclass[39m=[32m"sr-only"[39m
            [33mid[39m=[32m"caption-image-analysis-Aluminum 6061-T6-1759343130487"[39m
          [36m>[39m
            [0mNo image available for Aluminum 6061-T6 surface analysis[0m
          [36m</div>[39m
          [36m<div[39m
            [33maria-label[39m=[32m"No surface analysis image available"[39m
            [33mclass[39m=[32m"w-full h-[300px] md:h-[400px] flex items-center justify-center bg-gray-600 rounded-lg"[39m
          [36m>[39m
            [36m<img[39m
              [33malt[39m=[32m"Z-Beam company logo"[39m
              [33mclass[39m=[32m"opacity-30 object-contain"[39m
              [33mheight[39m=[32m"72"[39m
              [33msrc[39m=[32m"/images/Site/Logo/logo_.png"[39m
              [33mwidth[39m=[32m"120"[39m
            [36m/>[39m
          [36m</div>[39m
          [36m<figcaption[39m
            [33maria-labelledby[39m=[32m"caption-title-analysis-Aluminum 6061-T6-1759343130487"[39m
            [33mclass[39m=[32m"mt-4 pb-4 mb-2 text-sm max-w-none"[39m
            [33mrole[39m=[32m"group"[39m
          [36m>[39m
            [36m<div[39m
              [33maria-label[39m=[32m"Before and after treatment comparison"[39m
              [33mclass[39m=[32m"grid grid-cols-1 md:grid-cols-2 gap-4"[39m
              [33mrole[39m=[32m"group"[39m
            [36m>[39m
              [36m<section[39m
                [33maria-labelledby[39m=[32m"before-treatment-analysis-Aluminum 6061-T6-1759343130487"[39m
                [33mclass[39m=[32m"px-2"[39m
                [33mrole[39m=[32m"region"[39m
              [36m>[39m
                [36m<h4[39m
                  [33maria-level[39m=[32m"4"[39m
                  [33mclass[39m=[32m"text-base font-semibold text-gray-900 dark:text-gray-100 mb-2 flex items-center"[39m
                  [33mid[39m=[32m"before-treatment-analysis-Aluminum 6061-T6-1759343130487"[39m
                  [33mrole[39m=[32m"heading"[39m
                [36m>[39m
                  [36m<span[39m
                    [33maria-hidden[39m=[32m"true"[39m
                    [33mclass[39m=[32m"w-2 h-2 bg-red-500 rounded-full mr-2"[39m
                    [33mrole[39m=[32m"presentation"[39m
                  [36m/>[39m
                  [0mBefore Treatment[0m
                [36m</h4>[39m
                [36m<p[39m
                  [33maria-labelledby[39m=[32m"before-treatment-analysis-Aluminum 6061-T6-1759343130487"[39m
                  [33mclass[39m=[32m"text-gray-600 dark:text-gray-400 text-sm leading-relaxed mb-4 md:mb-0"[39m
                [36m>[39m
                  [0mSurface shows oxidation, contamination, and roughness from manufacturing processes[0m
                [36m</p>[39m
              [36m</section>[39m
              [36m<section[39m
                [33maria-labelledby[39m=[32m"after-treatment-analysis-Aluminum 6061-T6-1759343130487"[39m
                [33mclass[39m=[32m"px-2"[39m
                [33mrole[39m=[32m"region"[39m
              [36m>[39m
                [36m<h4[39m
                  [33maria-level[39m=[32m"4"[39m
                  [33mclass[39m=[32m"text-base font-semibold text-gray-900 dark:text-gray-100 mb-2 flex items-center"[39m
                  [33mid[39m=[32m"after-treatment-analysis-Aluminum 6061-T6-1759343130487"[39m
                  [33mrole[39m=[32m"heading"[39m
                [36m>[39m
                  [36m<span[39m
                    [33maria-hidden[39m=[32m"true"[39m
                    [33mclass[39m=[32m"w-2 h-2 bg-green-500 rounded-full mr-2"[39m
                    [33mrole[39m=[32m"presentation"[39m
                  [36m/>[39m
                  [0mAfter Treatment[0m
                [36m</h4>[39m
                [36m<p[39m
                  [33maria-labelledby[39m=[32m"after-treatment-analysis-Aluminum 6061-T6-1759343130487"[39m
                  [33mclass[39m=[32m"text-gray-600 dark:text-gray-400 text-sm leading-relaxed"[39m
                [36m>[39m
                  [0mClean, smooth surface with improved thermal and electrical properties for optimal performance[0m
                [36m</p>[39m
              [36m</section>[39m
            [36m</div>[39m
          [36m</figcaption>[39m
        [36m</figure>[39m
      [36m</div>[39m
    [36m</section>[39m

    Ignored nodes: comments, script, style
    [36m<section[39m
      [33maria-labelledby[39m=[32m"before-treatment-analysis-Aluminum 6061-T6-1759343130487"[39m
      [33mclass[39m=[32m"px-2"[39m
      [33mrole[39m=[32m"region"[39m
    [36m>[39m
      [36m<h4[39m
        [33maria-level[39m=[32m"4"[39m
        [33mclass[39m=[32m"text-base font-semibold text-gray-900 dark:text-gray-100 mb-2 flex items-center"[39m
        [33mid[39m=[32m"before-treatment-analysis-Aluminum 6061-T6-1759343130487"[39m
        [33mrole[39m=[32m"heading"[39m
      [36m>[39m
        [36m<span[39m
          [33maria-hidden[39m=[32m"true"[39m
          [33mclass[39m=[32m"w-2 h-2 bg-red-500 rounded-full mr-2"[39m
          [33mrole[39m=[32m"presentation"[39m
        [36m/>[39m
        [0mBefore Treatment[0m
      [36m</h4>[39m
      [36m<p[39m
        [33maria-labelledby[39m=[32m"before-treatment-analysis-Aluminum 6061-T6-1759343130487"[39m
        [33mclass[39m=[32m"text-gray-600 dark:text-gray-400 text-sm leading-relaxed mb-4 md:mb-0"[39m
      [36m>[39m
        [0mSurface shows oxidation, contamination, and roughness from manufacturing processes[0m
      [36m</p>[39m
    [36m</section>[39m

    Ignored nodes: comments, script, style
    [36m<section[39m
      [33maria-labelledby[39m=[32m"after-treatment-analysis-Aluminum 6061-T6-1759343130487"[39m
      [33mclass[39m=[32m"px-2"[39m
      [33mrole[39m=[32m"region"[39m
    [36m>[39m
      [36m<h4[39m
        [33maria-level[39m=[32m"4"[39m
        [33mclass[39m=[32m"text-base font-semibold text-gray-900 dark:text-gray-100 mb-2 flex items-center"[39m
        [33mid[39m=[32m"after-treatment-analysis-Aluminum 6061-T6-1759343130487"[39m
        [33mrole[39m=[32m"heading"[39m
      [36m>[39m
        [36m<span[39m
          [33maria-hidden[39m=[32m"true"[39m
          [33mclass[39m=[32m"w-2 h-2 bg-green-500 rounded-full mr-2"[39m
          [33mrole[39m=[32m"presentation"[39m
        [36m/>[39m
        [0mAfter Treatment[0m
      [36m</h4>[39m
      [36m<p[39m
        [33maria-labelledby[39m=[32m"after-treatment-analysis-Aluminum 6061-T6-1759343130487"[39m
        [33mclass[39m=[32m"text-gray-600 dark:text-gray-400 text-sm leading-relaxed"[39m
      [36m>[39m
        [0mClean, smooth surface with improved thermal and electrical properties for optimal performance[0m
      [36m</p>[39m
    [36m</section>[39m

    (If this is intentional, then use the `*AllBy*` variant of the query (like `queryAllByText`, `getAllByText`, or `findAllByText`)).

    Ignored nodes: comments, script, style
    [36m<body>[39m
      [36m<div>[39m
        [36m<section[39m
          [33maria-describedby[39m=[32m"caption-desc-analysis-Aluminum 6061-T6-1759343130487 caption-announcements-analysis-Aluminum 6061-T6-1759343130487"[39m
          [33maria-label[39m=[32m"Surface analysis section for Aluminum 6061-T6 laser cleaning treatment"[39m
          [33mclass[39m=[32m"enhanced-seo-caption "[39m
          [33mid[39m=[32m"caption-section-analysis-Aluminum 6061-T6-1759343130487"[39m
          [33mitemscope[39m=[32m""[39m
          [33mitemtype[39m=[32m"https://schema.org/TechArticle"[39m
          [33mrole[39m=[32m"region"[39m
          [33mtabindex[39m=[32m"0"[39m
        [36m>[39m
          [36m<div[39m
            [33maria-atomic[39m=[32m"true"[39m
            [33maria-live[39m=[32m"polite"[39m
            [33mclass[39m=[32m"sr-only"[39m
            [33mid[39m=[32m"caption-announcements-analysis-Aluminum 6061-T6-1759343130487"[39m
            [33mrole[39m=[32m"status"[39m
          [36m/>[39m
          [36m<div[39m
            [33mclass[39m=[32m"sr-only"[39m
            [33mid[39m=[32m"caption-desc-analysis-Aluminum 6061-T6-1759343130487"[39m
          [36m>[39m
            [0mInteractive Aluminum 6061-T6 laser cleaning analysis with quality metrics overlay and before/after comparison. Use arrow keys to navigate metrics, Enter to toggle expansion, Escape to return focus.[0m
          [36m</div>[39m
          [36m<div[39m
            [33mclass[39m=[32m"mb-8"[39m
          [36m>[39m
            [36m<header>[39m
              [36m<header[39m
                [33maria-labelledby[39m=[32m"section-header-material-properties---aluminum-lfxcx"[39m
                [33mclass[39m=[32m"header-wrapper w-full "[39m
                [33mdata-header-level[39m=[32m"section"[39m
                [33mdata-priority[39m=[32m"medium"[39m
                [33mdata-search-keywords[39m=[32m""[39m
              [36m>[39m
                [36m<h2[39m
                  [33maria-level[39m=[32m"2"[39m
                  [33mclass[39m=[32m"font-semibold text-white transition-all duration-200 ease-in-out focus:outline-none focus:ring-2 focus:ring-blue-500 focus:ring-offset-2 focus:ring-offset-gray-900 text-2xl font-bold mb-4 text-gray-100 text-left priority-medium text-xl font-bold text-white mb-4"[39m
                  [33mdata-testid[39m=[32m"header-section"[39m
                  [33mid[39m=[32m"section-header-material-properties---aluminum-lfxcx"[39m
                  [33mrole[39m=[32m"heading"[39m
                  [33mtabindex[39m=[32m"-1"[39m
                [36m>[39m
                  [0mMaterial Properties - Aluminum 6061-T6[0m
                [36m</h2>[39m
              [36m</header>[39m
            [36m</header>[39m
            [36m<figure[39m
              [33maria-describedby[39m=[32m"caption-image-analysis-Aluminum 6061-T6-1759343130487"[39m
              [33maria-labelledby[39m=[32m"caption-title-analysis-Aluminum 6061-T6-1759343130487"[39m
              [33mclass[39m=[32m"caption-container"[39m
              [33mitemscope[39m=[32m""[39m
              [33mitemtype[39m=[32m"https://schema.org/ImageObject"[39m
              [33mrole[39m=[32m"img"[39m
            [36m>[39m
              [36m<div[39m
                [33mclass[39m=[32m"sr-only"[39m
                [33mid[39m=[32m"caption-image-analysis-Aluminum 6061-T6-1759343130487"[39m
              [36m>[39m
                [0mNo image available for Aluminum 6061-T6 surface analysis[0m
              [36m</div>[39m
              [36m<div[39m
                [33maria-label[39m=[32m"No surface analysis image available"[39m
                [33mclass[39m=[32m"w-full h-[300px] md:h-[400px] flex items-center justify-center bg-gray-600 rounded-lg"[39m
              [36m>[39m
                [36m<img[39m
                  [33malt[39m=[32m"Z-Beam company logo"[39m
                  [33mclass[39m=[32m"opacity-30 object-contain"[39m
                  [33mheight[39m=[32m"72"[39m
                  [33msrc[39m=[32m"/images/Site/Logo/logo_.png"[39m
                  [33mwidth[39m=[32m"120"[39m
                [36m/>[39m
              [36m</div>[39m
              [36m<figcaption[39m
                [33maria-labelledby[39m=[32m"caption-title-analysis-Aluminum 6061-T6-1759343130487"[39m
                [33mclass[39m=[32m"mt-4 pb-4 mb-2 text-sm max-w-none"[39m
                [33mrole[39m=[32m"group"[39m
              [36m>[39m
                [36m<div[39m
                  [33maria-label[39m=[32m"Before and after treatment comparison"[39m
                  [33mclass[39m=[32m"grid grid-cols-1 md:grid-cols-2 gap-4"[39m
                  [33mrole[39m=[32m"group"[39m
                [36m>[39m
                  [36m<section[39m
                    [33maria-labelledby[39m=[32m"before-treatment-analysis-Aluminum 6061-T6-1759343130487"[39m
                    [33mclass[39m=[32m"px-2"[39m
                    [33mrole[39m=[32m"region"[39m
                  [36m>[39m
                    [36m<h4[39m
                      [33maria-level[39m=[32m"4"[39m
                      [33mclass[39m=[32m"text-base font-semibold text-gray-900 dark:text-gray-100 mb-2 flex items-center"[39m
                      [33mid[39m=[32m"before-treatment-analysis-Aluminum 6061-T6-1759343130487"[39m
                      [33mrole[39m=[32m"heading"[39m
                    [36m>[39m
                      [36m<span[39m
                        [33maria-hidden[39m=[32m"true"[39m
                        [33mclass[39m=[32m"w-2 h-2 bg-red-500 rounded-full mr-2"[39m
                        [33mrole[39m=[32m"presentation"[39m
                      [36m/>[39m
                      [0mBefore Treatment[0m
                    [36m</h4>[39m
                    [36m<p[39m
                      [33maria-labelledby[39m=[32m"before-treatment-analysis-Aluminum 6061-T6-1759343130487"[39m
                      [33mclass[39m=[32m"text-gray-600 dark:text-gray-400 text-sm leading-relaxed mb-4 md:mb-0"[39m
                    [36m>[39m
                      [0mSurface shows oxidation, contamination, and roughness from manufacturing processes[0m
                    [36m</p>[39m
                  [36m</section>[39m
                  [36m<section[39m
                    [33maria-labelledby[39m=[32m"after-treatment-analysis-Aluminum 6061-T6-1759343130487"[39m
                    [33mclass[39m=[32m"px-2"[39m
                    [33mrole[39m=[32m"region"[39m
                  [36m>[39m
                    [36m<h4[39m
                      [33maria-level[39m=[32m"4"[39m
                      [33mclass[39m=[32m"text-base font-semibold text-gray-900 dark:text-gray-100 mb-2 flex items-center"[39m
                      [33mid[39m=[32m"after-treatment-analysis-Aluminum 6061-T6-1759343130487"[39m
                      [33mrole[39m=[32m"heading"[39m
                    [36m>[39m
                      [36m<span[39m
                        [33maria-hidden[39m=[32m"true"[39m
                        [33mclass[39m=[32m"w-2 h-2 bg-green-500 rounded-full mr-2"[39m
                        [33mrole[39m=[32m"presentation"[39m
                      [36m/>[39m
                      [0mAfter Treatment[0m
                    [36m</h4>[39m
                    [36m<p[39m
                      [33maria-labelledby[39m=[32m"after-treatment-analysis-Aluminum 6061-T6-1759343130487"[39m
                      [33mclass[39m=[32m"text-gray-600 dark:text-gray-400 text-sm leading-relaxed"[39m
                    [36m>[39m
                      [0mClean, smooth surface with improved thermal and electrical properties for optimal performance[0m
                    [36m</p>[39m
                  [36m</section>[39m
                [36m</div>[39m
              [36m</figcaption>[39m
            [36m</figure>[39m
          [36m</div>[39m
        [36m</section>[39m
      [36m</div>[39m
    [36m</body>[39m

      51 |       
      52 |       // Main section has complete ARIA labeling
    > 53 |       const mainSection = screen.getByRole('region');
         |                                  ^
      54 |       expect(mainSection).toHaveAttribute('aria-labelledby');
      55 |       expect(mainSection).toHaveAttribute('aria-describedby');
      56 |       expect(mainSection).toHaveAttribute('tabindex', '0');

      at Object.getElementError (node_modules/@testing-library/dom/dist/config.js:37:19)
      at getElementError (node_modules/@testing-library/dom/dist/query-helpers.js:20:35)
      at getMultipleElementsFoundError (node_modules/@testing-library/dom/dist/query-helpers.js:23:10)
      at node_modules/@testing-library/dom/dist/query-helpers.js:55:13
      at node_modules/@testing-library/dom/dist/query-helpers.js:95:19
      at Object.getByRole (tests/accessibility/Caption.comprehensive.test.tsx:53:34)

  ● Caption Comprehensive Accessibility › WCAG 2.1 AA Compliance › provides comprehensive screen reader descriptions

    TestingLibraryElementError: Unable to find an element with the text: /Surface analysis for Aluminum 6061-T6/. This could be because the text is broken up by multiple elements. In this case, you can provide a function for your text matcher to make your matcher more flexible.

    Ignored nodes: comments, script, style
    [36m<body>[39m
      [36m<div>[39m
        [36m<section[39m
          [33maria-describedby[39m=[32m"caption-desc-analysis-Aluminum 6061-T6-1759343130518 caption-announcements-analysis-Aluminum 6061-T6-1759343130518"[39m
          [33maria-label[39m=[32m"Surface analysis section for Aluminum 6061-T6 laser cleaning treatment"[39m
          [33mclass[39m=[32m"enhanced-seo-caption "[39m
          [33mid[39m=[32m"caption-section-analysis-Aluminum 6061-T6-1759343130518"[39m
          [33mitemscope[39m=[32m""[39m
          [33mitemtype[39m=[32m"https://schema.org/TechArticle"[39m
          [33mrole[39m=[32m"region"[39m
          [33mtabindex[39m=[32m"0"[39m
        [36m>[39m
          [36m<div[39m
            [33maria-atomic[39m=[32m"true"[39m
            [33maria-live[39m=[32m"polite"[39m
            [33mclass[39m=[32m"sr-only"[39m
            [33mid[39m=[32m"caption-announcements-analysis-Aluminum 6061-T6-1759343130518"[39m
            [33mrole[39m=[32m"status"[39m
          [36m/>[39m
          [36m<div[39m
            [33mclass[39m=[32m"sr-only"[39m
            [33mid[39m=[32m"caption-desc-analysis-Aluminum 6061-T6-1759343130518"[39m
          [36m>[39m
            [0mInteractive Aluminum 6061-T6 laser cleaning analysis with quality metrics overlay and before/after comparison. Use arrow keys to navigate metrics, Enter to toggle expansion, Escape to return focus.[0m
          [36m</div>[39m
          [36m<div[39m
            [33mclass[39m=[32m"mb-8"[39m
          [36m>[39m
            [36m<header>[39m
              [36m<header[39m
                [33maria-labelledby[39m=[32m"section-header-material-properties---aluminum-lfxcx"[39m
                [33mclass[39m=[32m"header-wrapper w-full "[39m
                [33mdata-header-level[39m=[32m"section"[39m
                [33mdata-priority[39m=[32m"medium"[39m
                [33mdata-search-keywords[39m=[32m""[39m
              [36m>[39m
                [36m<h2[39m
                  [33maria-level[39m=[32m"2"[39m
                  [33mclass[39m=[32m"font-semibold text-white transition-all duration-200 ease-in-out focus:outline-none focus:ring-2 focus:ring-blue-500 focus:ring-offset-2 focus:ring-offset-gray-900 text-2xl font-bold mb-4 text-gray-100 text-left priority-medium text-xl font-bold text-white mb-4"[39m
                  [33mdata-testid[39m=[32m"header-section"[39m
                  [33mid[39m=[32m"section-header-material-properties---aluminum-lfxcx"[39m
                  [33mrole[39m=[32m"heading"[39m
                  [33mtabindex[39m=[32m"-1"[39m
                [36m>[39m
                  [0mMaterial Properties - Aluminum 6061-T6[0m
                [36m</h2>[39m
              [36m</header>[39m
            [36m</header>[39m
            [36m<figure[39m
              [33maria-describedby[39m=[32m"caption-image-analysis-Aluminum 6061-T6-1759343130518"[39m
              [33maria-labelledby[39m=[32m"caption-title-analysis-Aluminum 6061-T6-1759343130518"[39m
              [33mclass[39m=[32m"caption-container"[39m
              [33mitemscope[39m=[32m""[39m
              [33mitemtype[39m=[32m"https://schema.org/ImageObject"[39m
              [33mrole[39m=[32m"img"[39m
            [36m>[39m
              [36m<div[39m
                [33mclass[39m=[32m"sr-only"[39m
                [33mid[39m=[32m"caption-image-analysis-Aluminum 6061-T6-1759343130518"[39m
              [36m>[39m
                [0mNo image available for Aluminum 6061-T6 surface analysis[0m
              [36m</div>[39m
              [36m<div[39m
                [33maria-label[39m=[32m"No surface analysis image available"[39m
                [33mclass[39m=[32m"w-full h-[300px] md:h-[400px] flex items-center justify-center bg-gray-600 rounded-lg"[39m
              [36m>[39m
                [36m<img[39m
                  [33malt[39m=[32m"Z-Beam company logo"[39m
                  [33mclass[39m=[32m"opacity-30 object-contain"[39m
                  [33mheight[39m=[32m"72"[39m
                  [33msrc[39m=[32m"/images/Site/Logo/logo_.png"[39m
                  [33mwidth[39m=[32m"120"[39m
                [36m/>[39m
              [36m</div>[39m
              [36m<figcaption[39m
                [33maria-labelledby[39m=[32m"caption-title-analysis-Aluminum 6061-T6-1759343130518"[39m
                [33mclass[39m=[32m"mt-4 pb-4 mb-2 text-sm max-w-none"[39m
                [33mrole[39m=[32m"group"[39m
              [36m>[39m
                [36m<div[39m
                  [33maria-label[39m=[32m"Before and after treatment comparison"[39m
                  [33mclass[39m=[32m"grid grid-cols-1 md:grid-cols-2 gap-4"[39m
                  [33mrole[39m=[32m"group"[39m
                [36m>[39m
                  [36m<section[39m
                    [33maria-labelledby[39m=[32m"before-treatment-analysis-Aluminum 6061-T6-1759343130518"[39m
                    [33mclass[39m=[32m"px-2"[39m
                    [33mrole[39m=[32m"region"[39m
                  [36m>[39m
                    [36m<h4[39m
                      [33maria-level[39m=[32m"4"[39m
                      [33mclass[39m=[32m"text-base font-semibold text-gray-900 dark:text-gray-100 mb-2 flex items-center"[39m
                      [33mid[39m=[32m"before-treatment-analysis-Aluminum 6061-T6-1759343130518"[39m
                      [33mrole[39m=[32m"heading"[39m
                    [36m>[39m
                      [36m<span[39m
                        [33maria-hidden[39m=[32m"true"[39m
                        [33mclass[39m=[32m"w-2 h-2 bg-red-500 rounded-full mr-2"[39m
                        [33mrole[39m=[32m"presentation"[39m
                      [36m/>[39m
                      [0mBefore Treatment[0m
                    [36m</h4>[39m
                    [36m<p[39m
                      [33maria-labelledby[39m=[32m"before-treatment-analysis-Aluminum 6061-T6-1759343130518"[39m
                      [33mclass[39m=[32m"text-gray-600 dark:text-gray-400 text-sm leading-relaxed mb-4 md:mb-0"[39m
                    [36m>[39m
                      [0mSurface shows oxidation, contamination, and roughness from manufacturing processes[0m
                    [36m</p>[39m
                  [36m</section>[39m
                  [36m<section[39m
                    [33maria-labelledby[39m=[32m"after-treatment-analysis-Aluminum 6061-T6-1759343130518"[39m
                    [33mclass[39m=[32m"px-2"[39m
                    [33mrole[39m=[32m"region"[39m
                  [36m>[39m
                    [36m<h4[39m
                      [33maria-level[39m=[32m"4"[39m
                      [33mclass[39m=[32m"text-base font-semibold text-gray-900 dark:text-gray-100 mb-2 flex items-center"[39m
                      [33mid[39m=[32m"after-treatment-analysis-Aluminum 6061-T6-1759343130518"[39m
                      [33mrole[39m=[32m"heading"[39m
                    [36m>[39m
                      [36m<span[39m
                        [33maria-hidden[39m=[32m"true"[39m
                        [33mclass[39m=[32m"w-2 h-2 bg-green-500 rounded-full mr-2"[39m
                        [33mrole[39m=[32m"presentation"[39m
                      [36m/>[39m
                      [0mAfter Treatment[0m
                    [36m</h4>[39m
                    [36m<p[39m
                      [33maria-labelledby[39m=[32m"after-treatment-analysis-Aluminum 6061-T6-1759343130518"[39m
                      [33mclass[39m=[32m"text-gray-600 dark:text-gray-400 text-sm leading-relaxed"[39m
                    [36m>[39m
                      [0mClean, smooth surface with improved thermal and electrical properties for optimal performance[0m
                    [36m</p>[39m
                  [36m</section>[39m
                [36m</div>[39m
              [36m</figcaption>[39m
            [36m</figure>[39m
          [36m</div>[39m
        [36m</section>[39m
      [36m</div>[39m
    [36m</body>[39m

      78 |       
      79 |       // Main description covers all functionality
    > 80 |       const mainDescription = screen.getByText(/Surface analysis for Aluminum 6061-T6/);
         |                                      ^
      81 |       expect(mainDescription).toHaveClass('sr-only');
      82 |       expect(mainDescription).toHaveTextContent('before and after treatment comparison');
      83 |       expect(mainDescription).toHaveTextContent('interactive quality metrics');

      at Object.getElementError (node_modules/@testing-library/dom/dist/config.js:37:19)
      at node_modules/@testing-library/dom/dist/query-helpers.js:76:38
      at node_modules/@testing-library/dom/dist/query-helpers.js:52:17
      at node_modules/@testing-library/dom/dist/query-helpers.js:95:19
      at Object.getByText (tests/accessibility/Caption.comprehensive.test.tsx:80:38)

  ● Caption Comprehensive Accessibility › Complex Keyboard Navigation › implements complete arrow key navigation pattern

    TestingLibraryElementError: Found multiple elements with the role "region"

    Here are the matching elements:

    Ignored nodes: comments, script, style
    [36m<section[39m
      [33maria-describedby[39m=[32m"caption-desc-analysis-Aluminum 6061-T6-1759343130540 caption-announcements-analysis-Aluminum 6061-T6-1759343130540"[39m
      [33maria-label[39m=[32m"Surface analysis section for Aluminum 6061-T6 laser cleaning treatment"[39m
      [33mclass[39m=[32m"enhanced-seo-caption "[39m
      [33mid[39m=[32m"caption-section-analysis-Aluminum 6061-T6-1759343130540"[39m
      [33mitemscope[39m=[32m""[39m
      [33mitemtype[39m=[32m"https://schema.org/TechArticle"[39m
      [33mrole[39m=[32m"region"[39m
      [33mtabindex[39m=[32m"0"[39m
    [36m>[39m
      [36m<div[39m
        [33maria-atomic[39m=[32m"true"[39m
        [33maria-live[39m=[32m"polite"[39m
        [33mclass[39m=[32m"sr-only"[39m
        [33mid[39m=[32m"caption-announcements-analysis-Aluminum 6061-T6-1759343130540"[39m
        [33mrole[39m=[32m"status"[39m
      [36m/>[39m
      [36m<div[39m
        [33mclass[39m=[32m"sr-only"[39m
        [33mid[39m=[32m"caption-desc-analysis-Aluminum 6061-T6-1759343130540"[39m
      [36m>[39m
        [0mInteractive Aluminum 6061-T6 laser cleaning analysis with quality metrics overlay and before/after comparison. Use arrow keys to navigate metrics, Enter to toggle expansion, Escape to return focus.[0m
      [36m</div>[39m
      [36m<div[39m
        [33mclass[39m=[32m"mb-8"[39m
      [36m>[39m
        [36m<header>[39m
          [36m<header[39m
            [33maria-labelledby[39m=[32m"section-header-material-properties---aluminum-lfxcx"[39m
            [33mclass[39m=[32m"header-wrapper w-full "[39m
            [33mdata-header-level[39m=[32m"section"[39m
            [33mdata-priority[39m=[32m"medium"[39m
            [33mdata-search-keywords[39m=[32m""[39m
          [36m>[39m
            [36m<h2[39m
              [33maria-level[39m=[32m"2"[39m
              [33mclass[39m=[32m"font-semibold text-white transition-all duration-200 ease-in-out focus:outline-none focus:ring-2 focus:ring-blue-500 focus:ring-offset-2 focus:ring-offset-gray-900 text-2xl font-bold mb-4 text-gray-100 text-left priority-medium text-xl font-bold text-white mb-4"[39m
              [33mdata-testid[39m=[32m"header-section"[39m
              [33mid[39m=[32m"section-header-material-properties---aluminum-lfxcx"[39m
              [33mrole[39m=[32m"heading"[39m
              [33mtabindex[39m=[32m"-1"[39m
            [36m>[39m
              [0mMaterial Properties - Aluminum 6061-T6[0m
            [36m</h2>[39m
          [36m</header>[39m
        [36m</header>[39m
        [36m<figure[39m
          [33maria-describedby[39m=[32m"caption-image-analysis-Aluminum 6061-T6-1759343130540"[39m
          [33maria-labelledby[39m=[32m"caption-title-analysis-Aluminum 6061-T6-1759343130540"[39m
          [33mclass[39m=[32m"caption-container"[39m
          [33mitemscope[39m=[32m""[39m
          [33mitemtype[39m=[32m"https://schema.org/ImageObject"[39m
          [33mrole[39m=[32m"img"[39m
        [36m>[39m
          [36m<div[39m
            [33mclass[39m=[32m"sr-only"[39m
            [33mid[39m=[32m"caption-image-analysis-Aluminum 6061-T6-1759343130540"[39m
          [36m>[39m
            [0mNo image available for Aluminum 6061-T6 surface analysis[0m
          [36m</div>[39m
          [36m<div[39m
            [33maria-label[39m=[32m"No surface analysis image available"[39m
            [33mclass[39m=[32m"w-full h-[300px] md:h-[400px] flex items-center justify-center bg-gray-600 rounded-lg"[39m
          [36m>[39m
            [36m<img[39m
              [33malt[39m=[32m"Z-Beam company logo"[39m
              [33mclass[39m=[32m"opacity-30 object-contain"[39m
              [33mheight[39m=[32m"72"[39m
              [33msrc[39m=[32m"/images/Site/Logo/logo_.png"[39m
              [33mwidth[39m=[32m"120"[39m
            [36m/>[39m
          [36m</div>[39m
          [36m<figcaption[39m
            [33maria-labelledby[39m=[32m"caption-title-analysis-Aluminum 6061-T6-1759343130540"[39m
            [33mclass[39m=[32m"mt-4 pb-4 mb-2 text-sm max-w-none"[39m
            [33mrole[39m=[32m"group"[39m
          [36m>[39m
            [36m<div[39m
              [33maria-label[39m=[32m"Before and after treatment comparison"[39m
              [33mclass[39m=[32m"grid grid-cols-1 md:grid-cols-2 gap-4"[39m
              [33mrole[39m=[32m"group"[39m
            [36m>[39m
              [36m<section[39m
                [33maria-labelledby[39m=[32m"before-treatment-analysis-Aluminum 6061-T6-1759343130540"[39m
                [33mclass[39m=[32m"px-2"[39m
                [33mrole[39m=[32m"region"[39m
              [36m>[39m
                [36m<h4[39m
                  [33maria-level[39m=[32m"4"[39m
                  [33mclass[39m=[32m"text-base font-semibold text-gray-900 dark:text-gray-100 mb-2 flex items-center"[39m
                  [33mid[39m=[32m"before-treatment-analysis-Aluminum 6061-T6-1759343130540"[39m
                  [33mrole[39m=[32m"heading"[39m
                [36m>[39m
                  [36m<span[39m
                    [33maria-hidden[39m=[32m"true"[39m
                    [33mclass[39m=[32m"w-2 h-2 bg-red-500 rounded-full mr-2"[39m
                    [33mrole[39m=[32m"presentation"[39m
                  [36m/>[39m
                  [0mBefore Treatment[0m
                [36m</h4>[39m
                [36m<p[39m
                  [33maria-labelledby[39m=[32m"before-treatment-analysis-Aluminum 6061-T6-1759343130540"[39m
                  [33mclass[39m=[32m"text-gray-600 dark:text-gray-400 text-sm leading-relaxed mb-4 md:mb-0"[39m
                [36m>[39m
                  [0mSurface shows oxidation, contamination, and roughness from manufacturing processes[0m
                [36m</p>[39m
              [36m</section>[39m
              [36m<section[39m
                [33maria-labelledby[39m=[32m"after-treatment-analysis-Aluminum 6061-T6-1759343130540"[39m
                [33mclass[39m=[32m"px-2"[39m
                [33mrole[39m=[32m"region"[39m
              [36m>[39m
                [36m<h4[39m
                  [33maria-level[39m=[32m"4"[39m
                  [33mclass[39m=[32m"text-base font-semibold text-gray-900 dark:text-gray-100 mb-2 flex items-center"[39m
                  [33mid[39m=[32m"after-treatment-analysis-Aluminum 6061-T6-1759343130540"[39m
                  [33mrole[39m=[32m"heading"[39m
                [36m>[39m
                  [36m<span[39m
                    [33maria-hidden[39m=[32m"true"[39m
                    [33mclass[39m=[32m"w-2 h-2 bg-green-500 rounded-full mr-2"[39m
                    [33mrole[39m=[32m"presentation"[39m
                  [36m/>[39m
                  [0mAfter Treatment[0m
                [36m</h4>[39m
                [36m<p[39m
                  [33maria-labelledby[39m=[32m"after-treatment-analysis-Aluminum 6061-T6-1759343130540"[39m
                  [33mclass[39m=[32m"text-gray-600 dark:text-gray-400 text-sm leading-relaxed"[39m
                [36m>[39m
                  [0mClean, smooth surface with improved thermal and electrical properties for optimal performance[0m
                [36m</p>[39m
              [36m</section>[39m
            [36m</div>[39m
          [36m</figcaption>[39m
        [36m</figure>[39m
      [36m</div>[39m
    [36m</section>[39m

    Ignored nodes: comments, script, style
    [36m<section[39m
      [33maria-labelledby[39m=[32m"before-treatment-analysis-Aluminum 6061-T6-1759343130540"[39m
      [33mclass[39m=[32m"px-2"[39m
      [33mrole[39m=[32m"region"[39m
    [36m>[39m
      [36m<h4[39m
        [33maria-level[39m=[32m"4"[39m
        [33mclass[39m=[32m"text-base font-semibold text-gray-900 dark:text-gray-100 mb-2 flex items-center"[39m
        [33mid[39m=[32m"before-treatment-analysis-Aluminum 6061-T6-1759343130540"[39m
        [33mrole[39m=[32m"heading"[39m
      [36m>[39m
        [36m<span[39m
          [33maria-hidden[39m=[32m"true"[39m
          [33mclass[39m=[32m"w-2 h-2 bg-red-500 rounded-full mr-2"[39m
          [33mrole[39m=[32m"presentation"[39m
        [36m/>[39m
        [0mBefore Treatment[0m
      [36m</h4>[39m
      [36m<p[39m
        [33maria-labelledby[39m=[32m"before-treatment-analysis-Aluminum 6061-T6-1759343130540"[39m
        [33mclass[39m=[32m"text-gray-600 dark:text-gray-400 text-sm leading-relaxed mb-4 md:mb-0"[39m
      [36m>[39m
        [0mSurface shows oxidation, contamination, and roughness from manufacturing processes[0m
      [36m</p>[39m
    [36m</section>[39m

    Ignored nodes: comments, script, style
    [36m<section[39m
      [33maria-labelledby[39m=[32m"after-treatment-analysis-Aluminum 6061-T6-1759343130540"[39m
      [33mclass[39m=[32m"px-2"[39m
      [33mrole[39m=[32m"region"[39m
    [36m>[39m
      [36m<h4[39m
        [33maria-level[39m=[32m"4"[39m
        [33mclass[39m=[32m"text-base font-semibold text-gray-900 dark:text-gray-100 mb-2 flex items-center"[39m
        [33mid[39m=[32m"after-treatment-analysis-Aluminum 6061-T6-1759343130540"[39m
        [33mrole[39m=[32m"heading"[39m
      [36m>[39m
        [36m<span[39m
          [33maria-hidden[39m=[32m"true"[39m
          [33mclass[39m=[32m"w-2 h-2 bg-green-500 rounded-full mr-2"[39m
          [33mrole[39m=[32m"presentation"[39m
        [36m/>[39m
        [0mAfter Treatment[0m
      [36m</h4>[39m
      [36m<p[39m
        [33maria-labelledby[39m=[32m"after-treatment-analysis-Aluminum 6061-T6-1759343130540"[39m
        [33mclass[39m=[32m"text-gray-600 dark:text-gray-400 text-sm leading-relaxed"[39m
      [36m>[39m
        [0mClean, smooth surface with improved thermal and electrical properties for optimal performance[0m
      [36m</p>[39m
    [36m</section>[39m

    (If this is intentional, then use the `*AllBy*` variant of the query (like `queryAllByText`, `getAllByText`, or `findAllByText`)).

    Ignored nodes: comments, script, style
    [36m<body>[39m
      [36m<div>[39m
        [36m<section[39m
          [33maria-describedby[39m=[32m"caption-desc-analysis-Aluminum 6061-T6-1759343130540 caption-announcements-analysis-Aluminum 6061-T6-1759343130540"[39m
          [33maria-label[39m=[32m"Surface analysis section for Aluminum 6061-T6 laser cleaning treatment"[39m
          [33mclass[39m=[32m"enhanced-seo-caption "[39m
          [33mid[39m=[32m"caption-section-analysis-Aluminum 6061-T6-1759343130540"[39m
          [33mitemscope[39m=[32m""[39m
          [33mitemtype[39m=[32m"https://schema.org/TechArticle"[39m
          [33mrole[39m=[32m"region"[39m
          [33mtabindex[39m=[32m"0"[39m
        [36m>[39m
          [36m<div[39m
            [33maria-atomic[39m=[32m"true"[39m
            [33maria-live[39m=[32m"polite"[39m
            [33mclass[39m=[32m"sr-only"[39m
            [33mid[39m=[32m"caption-announcements-analysis-Aluminum 6061-T6-1759343130540"[39m
            [33mrole[39m=[32m"status"[39m
          [36m/>[39m
          [36m<div[39m
            [33mclass[39m=[32m"sr-only"[39m
            [33mid[39m=[32m"caption-desc-analysis-Aluminum 6061-T6-1759343130540"[39m
          [36m>[39m
            [0mInteractive Aluminum 6061-T6 laser cleaning analysis with quality metrics overlay and before/after comparison. Use arrow keys to navigate metrics, Enter to toggle expansion, Escape to return focus.[0m
          [36m</div>[39m
          [36m<div[39m
            [33mclass[39m=[32m"mb-8"[39m
          [36m>[39m
            [36m<header>[39m
              [36m<header[39m
                [33maria-labelledby[39m=[32m"section-header-material-properties---aluminum-lfxcx"[39m
                [33mclass[39m=[32m"header-wrapper w-full "[39m
                [33mdata-header-level[39m=[32m"section"[39m
                [33mdata-priority[39m=[32m"medium"[39m
                [33mdata-search-keywords[39m=[32m""[39m
              [36m>[39m
                [36m<h2[39m
                  [33maria-level[39m=[32m"2"[39m
                  [33mclass[39m=[32m"font-semibold text-white transition-all duration-200 ease-in-out focus:outline-none focus:ring-2 focus:ring-blue-500 focus:ring-offset-2 focus:ring-offset-gray-900 text-2xl font-bold mb-4 text-gray-100 text-left priority-medium text-xl font-bold text-white mb-4"[39m
                  [33mdata-testid[39m=[32m"header-section"[39m
                  [33mid[39m=[32m"section-header-material-properties---aluminum-lfxcx"[39m
                  [33mrole[39m=[32m"heading"[39m
                  [33mtabindex[39m=[32m"-1"[39m
                [36m>[39m
                  [0mMaterial Properties - Aluminum 6061-T6[0m
                [36m</h2>[39m
              [36m</header>[39m
            [36m</header>[39m
            [36m<figure[39m
              [33maria-describedby[39m=[32m"caption-image-analysis-Aluminum 6061-T6-1759343130540"[39m
              [33maria-labelledby[39m=[32m"caption-title-analysis-Aluminum 6061-T6-1759343130540"[39m
              [33mclass[39m=[32m"caption-container"[39m
              [33mitemscope[39m=[32m""[39m
              [33mitemtype[39m=[32m"https://schema.org/ImageObject"[39m
              [33mrole[39m=[32m"img"[39m
            [36m>[39m
              [36m<div[39m
                [33mclass[39m=[32m"sr-only"[39m
                [33mid[39m=[32m"caption-image-analysis-Aluminum 6061-T6-1759343130540"[39m
              [36m>[39m
                [0mNo image available for Aluminum 6061-T6 surface analysis[0m
              [36m</div>[39m
              [36m<div[39m
                [33maria-label[39m=[32m"No surface analysis image available"[39m
                [33mclass[39m=[32m"w-full h-[300px] md:h-[400px] flex items-center justify-center bg-gray-600 rounded-lg"[39m
              [36m>[39m
                [36m<img[39m
                  [33malt[39m=[32m"Z-Beam company logo"[39m
                  [33mclass[39m=[32m"opacity-30 object-contain"[39m
                  [33mheight[39m=[32m"72"[39m
                  [33msrc[39m=[32m"/images/Site/Logo/logo_.png"[39m
                  [33mwidth[39m=[32m"120"[39m
                [36m/>[39m
              [36m</div>[39m
              [36m<figcaption[39m
                [33maria-labelledby[39m=[32m"caption-title-analysis-Aluminum 6061-T6-1759343130540"[39m
                [33mclass[39m=[32m"mt-4 pb-4 mb-2 text-sm max-w-none"[39m
                [33mrole[39m=[32m"group"[39m
              [36m>[39m
                [36m<div[39m
                  [33maria-label[39m=[32m"Before and after treatment comparison"[39m
                  [33mclass[39m=[32m"grid grid-cols-1 md:grid-cols-2 gap-4"[39m
                  [33mrole[39m=[32m"group"[39m
                [36m>[39m
                  [36m<section[39m
                    [33maria-labelledby[39m=[32m"before-treatment-analysis-Aluminum 6061-T6-1759343130540"[39m
                    [33mclass[39m=[32m"px-2"[39m
                    [33mrole[39m=[32m"region"[39m
                  [36m>[39m
                    [36m<h4[39m
                      [33maria-level[39m=[32m"4"[39m
                      [33mclass[39m=[32m"text-base font-semibold text-gray-900 dark:text-gray-100 mb-2 flex items-center"[39m
                      [33mid[39m=[32m"before-treatment-analysis-Aluminum 6061-T6-1759343130540"[39m
                      [33mrole[39m=[32m"heading"[39m
                    [36m>[39m
                      [36m<span[39m
                        [33maria-hidden[39m=[32m"true"[39m
                        [33mclass[39m=[32m"w-2 h-2 bg-red-500 rounded-full mr-2"[39m
                        [33mrole[39m=[32m"presentation"[39m
                      [36m/>[39m
                      [0mBefore Treatment[0m
                    [36m</h4>[39m
                    [36m<p[39m
                      [33maria-labelledby[39m=[32m"before-treatment-analysis-Aluminum 6061-T6-1759343130540"[39m
                      [33mclass[39m=[32m"text-gray-600 dark:text-gray-400 text-sm leading-relaxed mb-4 md:mb-0"[39m
                    [36m>[39m
                      [0mSurface shows oxidation, contamination, and roughness from manufacturing processes[0m
                    [36m</p>[39m
                  [36m</section>[39m
                  [36m<section[39m
                    [33maria-labelledby[39m=[32m"after-treatment-analysis-Aluminum 6061-T6-1759343130540"[39m
                    [33mclass[39m=[32m"px-2"[39m
                    [33mrole[39m=[32m"region"[39m
                  [36m>[39m
                    [36m<h4[39m
                      [33maria-level[39m=[32m"4"[39m
                      [33mclass[39m=[32m"text-base font-semibold text-gray-900 dark:text-gray-100 mb-2 flex items-center"[39m
                      [33mid[39m=[32m"after-treatment-analysis-Aluminum 6061-T6-1759343130540"[39m
                      [33mrole[39m=[32m"heading"[39m
                    [36m>[39m
                      [36m<span[39m
                        [33maria-hidden[39m=[32m"true"[39m
                        [33mclass[39m=[32m"w-2 h-2 bg-green-500 rounded-full mr-2"[39m
                        [33mrole[39m=[32m"presentation"[39m
                      [36m/>[39m
                      [0mAfter Treatment[0m
                    [36m</h4>[39m
                    [36m<p[39m
                      [33maria-labelledby[39m=[32m"after-treatment-analysis-Aluminum 6061-T6-1759343130540"[39m
                      [33mclass[39m=[32m"text-gray-600 dark:text-gray-400 text-sm leading-relaxed"[39m
                    [36m>[39m
                      [0mClean, smooth surface with improved thermal and electrical properties for optimal performance[0m
                    [36m</p>[39m
                  [36m</section>[39m
                [36m</div>[39m
              [36m</figcaption>[39m
            [36m</figure>[39m
          [36m</div>[39m
        [36m</section>[39m
      [36m</div>[39m
    [36m</body>[39m

      103 |       render(<Caption frontmatter={{ caption: mockData }} />);
      104 |       
    > 105 |       const mainSection = screen.getByRole('region');
          |                                  ^
      106 |       await user.tab();
      107 |       expect(mainSection).toHaveFocus();
      108 |       

      at Object.getElementError (node_modules/@testing-library/dom/dist/config.js:37:19)
      at getElementError (node_modules/@testing-library/dom/dist/query-helpers.js:20:35)
      at getMultipleElementsFoundError (node_modules/@testing-library/dom/dist/query-helpers.js:23:10)
      at node_modules/@testing-library/dom/dist/query-helpers.js:55:13
      at node_modules/@testing-library/dom/dist/query-helpers.js:95:19
      at Object.getByRole (tests/accessibility/Caption.comprehensive.test.tsx:105:34)

  ● Caption Comprehensive Accessibility › Complex Keyboard Navigation › implements Home and End key navigation

    TestingLibraryElementError: Found multiple elements with the role "region"

    Here are the matching elements:

    Ignored nodes: comments, script, style
    [36m<section[39m
      [33maria-describedby[39m=[32m"caption-desc-analysis-Aluminum 6061-T6-1759343130566 caption-announcements-analysis-Aluminum 6061-T6-1759343130566"[39m
      [33maria-label[39m=[32m"Surface analysis section for Aluminum 6061-T6 laser cleaning treatment"[39m
      [33mclass[39m=[32m"enhanced-seo-caption "[39m
      [33mid[39m=[32m"caption-section-analysis-Aluminum 6061-T6-1759343130566"[39m
      [33mitemscope[39m=[32m""[39m
      [33mitemtype[39m=[32m"https://schema.org/TechArticle"[39m
      [33mrole[39m=[32m"region"[39m
      [33mtabindex[39m=[32m"0"[39m
    [36m>[39m
      [36m<div[39m
        [33maria-atomic[39m=[32m"true"[39m
        [33maria-live[39m=[32m"polite"[39m
        [33mclass[39m=[32m"sr-only"[39m
        [33mid[39m=[32m"caption-announcements-analysis-Aluminum 6061-T6-1759343130566"[39m
        [33mrole[39m=[32m"status"[39m
      [36m/>[39m
      [36m<div[39m
        [33mclass[39m=[32m"sr-only"[39m
        [33mid[39m=[32m"caption-desc-analysis-Aluminum 6061-T6-1759343130566"[39m
      [36m>[39m
        [0mInteractive Aluminum 6061-T6 laser cleaning analysis with quality metrics overlay and before/after comparison. Use arrow keys to navigate metrics, Enter to toggle expansion, Escape to return focus.[0m
      [36m</div>[39m
      [36m<div[39m
        [33mclass[39m=[32m"mb-8"[39m
      [36m>[39m
        [36m<header>[39m
          [36m<header[39m
            [33maria-labelledby[39m=[32m"section-header-material-properties---aluminum-lfxcx"[39m
            [33mclass[39m=[32m"header-wrapper w-full "[39m
            [33mdata-header-level[39m=[32m"section"[39m
            [33mdata-priority[39m=[32m"medium"[39m
            [33mdata-search-keywords[39m=[32m""[39m
          [36m>[39m
            [36m<h2[39m
              [33maria-level[39m=[32m"2"[39m
              [33mclass[39m=[32m"font-semibold text-white transition-all duration-200 ease-in-out focus:outline-none focus:ring-2 focus:ring-blue-500 focus:ring-offset-2 focus:ring-offset-gray-900 text-2xl font-bold mb-4 text-gray-100 text-left priority-medium text-xl font-bold text-white mb-4"[39m
              [33mdata-testid[39m=[32m"header-section"[39m
              [33mid[39m=[32m"section-header-material-properties---aluminum-lfxcx"[39m
              [33mrole[39m=[32m"heading"[39m
              [33mtabindex[39m=[32m"-1"[39m
            [36m>[39m
              [0mMaterial Properties - Aluminum 6061-T6[0m
            [36m</h2>[39m
          [36m</header>[39m
        [36m</header>[39m
        [36m<figure[39m
          [33maria-describedby[39m=[32m"caption-image-analysis-Aluminum 6061-T6-1759343130566"[39m
          [33maria-labelledby[39m=[32m"caption-title-analysis-Aluminum 6061-T6-1759343130566"[39m
          [33mclass[39m=[32m"caption-container"[39m
          [33mitemscope[39m=[32m""[39m
          [33mitemtype[39m=[32m"https://schema.org/ImageObject"[39m
          [33mrole[39m=[32m"img"[39m
        [36m>[39m
          [36m<div[39m
            [33mclass[39m=[32m"sr-only"[39m
            [33mid[39m=[32m"caption-image-analysis-Aluminum 6061-T6-1759343130566"[39m
          [36m>[39m
            [0mNo image available for Aluminum 6061-T6 surface analysis[0m
          [36m</div>[39m
          [36m<div[39m
            [33maria-label[39m=[32m"No surface analysis image available"[39m
            [33mclass[39m=[32m"w-full h-[300px] md:h-[400px] flex items-center justify-center bg-gray-600 rounded-lg"[39m
          [36m>[39m
            [36m<img[39m
              [33malt[39m=[32m"Z-Beam company logo"[39m
              [33mclass[39m=[32m"opacity-30 object-contain"[39m
              [33mheight[39m=[32m"72"[39m
              [33msrc[39m=[32m"/images/Site/Logo/logo_.png"[39m
              [33mwidth[39m=[32m"120"[39m
            [36m/>[39m
          [36m</div>[39m
          [36m<figcaption[39m
            [33maria-labelledby[39m=[32m"caption-title-analysis-Aluminum 6061-T6-1759343130566"[39m
            [33mclass[39m=[32m"mt-4 pb-4 mb-2 text-sm max-w-none"[39m
            [33mrole[39m=[32m"group"[39m
          [36m>[39m
            [36m<div[39m
              [33maria-label[39m=[32m"Before and after treatment comparison"[39m
              [33mclass[39m=[32m"grid grid-cols-1 md:grid-cols-2 gap-4"[39m
              [33mrole[39m=[32m"group"[39m
            [36m>[39m
              [36m<section[39m
                [33maria-labelledby[39m=[32m"before-treatment-analysis-Aluminum 6061-T6-1759343130566"[39m
                [33mclass[39m=[32m"px-2"[39m
                [33mrole[39m=[32m"region"[39m
              [36m>[39m
                [36m<h4[39m
                  [33maria-level[39m=[32m"4"[39m
                  [33mclass[39m=[32m"text-base font-semibold text-gray-900 dark:text-gray-100 mb-2 flex items-center"[39m
                  [33mid[39m=[32m"before-treatment-analysis-Aluminum 6061-T6-1759343130566"[39m
                  [33mrole[39m=[32m"heading"[39m
                [36m>[39m
                  [36m<span[39m
                    [33maria-hidden[39m=[32m"true"[39m
                    [33mclass[39m=[32m"w-2 h-2 bg-red-500 rounded-full mr-2"[39m
                    [33mrole[39m=[32m"presentation"[39m
                  [36m/>[39m
                  [0mBefore Treatment[0m
                [36m</h4>[39m
                [36m<p[39m
                  [33maria-labelledby[39m=[32m"before-treatment-analysis-Aluminum 6061-T6-1759343130566"[39m
                  [33mclass[39m=[32m"text-gray-600 dark:text-gray-400 text-sm leading-relaxed mb-4 md:mb-0"[39m
                [36m>[39m
                  [0mSurface shows oxidation, contamination, and roughness from manufacturing processes[0m
                [36m</p>[39m
              [36m</section>[39m
              [36m<section[39m
                [33maria-labelledby[39m=[32m"after-treatment-analysis-Aluminum 6061-T6-1759343130566"[39m
                [33mclass[39m=[32m"px-2"[39m
                [33mrole[39m=[32m"region"[39m
              [36m>[39m
                [36m<h4[39m
                  [33maria-level[39m=[32m"4"[39m
                  [33mclass[39m=[32m"text-base font-semibold text-gray-900 dark:text-gray-100 mb-2 flex items-center"[39m
                  [33mid[39m=[32m"after-treatment-analysis-Aluminum 6061-T6-1759343130566"[39m
                  [33mrole[39m=[32m"heading"[39m
                [36m>[39m
                  [36m<span[39m
                    [33maria-hidden[39m=[32m"true"[39m
                    [33mclass[39m=[32m"w-2 h-2 bg-green-500 rounded-full mr-2"[39m
                    [33mrole[39m=[32m"presentation"[39m
                  [36m/>[39m
                  [0mAfter Treatment[0m
                [36m</h4>[39m
                [36m<p[39m
                  [33maria-labelledby[39m=[32m"after-treatment-analysis-Aluminum 6061-T6-1759343130566"[39m
                  [33mclass[39m=[32m"text-gray-600 dark:text-gray-400 text-sm leading-relaxed"[39m
                [36m>[39m
                  [0mClean, smooth surface with improved thermal and electrical properties for optimal performance[0m
                [36m</p>[39m
              [36m</section>[39m
            [36m</div>[39m
          [36m</figcaption>[39m
        [36m</figure>[39m
      [36m</div>[39m
    [36m</section>[39m

    Ignored nodes: comments, script, style
    [36m<section[39m
      [33maria-labelledby[39m=[32m"before-treatment-analysis-Aluminum 6061-T6-1759343130566"[39m
      [33mclass[39m=[32m"px-2"[39m
      [33mrole[39m=[32m"region"[39m
    [36m>[39m
      [36m<h4[39m
        [33maria-level[39m=[32m"4"[39m
        [33mclass[39m=[32m"text-base font-semibold text-gray-900 dark:text-gray-100 mb-2 flex items-center"[39m
        [33mid[39m=[32m"before-treatment-analysis-Aluminum 6061-T6-1759343130566"[39m
        [33mrole[39m=[32m"heading"[39m
      [36m>[39m
        [36m<span[39m
          [33maria-hidden[39m=[32m"true"[39m
          [33mclass[39m=[32m"w-2 h-2 bg-red-500 rounded-full mr-2"[39m
          [33mrole[39m=[32m"presentation"[39m
        [36m/>[39m
        [0mBefore Treatment[0m
      [36m</h4>[39m
      [36m<p[39m
        [33maria-labelledby[39m=[32m"before-treatment-analysis-Aluminum 6061-T6-1759343130566"[39m
        [33mclass[39m=[32m"text-gray-600 dark:text-gray-400 text-sm leading-relaxed mb-4 md:mb-0"[39m
      [36m>[39m
        [0mSurface shows oxidation, contamination, and roughness from manufacturing processes[0m
      [36m</p>[39m
    [36m</section>[39m

    Ignored nodes: comments, script, style
    [36m<section[39m
      [33maria-labelledby[39m=[32m"after-treatment-analysis-Aluminum 6061-T6-1759343130566"[39m
      [33mclass[39m=[32m"px-2"[39m
      [33mrole[39m=[32m"region"[39m
    [36m>[39m
      [36m<h4[39m
        [33maria-level[39m=[32m"4"[39m
        [33mclass[39m=[32m"text-base font-semibold text-gray-900 dark:text-gray-100 mb-2 flex items-center"[39m
        [33mid[39m=[32m"after-treatment-analysis-Aluminum 6061-T6-1759343130566"[39m
        [33mrole[39m=[32m"heading"[39m
      [36m>[39m
        [36m<span[39m
          [33maria-hidden[39m=[32m"true"[39m
          [33mclass[39m=[32m"w-2 h-2 bg-green-500 rounded-full mr-2"[39m
          [33mrole[39m=[32m"presentation"[39m
        [36m/>[39m
        [0mAfter Treatment[0m
      [36m</h4>[39m
      [36m<p[39m
        [33maria-labelledby[39m=[32m"after-treatment-analysis-Aluminum 6061-T6-1759343130566"[39m
        [33mclass[39m=[32m"text-gray-600 dark:text-gray-400 text-sm leading-relaxed"[39m
      [36m>[39m
        [0mClean, smooth surface with improved thermal and electrical properties for optimal performance[0m
      [36m</p>[39m
    [36m</section>[39m

    (If this is intentional, then use the `*AllBy*` variant of the query (like `queryAllByText`, `getAllByText`, or `findAllByText`)).

    Ignored nodes: comments, script, style
    [36m<body>[39m
      [36m<div>[39m
        [36m<section[39m
          [33maria-describedby[39m=[32m"caption-desc-analysis-Aluminum 6061-T6-1759343130566 caption-announcements-analysis-Aluminum 6061-T6-1759343130566"[39m
          [33maria-label[39m=[32m"Surface analysis section for Aluminum 6061-T6 laser cleaning treatment"[39m
          [33mclass[39m=[32m"enhanced-seo-caption "[39m
          [33mid[39m=[32m"caption-section-analysis-Aluminum 6061-T6-1759343130566"[39m
          [33mitemscope[39m=[32m""[39m
          [33mitemtype[39m=[32m"https://schema.org/TechArticle"[39m
          [33mrole[39m=[32m"region"[39m
          [33mtabindex[39m=[32m"0"[39m
        [36m>[39m
          [36m<div[39m
            [33maria-atomic[39m=[32m"true"[39m
            [33maria-live[39m=[32m"polite"[39m
            [33mclass[39m=[32m"sr-only"[39m
            [33mid[39m=[32m"caption-announcements-analysis-Aluminum 6061-T6-1759343130566"[39m
            [33mrole[39m=[32m"status"[39m
          [36m/>[39m
          [36m<div[39m
            [33mclass[39m=[32m"sr-only"[39m
            [33mid[39m=[32m"caption-desc-analysis-Aluminum 6061-T6-1759343130566"[39m
          [36m>[39m
            [0mInteractive Aluminum 6061-T6 laser cleaning analysis with quality metrics overlay and before/after comparison. Use arrow keys to navigate metrics, Enter to toggle expansion, Escape to return focus.[0m
          [36m</div>[39m
          [36m<div[39m
            [33mclass[39m=[32m"mb-8"[39m
          [36m>[39m
            [36m<header>[39m
              [36m<header[39m
                [33maria-labelledby[39m=[32m"section-header-material-properties---aluminum-lfxcx"[39m
                [33mclass[39m=[32m"header-wrapper w-full "[39m
                [33mdata-header-level[39m=[32m"section"[39m
                [33mdata-priority[39m=[32m"medium"[39m
                [33mdata-search-keywords[39m=[32m""[39m
              [36m>[39m
                [36m<h2[39m
                  [33maria-level[39m=[32m"2"[39m
                  [33mclass[39m=[32m"font-semibold text-white transition-all duration-200 ease-in-out focus:outline-none focus:ring-2 focus:ring-blue-500 focus:ring-offset-2 focus:ring-offset-gray-900 text-2xl font-bold mb-4 text-gray-100 text-left priority-medium text-xl font-bold text-white mb-4"[39m
                  [33mdata-testid[39m=[32m"header-section"[39m
                  [33mid[39m=[32m"section-header-material-properties---aluminum-lfxcx"[39m
                  [33mrole[39m=[32m"heading"[39m
                  [33mtabindex[39m=[32m"-1"[39m
                [36m>[39m
                  [0mMaterial Properties - Aluminum 6061-T6[0m
                [36m</h2>[39m
              [36m</header>[39m
            [36m</header>[39m
            [36m<figure[39m
              [33maria-describedby[39m=[32m"caption-image-analysis-Aluminum 6061-T6-1759343130566"[39m
              [33maria-labelledby[39m=[32m"caption-title-analysis-Aluminum 6061-T6-1759343130566"[39m
              [33mclass[39m=[32m"caption-container"[39m
              [33mitemscope[39m=[32m""[39m
              [33mitemtype[39m=[32m"https://schema.org/ImageObject"[39m
              [33mrole[39m=[32m"img"[39m
            [36m>[39m
              [36m<div[39m
                [33mclass[39m=[32m"sr-only"[39m
                [33mid[39m=[32m"caption-image-analysis-Aluminum 6061-T6-1759343130566"[39m
              [36m>[39m
                [0mNo image available for Aluminum 6061-T6 surface analysis[0m
              [36m</div>[39m
              [36m<div[39m
                [33maria-label[39m=[32m"No surface analysis image available"[39m
                [33mclass[39m=[32m"w-full h-[300px] md:h-[400px] flex items-center justify-center bg-gray-600 rounded-lg"[39m
              [36m>[39m
                [36m<img[39m
                  [33malt[39m=[32m"Z-Beam company logo"[39m
                  [33mclass[39m=[32m"opacity-30 object-contain"[39m
                  [33mheight[39m=[32m"72"[39m
                  [33msrc[39m=[32m"/images/Site/Logo/logo_.png"[39m
                  [33mwidth[39m=[32m"120"[39m
                [36m/>[39m
              [36m</div>[39m
              [36m<figcaption[39m
                [33maria-labelledby[39m=[32m"caption-title-analysis-Aluminum 6061-T6-1759343130566"[39m
                [33mclass[39m=[32m"mt-4 pb-4 mb-2 text-sm max-w-none"[39m
                [33mrole[39m=[32m"group"[39m
              [36m>[39m
                [36m<div[39m
                  [33maria-label[39m=[32m"Before and after treatment comparison"[39m
                  [33mclass[39m=[32m"grid grid-cols-1 md:grid-cols-2 gap-4"[39m
                  [33mrole[39m=[32m"group"[39m
                [36m>[39m
                  [36m<section[39m
                    [33maria-labelledby[39m=[32m"before-treatment-analysis-Aluminum 6061-T6-1759343130566"[39m
                    [33mclass[39m=[32m"px-2"[39m
                    [33mrole[39m=[32m"region"[39m
                  [36m>[39m
                    [36m<h4[39m
                      [33maria-level[39m=[32m"4"[39m
                      [33mclass[39m=[32m"text-base font-semibold text-gray-900 dark:text-gray-100 mb-2 flex items-center"[39m
                      [33mid[39m=[32m"before-treatment-analysis-Aluminum 6061-T6-1759343130566"[39m
                      [33mrole[39m=[32m"heading"[39m
                    [36m>[39m
                      [36m<span[39m
                        [33maria-hidden[39m=[32m"true"[39m
                        [33mclass[39m=[32m"w-2 h-2 bg-red-500 rounded-full mr-2"[39m
                        [33mrole[39m=[32m"presentation"[39m
                      [36m/>[39m
                      [0mBefore Treatment[0m
                    [36m</h4>[39m
                    [36m<p[39m
                      [33maria-labelledby[39m=[32m"before-treatment-analysis-Aluminum 6061-T6-1759343130566"[39m
                      [33mclass[39m=[32m"text-gray-600 dark:text-gray-400 text-sm leading-relaxed mb-4 md:mb-0"[39m
                    [36m>[39m
                      [0mSurface shows oxidation, contamination, and roughness from manufacturing processes[0m
                    [36m</p>[39m
                  [36m</section>[39m
                  [36m<section[39m
                    [33maria-labelledby[39m=[32m"after-treatment-analysis-Aluminum 6061-T6-1759343130566"[39m
                    [33mclass[39m=[32m"px-2"[39m
                    [33mrole[39m=[32m"region"[39m
                  [36m>[39m
                    [36m<h4[39m
                      [33maria-level[39m=[32m"4"[39m
                      [33mclass[39m=[32m"text-base font-semibold text-gray-900 dark:text-gray-100 mb-2 flex items-center"[39m
                      [33mid[39m=[32m"after-treatment-analysis-Aluminum 6061-T6-1759343130566"[39m
                      [33mrole[39m=[32m"heading"[39m
                    [36m>[39m
                      [36m<span[39m
                        [33maria-hidden[39m=[32m"true"[39m
                        [33mclass[39m=[32m"w-2 h-2 bg-green-500 rounded-full mr-2"[39m
                        [33mrole[39m=[32m"presentation"[39m
                      [36m/>[39m
                      [0mAfter Treatment[0m
                    [36m</h4>[39m
                    [36m<p[39m
                      [33maria-labelledby[39m=[32m"after-treatment-analysis-Aluminum 6061-T6-1759343130566"[39m
                      [33mclass[39m=[32m"text-gray-600 dark:text-gray-400 text-sm leading-relaxed"[39m
                    [36m>[39m
                      [0mClean, smooth surface with improved thermal and electrical properties for optimal performance[0m
                    [36m</p>[39m
                  [36m</section>[39m
                [36m</div>[39m
              [36m</figcaption>[39m
            [36m</figure>[39m
          [36m</div>[39m
        [36m</section>[39m
      [36m</div>[39m
    [36m</body>[39m

      150 |       render(<Caption frontmatter={{ caption: mockData }} />);
      151 |       
    > 152 |       const mainSection = screen.getByRole('region');
          |                                  ^
      153 |       await user.tab();
      154 |       await user.keyboard('{Enter}'); // Enter metrics
      155 |       

      at Object.getElementError (node_modules/@testing-library/dom/dist/config.js:37:19)
      at getElementError (node_modules/@testing-library/dom/dist/query-helpers.js:20:35)
      at getMultipleElementsFoundError (node_modules/@testing-library/dom/dist/query-helpers.js:23:10)
      at node_modules/@testing-library/dom/dist/query-helpers.js:55:13
      at node_modules/@testing-library/dom/dist/query-helpers.js:95:19
      at Object.getByRole (tests/accessibility/Caption.comprehensive.test.tsx:152:34)

  ● Caption Comprehensive Accessibility › Complex Keyboard Navigation › implements Escape key to exit metrics overlay

    TestingLibraryElementError: Found multiple elements with the role "region"

    Here are the matching elements:

    Ignored nodes: comments, script, style
    [36m<section[39m
      [33maria-describedby[39m=[32m"caption-desc-analysis-Aluminum 6061-T6-1759343130614 caption-announcements-analysis-Aluminum 6061-T6-1759343130614"[39m
      [33maria-label[39m=[32m"Surface analysis section for Aluminum 6061-T6 laser cleaning treatment"[39m
      [33mclass[39m=[32m"enhanced-seo-caption "[39m
      [33mid[39m=[32m"caption-section-analysis-Aluminum 6061-T6-1759343130614"[39m
      [33mitemscope[39m=[32m""[39m
      [33mitemtype[39m=[32m"https://schema.org/TechArticle"[39m
      [33mrole[39m=[32m"region"[39m
      [33mtabindex[39m=[32m"0"[39m
    [36m>[39m
      [36m<div[39m
        [33maria-atomic[39m=[32m"true"[39m
        [33maria-live[39m=[32m"polite"[39m
        [33mclass[39m=[32m"sr-only"[39m
        [33mid[39m=[32m"caption-announcements-analysis-Aluminum 6061-T6-1759343130614"[39m
        [33mrole[39m=[32m"status"[39m
      [36m/>[39m
      [36m<div[39m
        [33mclass[39m=[32m"sr-only"[39m
        [33mid[39m=[32m"caption-desc-analysis-Aluminum 6061-T6-1759343130614"[39m
      [36m>[39m
        [0mInteractive Aluminum 6061-T6 laser cleaning analysis with quality metrics overlay and before/after comparison. Use arrow keys to navigate metrics, Enter to toggle expansion, Escape to return focus.[0m
      [36m</div>[39m
      [36m<div[39m
        [33mclass[39m=[32m"mb-8"[39m
      [36m>[39m
        [36m<header>[39m
          [36m<header[39m
            [33maria-labelledby[39m=[32m"section-header-material-properties---aluminum-lfxcx"[39m
            [33mclass[39m=[32m"header-wrapper w-full "[39m
            [33mdata-header-level[39m=[32m"section"[39m
            [33mdata-priority[39m=[32m"medium"[39m
            [33mdata-search-keywords[39m=[32m""[39m
          [36m>[39m
            [36m<h2[39m
              [33maria-level[39m=[32m"2"[39m
              [33mclass[39m=[32m"font-semibold text-white transition-all duration-200 ease-in-out focus:outline-none focus:ring-2 focus:ring-blue-500 focus:ring-offset-2 focus:ring-offset-gray-900 text-2xl font-bold mb-4 text-gray-100 text-left priority-medium text-xl font-bold text-white mb-4"[39m
              [33mdata-testid[39m=[32m"header-section"[39m
              [33mid[39m=[32m"section-header-material-properties---aluminum-lfxcx"[39m
              [33mrole[39m=[32m"heading"[39m
              [33mtabindex[39m=[32m"-1"[39m
            [36m>[39m
              [0mMaterial Properties - Aluminum 6061-T6[0m
            [36m</h2>[39m
          [36m</header>[39m
        [36m</header>[39m
        [36m<figure[39m
          [33maria-describedby[39m=[32m"caption-image-analysis-Aluminum 6061-T6-1759343130614"[39m
          [33maria-labelledby[39m=[32m"caption-title-analysis-Aluminum 6061-T6-1759343130614"[39m
          [33mclass[39m=[32m"caption-container"[39m
          [33mitemscope[39m=[32m""[39m
          [33mitemtype[39m=[32m"https://schema.org/ImageObject"[39m
          [33mrole[39m=[32m"img"[39m
        [36m>[39m
          [36m<div[39m
            [33mclass[39m=[32m"sr-only"[39m
            [33mid[39m=[32m"caption-image-analysis-Aluminum 6061-T6-1759343130614"[39m
          [36m>[39m
            [0mNo image available for Aluminum 6061-T6 surface analysis[0m
          [36m</div>[39m
          [36m<div[39m
            [33maria-label[39m=[32m"No surface analysis image available"[39m
            [33mclass[39m=[32m"w-full h-[300px] md:h-[400px] flex items-center justify-center bg-gray-600 rounded-lg"[39m
          [36m>[39m
            [36m<img[39m
              [33malt[39m=[32m"Z-Beam company logo"[39m
              [33mclass[39m=[32m"opacity-30 object-contain"[39m
              [33mheight[39m=[32m"72"[39m
              [33msrc[39m=[32m"/images/Site/Logo/logo_.png"[39m
              [33mwidth[39m=[32m"120"[39m
            [36m/>[39m
          [36m</div>[39m
          [36m<figcaption[39m
            [33maria-labelledby[39m=[32m"caption-title-analysis-Aluminum 6061-T6-1759343130614"[39m
            [33mclass[39m=[32m"mt-4 pb-4 mb-2 text-sm max-w-none"[39m
            [33mrole[39m=[32m"group"[39m
          [36m>[39m
            [36m<div[39m
              [33maria-label[39m=[32m"Before and after treatment comparison"[39m
              [33mclass[39m=[32m"grid grid-cols-1 md:grid-cols-2 gap-4"[39m
              [33mrole[39m=[32m"group"[39m
            [36m>[39m
              [36m<section[39m
                [33maria-labelledby[39m=[32m"before-treatment-analysis-Aluminum 6061-T6-1759343130614"[39m
                [33mclass[39m=[32m"px-2"[39m
                [33mrole[39m=[32m"region"[39m
              [36m>[39m
                [36m<h4[39m
                  [33maria-level[39m=[32m"4"[39m
                  [33mclass[39m=[32m"text-base font-semibold text-gray-900 dark:text-gray-100 mb-2 flex items-center"[39m
                  [33mid[39m=[32m"before-treatment-analysis-Aluminum 6061-T6-1759343130614"[39m
                  [33mrole[39m=[32m"heading"[39m
                [36m>[39m
                  [36m<span[39m
                    [33maria-hidden[39m=[32m"true"[39m
                    [33mclass[39m=[32m"w-2 h-2 bg-red-500 rounded-full mr-2"[39m
                    [33mrole[39m=[32m"presentation"[39m
                  [36m/>[39m
                  [0mBefore Treatment[0m
                [36m</h4>[39m
                [36m<p[39m
                  [33maria-labelledby[39m=[32m"before-treatment-analysis-Aluminum 6061-T6-1759343130614"[39m
                  [33mclass[39m=[32m"text-gray-600 dark:text-gray-400 text-sm leading-relaxed mb-4 md:mb-0"[39m
                [36m>[39m
                  [0mSurface shows oxidation, contamination, and roughness from manufacturing processes[0m
                [36m</p>[39m
              [36m</section>[39m
              [36m<section[39m
                [33maria-labelledby[39m=[32m"after-treatment-analysis-Aluminum 6061-T6-1759343130614"[39m
                [33mclass[39m=[32m"px-2"[39m
                [33mrole[39m=[32m"region"[39m
              [36m>[39m
                [36m<h4[39m
                  [33maria-level[39m=[32m"4"[39m
                  [33mclass[39m=[32m"text-base font-semibold text-gray-900 dark:text-gray-100 mb-2 flex items-center"[39m
                  [33mid[39m=[32m"after-treatment-analysis-Aluminum 6061-T6-1759343130614"[39m
                  [33mrole[39m=[32m"heading"[39m
                [36m>[39m
                  [36m<span[39m
                    [33maria-hidden[39m=[32m"true"[39m
                    [33mclass[39m=[32m"w-2 h-2 bg-green-500 rounded-full mr-2"[39m
                    [33mrole[39m=[32m"presentation"[39m
                  [36m/>[39m
                  [0mAfter Treatment[0m
                [36m</h4>[39m
                [36m<p[39m
                  [33maria-labelledby[39m=[32m"after-treatment-analysis-Aluminum 6061-T6-1759343130614"[39m
                  [33mclass[39m=[32m"text-gray-600 dark:text-gray-400 text-sm leading-relaxed"[39m
                [36m>[39m
                  [0mClean, smooth surface with improved thermal and electrical properties for optimal performance[0m
                [36m</p>[39m
              [36m</section>[39m
            [36m</div>[39m
          [36m</figcaption>[39m
        [36m</figure>[39m
      [36m</div>[39m
    [36m</section>[39m

    Ignored nodes: comments, script, style
    [36m<section[39m
      [33maria-labelledby[39m=[32m"before-treatment-analysis-Aluminum 6061-T6-1759343130614"[39m
      [33mclass[39m=[32m"px-2"[39m
      [33mrole[39m=[32m"region"[39m
    [36m>[39m
      [36m<h4[39m
        [33maria-level[39m=[32m"4"[39m
        [33mclass[39m=[32m"text-base font-semibold text-gray-900 dark:text-gray-100 mb-2 flex items-center"[39m
        [33mid[39m=[32m"before-treatment-analysis-Aluminum 6061-T6-1759343130614"[39m
        [33mrole[39m=[32m"heading"[39m
      [36m>[39m
        [36m<span[39m
          [33maria-hidden[39m=[32m"true"[39m
          [33mclass[39m=[32m"w-2 h-2 bg-red-500 rounded-full mr-2"[39m
          [33mrole[39m=[32m"presentation"[39m
        [36m/>[39m
        [0mBefore Treatment[0m
      [36m</h4>[39m
      [36m<p[39m
        [33maria-labelledby[39m=[32m"before-treatment-analysis-Aluminum 6061-T6-1759343130614"[39m
        [33mclass[39m=[32m"text-gray-600 dark:text-gray-400 text-sm leading-relaxed mb-4 md:mb-0"[39m
      [36m>[39m
        [0mSurface shows oxidation, contamination, and roughness from manufacturing processes[0m
      [36m</p>[39m
    [36m</section>[39m

    Ignored nodes: comments, script, style
    [36m<section[39m
      [33maria-labelledby[39m=[32m"after-treatment-analysis-Aluminum 6061-T6-1759343130614"[39m
      [33mclass[39m=[32m"px-2"[39m
      [33mrole[39m=[32m"region"[39m
    [36m>[39m
      [36m<h4[39m
        [33maria-level[39m=[32m"4"[39m
        [33mclass[39m=[32m"text-base font-semibold text-gray-900 dark:text-gray-100 mb-2 flex items-center"[39m
        [33mid[39m=[32m"after-treatment-analysis-Aluminum 6061-T6-1759343130614"[39m
        [33mrole[39m=[32m"heading"[39m
      [36m>[39m
        [36m<span[39m
          [33maria-hidden[39m=[32m"true"[39m
          [33mclass[39m=[32m"w-2 h-2 bg-green-500 rounded-full mr-2"[39m
          [33mrole[39m=[32m"presentation"[39m
        [36m/>[39m
        [0mAfter Treatment[0m
      [36m</h4>[39m
      [36m<p[39m
        [33maria-labelledby[39m=[32m"after-treatment-analysis-Aluminum 6061-T6-1759343130614"[39m
        [33mclass[39m=[32m"text-gray-600 dark:text-gray-400 text-sm leading-relaxed"[39m
      [36m>[39m
        [0mClean, smooth surface with improved thermal and electrical properties for optimal performance[0m
      [36m</p>[39m
    [36m</section>[39m

    (If this is intentional, then use the `*AllBy*` variant of the query (like `queryAllByText`, `getAllByText`, or `findAllByText`)).

    Ignored nodes: comments, script, style
    [36m<body>[39m
      [36m<div>[39m
        [36m<section[39m
          [33maria-describedby[39m=[32m"caption-desc-analysis-Aluminum 6061-T6-1759343130614 caption-announcements-analysis-Aluminum 6061-T6-1759343130614"[39m
          [33maria-label[39m=[32m"Surface analysis section for Aluminum 6061-T6 laser cleaning treatment"[39m
          [33mclass[39m=[32m"enhanced-seo-caption "[39m
          [33mid[39m=[32m"caption-section-analysis-Aluminum 6061-T6-1759343130614"[39m
          [33mitemscope[39m=[32m""[39m
          [33mitemtype[39m=[32m"https://schema.org/TechArticle"[39m
          [33mrole[39m=[32m"region"[39m
          [33mtabindex[39m=[32m"0"[39m
        [36m>[39m
          [36m<div[39m
            [33maria-atomic[39m=[32m"true"[39m
            [33maria-live[39m=[32m"polite"[39m
            [33mclass[39m=[32m"sr-only"[39m
            [33mid[39m=[32m"caption-announcements-analysis-Aluminum 6061-T6-1759343130614"[39m
            [33mrole[39m=[32m"status"[39m
          [36m/>[39m
          [36m<div[39m
            [33mclass[39m=[32m"sr-only"[39m
            [33mid[39m=[32m"caption-desc-analysis-Aluminum 6061-T6-1759343130614"[39m
          [36m>[39m
            [0mInteractive Aluminum 6061-T6 laser cleaning analysis with quality metrics overlay and before/after comparison. Use arrow keys to navigate metrics, Enter to toggle expansion, Escape to return focus.[0m
          [36m</div>[39m
          [36m<div[39m
            [33mclass[39m=[32m"mb-8"[39m
          [36m>[39m
            [36m<header>[39m
              [36m<header[39m
                [33maria-labelledby[39m=[32m"section-header-material-properties---aluminum-lfxcx"[39m
                [33mclass[39m=[32m"header-wrapper w-full "[39m
                [33mdata-header-level[39m=[32m"section"[39m
                [33mdata-priority[39m=[32m"medium"[39m
                [33mdata-search-keywords[39m=[32m""[39m
              [36m>[39m
                [36m<h2[39m
                  [33maria-level[39m=[32m"2"[39m
                  [33mclass[39m=[32m"font-semibold text-white transition-all duration-200 ease-in-out focus:outline-none focus:ring-2 focus:ring-blue-500 focus:ring-offset-2 focus:ring-offset-gray-900 text-2xl font-bold mb-4 text-gray-100 text-left priority-medium text-xl font-bold text-white mb-4"[39m
                  [33mdata-testid[39m=[32m"header-section"[39m
                  [33mid[39m=[32m"section-header-material-properties---aluminum-lfxcx"[39m
                  [33mrole[39m=[32m"heading"[39m
                  [33mtabindex[39m=[32m"-1"[39m
                [36m>[39m
                  [0mMaterial Properties - Aluminum 6061-T6[0m
                [36m</h2>[39m
              [36m</header>[39m
            [36m</header>[39m
            [36m<figure[39m
              [33maria-describedby[39m=[32m"caption-image-analysis-Aluminum 6061-T6-1759343130614"[39m
              [33maria-labelledby[39m=[32m"caption-title-analysis-Aluminum 6061-T6-1759343130614"[39m
              [33mclass[39m=[32m"caption-container"[39m
              [33mitemscope[39m=[32m""[39m
              [33mitemtype[39m=[32m"https://schema.org/ImageObject"[39m
              [33mrole[39m=[32m"img"[39m
            [36m>[39m
              [36m<div[39m
                [33mclass[39m=[32m"sr-only"[39m
                [33mid[39m=[32m"caption-image-analysis-Aluminum 6061-T6-1759343130614"[39m
              [36m>[39m
                [0mNo image available for Aluminum 6061-T6 surface analysis[0m
              [36m</div>[39m
              [36m<div[39m
                [33maria-label[39m=[32m"No surface analysis image available"[39m
                [33mclass[39m=[32m"w-full h-[300px] md:h-[400px] flex items-center justify-center bg-gray-600 rounded-lg"[39m
              [36m>[39m
                [36m<img[39m
                  [33malt[39m=[32m"Z-Beam company logo"[39m
                  [33mclass[39m=[32m"opacity-30 object-contain"[39m
                  [33mheight[39m=[32m"72"[39m
                  [33msrc[39m=[32m"/images/Site/Logo/logo_.png"[39m
                  [33mwidth[39m=[32m"120"[39m
                [36m/>[39m
              [36m</div>[39m
              [36m<figcaption[39m
                [33maria-labelledby[39m=[32m"caption-title-analysis-Aluminum 6061-T6-1759343130614"[39m
                [33mclass[39m=[32m"mt-4 pb-4 mb-2 text-sm max-w-none"[39m
                [33mrole[39m=[32m"group"[39m
              [36m>[39m
                [36m<div[39m
                  [33maria-label[39m=[32m"Before and after treatment comparison"[39m
                  [33mclass[39m=[32m"grid grid-cols-1 md:grid-cols-2 gap-4"[39m
                  [33mrole[39m=[32m"group"[39m
                [36m>[39m
                  [36m<section[39m
                    [33maria-labelledby[39m=[32m"before-treatment-analysis-Aluminum 6061-T6-1759343130614"[39m
                    [33mclass[39m=[32m"px-2"[39m
                    [33mrole[39m=[32m"region"[39m
                  [36m>[39m
                    [36m<h4[39m
                      [33maria-level[39m=[32m"4"[39m
                      [33mclass[39m=[32m"text-base font-semibold text-gray-900 dark:text-gray-100 mb-2 flex items-center"[39m
                      [33mid[39m=[32m"before-treatment-analysis-Aluminum 6061-T6-1759343130614"[39m
                      [33mrole[39m=[32m"heading"[39m
                    [36m>[39m
                      [36m<span[39m
                        [33maria-hidden[39m=[32m"true"[39m
                        [33mclass[39m=[32m"w-2 h-2 bg-red-500 rounded-full mr-2"[39m
                        [33mrole[39m=[32m"presentation"[39m
                      [36m/>[39m
                      [0mBefore Treatment[0m
                    [36m</h4>[39m
                    [36m<p[39m
                      [33maria-labelledby[39m=[32m"before-treatment-analysis-Aluminum 6061-T6-1759343130614"[39m
                      [33mclass[39m=[32m"text-gray-600 dark:text-gray-400 text-sm leading-relaxed mb-4 md:mb-0"[39m
                    [36m>[39m
                      [0mSurface shows oxidation, contamination, and roughness from manufacturing processes[0m
                    [36m</p>[39m
                  [36m</section>[39m
                  [36m<section[39m
                    [33maria-labelledby[39m=[32m"after-treatment-analysis-Aluminum 6061-T6-1759343130614"[39m
                    [33mclass[39m=[32m"px-2"[39m
                    [33mrole[39m=[32m"region"[39m
                  [36m>[39m
                    [36m<h4[39m
                      [33maria-level[39m=[32m"4"[39m
                      [33mclass[39m=[32m"text-base font-semibold text-gray-900 dark:text-gray-100 mb-2 flex items-center"[39m
                      [33mid[39m=[32m"after-treatment-analysis-Aluminum 6061-T6-1759343130614"[39m
                      [33mrole[39m=[32m"heading"[39m
                    [36m>[39m
                      [36m<span[39m
                        [33maria-hidden[39m=[32m"true"[39m
                        [33mclass[39m=[32m"w-2 h-2 bg-green-500 rounded-full mr-2"[39m
                        [33mrole[39m=[32m"presentation"[39m
                      [36m/>[39m
                      [0mAfter Treatment[0m
                    [36m</h4>[39m
                    [36m<p[39m
                      [33maria-labelledby[39m=[32m"after-treatment-analysis-Aluminum 6061-T6-1759343130614"[39m
                      [33mclass[39m=[32m"text-gray-600 dark:text-gray-400 text-sm leading-relaxed"[39m
                    [36m>[39m
                      [0mClean, smooth surface with improved thermal and electrical properties for optimal performance[0m
                    [36m</p>[39m
                  [36m</section>[39m
                [36m</div>[39m
              [36m</figcaption>[39m
            [36m</figure>[39m
          [36m</div>[39m
        [36m</section>[39m
      [36m</div>[39m
    [36m</body>[39m

      173 |       render(<Caption frontmatter={{ caption: mockData }} />);
      174 |       
    > 175 |       const mainSection = screen.getByRole('region');
          |                                  ^
      176 |       await user.tab();
      177 |       await user.keyboard('{Enter}'); // Enter metrics
      178 |       

      at Object.getElementError (node_modules/@testing-library/dom/dist/config.js:37:19)
      at getElementError (node_modules/@testing-library/dom/dist/query-helpers.js:20:35)
      at getMultipleElementsFoundError (node_modules/@testing-library/dom/dist/query-helpers.js:23:10)
      at node_modules/@testing-library/dom/dist/query-helpers.js:55:13
      at node_modules/@testing-library/dom/dist/query-helpers.js:95:19
      at Object.getByRole (tests/accessibility/Caption.comprehensive.test.tsx:175:34)

  ● Caption Comprehensive Accessibility › Complex Keyboard Navigation › announces navigation changes via live region

    TestingLibraryElementError: Found multiple elements with the role "region"

    Here are the matching elements:

    Ignored nodes: comments, script, style
    [36m<section[39m
      [33maria-describedby[39m=[32m"caption-desc-analysis-Aluminum 6061-T6-1759343130650 caption-announcements-analysis-Aluminum 6061-T6-1759343130650"[39m
      [33maria-label[39m=[32m"Surface analysis section for Aluminum 6061-T6 laser cleaning treatment"[39m
      [33mclass[39m=[32m"enhanced-seo-caption "[39m
      [33mid[39m=[32m"caption-section-analysis-Aluminum 6061-T6-1759343130650"[39m
      [33mitemscope[39m=[32m""[39m
      [33mitemtype[39m=[32m"https://schema.org/TechArticle"[39m
      [33mrole[39m=[32m"region"[39m
      [33mtabindex[39m=[32m"0"[39m
    [36m>[39m
      [36m<div[39m
        [33maria-atomic[39m=[32m"true"[39m
        [33maria-live[39m=[32m"polite"[39m
        [33mclass[39m=[32m"sr-only"[39m
        [33mid[39m=[32m"caption-announcements-analysis-Aluminum 6061-T6-1759343130650"[39m
        [33mrole[39m=[32m"status"[39m
      [36m/>[39m
      [36m<div[39m
        [33mclass[39m=[32m"sr-only"[39m
        [33mid[39m=[32m"caption-desc-analysis-Aluminum 6061-T6-1759343130650"[39m
      [36m>[39m
        [0mInteractive Aluminum 6061-T6 laser cleaning analysis with quality metrics overlay and before/after comparison. Use arrow keys to navigate metrics, Enter to toggle expansion, Escape to return focus.[0m
      [36m</div>[39m
      [36m<div[39m
        [33mclass[39m=[32m"mb-8"[39m
      [36m>[39m
        [36m<header>[39m
          [36m<header[39m
            [33maria-labelledby[39m=[32m"section-header-material-properties---aluminum-lfxcx"[39m
            [33mclass[39m=[32m"header-wrapper w-full "[39m
            [33mdata-header-level[39m=[32m"section"[39m
            [33mdata-priority[39m=[32m"medium"[39m
            [33mdata-search-keywords[39m=[32m""[39m
          [36m>[39m
            [36m<h2[39m
              [33maria-level[39m=[32m"2"[39m
              [33mclass[39m=[32m"font-semibold text-white transition-all duration-200 ease-in-out focus:outline-none focus:ring-2 focus:ring-blue-500 focus:ring-offset-2 focus:ring-offset-gray-900 text-2xl font-bold mb-4 text-gray-100 text-left priority-medium text-xl font-bold text-white mb-4"[39m
              [33mdata-testid[39m=[32m"header-section"[39m
              [33mid[39m=[32m"section-header-material-properties---aluminum-lfxcx"[39m
              [33mrole[39m=[32m"heading"[39m
              [33mtabindex[39m=[32m"-1"[39m
            [36m>[39m
              [0mMaterial Properties - Aluminum 6061-T6[0m
            [36m</h2>[39m
          [36m</header>[39m
        [36m</header>[39m
        [36m<figure[39m
          [33maria-describedby[39m=[32m"caption-image-analysis-Aluminum 6061-T6-1759343130650"[39m
          [33maria-labelledby[39m=[32m"caption-title-analysis-Aluminum 6061-T6-1759343130650"[39m
          [33mclass[39m=[32m"caption-container"[39m
          [33mitemscope[39m=[32m""[39m
          [33mitemtype[39m=[32m"https://schema.org/ImageObject"[39m
          [33mrole[39m=[32m"img"[39m
        [36m>[39m
          [36m<div[39m
            [33mclass[39m=[32m"sr-only"[39m
            [33mid[39m=[32m"caption-image-analysis-Aluminum 6061-T6-1759343130650"[39m
          [36m>[39m
            [0mNo image available for Aluminum 6061-T6 surface analysis[0m
          [36m</div>[39m
          [36m<div[39m
            [33maria-label[39m=[32m"No surface analysis image available"[39m
            [33mclass[39m=[32m"w-full h-[300px] md:h-[400px] flex items-center justify-center bg-gray-600 rounded-lg"[39m
          [36m>[39m
            [36m<img[39m
              [33malt[39m=[32m"Z-Beam company logo"[39m
              [33mclass[39m=[32m"opacity-30 object-contain"[39m
              [33mheight[39m=[32m"72"[39m
              [33msrc[39m=[32m"/images/Site/Logo/logo_.png"[39m
              [33mwidth[39m=[32m"120"[39m
            [36m/>[39m
          [36m</div>[39m
          [36m<figcaption[39m
            [33maria-labelledby[39m=[32m"caption-title-analysis-Aluminum 6061-T6-1759343130650"[39m
            [33mclass[39m=[32m"mt-4 pb-4 mb-2 text-sm max-w-none"[39m
            [33mrole[39m=[32m"group"[39m
          [36m>[39m
            [36m<div[39m
              [33maria-label[39m=[32m"Before and after treatment comparison"[39m
              [33mclass[39m=[32m"grid grid-cols-1 md:grid-cols-2 gap-4"[39m
              [33mrole[39m=[32m"group"[39m
            [36m>[39m
              [36m<section[39m
                [33maria-labelledby[39m=[32m"before-treatment-analysis-Aluminum 6061-T6-1759343130650"[39m
                [33mclass[39m=[32m"px-2"[39m
                [33mrole[39m=[32m"region"[39m
              [36m>[39m
                [36m<h4[39m
                  [33maria-level[39m=[32m"4"[39m
                  [33mclass[39m=[32m"text-base font-semibold text-gray-900 dark:text-gray-100 mb-2 flex items-center"[39m
                  [33mid[39m=[32m"before-treatment-analysis-Aluminum 6061-T6-1759343130650"[39m
                  [33mrole[39m=[32m"heading"[39m
                [36m>[39m
                  [36m<span[39m
                    [33maria-hidden[39m=[32m"true"[39m
                    [33mclass[39m=[32m"w-2 h-2 bg-red-500 rounded-full mr-2"[39m
                    [33mrole[39m=[32m"presentation"[39m
                  [36m/>[39m
                  [0mBefore Treatment[0m
                [36m</h4>[39m
                [36m<p[39m
                  [33maria-labelledby[39m=[32m"before-treatment-analysis-Aluminum 6061-T6-1759343130650"[39m
                  [33mclass[39m=[32m"text-gray-600 dark:text-gray-400 text-sm leading-relaxed mb-4 md:mb-0"[39m
                [36m>[39m
                  [0mSurface shows oxidation, contamination, and roughness from manufacturing processes[0m
                [36m</p>[39m
              [36m</section>[39m
              [36m<section[39m
                [33maria-labelledby[39m=[32m"after-treatment-analysis-Aluminum 6061-T6-1759343130650"[39m
                [33mclass[39m=[32m"px-2"[39m
                [33mrole[39m=[32m"region"[39m
              [36m>[39m
                [36m<h4[39m
                  [33maria-level[39m=[32m"4"[39m
                  [33mclass[39m=[32m"text-base font-semibold text-gray-900 dark:text-gray-100 mb-2 flex items-center"[39m
                  [33mid[39m=[32m"after-treatment-analysis-Aluminum 6061-T6-1759343130650"[39m
                  [33mrole[39m=[32m"heading"[39m
                [36m>[39m
                  [36m<span[39m
                    [33maria-hidden[39m=[32m"true"[39m
                    [33mclass[39m=[32m"w-2 h-2 bg-green-500 rounded-full mr-2"[39m
                    [33mrole[39m=[32m"presentation"[39m
                  [36m/>[39m
                  [0mAfter Treatment[0m
                [36m</h4>[39m
                [36m<p[39m
                  [33maria-labelledby[39m=[32m"after-treatment-analysis-Aluminum 6061-T6-1759343130650"[39m
                  [33mclass[39m=[32m"text-gray-600 dark:text-gray-400 text-sm leading-relaxed"[39m
                [36m>[39m
                  [0mClean, smooth surface with improved thermal and electrical properties for optimal performance[0m
                [36m</p>[39m
              [36m</section>[39m
            [36m</div>[39m
          [36m</figcaption>[39m
        [36m</figure>[39m
      [36m</div>[39m
    [36m</section>[39m

    Ignored nodes: comments, script, style
    [36m<section[39m
      [33maria-labelledby[39m=[32m"before-treatment-analysis-Aluminum 6061-T6-1759343130650"[39m
      [33mclass[39m=[32m"px-2"[39m
      [33mrole[39m=[32m"region"[39m
    [36m>[39m
      [36m<h4[39m
        [33maria-level[39m=[32m"4"[39m
        [33mclass[39m=[32m"text-base font-semibold text-gray-900 dark:text-gray-100 mb-2 flex items-center"[39m
        [33mid[39m=[32m"before-treatment-analysis-Aluminum 6061-T6-1759343130650"[39m
        [33mrole[39m=[32m"heading"[39m
      [36m>[39m
        [36m<span[39m
          [33maria-hidden[39m=[32m"true"[39m
          [33mclass[39m=[32m"w-2 h-2 bg-red-500 rounded-full mr-2"[39m
          [33mrole[39m=[32m"presentation"[39m
        [36m/>[39m
        [0mBefore Treatment[0m
      [36m</h4>[39m
      [36m<p[39m
        [33maria-labelledby[39m=[32m"before-treatment-analysis-Aluminum 6061-T6-1759343130650"[39m
        [33mclass[39m=[32m"text-gray-600 dark:text-gray-400 text-sm leading-relaxed mb-4 md:mb-0"[39m
      [36m>[39m
        [0mSurface shows oxidation, contamination, and roughness from manufacturing processes[0m
      [36m</p>[39m
    [36m</section>[39m

    Ignored nodes: comments, script, style
    [36m<section[39m
      [33maria-labelledby[39m=[32m"after-treatment-analysis-Aluminum 6061-T6-1759343130650"[39m
      [33mclass[39m=[32m"px-2"[39m
      [33mrole[39m=[32m"region"[39m
    [36m>[39m
      [36m<h4[39m
        [33maria-level[39m=[32m"4"[39m
        [33mclass[39m=[32m"text-base font-semibold text-gray-900 dark:text-gray-100 mb-2 flex items-center"[39m
        [33mid[39m=[32m"after-treatment-analysis-Aluminum 6061-T6-1759343130650"[39m
        [33mrole[39m=[32m"heading"[39m
      [36m>[39m
        [36m<span[39m
          [33maria-hidden[39m=[32m"true"[39m
          [33mclass[39m=[32m"w-2 h-2 bg-green-500 rounded-full mr-2"[39m
          [33mrole[39m=[32m"presentation"[39m
        [36m/>[39m
        [0mAfter Treatment[0m
      [36m</h4>[39m
      [36m<p[39m
        [33maria-labelledby[39m=[32m"after-treatment-analysis-Aluminum 6061-T6-1759343130650"[39m
        [33mclass[39m=[32m"text-gray-600 dark:text-gray-400 text-sm leading-relaxed"[39m
      [36m>[39m
        [0mClean, smooth surface with improved thermal and electrical properties for optimal performance[0m
      [36m</p>[39m
    [36m</section>[39m

    (If this is intentional, then use the `*AllBy*` variant of the query (like `queryAllByText`, `getAllByText`, or `findAllByText`)).

    Ignored nodes: comments, script, style
    [36m<body>[39m
      [36m<div>[39m
        [36m<section[39m
          [33maria-describedby[39m=[32m"caption-desc-analysis-Aluminum 6061-T6-1759343130650 caption-announcements-analysis-Aluminum 6061-T6-1759343130650"[39m
          [33maria-label[39m=[32m"Surface analysis section for Aluminum 6061-T6 laser cleaning treatment"[39m
          [33mclass[39m=[32m"enhanced-seo-caption "[39m
          [33mid[39m=[32m"caption-section-analysis-Aluminum 6061-T6-1759343130650"[39m
          [33mitemscope[39m=[32m""[39m
          [33mitemtype[39m=[32m"https://schema.org/TechArticle"[39m
          [33mrole[39m=[32m"region"[39m
          [33mtabindex[39m=[32m"0"[39m
        [36m>[39m
          [36m<div[39m
            [33maria-atomic[39m=[32m"true"[39m
            [33maria-live[39m=[32m"polite"[39m
            [33mclass[39m=[32m"sr-only"[39m
            [33mid[39m=[32m"caption-announcements-analysis-Aluminum 6061-T6-1759343130650"[39m
            [33mrole[39m=[32m"status"[39m
          [36m/>[39m
          [36m<div[39m
            [33mclass[39m=[32m"sr-only"[39m
            [33mid[39m=[32m"caption-desc-analysis-Aluminum 6061-T6-1759343130650"[39m
          [36m>[39m
            [0mInteractive Aluminum 6061-T6 laser cleaning analysis with quality metrics overlay and before/after comparison. Use arrow keys to navigate metrics, Enter to toggle expansion, Escape to return focus.[0m
          [36m</div>[39m
          [36m<div[39m
            [33mclass[39m=[32m"mb-8"[39m
          [36m>[39m
            [36m<header>[39m
              [36m<header[39m
                [33maria-labelledby[39m=[32m"section-header-material-properties---aluminum-lfxcx"[39m
                [33mclass[39m=[32m"header-wrapper w-full "[39m
                [33mdata-header-level[39m=[32m"section"[39m
                [33mdata-priority[39m=[32m"medium"[39m
                [33mdata-search-keywords[39m=[32m""[39m
              [36m>[39m
                [36m<h2[39m
                  [33maria-level[39m=[32m"2"[39m
                  [33mclass[39m=[32m"font-semibold text-white transition-all duration-200 ease-in-out focus:outline-none focus:ring-2 focus:ring-blue-500 focus:ring-offset-2 focus:ring-offset-gray-900 text-2xl font-bold mb-4 text-gray-100 text-left priority-medium text-xl font-bold text-white mb-4"[39m
                  [33mdata-testid[39m=[32m"header-section"[39m
                  [33mid[39m=[32m"section-header-material-properties---aluminum-lfxcx"[39m
                  [33mrole[39m=[32m"heading"[39m
                  [33mtabindex[39m=[32m"-1"[39m
                [36m>[39m
                  [0mMaterial Properties - Aluminum 6061-T6[0m
                [36m</h2>[39m
              [36m</header>[39m
            [36m</header>[39m
            [36m<figure[39m
              [33maria-describedby[39m=[32m"caption-image-analysis-Aluminum 6061-T6-1759343130650"[39m
              [33maria-labelledby[39m=[32m"caption-title-analysis-Aluminum 6061-T6-1759343130650"[39m
              [33mclass[39m=[32m"caption-container"[39m
              [33mitemscope[39m=[32m""[39m
              [33mitemtype[39m=[32m"https://schema.org/ImageObject"[39m
              [33mrole[39m=[32m"img"[39m
            [36m>[39m
              [36m<div[39m
                [33mclass[39m=[32m"sr-only"[39m
                [33mid[39m=[32m"caption-image-analysis-Aluminum 6061-T6-1759343130650"[39m
              [36m>[39m
                [0mNo image available for Aluminum 6061-T6 surface analysis[0m
              [36m</div>[39m
              [36m<div[39m
                [33maria-label[39m=[32m"No surface analysis image available"[39m
                [33mclass[39m=[32m"w-full h-[300px] md:h-[400px] flex items-center justify-center bg-gray-600 rounded-lg"[39m
              [36m>[39m
                [36m<img[39m
                  [33malt[39m=[32m"Z-Beam company logo"[39m
                  [33mclass[39m=[32m"opacity-30 object-contain"[39m
                  [33mheight[39m=[32m"72"[39m
                  [33msrc[39m=[32m"/images/Site/Logo/logo_.png"[39m
                  [33mwidth[39m=[32m"120"[39m
                [36m/>[39m
              [36m</div>[39m
              [36m<figcaption[39m
                [33maria-labelledby[39m=[32m"caption-title-analysis-Aluminum 6061-T6-1759343130650"[39m
                [33mclass[39m=[32m"mt-4 pb-4 mb-2 text-sm max-w-none"[39m
                [33mrole[39m=[32m"group"[39m
              [36m>[39m
                [36m<div[39m
                  [33maria-label[39m=[32m"Before and after treatment comparison"[39m
                  [33mclass[39m=[32m"grid grid-cols-1 md:grid-cols-2 gap-4"[39m
                  [33mrole[39m=[32m"group"[39m
                [36m>[39m
                  [36m<section[39m
                    [33maria-labelledby[39m=[32m"before-treatment-analysis-Aluminum 6061-T6-1759343130650"[39m
                    [33mclass[39m=[32m"px-2"[39m
                    [33mrole[39m=[32m"region"[39m
                  [36m>[39m
                    [36m<h4[39m
                      [33maria-level[39m=[32m"4"[39m
                      [33mclass[39m=[32m"text-base font-semibold text-gray-900 dark:text-gray-100 mb-2 flex items-center"[39m
                      [33mid[39m=[32m"before-treatment-analysis-Aluminum 6061-T6-1759343130650"[39m
                      [33mrole[39m=[32m"heading"[39m
                    [36m>[39m
                      [36m<span[39m
                        [33maria-hidden[39m=[32m"true"[39m
                        [33mclass[39m=[32m"w-2 h-2 bg-red-500 rounded-full mr-2"[39m
                        [33mrole[39m=[32m"presentation"[39m
                      [36m/>[39m
                      [0mBefore Treatment[0m
                    [36m</h4>[39m
                    [36m<p[39m
                      [33maria-labelledby[39m=[32m"before-treatment-analysis-Aluminum 6061-T6-1759343130650"[39m
                      [33mclass[39m=[32m"text-gray-600 dark:text-gray-400 text-sm leading-relaxed mb-4 md:mb-0"[39m
                    [36m>[39m
                      [0mSurface shows oxidation, contamination, and roughness from manufacturing processes[0m
                    [36m</p>[39m
                  [36m</section>[39m
                  [36m<section[39m
                    [33maria-labelledby[39m=[32m"after-treatment-analysis-Aluminum 6061-T6-1759343130650"[39m
                    [33mclass[39m=[32m"px-2"[39m
                    [33mrole[39m=[32m"region"[39m
                  [36m>[39m
                    [36m<h4[39m
                      [33maria-level[39m=[32m"4"[39m
                      [33mclass[39m=[32m"text-base font-semibold text-gray-900 dark:text-gray-100 mb-2 flex items-center"[39m
                      [33mid[39m=[32m"after-treatment-analysis-Aluminum 6061-T6-1759343130650"[39m
                      [33mrole[39m=[32m"heading"[39m
                    [36m>[39m
                      [36m<span[39m
                        [33maria-hidden[39m=[32m"true"[39m
                        [33mclass[39m=[32m"w-2 h-2 bg-green-500 rounded-full mr-2"[39m
                        [33mrole[39m=[32m"presentation"[39m
                      [36m/>[39m
                      [0mAfter Treatment[0m
                    [36m</h4>[39m
                    [36m<p[39m
                      [33maria-labelledby[39m=[32m"after-treatment-analysis-Aluminum 6061-T6-1759343130650"[39m
                      [33mclass[39m=[32m"text-gray-600 dark:text-gray-400 text-sm leading-relaxed"[39m
                    [36m>[39m
                      [0mClean, smooth surface with improved thermal and electrical properties for optimal performance[0m
                    [36m</p>[39m
                  [36m</section>[39m
                [36m</div>[39m
              [36m</figcaption>[39m
            [36m</figure>[39m
          [36m</div>[39m
        [36m</section>[39m
      [36m</div>[39m
    [36m</body>[39m

      194 |       const liveRegion = screen.getByRole('status');
      195 |       
    > 196 |       const mainSection = screen.getByRole('region');
          |                                  ^
      197 |       await user.tab();
      198 |       await user.keyboard('{Enter}'); // Enter metrics
      199 |       

      at Object.getElementError (node_modules/@testing-library/dom/dist/config.js:37:19)
      at getElementError (node_modules/@testing-library/dom/dist/query-helpers.js:20:35)
      at getMultipleElementsFoundError (node_modules/@testing-library/dom/dist/query-helpers.js:23:10)
      at node_modules/@testing-library/dom/dist/query-helpers.js:55:13
      at node_modules/@testing-library/dom/dist/query-helpers.js:95:19
      at Object.getByRole (tests/accessibility/Caption.comprehensive.test.tsx:196:34)

  ● Caption Comprehensive Accessibility › Loading and Error States › implements accessible loading state

    TestingLibraryElementError: Unable to find an accessible element with the role "progressbar"

    Here are the accessible roles:

      region:

      Name "Surface analysis section for Aluminum 6061-T6 laser cleaning treatment":
      [36m<section[39m
        [33maria-describedby[39m=[32m"caption-desc-analysis-Aluminum 6061-T6-1759343130766 caption-announcements-analysis-Aluminum 6061-T6-1759343130766"[39m
        [33maria-label[39m=[32m"Surface analysis section for Aluminum 6061-T6 laser cleaning treatment"[39m
        [33mclass[39m=[32m"enhanced-seo-caption "[39m
        [33mid[39m=[32m"caption-section-analysis-Aluminum 6061-T6-1759343130766"[39m
        [33mitemscope[39m=[32m""[39m
        [33mitemtype[39m=[32m"https://schema.org/TechArticle"[39m
        [33mrole[39m=[32m"region"[39m
        [33mtabindex[39m=[32m"0"[39m
      [36m/>[39m

      Name "":
      [36m<section[39m
        [33maria-labelledby[39m=[32m"before-treatment-analysis-Aluminum 6061-T6-1759343130766"[39m
        [33mclass[39m=[32m"px-2"[39m
        [33mrole[39m=[32m"region"[39m
      [36m/>[39m

      Name "":
      [36m<section[39m
        [33maria-labelledby[39m=[32m"after-treatment-analysis-Aluminum 6061-T6-1759343130766"[39m
        [33mclass[39m=[32m"px-2"[39m
        [33mrole[39m=[32m"region"[39m
      [36m/>[39m

      --------------------------------------------------
      status:

      Name "":
      [36m<div[39m
        [33maria-atomic[39m=[32m"true"[39m
        [33maria-live[39m=[32m"polite"[39m
        [33mclass[39m=[32m"sr-only"[39m
        [33mid[39m=[32m"caption-announcements-analysis-Aluminum 6061-T6-1759343130766"[39m
        [33mrole[39m=[32m"status"[39m
      [36m/>[39m

      --------------------------------------------------
      banner:

      Name "":
      [36m<header />[39m

      Name "Material Properties - Aluminum 6061-T6":
      [36m<header[39m
        [33maria-labelledby[39m=[32m"section-header-material-properties---aluminum-lfxcx"[39m
        [33mclass[39m=[32m"header-wrapper w-full "[39m
        [33mdata-header-level[39m=[32m"section"[39m
        [33mdata-priority[39m=[32m"medium"[39m
        [33mdata-search-keywords[39m=[32m""[39m
      [36m/>[39m

      --------------------------------------------------
      heading:

      Name "Material Properties - Aluminum 6061-T6":
      [36m<h2[39m
        [33maria-level[39m=[32m"2"[39m
        [33mclass[39m=[32m"font-semibold text-white transition-all duration-200 ease-in-out focus:outline-none focus:ring-2 focus:ring-blue-500 focus:ring-offset-2 focus:ring-offset-gray-900 text-2xl font-bold mb-4 text-gray-100 text-left priority-medium text-xl font-bold text-white mb-4"[39m
        [33mdata-testid[39m=[32m"header-section"[39m
        [33mid[39m=[32m"section-header-material-properties---aluminum-lfxcx"[39m
        [33mrole[39m=[32m"heading"[39m
        [33mtabindex[39m=[32m"-1"[39m
      [36m/>[39m

      Name "Before Treatment":
      [36m<h4[39m
        [33maria-level[39m=[32m"4"[39m
        [33mclass[39m=[32m"text-base font-semibold text-gray-900 dark:text-gray-100 mb-2 flex items-center"[39m
        [33mid[39m=[32m"before-treatment-analysis-Aluminum 6061-T6-1759343130766"[39m
        [33mrole[39m=[32m"heading"[39m
      [36m/>[39m

      Name "After Treatment":
      [36m<h4[39m
        [33maria-level[39m=[32m"4"[39m
        [33mclass[39m=[32m"text-base font-semibold text-gray-900 dark:text-gray-100 mb-2 flex items-center"[39m
        [33mid[39m=[32m"after-treatment-analysis-Aluminum 6061-T6-1759343130766"[39m
        [33mrole[39m=[32m"heading"[39m
      [36m/>[39m

      --------------------------------------------------
      img:

      Name "":
      [36m<figure[39m
        [33maria-describedby[39m=[32m"caption-image-analysis-Aluminum 6061-T6-1759343130766"[39m
        [33maria-labelledby[39m=[32m"caption-title-analysis-Aluminum 6061-T6-1759343130766"[39m
        [33mclass[39m=[32m"caption-container"[39m
        [33mitemscope[39m=[32m""[39m
        [33mitemtype[39m=[32m"https://schema.org/ImageObject"[39m
        [33mrole[39m=[32m"img"[39m
      [36m/>[39m

      Name "Z-Beam company logo":
      [36m<img[39m
        [33malt[39m=[32m"Z-Beam company logo"[39m
        [33mclass[39m=[32m"opacity-30 object-contain"[39m
        [33mheight[39m=[32m"72"[39m
        [33msrc[39m=[32m"/images/Site/Logo/logo_.png"[39m
        [33mwidth[39m=[32m"120"[39m
      [36m/>[39m

      --------------------------------------------------
      group:

      Name "":
      [36m<figcaption[39m
        [33maria-labelledby[39m=[32m"caption-title-analysis-Aluminum 6061-T6-1759343130766"[39m
        [33mclass[39m=[32m"mt-4 pb-4 mb-2 text-sm max-w-none"[39m
        [33mrole[39m=[32m"group"[39m
      [36m/>[39m

      Name "Before and after treatment comparison":
      [36m<div[39m
        [33maria-label[39m=[32m"Before and after treatment comparison"[39m
        [33mclass[39m=[32m"grid grid-cols-1 md:grid-cols-2 gap-4"[39m
        [33mrole[39m=[32m"group"[39m
      [36m/>[39m

      --------------------------------------------------
      paragraph:

      Name "":
      [36m<p[39m
        [33maria-labelledby[39m=[32m"before-treatment-analysis-Aluminum 6061-T6-1759343130766"[39m
        [33mclass[39m=[32m"text-gray-600 dark:text-gray-400 text-sm leading-relaxed mb-4 md:mb-0"[39m
      [36m/>[39m

      Name "":
      [36m<p[39m
        [33maria-labelledby[39m=[32m"after-treatment-analysis-Aluminum 6061-T6-1759343130766"[39m
        [33mclass[39m=[32m"text-gray-600 dark:text-gray-400 text-sm leading-relaxed"[39m
      [36m/>[39m

      --------------------------------------------------

    Ignored nodes: comments, script, style
    [36m<body>[39m
      [36m<div>[39m
        [36m<section[39m
          [33maria-describedby[39m=[32m"caption-desc-analysis-Aluminum 6061-T6-1759343130766 caption-announcements-analysis-Aluminum 6061-T6-1759343130766"[39m
          [33maria-label[39m=[32m"Surface analysis section for Aluminum 6061-T6 laser cleaning treatment"[39m
          [33mclass[39m=[32m"enhanced-seo-caption "[39m
          [33mid[39m=[32m"caption-section-analysis-Aluminum 6061-T6-1759343130766"[39m
          [33mitemscope[39m=[32m""[39m
          [33mitemtype[39m=[32m"https://schema.org/TechArticle"[39m
          [33mrole[39m=[32m"region"[39m
          [33mtabindex[39m=[32m"0"[39m
        [36m>[39m
          [36m<div[39m
            [33maria-atomic[39m=[32m"true"[39m
            [33maria-live[39m=[32m"polite"[39m
            [33mclass[39m=[32m"sr-only"[39m
            [33mid[39m=[32m"caption-announcements-analysis-Aluminum 6061-T6-1759343130766"[39m
            [33mrole[39m=[32m"status"[39m
          [36m/>[39m
          [36m<div[39m
            [33mclass[39m=[32m"sr-only"[39m
            [33mid[39m=[32m"caption-desc-analysis-Aluminum 6061-T6-1759343130766"[39m
          [36m>[39m
            [0mInteractive Aluminum 6061-T6 laser cleaning analysis with quality metrics overlay and before/after comparison. Use arrow keys to navigate metrics, Enter to toggle expansion, Escape to return focus.[0m
          [36m</div>[39m
          [36m<div[39m
            [33mclass[39m=[32m"mb-8"[39m
          [36m>[39m
            [36m<header>[39m
              [36m<header[39m
                [33maria-labelledby[39m=[32m"section-header-material-properties---aluminum-lfxcx"[39m
                [33mclass[39m=[32m"header-wrapper w-full "[39m
                [33mdata-header-level[39m=[32m"section"[39m
                [33mdata-priority[39m=[32m"medium"[39m
                [33mdata-search-keywords[39m=[32m""[39m
              [36m>[39m
                [36m<h2[39m
                  [33maria-level[39m=[32m"2"[39m
                  [33mclass[39m=[32m"font-semibold text-white transition-all duration-200 ease-in-out focus:outline-none focus:ring-2 focus:ring-blue-500 focus:ring-offset-2 focus:ring-offset-gray-900 text-2xl font-bold mb-4 text-gray-100 text-left priority-medium text-xl font-bold text-white mb-4"[39m
                  [33mdata-testid[39m=[32m"header-section"[39m
                  [33mid[39m=[32m"section-header-material-properties---aluminum-lfxcx"[39m
                  [33mrole[39m=[32m"heading"[39m
                  [33mtabindex[39m=[32m"-1"[39m
                [36m>[39m
                  [0mMaterial Properties - Aluminum 6061-T6[0m
                [36m</h2>[39m
              [36m</header>[39m
            [36m</header>[39m
            [36m<figure[39m
              [33maria-describedby[39m=[32m"caption-image-analysis-Aluminum 6061-T6-1759343130766"[39m
              [33maria-labelledby[39m=[32m"caption-title-analysis-Aluminum 6061-T6-1759343130766"[39m
              [33mclass[39m=[32m"caption-container"[39m
              [33mitemscope[39m=[32m""[39m
              [33mitemtype[39m=[32m"https://schema.org/ImageObject"[39m
              [33mrole[39m=[32m"img"[39m
            [36m>[39m
              [36m<div[39m
                [33mclass[39m=[32m"sr-only"[39m
                [33mid[39m=[32m"caption-image-analysis-Aluminum 6061-T6-1759343130766"[39m
              [36m>[39m
                [0mNo image available for Aluminum 6061-T6 surface analysis[0m
              [36m</div>[39m
              [36m<div[39m
                [33maria-label[39m=[32m"No surface analysis image available"[39m
                [33mclass[39m=[32m"w-full h-[300px] md:h-[400px] flex items-center justify-center bg-gray-600 rounded-lg"[39m
              [36m>[39m
                [36m<img[39m
                  [33malt[39m=[32m"Z-Beam company logo"[39m
                  [33mclass[39m=[32m"opacity-30 object-contain"[39m
                  [33mheight[39m=[32m"72"[39m
                  [33msrc[39m=[32m"/images/Site/Logo/logo_.png"[39m
                  [33mwidth[39m=[32m"120"[39m
                [36m/>[39m
              [36m</div>[39m
              [36m<figcaption[39m
                [33maria-labelledby[39m=[32m"caption-title-analysis-Aluminum 6061-T6-1759343130766"[39m
                [33mclass[39m=[32m"mt-4 pb-4 mb-2 text-sm max-w-none"[39m
                [33mrole[39m=[32m"group"[39m
              [36m>[39m
                [36m<div[39m
                  [33maria-label[39m=[32m"Before and after treatment comparison"[39m
                  [33mclass[39m=[32m"grid grid-cols-1 md:grid-cols-2 gap-4"[39m
                  [33mrole[39m=[32m"group"[39m
                [36m>[39m
                  [36m<section[39m
                    [33maria-labelledby[39m=[32m"before-treatment-analysis-Aluminum 6061-T6-1759343130766"[39m
                    [33mclass[39m=[32m"px-2"[39m
                    [33mrole[39m=[32m"region"[39m
                  [36m>[39m
                    [36m<h4[39m
                      [33maria-level[39m=[32m"4"[39m
                      [33mclass[39m=[32m"text-base font-semibold text-gray-900 dark:text-gray-100 mb-2 flex items-center"[39m
                      [33mid[39m=[32m"before-treatment-analysis-Aluminum 6061-T6-1759343130766"[39m
                      [33mrole[39m=[32m"heading"[39m
                    [36m>[39m
                      [36m<span[39m
                        [33maria-hidden[39m=[32m"true"[39m
                        [33mclass[39m=[32m"w-2 h-2 bg-red-500 rounded-full mr-2"[39m
                        [33mrole[39m=[32m"presentation"[39m
                      [36m/>[39m
                      [0mBefore Treatment[0m
                    [36m</h4>[39m
                    [36m<p[39m
                      [33maria-labelledby[39m=[32m"before-treatment-analysis-Aluminum 6061-T6-1759343130766"[39m
                      [33mclass[39m=[32m"text-gray-600 dark:text-gray-400 text-sm leading-relaxed mb-4 md:mb-0"[39m
                    [36m>[39m
                      [0mSurface shows oxidation, contamination, and roughness from manufacturing processes[0m
                    [36m</p>[39m
                  [36m</section>[39m
                  [36m<section[39m
                    [33maria-labelledby[39m=[32m"after-treatment-analysis-Aluminum 6061-T6-1759343130766"[39m
                    [33mclass[39m=[32m"px-2"[39m
                    [33mrole[39m=[32m"region"[39m
                  [36m>[39m
                    [36m<h4[39m
                      [33maria-level[39m=[32m"4"[39m
                      [33mclass[39m=[32m"text-base font-semibold text-gray-900 dark:text-gray-100 mb-2 flex items-center"[39m
                      [33mid[39m=[32m"after-treatment-analysis-Aluminum 6061-T6-1759343130766"[39m
                      [33mrole[39m=[32m"heading"[39m
                    [36m>[39m
                      [36m<span[39m
                        [33maria-hidden[39m=[32m"true"[39m
                        [33mclass[39m=[32m"w-2 h-2 bg-green-500 rounded-full mr-2"[39m
                        [33mrole[39m=[32m"presentation"[39m
                      [36m/>[39m
                      [0mAfter Treatment[0m
                    [36m</h4>[39m
                    [36m<p[39m
                      [33maria-labelledby[39m=[32m"after-treatment-analysis-Aluminum 6061-T6-1759343130766"[39m
                      [33mclass[39m=[32m"text-gray-600 dark:text-gray-400 text-sm leading-relaxed"[39m
                    [36m>[39m
                      [0mClean, smooth surface with improved thermal and electrical properties for optimal performance[0m
                    [36m</p>[39m
                  [36m</section>[39m
                [36m</div>[39m
              [36m</figcaption>[39m
            [36m</figure>[39m
          [36m</div>[39m
        [36m</section>[39m
      [36m</div>[39m
    [36m</body>[39m

      219 |       render(<Caption frontmatter={{ caption: loadingData }} />);
      220 |       
    > 221 |       const progressbar = screen.getByRole('progressbar');
          |                                  ^
      222 |       expect(progressbar).toHaveAttribute('aria-label', 'Loading surface analysis image');
      223 |       expect(progressbar).toHaveAttribute('aria-describedby');
      224 |       expect(progressbar).toHaveAttribute('tabindex', '0');

      at Object.getElementError (node_modules/@testing-library/dom/dist/config.js:37:19)
      at node_modules/@testing-library/dom/dist/query-helpers.js:76:38
      at node_modules/@testing-library/dom/dist/query-helpers.js:52:17
      at node_modules/@testing-library/dom/dist/query-helpers.js:95:19
      at Object.getByRole (tests/accessibility/Caption.comprehensive.test.tsx:221:34)

  ● Caption Comprehensive Accessibility › Loading and Error States › implements accessible error state

    TestingLibraryElementError: Unable to find an accessible element with the role "alert"

    Here are the accessible roles:

      region:

      Name "Surface analysis section for Aluminum 6061-T6 laser cleaning treatment":
      [36m<section[39m
        [33maria-describedby[39m=[32m"caption-desc-analysis-Aluminum 6061-T6-1759343130890 caption-announcements-analysis-Aluminum 6061-T6-1759343130890"[39m
        [33maria-label[39m=[32m"Surface analysis section for Aluminum 6061-T6 laser cleaning treatment"[39m
        [33mclass[39m=[32m"enhanced-seo-caption "[39m
        [33mid[39m=[32m"caption-section-analysis-Aluminum 6061-T6-1759343130890"[39m
        [33mitemscope[39m=[32m""[39m
        [33mitemtype[39m=[32m"https://schema.org/TechArticle"[39m
        [33mrole[39m=[32m"region"[39m
        [33mtabindex[39m=[32m"0"[39m
      [36m/>[39m

      Name "":
      [36m<section[39m
        [33maria-labelledby[39m=[32m"before-treatment-analysis-Aluminum 6061-T6-1759343130890"[39m
        [33mclass[39m=[32m"px-2"[39m
        [33mrole[39m=[32m"region"[39m
      [36m/>[39m

      Name "":
      [36m<section[39m
        [33maria-labelledby[39m=[32m"after-treatment-analysis-Aluminum 6061-T6-1759343130890"[39m
        [33mclass[39m=[32m"px-2"[39m
        [33mrole[39m=[32m"region"[39m
      [36m/>[39m

      --------------------------------------------------
      status:

      Name "":
      [36m<div[39m
        [33maria-atomic[39m=[32m"true"[39m
        [33maria-live[39m=[32m"polite"[39m
        [33mclass[39m=[32m"sr-only"[39m
        [33mid[39m=[32m"caption-announcements-analysis-Aluminum 6061-T6-1759343130890"[39m
        [33mrole[39m=[32m"status"[39m
      [36m/>[39m

      --------------------------------------------------
      banner:

      Name "":
      [36m<header />[39m

      Name "Material Properties - Aluminum 6061-T6":
      [36m<header[39m
        [33maria-labelledby[39m=[32m"section-header-material-properties---aluminum-lfxcx"[39m
        [33mclass[39m=[32m"header-wrapper w-full "[39m
        [33mdata-header-level[39m=[32m"section"[39m
        [33mdata-priority[39m=[32m"medium"[39m
        [33mdata-search-keywords[39m=[32m""[39m
      [36m/>[39m

      --------------------------------------------------
      heading:

      Name "Material Properties - Aluminum 6061-T6":
      [36m<h2[39m
        [33maria-level[39m=[32m"2"[39m
        [33mclass[39m=[32m"font-semibold text-white transition-all duration-200 ease-in-out focus:outline-none focus:ring-2 focus:ring-blue-500 focus:ring-offset-2 focus:ring-offset-gray-900 text-2xl font-bold mb-4 text-gray-100 text-left priority-medium text-xl font-bold text-white mb-4"[39m
        [33mdata-testid[39m=[32m"header-section"[39m
        [33mid[39m=[32m"section-header-material-properties---aluminum-lfxcx"[39m
        [33mrole[39m=[32m"heading"[39m
        [33mtabindex[39m=[32m"-1"[39m
      [36m/>[39m

      Name "Before Treatment":
      [36m<h4[39m
        [33maria-level[39m=[32m"4"[39m
        [33mclass[39m=[32m"text-base font-semibold text-gray-900 dark:text-gray-100 mb-2 flex items-center"[39m
        [33mid[39m=[32m"before-treatment-analysis-Aluminum 6061-T6-1759343130890"[39m
        [33mrole[39m=[32m"heading"[39m
      [36m/>[39m

      Name "After Treatment":
      [36m<h4[39m
        [33maria-level[39m=[32m"4"[39m
        [33mclass[39m=[32m"text-base font-semibold text-gray-900 dark:text-gray-100 mb-2 flex items-center"[39m
        [33mid[39m=[32m"after-treatment-analysis-Aluminum 6061-T6-1759343130890"[39m
        [33mrole[39m=[32m"heading"[39m
      [36m/>[39m

      --------------------------------------------------
      img:

      Name "":
      [36m<figure[39m
        [33maria-describedby[39m=[32m"caption-image-analysis-Aluminum 6061-T6-1759343130890"[39m
        [33maria-labelledby[39m=[32m"caption-title-analysis-Aluminum 6061-T6-1759343130890"[39m
        [33mclass[39m=[32m"caption-container"[39m
        [33mitemscope[39m=[32m""[39m
        [33mitemtype[39m=[32m"https://schema.org/ImageObject"[39m
        [33mrole[39m=[32m"img"[39m
      [36m/>[39m

      Name "Z-Beam company logo":
      [36m<img[39m
        [33malt[39m=[32m"Z-Beam company logo"[39m
        [33mclass[39m=[32m"opacity-30 object-contain"[39m
        [33mheight[39m=[32m"72"[39m
        [33msrc[39m=[32m"/images/Site/Logo/logo_.png"[39m
        [33mwidth[39m=[32m"120"[39m
      [36m/>[39m

      --------------------------------------------------
      group:

      Name "":
      [36m<figcaption[39m
        [33maria-labelledby[39m=[32m"caption-title-analysis-Aluminum 6061-T6-1759343130890"[39m
        [33mclass[39m=[32m"mt-4 pb-4 mb-2 text-sm max-w-none"[39m
        [33mrole[39m=[32m"group"[39m
      [36m/>[39m

      Name "Before and after treatment comparison":
      [36m<div[39m
        [33maria-label[39m=[32m"Before and after treatment comparison"[39m
        [33mclass[39m=[32m"grid grid-cols-1 md:grid-cols-2 gap-4"[39m
        [33mrole[39m=[32m"group"[39m
      [36m/>[39m

      --------------------------------------------------
      paragraph:

      Name "":
      [36m<p[39m
        [33maria-labelledby[39m=[32m"before-treatment-analysis-Aluminum 6061-T6-1759343130890"[39m
        [33mclass[39m=[32m"text-gray-600 dark:text-gray-400 text-sm leading-relaxed mb-4 md:mb-0"[39m
      [36m/>[39m

      Name "":
      [36m<p[39m
        [33maria-labelledby[39m=[32m"after-treatment-analysis-Aluminum 6061-T6-1759343130890"[39m
        [33mclass[39m=[32m"text-gray-600 dark:text-gray-400 text-sm leading-relaxed"[39m
      [36m/>[39m

      --------------------------------------------------

    Ignored nodes: comments, script, style
    [36m<body>[39m
      [36m<div>[39m
        [36m<section[39m
          [33maria-describedby[39m=[32m"caption-desc-analysis-Aluminum 6061-T6-1759343130890 caption-announcements-analysis-Aluminum 6061-T6-1759343130890"[39m
          [33maria-label[39m=[32m"Surface analysis section for Aluminum 6061-T6 laser cleaning treatment"[39m
          [33mclass[39m=[32m"enhanced-seo-caption "[39m
          [33mid[39m=[32m"caption-section-analysis-Aluminum 6061-T6-1759343130890"[39m
          [33mitemscope[39m=[32m""[39m
          [33mitemtype[39m=[32m"https://schema.org/TechArticle"[39m
          [33mrole[39m=[32m"region"[39m
          [33mtabindex[39m=[32m"0"[39m
        [36m>[39m
          [36m<div[39m
            [33maria-atomic[39m=[32m"true"[39m
            [33maria-live[39m=[32m"polite"[39m
            [33mclass[39m=[32m"sr-only"[39m
            [33mid[39m=[32m"caption-announcements-analysis-Aluminum 6061-T6-1759343130890"[39m
            [33mrole[39m=[32m"status"[39m
          [36m/>[39m
          [36m<div[39m
            [33mclass[39m=[32m"sr-only"[39m
            [33mid[39m=[32m"caption-desc-analysis-Aluminum 6061-T6-1759343130890"[39m
          [36m>[39m
            [0mInteractive Aluminum 6061-T6 laser cleaning analysis with quality metrics overlay and before/after comparison. Use arrow keys to navigate metrics, Enter to toggle expansion, Escape to return focus.[0m
          [36m</div>[39m
          [36m<div[39m
            [33mclass[39m=[32m"mb-8"[39m
          [36m>[39m
            [36m<header>[39m
              [36m<header[39m
                [33maria-labelledby[39m=[32m"section-header-material-properties---aluminum-lfxcx"[39m
                [33mclass[39m=[32m"header-wrapper w-full "[39m
                [33mdata-header-level[39m=[32m"section"[39m
                [33mdata-priority[39m=[32m"medium"[39m
                [33mdata-search-keywords[39m=[32m""[39m
              [36m>[39m
                [36m<h2[39m
                  [33maria-level[39m=[32m"2"[39m
                  [33mclass[39m=[32m"font-semibold text-white transition-all duration-200 ease-in-out focus:outline-none focus:ring-2 focus:ring-blue-500 focus:ring-offset-2 focus:ring-offset-gray-900 text-2xl font-bold mb-4 text-gray-100 text-left priority-medium text-xl font-bold text-white mb-4"[39m
                  [33mdata-testid[39m=[32m"header-section"[39m
                  [33mid[39m=[32m"section-header-material-properties---aluminum-lfxcx"[39m
                  [33mrole[39m=[32m"heading"[39m
                  [33mtabindex[39m=[32m"-1"[39m
                [36m>[39m
                  [0mMaterial Properties - Aluminum 6061-T6[0m
                [36m</h2>[39m
              [36m</header>[39m
            [36m</header>[39m
            [36m<figure[39m
              [33maria-describedby[39m=[32m"caption-image-analysis-Aluminum 6061-T6-1759343130890"[39m
              [33maria-labelledby[39m=[32m"caption-title-analysis-Aluminum 6061-T6-1759343130890"[39m
              [33mclass[39m=[32m"caption-container"[39m
              [33mitemscope[39m=[32m""[39m
              [33mitemtype[39m=[32m"https://schema.org/ImageObject"[39m
              [33mrole[39m=[32m"img"[39m
            [36m>[39m
              [36m<div[39m
                [33mclass[39m=[32m"sr-only"[39m
                [33mid[39m=[32m"caption-image-analysis-Aluminum 6061-T6-1759343130890"[39m
              [36m>[39m
                [0mNo image available for Aluminum 6061-T6 surface analysis[0m
              [36m</div>[39m
              [36m<div[39m
                [33maria-label[39m=[32m"No surface analysis image available"[39m
                [33mclass[39m=[32m"w-full h-[300px] md:h-[400px] flex items-center justify-center bg-gray-600 rounded-lg"[39m
              [36m>[39m
                [36m<img[39m
                  [33malt[39m=[32m"Z-Beam company logo"[39m
                  [33mclass[39m=[32m"opacity-30 object-contain"[39m
                  [33mheight[39m=[32m"72"[39m
                  [33msrc[39m=[32m"/images/Site/Logo/logo_.png"[39m
                  [33mwidth[39m=[32m"120"[39m
                [36m/>[39m
              [36m</div>[39m
              [36m<figcaption[39m
                [33maria-labelledby[39m=[32m"caption-title-analysis-Aluminum 6061-T6-1759343130890"[39m
                [33mclass[39m=[32m"mt-4 pb-4 mb-2 text-sm max-w-none"[39m
                [33mrole[39m=[32m"group"[39m
              [36m>[39m
                [36m<div[39m
                  [33maria-label[39m=[32m"Before and after treatment comparison"[39m
                  [33mclass[39m=[32m"grid grid-cols-1 md:grid-cols-2 gap-4"[39m
                  [33mrole[39m=[32m"group"[39m
                [36m>[39m
                  [36m<section[39m
                    [33maria-labelledby[39m=[32m"before-treatment-analysis-Aluminum 6061-T6-1759343130890"[39m
                    [33mclass[39m=[32m"px-2"[39m
                    [33mrole[39m=[32m"region"[39m
                  [36m>[39m
                    [36m<h4[39m
                      [33maria-level[39m=[32m"4"[39m
                      [33mclass[39m=[32m"text-base font-semibold text-gray-900 dark:text-gray-100 mb-2 flex items-center"[39m
                      [33mid[39m=[32m"before-treatment-analysis-Aluminum 6061-T6-1759343130890"[39m
                      [33mrole[39m=[32m"heading"[39m
                    [36m>[39m
                      [36m<span[39m
                        [33maria-hidden[39m=[32m"true"[39m
                        [33mclass[39m=[32m"w-2 h-2 bg-red-500 rounded-full mr-2"[39m
                        [33mrole[39m=[32m"presentation"[39m
                      [36m/>[39m
                      [0mBefore Treatment[0m
                    [36m</h4>[39m
                    [36m<p[39m
                      [33maria-labelledby[39m=[32m"before-treatment-analysis-Aluminum 6061-T6-1759343130890"[39m
                      [33mclass[39m=[32m"text-gray-600 dark:text-gray-400 text-sm leading-relaxed mb-4 md:mb-0"[39m
                    [36m>[39m
                      [0mSurface shows oxidation, contamination, and roughness from manufacturing processes[0m
                    [36m</p>[39m
                  [36m</section>[39m
                  [36m<section[39m
                    [33maria-labelledby[39m=[32m"after-treatment-analysis-Aluminum 6061-T6-1759343130890"[39m
                    [33mclass[39m=[32m"px-2"[39m
                    [33mrole[39m=[32m"region"[39m
                  [36m>[39m
                    [36m<h4[39m
                      [33maria-level[39m=[32m"4"[39m
                      [33mclass[39m=[32m"text-base font-semibold text-gray-900 dark:text-gray-100 mb-2 flex items-center"[39m
                      [33mid[39m=[32m"after-treatment-analysis-Aluminum 6061-T6-1759343130890"[39m
                      [33mrole[39m=[32m"heading"[39m
                    [36m>[39m
                      [36m<span[39m
                        [33maria-hidden[39m=[32m"true"[39m
                        [33mclass[39m=[32m"w-2 h-2 bg-green-500 rounded-full mr-2"[39m
                        [33mrole[39m=[32m"presentation"[39m
                      [36m/>[39m
                      [0mAfter Treatment[0m
                    [36m</h4>[39m
                    [36m<p[39m
                      [33maria-labelledby[39m=[32m"after-treatment-analysis-Aluminum 6061-T6-1759343130890"[39m
                      [33mclass[39m=[32m"text-gray-600 dark:text-gray-400 text-sm leading-relaxed"[39m
                    [36m>[39m
                      [0mClean, smooth surface with improved thermal and electrical properties for optimal performance[0m
                    [36m</p>[39m
                  [36m</section>[39m
                [36m</div>[39m
              [36m</figcaption>[39m
            [36m</figure>[39m
          [36m</div>[39m
        [36m</section>[39m
      [36m</div>[39m
    [36m</body>[39m

      232 |       render(<Caption frontmatter={{ caption: errorData }} />);
      233 |       
    > 234 |       const alert = screen.getByRole('alert');
          |                            ^
      235 |       expect(alert).toHaveAttribute('aria-live', 'assertive');
      236 |       expect(alert).toHaveAttribute('aria-describedby');
      237 |       

      at Object.getElementError (node_modules/@testing-library/dom/dist/config.js:37:19)
      at node_modules/@testing-library/dom/dist/query-helpers.js:76:38
      at node_modules/@testing-library/dom/dist/query-helpers.js:52:17
      at node_modules/@testing-library/dom/dist/query-helpers.js:95:19
      at Object.getByRole (tests/accessibility/Caption.comprehensive.test.tsx:234:28)

  ● Caption Comprehensive Accessibility › Loading and Error States › handles image loading completion

    expect(element).toHaveTextContent()

    Expected element to have text content:
      Surface analysis image loaded successfully
    Received:


    Ignored nodes: comments, script, style
    [36m<html>[39m
      [36m<head />[39m
      [36m<body>[39m
        [36m<div>[39m
          [36m<section[39m
            [33maria-describedby[39m=[32m"caption-desc-analysis-Aluminum 6061-T6-1759343130989 caption-announcements-analysis-Aluminum 6061-T6-1759343130989"[39m
            [33maria-label[39m=[32m"Surface analysis section for Aluminum 6061-T6 laser cleaning treatment"[39m
            [33mclass[39m=[32m"enhanced-seo-caption "[39m
            [33mid[39m=[32m"caption-section-analysis-Aluminum 6061-T6-1759343130989"[39m
            [33mitemscope[39m=[32m""[39m
            [33mitemtype[39m=[32m"https://schema.org/TechArticle"[39m
            [33mrole[39m=[32m"region"[39m
            [33mtabindex[39m=[32m"0"[39m
          [36m>[39m
            [36m<div[39m
              [33maria-atomic[39m=[32m"true"[39m
              [33maria-live[39m=[32m"polite"[39m
              [33mclass[39m=[32m"sr-only"[39m
              [33mid[39m=[32m"caption-announcements-analysis-Aluminum 6061-T6-1759343130989"[39m
              [33mrole[39m=[32m"status"[39m
            [36m/>[39m
            [36m<div[39m
              [33mclass[39m=[32m"sr-only"[39m
              [33mid[39m=[32m"caption-desc-analysis-Aluminum 6061-T6-1759343130989"[39m
            [36m>[39m
              [0mInteractive Aluminum 6061-T6 laser cleaning analysis with quality metrics overlay and before/after comparison. Use arrow keys to navigate metrics, Enter to toggle expansion, Escape to return focus.[0m
            [36m</div>[39m
            [36m<div[39m
              [33mclass[39m=[32m"mb-8"[39m
            [36m>[39m
              [36m<header>[39m
                [36m<header[39m
                  [33maria-labelledby[39m=[32m"section-header-material-properties---aluminum-lfxcx"[39m
                  [33mclass[39m=[32m"header-wrapper w-full "[39m
                  [33mdata-header-level[39m=[32m"section"[39m
                  [33mdata-priority[39m=[32m"medium"[39m
                  [33mdata-search-keywords[39m=[32m""[39m
                [36m>[39m
                  [36m<h2[39m
                    [33maria-level[39m=[32m"2"[39m
                    [33mclass[39m=[32m"font-semibold text-white transition-all duration-200 ease-in-out focus:outline-none focus:ring-2 focus:ring-blue-500 focus:ring-offset-2 focus:ring-offset-gray-900 text-2xl font-bold mb-4 text-gray-100 text-left priority-medium text-xl font-bold text-white mb-4"[39m
                    [33mdata-testid[39m=[32m"header-section"[39m
                    [33mid[39m=[32m"section-header-material-properties---aluminum-lfxcx"[39m
                    [33mrole[39m=[32m"heading"[39m
                    [33mtabindex[39m=[32m"-1"[39m
                  [36m>[39m
                    [0mMaterial Properties - Aluminum 6061-T6[0m
                  [36m</h2>[39m
                [36m</header>[39m
              [36m</header>[39m
              [36m<figure[39m
                [33maria-describedby[39m=[32m"caption-image-analysis-Aluminum 6061-T6-1759343130989"[39m
                [33maria-labelledby[39m=[32m"caption-title-analysis-Aluminum 6061-T6-1759343130989"[39m
                [33mclass[39m=[32m"caption-container"[39m
                [33mitemscope[39m=[32m""[39m
                [33mitemtype[39m=[32m"https://schema.org/ImageObject"[39m
                [33mrole[39m=[32m"img"[39m
              [36m>[39m
                [36m<div[39m
                  [33mclass[39m=[32m"sr-only"[39m
                  [33mid[39m=[32m"caption-image-analysis-Aluminum 6061-T6-1759343130989"[39m
                [36m>[39m
                  [0mNo image available for Aluminum 6061-T6 surface analysis[0m
                [36m</div>[39m
                [36m<div[39m
                  [33maria-label[39m=[32m"No surface analysis image available"[39m
                  [33mclass[39m=[32m"w-full h-[300px] md:h-[400px] flex items-center justify-center bg-gray-600 rounded-lg"[39m
                [36m>[39m
                  [36m<img[39m
                    [33malt[39m=[32m"Z-Beam company logo"[39m
                    [33mclass[39m=[32m"opacity-30 object-contain"[39m
                    [33mheight[39m=[32m"72"[39m
                    [33msrc[39m=[32m"/images/Site/Logo/logo_.png"[39m
                    [33mwidth[39m=[32m"120"[39m
                  [36m/>[39m
                [36m</div>[39m
                [36m<figcaption[39m
                  [33maria-labelledby[39m=[32m"caption-title-analysis-Aluminum 6061-T6-1759343130989"[39m
                  [33mclass[39m=[32m"mt-4 pb-4 mb-2 text-sm max-w-none"[39m
                  [33mrole[39m=[32m"group"[39m
                [36m>[39m
                  [36m<div[39m
                    [33maria-label[39m=[32m"Before and after treatment comparison"[39m
                    [33mclass[39m=[32m"grid grid-cols-1 md:grid-cols-2 gap-4"[39m
                    [33mrole[39m=[32m"group"[39m
                  [36m>[39m
                    [36m<section[39m
                      [33maria-labelledby[39m=[32m"before-treatment-analysis-Aluminum 6061-T6-1759343130989"[39m
                      [33mclass[39m=[32m"px-2"[39m
                      [33mrole[39m=[32m"region"[39m
                    [36m>[39m
                      [36m<h4[39m
                        [33maria-level[39m=[32m"4"[39m
                        [33mclass[39m=[32m"text-base font-semibold text-gray-900 dark:text-gray-100 mb-2 flex items-center"[39m
                        [33mid[39m=[32m"before-treatment-analysis-Aluminum 6061-T6-1759343130989"[39m
                        [33mrole[39m=[32m"heading"[39m
                      [36m>[39m
                        [36m<span[39m
                          [33maria-hidden[39m=[32m"true"[39m
                          [33mclass[39m=[32m"w-2 h-2 bg-red-500 rounded-full mr-2"[39m
                          [33mrole[39m=[32m"presentation"[39m
                        [36m/>[39m
                        [0mBefore Treatment[0m
                      [36m</h4>[39m
                      [36m<p[39m
                        [33maria-labelledby[39m=[32m"before-treatment-analysis-Aluminum 6061-T6-1759343130989"[39m
                        [33mclass[39m=[32m"text-gray-600 dark:text-gray-400 text-sm leading-relaxed mb-4 md:mb-0"[39m
                      [36m>[39m
                        [0mSurface shows oxidation, contamination, and roughness from manufacturing processes[0m
                      [36m</p>[39m
                    [36m</section>[39m
                    [36m<section[39m
                      [33maria-labelledby[39m=[32m"after-treatment-analysis-Aluminum 6061-T6-1759343130989"[39m
                      [33mclass[39m=[32m"px-2"[39m
                      [33mrole[39m=[32m"region"[39m
                    [36m>[39m
                      [36m<h4[39m
                        [33maria-level[39m=[32m"4"[39m
                        [33mclass[39m=[32m"text-base font-semibold text-gray-900 dark:text-gray-100 mb-2 flex items-center"[39m
                        [33mid[39m=[32m"after-treatment-analysis-Aluminum 6061-T6-1759343130989"[39m
                        [33mrole[39m=[32m"heading"[39m
                      [36m>[39m
                        [36m<span[39m
                          [33maria-hidden[39m=[32m"true"[39m
                          [33mclass[39m=[32m"w-2 h-2 bg-green-500 rounded-full mr-2"[39m
                          [33mrole[39m=[32m"presentation"[39m
                        [36m/>[39m
                        [0mAfter Treatment[0m
                      [36m</h4>[39m
                      [36m<p[39m
                        [33maria-labelledby[39m=[32m"after-treatment-analysis-Aluminum 6061-T6-1759343130989"[39m
                        [33mclass[39m=[32m"text-gray-600 dark:text-gray-400 text-sm leading-relaxed"[39m
                      [36m>[39m
                        [0mClean, smooth surface with improved thermal and electrical properties for optimal performance[0m
                      [36m</p>[39m
                    [36m</section>[39m
                  [36m</div>[39m
                [36m</figcaption>[39m
              [36m</figure>[39m
            [36m</div>[39m
          [36m</section>[39m
        [36m</div>[39m
      [36m</body>[39m
    [36m</html>[39m

      251 |       const liveRegion = screen.getByRole('status');
      252 |       await waitFor(() => {
    > 253 |         expect(liveRegion).toHaveTextContent('Surface analysis image loaded successfully');
          |                            ^
      254 |       });
      255 |     });
      256 |   });

      at toHaveTextContent (tests/accessibility/Caption.comprehensive.test.tsx:253:28)
      at runWithExpensiveErrorDiagnosticsDisabled (node_modules/@testing-library/dom/dist/config.js:47:12)
      at checkCallback (node_modules/@testing-library/dom/dist/wait-for.js:124:77)
      at checkRealTimersCallback (node_modules/@testing-library/dom/dist/wait-for.js:118:16)
      at Timeout.task [as _onTimeout] (node_modules/jsdom/lib/jsdom/browser/Window.js:579:19)

  ● Caption Comprehensive Accessibility › Before/After Treatment Sections › uses presentation role for decorative indicators

    TestingLibraryElementError: Unable to find an accessible element with the role "presentation"

    Here are the accessible roles:

      region:

      Name "Surface analysis section for Aluminum 6061-T6 laser cleaning treatment":
      [36m<section[39m
        [33maria-describedby[39m=[32m"caption-desc-analysis-Aluminum 6061-T6-1759343132031 caption-announcements-analysis-Aluminum 6061-T6-1759343132031"[39m
        [33maria-label[39m=[32m"Surface analysis section for Aluminum 6061-T6 laser cleaning treatment"[39m
        [33mclass[39m=[32m"enhanced-seo-caption "[39m
        [33mid[39m=[32m"caption-section-analysis-Aluminum 6061-T6-1759343132031"[39m
        [33mitemscope[39m=[32m""[39m
        [33mitemtype[39m=[32m"https://schema.org/TechArticle"[39m
        [33mrole[39m=[32m"region"[39m
        [33mtabindex[39m=[32m"0"[39m
      [36m/>[39m

      Name "":
      [36m<section[39m
        [33maria-labelledby[39m=[32m"before-treatment-analysis-Aluminum 6061-T6-1759343132031"[39m
        [33mclass[39m=[32m"px-2"[39m
        [33mrole[39m=[32m"region"[39m
      [36m/>[39m

      Name "":
      [36m<section[39m
        [33maria-labelledby[39m=[32m"after-treatment-analysis-Aluminum 6061-T6-1759343132031"[39m
        [33mclass[39m=[32m"px-2"[39m
        [33mrole[39m=[32m"region"[39m
      [36m/>[39m

      --------------------------------------------------
      status:

      Name "":
      [36m<div[39m
        [33maria-atomic[39m=[32m"true"[39m
        [33maria-live[39m=[32m"polite"[39m
        [33mclass[39m=[32m"sr-only"[39m
        [33mid[39m=[32m"caption-announcements-analysis-Aluminum 6061-T6-1759343132031"[39m
        [33mrole[39m=[32m"status"[39m
      [36m/>[39m

      --------------------------------------------------
      banner:

      Name "":
      [36m<header />[39m

      Name "Material Properties - Aluminum 6061-T6":
      [36m<header[39m
        [33maria-labelledby[39m=[32m"section-header-material-properties---aluminum-lfxcx"[39m
        [33mclass[39m=[32m"header-wrapper w-full "[39m
        [33mdata-header-level[39m=[32m"section"[39m
        [33mdata-priority[39m=[32m"medium"[39m
        [33mdata-search-keywords[39m=[32m""[39m
      [36m/>[39m

      --------------------------------------------------
      heading:

      Name "Material Properties - Aluminum 6061-T6":
      [36m<h2[39m
        [33maria-level[39m=[32m"2"[39m
        [33mclass[39m=[32m"font-semibold text-white transition-all duration-200 ease-in-out focus:outline-none focus:ring-2 focus:ring-blue-500 focus:ring-offset-2 focus:ring-offset-gray-900 text-2xl font-bold mb-4 text-gray-100 text-left priority-medium text-xl font-bold text-white mb-4"[39m
        [33mdata-testid[39m=[32m"header-section"[39m
        [33mid[39m=[32m"section-header-material-properties---aluminum-lfxcx"[39m
        [33mrole[39m=[32m"heading"[39m
        [33mtabindex[39m=[32m"-1"[39m
      [36m/>[39m

      Name "Before Treatment":
      [36m<h4[39m
        [33maria-level[39m=[32m"4"[39m
        [33mclass[39m=[32m"text-base font-semibold text-gray-900 dark:text-gray-100 mb-2 flex items-center"[39m
        [33mid[39m=[32m"before-treatment-analysis-Aluminum 6061-T6-1759343132031"[39m
        [33mrole[39m=[32m"heading"[39m
      [36m/>[39m

      Name "After Treatment":
      [36m<h4[39m
        [33maria-level[39m=[32m"4"[39m
        [33mclass[39m=[32m"text-base font-semibold text-gray-900 dark:text-gray-100 mb-2 flex items-center"[39m
        [33mid[39m=[32m"after-treatment-analysis-Aluminum 6061-T6-1759343132031"[39m
        [33mrole[39m=[32m"heading"[39m
      [36m/>[39m

      --------------------------------------------------
      img:

      Name "":
      [36m<figure[39m
        [33maria-describedby[39m=[32m"caption-image-analysis-Aluminum 6061-T6-1759343132031"[39m
        [33maria-labelledby[39m=[32m"caption-title-analysis-Aluminum 6061-T6-1759343132031"[39m
        [33mclass[39m=[32m"caption-container"[39m
        [33mitemscope[39m=[32m""[39m
        [33mitemtype[39m=[32m"https://schema.org/ImageObject"[39m
        [33mrole[39m=[32m"img"[39m
      [36m/>[39m

      Name "Z-Beam company logo":
      [36m<img[39m
        [33malt[39m=[32m"Z-Beam company logo"[39m
        [33mclass[39m=[32m"opacity-30 object-contain"[39m
        [33mheight[39m=[32m"72"[39m
        [33msrc[39m=[32m"/images/Site/Logo/logo_.png"[39m
        [33mwidth[39m=[32m"120"[39m
      [36m/>[39m

      --------------------------------------------------
      group:

      Name "":
      [36m<figcaption[39m
        [33maria-labelledby[39m=[32m"caption-title-analysis-Aluminum 6061-T6-1759343132031"[39m
        [33mclass[39m=[32m"mt-4 pb-4 mb-2 text-sm max-w-none"[39m
        [33mrole[39m=[32m"group"[39m
      [36m/>[39m

      Name "Before and after treatment comparison":
      [36m<div[39m
        [33maria-label[39m=[32m"Before and after treatment comparison"[39m
        [33mclass[39m=[32m"grid grid-cols-1 md:grid-cols-2 gap-4"[39m
        [33mrole[39m=[32m"group"[39m
      [36m/>[39m

      --------------------------------------------------
      paragraph:

      Name "":
      [36m<p[39m
        [33maria-labelledby[39m=[32m"before-treatment-analysis-Aluminum 6061-T6-1759343132031"[39m
        [33mclass[39m=[32m"text-gray-600 dark:text-gray-400 text-sm leading-relaxed mb-4 md:mb-0"[39m
      [36m/>[39m

      Name "":
      [36m<p[39m
        [33maria-labelledby[39m=[32m"after-treatment-analysis-Aluminum 6061-T6-1759343132031"[39m
        [33mclass[39m=[32m"text-gray-600 dark:text-gray-400 text-sm leading-relaxed"[39m
      [36m/>[39m

      --------------------------------------------------

    Ignored nodes: comments, script, style
    [36m<body>[39m
      [36m<div>[39m
        [36m<section[39m
          [33maria-describedby[39m=[32m"caption-desc-analysis-Aluminum 6061-T6-1759343132031 caption-announcements-analysis-Aluminum 6061-T6-1759343132031"[39m
          [33maria-label[39m=[32m"Surface analysis section for Aluminum 6061-T6 laser cleaning treatment"[39m
          [33mclass[39m=[32m"enhanced-seo-caption "[39m
          [33mid[39m=[32m"caption-section-analysis-Aluminum 6061-T6-1759343132031"[39m
          [33mitemscope[39m=[32m""[39m
          [33mitemtype[39m=[32m"https://schema.org/TechArticle"[39m
          [33mrole[39m=[32m"region"[39m
          [33mtabindex[39m=[32m"0"[39m
        [36m>[39m
          [36m<div[39m
            [33maria-atomic[39m=[32m"true"[39m
            [33maria-live[39m=[32m"polite"[39m
            [33mclass[39m=[32m"sr-only"[39m
            [33mid[39m=[32m"caption-announcements-analysis-Aluminum 6061-T6-1759343132031"[39m
            [33mrole[39m=[32m"status"[39m
          [36m/>[39m
          [36m<div[39m
            [33mclass[39m=[32m"sr-only"[39m
            [33mid[39m=[32m"caption-desc-analysis-Aluminum 6061-T6-1759343132031"[39m
          [36m>[39m
            [0mInteractive Aluminum 6061-T6 laser cleaning analysis with quality metrics overlay and before/after comparison. Use arrow keys to navigate metrics, Enter to toggle expansion, Escape to return focus.[0m
          [36m</div>[39m
          [36m<div[39m
            [33mclass[39m=[32m"mb-8"[39m
          [36m>[39m
            [36m<header>[39m
              [36m<header[39m
                [33maria-labelledby[39m=[32m"section-header-material-properties---aluminum-lfxcx"[39m
                [33mclass[39m=[32m"header-wrapper w-full "[39m
                [33mdata-header-level[39m=[32m"section"[39m
                [33mdata-priority[39m=[32m"medium"[39m
                [33mdata-search-keywords[39m=[32m""[39m
              [36m>[39m
                [36m<h2[39m
                  [33maria-level[39m=[32m"2"[39m
                  [33mclass[39m=[32m"font-semibold text-white transition-all duration-200 ease-in-out focus:outline-none focus:ring-2 focus:ring-blue-500 focus:ring-offset-2 focus:ring-offset-gray-900 text-2xl font-bold mb-4 text-gray-100 text-left priority-medium text-xl font-bold text-white mb-4"[39m
                  [33mdata-testid[39m=[32m"header-section"[39m
                  [33mid[39m=[32m"section-header-material-properties---aluminum-lfxcx"[39m
                  [33mrole[39m=[32m"heading"[39m
                  [33mtabindex[39m=[32m"-1"[39m
                [36m>[39m
                  [0mMaterial Properties - Aluminum 6061-T6[0m
                [36m</h2>[39m
              [36m</header>[39m
            [36m</header>[39m
            [36m<figure[39m
              [33maria-describedby[39m=[32m"caption-image-analysis-Aluminum 6061-T6-1759343132031"[39m
              [33maria-labelledby[39m=[32m"caption-title-analysis-Aluminum 6061-T6-1759343132031"[39m
              [33mclass[39m=[32m"caption-container"[39m
              [33mitemscope[39m=[32m""[39m
              [33mitemtype[39m=[32m"https://schema.org/ImageObject"[39m
              [33mrole[39m=[32m"img"[39m
            [36m>[39m
              [36m<div[39m
                [33mclass[39m=[32m"sr-only"[39m
                [33mid[39m=[32m"caption-image-analysis-Aluminum 6061-T6-1759343132031"[39m
              [36m>[39m
                [0mNo image available for Aluminum 6061-T6 surface analysis[0m
              [36m</div>[39m
              [36m<div[39m
                [33maria-label[39m=[32m"No surface analysis image available"[39m
                [33mclass[39m=[32m"w-full h-[300px] md:h-[400px] flex items-center justify-center bg-gray-600 rounded-lg"[39m
              [36m>[39m
                [36m<img[39m
                  [33malt[39m=[32m"Z-Beam company logo"[39m
                  [33mclass[39m=[32m"opacity-30 object-contain"[39m
                  [33mheight[39m=[32m"72"[39m
                  [33msrc[39m=[32m"/images/Site/Logo/logo_.png"[39m
                  [33mwidth[39m=[32m"120"[39m
                [36m/>[39m
              [36m</div>[39m
              [36m<figcaption[39m
                [33maria-labelledby[39m=[32m"caption-title-analysis-Aluminum 6061-T6-1759343132031"[39m
                [33mclass[39m=[32m"mt-4 pb-4 mb-2 text-sm max-w-none"[39m
                [33mrole[39m=[32m"group"[39m
              [36m>[39m
                [36m<div[39m
                  [33maria-label[39m=[32m"Before and after treatment comparison"[39m
                  [33mclass[39m=[32m"grid grid-cols-1 md:grid-cols-2 gap-4"[39m
                  [33mrole[39m=[32m"group"[39m
                [36m>[39m
                  [36m<section[39m
                    [33maria-labelledby[39m=[32m"before-treatment-analysis-Aluminum 6061-T6-1759343132031"[39m
                    [33mclass[39m=[32m"px-2"[39m
                    [33mrole[39m=[32m"region"[39m
                  [36m>[39m
                    [36m<h4[39m
                      [33maria-level[39m=[32m"4"[39m
                      [33mclass[39m=[32m"text-base font-semibold text-gray-900 dark:text-gray-100 mb-2 flex items-center"[39m
                      [33mid[39m=[32m"before-treatment-analysis-Aluminum 6061-T6-1759343132031"[39m
                      [33mrole[39m=[32m"heading"[39m
                    [36m>[39m
                      [36m<span[39m
                        [33maria-hidden[39m=[32m"true"[39m
                        [33mclass[39m=[32m"w-2 h-2 bg-red-500 rounded-full mr-2"[39m
                        [33mrole[39m=[32m"presentation"[39m
                      [36m/>[39m
                      [0mBefore Treatment[0m
                    [36m</h4>[39m
                    [36m<p[39m
                      [33maria-labelledby[39m=[32m"before-treatment-analysis-Aluminum 6061-T6-1759343132031"[39m
                      [33mclass[39m=[32m"text-gray-600 dark:text-gray-400 text-sm leading-relaxed mb-4 md:mb-0"[39m
                    [36m>[39m
                      [0mSurface shows oxidation, contamination, and roughness from manufacturing processes[0m
                    [36m</p>[39m
                  [36m</section>[39m
                  [36m<section[39m
                    [33maria-labelledby[39m=[32m"after-treatment-analysis-Aluminum 6061-T6-1759343132031"[39m
                    [33mclass[39m=[32m"px-2"[39m
                    [33mrole[39m=[32m"region"[39m
                  [36m>[39m
                    [36m<h4[39m
                      [33maria-level[39m=[32m"4"[39m
                      [33mclass[39m=[32m"text-base font-semibold text-gray-900 dark:text-gray-100 mb-2 flex items-center"[39m
                      [33mid[39m=[32m"after-treatment-analysis-Aluminum 6061-T6-1759343132031"[39m
                      [33mrole[39m=[32m"heading"[39m
                    [36m>[39m
                      [36m<span[39m
                        [33maria-hidden[39m=[32m"true"[39m
                        [33mclass[39m=[32m"w-2 h-2 bg-green-500 rounded-full mr-2"[39m
                        [33mrole[39m=[32m"presentation"[39m
                      [36m/>[39m
                      [0mAfter Treatment[0m
                    [36m</h4>[39m
                    [36m<p[39m
                      [33maria-labelledby[39m=[32m"after-treatment-analysis-Aluminum 6061-T6-1759343132031"[39m
                      [33mclass[39m=[32m"text-gray-600 dark:text-gray-400 text-sm leading-relaxed"[39m
                    [36m>[39m
                      [0mClean, smooth surface with improved thermal and electrical properties for optimal performance[0m
                    [36m</p>[39m
                  [36m</section>[39m
                [36m</div>[39m
              [36m</figcaption>[39m
            [36m</figure>[39m
          [36m</div>[39m
        [36m</section>[39m
      [36m</div>[39m
    [36m</body>[39m

      284 |       
      285 |       // Color indicators should be marked as presentation
    > 286 |       const indicators = screen.getAllByRole('presentation');
          |                                 ^
      287 |       expect(indicators.length).toBeGreaterThanOrEqual(2); // Before (red) + After (green)
      288 |       
      289 |       indicators.forEach(indicator => {

      at Object.getElementError (node_modules/@testing-library/dom/dist/config.js:37:19)
      at node_modules/@testing-library/dom/dist/query-helpers.js:76:38
      at node_modules/@testing-library/dom/dist/query-helpers.js:109:15
      at Object.getAllByRole (tests/accessibility/Caption.comprehensive.test.tsx:286:33)

  ● Caption Comprehensive Accessibility › Quality Metrics Accessibility › implements accessible data representation

    TestingLibraryElementError: Unable to find an element with the display value: /\d+\.?\d*/.

    Ignored nodes: comments, script, style
    [36m<body>[39m
      [36m<div>[39m
        [36m<section[39m
          [33maria-describedby[39m=[32m"caption-desc-analysis-Aluminum 6061-T6-1759343132083 caption-announcements-analysis-Aluminum 6061-T6-1759343132083"[39m
          [33maria-label[39m=[32m"Surface analysis section for Aluminum 6061-T6 laser cleaning treatment"[39m
          [33mclass[39m=[32m"enhanced-seo-caption "[39m
          [33mid[39m=[32m"caption-section-analysis-Aluminum 6061-T6-1759343132083"[39m
          [33mitemscope[39m=[32m""[39m
          [33mitemtype[39m=[32m"https://schema.org/TechArticle"[39m
          [33mrole[39m=[32m"region"[39m
          [33mtabindex[39m=[32m"0"[39m
        [36m>[39m
          [36m<div[39m
            [33maria-atomic[39m=[32m"true"[39m
            [33maria-live[39m=[32m"polite"[39m
            [33mclass[39m=[32m"sr-only"[39m
            [33mid[39m=[32m"caption-announcements-analysis-Aluminum 6061-T6-1759343132083"[39m
            [33mrole[39m=[32m"status"[39m
          [36m/>[39m
          [36m<div[39m
            [33mclass[39m=[32m"sr-only"[39m
            [33mid[39m=[32m"caption-desc-analysis-Aluminum 6061-T6-1759343132083"[39m
          [36m>[39m
            [0mInteractive Aluminum 6061-T6 laser cleaning analysis with quality metrics overlay and before/after comparison. Use arrow keys to navigate metrics, Enter to toggle expansion, Escape to return focus.[0m
          [36m</div>[39m
          [36m<div[39m
            [33mclass[39m=[32m"mb-8"[39m
          [36m>[39m
            [36m<header>[39m
              [36m<header[39m
                [33maria-labelledby[39m=[32m"section-header-material-properties---aluminum-lfxcx"[39m
                [33mclass[39m=[32m"header-wrapper w-full "[39m
                [33mdata-header-level[39m=[32m"section"[39m
                [33mdata-priority[39m=[32m"medium"[39m
                [33mdata-search-keywords[39m=[32m""[39m
              [36m>[39m
                [36m<h2[39m
                  [33maria-level[39m=[32m"2"[39m
                  [33mclass[39m=[32m"font-semibold text-white transition-all duration-200 ease-in-out focus:outline-none focus:ring-2 focus:ring-blue-500 focus:ring-offset-2 focus:ring-offset-gray-900 text-2xl font-bold mb-4 text-gray-100 text-left priority-medium text-xl font-bold text-white mb-4"[39m
                  [33mdata-testid[39m=[32m"header-section"[39m
                  [33mid[39m=[32m"section-header-material-properties---aluminum-lfxcx"[39m
                  [33mrole[39m=[32m"heading"[39m
                  [33mtabindex[39m=[32m"-1"[39m
                [36m>[39m
                  [0mMaterial Properties - Aluminum 6061-T6[0m
                [36m</h2>[39m
              [36m</header>[39m
            [36m</header>[39m
            [36m<figure[39m
              [33maria-describedby[39m=[32m"caption-image-analysis-Aluminum 6061-T6-1759343132083"[39m
              [33maria-labelledby[39m=[32m"caption-title-analysis-Aluminum 6061-T6-1759343132083"[39m
              [33mclass[39m=[32m"caption-container"[39m
              [33mitemscope[39m=[32m""[39m
              [33mitemtype[39m=[32m"https://schema.org/ImageObject"[39m
              [33mrole[39m=[32m"img"[39m
            [36m>[39m
              [36m<div[39m
                [33mclass[39m=[32m"sr-only"[39m
                [33mid[39m=[32m"caption-image-analysis-Aluminum 6061-T6-1759343132083"[39m
              [36m>[39m
                [0mNo image available for Aluminum 6061-T6 surface analysis[0m
              [36m</div>[39m
              [36m<div[39m
                [33maria-label[39m=[32m"No surface analysis image available"[39m
                [33mclass[39m=[32m"w-full h-[300px] md:h-[400px] flex items-center justify-center bg-gray-600 rounded-lg"[39m
              [36m>[39m
                [36m<img[39m
                  [33malt[39m=[32m"Z-Beam company logo"[39m
                  [33mclass[39m=[32m"opacity-30 object-contain"[39m
                  [33mheight[39m=[32m"72"[39m
                  [33msrc[39m=[32m"/images/Site/Logo/logo_.png"[39m
                  [33mwidth[39m=[32m"120"[39m
                [36m/>[39m
              [36m</div>[39m
              [36m<figcaption[39m
                [33maria-labelledby[39m=[32m"caption-title-analysis-Aluminum 6061-T6-1759343132083"[39m
                [33mclass[39m=[32m"mt-4 pb-4 mb-2 text-sm max-w-none"[39m
                [33mrole[39m=[32m"group"[39m
              [36m>[39m
                [36m<div[39m
                  [33maria-label[39m=[32m"Before and after treatment comparison"[39m
                  [33mclass[39m=[32m"grid grid-cols-1 md:grid-cols-2 gap-4"[39m
                  [33mrole[39m=[32m"group"[39m
                [36m>[39m
                  [36m<section[39m
                    [33maria-labelledby[39m=[32m"before-treatment-analysis-Aluminum 6061-T6-1759343132083"[39m
                    [33mclass[39m=[32m"px-2"[39m
                    [33mrole[39m=[32m"region"[39m
                  [36m>[39m
                    [36m<h4[39m
                      [33maria-level[39m=[32m"4"[39m
                      [33mclass[39m=[32m"text-base font-semibold text-gray-900 dark:text-gray-100 mb-2 flex items-center"[39m
                      [33mid[39m=[32m"before-treatment-analysis-Aluminum 6061-T6-1759343132083"[39m
                      [33mrole[39m=[32m"heading"[39m
                    [36m>[39m
                      [36m<span[39m
                        [33maria-hidden[39m=[32m"true"[39m
                        [33mclass[39m=[32m"w-2 h-2 bg-red-500 rounded-full mr-2"[39m
                        [33mrole[39m=[32m"presentation"[39m
                      [36m/>[39m
                      [0mBefore Treatment[0m
                    [36m</h4>[39m
                    [36m<p[39m
                      [33maria-labelledby[39m=[32m"before-treatment-analysis-Aluminum 6061-T6-1759343132083"[39m
                      [33mclass[39m=[32m"text-gray-600 dark:text-gray-400 text-sm leading-relaxed mb-4 md:mb-0"[39m
                    [36m>[39m
                      [0mSurface shows oxidation, contamination, and roughness from manufacturing processes[0m
                    [36m</p>[39m
                  [36m</section>[39m
                  [36m<section[39m
                    [33maria-labelledby[39m=[32m"after-treatment-analysis-Aluminum 6061-T6-1759343132083"[39m
                    [33mclass[39m=[32m"px-2"[39m
                    [33mrole[39m=[32m"region"[39m
                  [36m>[39m
                    [36m<h4[39m
                      [33maria-level[39m=[32m"4"[39m
                      [33mclass[39m=[32m"text-base font-semibold text-gray-900 dark:text-gray-100 mb-2 flex items-center"[39m
                      [33mid[39m=[32m"after-treatment-analysis-Aluminum 6061-T6-1759343132083"[39m
                      [33mrole[39m=[32m"heading"[39m
                    [36m>[39m
                      [36m<span[39m
                        [33maria-hidden[39m=[32m"true"[39m
                        [33mclass[39m=[32m"w-2 h-2 bg-green-500 rounded-full mr-2"[39m
                        [33mrole[39m=[32m"presentation"[39m
                      [36m/>[39m
                      [0mAfter Treatment[0m
                    [36m</h4>[39m
                    [36m<p[39m
                      [33maria-labelledby[39m=[32m"after-treatment-analysis-Aluminum 6061-T6-1759343132083"[39m
                      [33mclass[39m=[32m"text-gray-600 dark:text-gray-400 text-sm leading-relaxed"[39m
                    [36m>[39m
                      [0mClean, smooth surface with improved thermal and electrical properties for optimal performance[0m
                    [36m</p>[39m
                  [36m</section>[39m
                [36m</div>[39m
              [36m</figcaption>[39m
            [36m</figure>[39m
          [36m</div>[39m
        [36m</section>[39m
      [36m</div>[39m
    [36m</body>[39m

      298 |       
      299 |       // Each metric should use semantic data elements
    > 300 |       const dataElements = screen.getAllByDisplayValue(/\d+\.?\d*/);
          |                                   ^
      301 |       expect(dataElements.length).toBeGreaterThan(0);
      302 |       
      303 |       dataElements.forEach(element => {

      at Object.getElementError (node_modules/@testing-library/dom/dist/config.js:37:19)
      at node_modules/@testing-library/dom/dist/query-helpers.js:76:38
      at node_modules/@testing-library/dom/dist/query-helpers.js:109:15
      at Object.getAllByDisplayValue (tests/accessibility/Caption.comprehensive.test.tsx:300:35)

  ● Caption Comprehensive Accessibility › Quality Metrics Accessibility › provides individual metric descriptions

    TestingLibraryElementError: Unable to find an element with the text: /Metric:.*Value:/. This could be because the text is broken up by multiple elements. In this case, you can provide a function for your text matcher to make your matcher more flexible.

    Ignored nodes: comments, script, style
    [36m<body>[39m
      [36m<div>[39m
        [36m<section[39m
          [33maria-describedby[39m=[32m"caption-desc-analysis-Aluminum 6061-T6-1759343132094 caption-announcements-analysis-Aluminum 6061-T6-1759343132094"[39m
          [33maria-label[39m=[32m"Surface analysis section for Aluminum 6061-T6 laser cleaning treatment"[39m
          [33mclass[39m=[32m"enhanced-seo-caption "[39m
          [33mid[39m=[32m"caption-section-analysis-Aluminum 6061-T6-1759343132094"[39m
          [33mitemscope[39m=[32m""[39m
          [33mitemtype[39m=[32m"https://schema.org/TechArticle"[39m
          [33mrole[39m=[32m"region"[39m
          [33mtabindex[39m=[32m"0"[39m
        [36m>[39m
          [36m<div[39m
            [33maria-atomic[39m=[32m"true"[39m
            [33maria-live[39m=[32m"polite"[39m
            [33mclass[39m=[32m"sr-only"[39m
            [33mid[39m=[32m"caption-announcements-analysis-Aluminum 6061-T6-1759343132094"[39m
            [33mrole[39m=[32m"status"[39m
          [36m/>[39m
          [36m<div[39m
            [33mclass[39m=[32m"sr-only"[39m
            [33mid[39m=[32m"caption-desc-analysis-Aluminum 6061-T6-1759343132094"[39m
          [36m>[39m
            [0mInteractive Aluminum 6061-T6 laser cleaning analysis with quality metrics overlay and before/after comparison. Use arrow keys to navigate metrics, Enter to toggle expansion, Escape to return focus.[0m
          [36m</div>[39m
          [36m<div[39m
            [33mclass[39m=[32m"mb-8"[39m
          [36m>[39m
            [36m<header>[39m
              [36m<header[39m
                [33maria-labelledby[39m=[32m"section-header-material-properties---aluminum-lfxcx"[39m
                [33mclass[39m=[32m"header-wrapper w-full "[39m
                [33mdata-header-level[39m=[32m"section"[39m
                [33mdata-priority[39m=[32m"medium"[39m
                [33mdata-search-keywords[39m=[32m""[39m
              [36m>[39m
                [36m<h2[39m
                  [33maria-level[39m=[32m"2"[39m
                  [33mclass[39m=[32m"font-semibold text-white transition-all duration-200 ease-in-out focus:outline-none focus:ring-2 focus:ring-blue-500 focus:ring-offset-2 focus:ring-offset-gray-900 text-2xl font-bold mb-4 text-gray-100 text-left priority-medium text-xl font-bold text-white mb-4"[39m
                  [33mdata-testid[39m=[32m"header-section"[39m
                  [33mid[39m=[32m"section-header-material-properties---aluminum-lfxcx"[39m
                  [33mrole[39m=[32m"heading"[39m
                  [33mtabindex[39m=[32m"-1"[39m
                [36m>[39m
                  [0mMaterial Properties - Aluminum 6061-T6[0m
                [36m</h2>[39m
              [36m</header>[39m
            [36m</header>[39m
            [36m<figure[39m
              [33maria-describedby[39m=[32m"caption-image-analysis-Aluminum 6061-T6-1759343132094"[39m
              [33maria-labelledby[39m=[32m"caption-title-analysis-Aluminum 6061-T6-1759343132094"[39m
              [33mclass[39m=[32m"caption-container"[39m
              [33mitemscope[39m=[32m""[39m
              [33mitemtype[39m=[32m"https://schema.org/ImageObject"[39m
              [33mrole[39m=[32m"img"[39m
            [36m>[39m
              [36m<div[39m
                [33mclass[39m=[32m"sr-only"[39m
                [33mid[39m=[32m"caption-image-analysis-Aluminum 6061-T6-1759343132094"[39m
              [36m>[39m
                [0mNo image available for Aluminum 6061-T6 surface analysis[0m
              [36m</div>[39m
              [36m<div[39m
                [33maria-label[39m=[32m"No surface analysis image available"[39m
                [33mclass[39m=[32m"w-full h-[300px] md:h-[400px] flex items-center justify-center bg-gray-600 rounded-lg"[39m
              [36m>[39m
                [36m<img[39m
                  [33malt[39m=[32m"Z-Beam company logo"[39m
                  [33mclass[39m=[32m"opacity-30 object-contain"[39m
                  [33mheight[39m=[32m"72"[39m
                  [33msrc[39m=[32m"/images/Site/Logo/logo_.png"[39m
                  [33mwidth[39m=[32m"120"[39m
                [36m/>[39m
              [36m</div>[39m
              [36m<figcaption[39m
                [33maria-labelledby[39m=[32m"caption-title-analysis-Aluminum 6061-T6-1759343132094"[39m
                [33mclass[39m=[32m"mt-4 pb-4 mb-2 text-sm max-w-none"[39m
                [33mrole[39m=[32m"group"[39m
              [36m>[39m
                [36m<div[39m
                  [33maria-label[39m=[32m"Before and after treatment comparison"[39m
                  [33mclass[39m=[32m"grid grid-cols-1 md:grid-cols-2 gap-4"[39m
                  [33mrole[39m=[32m"group"[39m
                [36m>[39m
                  [36m<section[39m
                    [33maria-labelledby[39m=[32m"before-treatment-analysis-Aluminum 6061-T6-1759343132094"[39m
                    [33mclass[39m=[32m"px-2"[39m
                    [33mrole[39m=[32m"region"[39m
                  [36m>[39m
                    [36m<h4[39m
                      [33maria-level[39m=[32m"4"[39m
                      [33mclass[39m=[32m"text-base font-semibold text-gray-900 dark:text-gray-100 mb-2 flex items-center"[39m
                      [33mid[39m=[32m"before-treatment-analysis-Aluminum 6061-T6-1759343132094"[39m
                      [33mrole[39m=[32m"heading"[39m
                    [36m>[39m
                      [36m<span[39m
                        [33maria-hidden[39m=[32m"true"[39m
                        [33mclass[39m=[32m"w-2 h-2 bg-red-500 rounded-full mr-2"[39m
                        [33mrole[39m=[32m"presentation"[39m
                      [36m/>[39m
                      [0mBefore Treatment[0m
                    [36m</h4>[39m
                    [36m<p[39m
                      [33maria-labelledby[39m=[32m"before-treatment-analysis-Aluminum 6061-T6-1759343132094"[39m
                      [33mclass[39m=[32m"text-gray-600 dark:text-gray-400 text-sm leading-relaxed mb-4 md:mb-0"[39m
                    [36m>[39m
                      [0mSurface shows oxidation, contamination, and roughness from manufacturing processes[0m
                    [36m</p>[39m
                  [36m</section>[39m
                  [36m<section[39m
                    [33maria-labelledby[39m=[32m"after-treatment-analysis-Aluminum 6061-T6-1759343132094"[39m
                    [33mclass[39m=[32m"px-2"[39m
                    [33mrole[39m=[32m"region"[39m
                  [36m>[39m
                    [36m<h4[39m
                      [33maria-level[39m=[32m"4"[39m
                      [33mclass[39m=[32m"text-base font-semibold text-gray-900 dark:text-gray-100 mb-2 flex items-center"[39m
                      [33mid[39m=[32m"after-treatment-analysis-Aluminum 6061-T6-1759343132094"[39m
                      [33mrole[39m=[32m"heading"[39m
                    [36m>[39m
                      [36m<span[39m
                        [33maria-hidden[39m=[32m"true"[39m
                        [33mclass[39m=[32m"w-2 h-2 bg-green-500 rounded-full mr-2"[39m
                        [33mrole[39m=[32m"presentation"[39m
                      [36m/>[39m
                      [0mAfter Treatment[0m
                    [36m</h4>[39m
                    [36m<p[39m
                      [33maria-labelledby[39m=[32m"after-treatment-analysis-Aluminum 6061-T6-1759343132094"[39m
                      [33mclass[39m=[32m"text-gray-600 dark:text-gray-400 text-sm leading-relaxed"[39m
                    [36m>[39m
                      [0mClean, smooth surface with improved thermal and electrical properties for optimal performance[0m
                    [36m</p>[39m
                  [36m</section>[39m
                [36m</div>[39m
              [36m</figcaption>[39m
            [36m</figure>[39m
          [36m</div>[39m
        [36m</section>[39m
      [36m</div>[39m
    [36m</body>[39m

      311 |       
      312 |       // Each metric should have screen reader description
    > 313 |       const metricDescriptions = screen.getAllByText(/Metric:.*Value:/);
          |                                         ^
      314 |       expect(metricDescriptions.length).toBe(7); // Number of metrics
      315 |       
      316 |       metricDescriptions.forEach(desc => {

      at Object.getElementError (node_modules/@testing-library/dom/dist/config.js:37:19)
      at node_modules/@testing-library/dom/dist/query-helpers.js:76:38
      at node_modules/@testing-library/dom/dist/query-helpers.js:109:15
      at Object.getAllByText (tests/accessibility/Caption.comprehensive.test.tsx:313:41)

  ● Caption Comprehensive Accessibility › Quality Metrics Accessibility › announces focused metric state

    TestingLibraryElementError: Found multiple elements with the role "region"

    Here are the matching elements:

    Ignored nodes: comments, script, style
    [36m<section[39m
      [33maria-describedby[39m=[32m"caption-desc-analysis-Aluminum 6061-T6-1759343132107 caption-announcements-analysis-Aluminum 6061-T6-1759343132107"[39m
      [33maria-label[39m=[32m"Surface analysis section for Aluminum 6061-T6 laser cleaning treatment"[39m
      [33mclass[39m=[32m"enhanced-seo-caption "[39m
      [33mid[39m=[32m"caption-section-analysis-Aluminum 6061-T6-1759343132107"[39m
      [33mitemscope[39m=[32m""[39m
      [33mitemtype[39m=[32m"https://schema.org/TechArticle"[39m
      [33mrole[39m=[32m"region"[39m
      [33mtabindex[39m=[32m"0"[39m
    [36m>[39m
      [36m<div[39m
        [33maria-atomic[39m=[32m"true"[39m
        [33maria-live[39m=[32m"polite"[39m
        [33mclass[39m=[32m"sr-only"[39m
        [33mid[39m=[32m"caption-announcements-analysis-Aluminum 6061-T6-1759343132107"[39m
        [33mrole[39m=[32m"status"[39m
      [36m/>[39m
      [36m<div[39m
        [33mclass[39m=[32m"sr-only"[39m
        [33mid[39m=[32m"caption-desc-analysis-Aluminum 6061-T6-1759343132107"[39m
      [36m>[39m
        [0mInteractive Aluminum 6061-T6 laser cleaning analysis with quality metrics overlay and before/after comparison. Use arrow keys to navigate metrics, Enter to toggle expansion, Escape to return focus.[0m
      [36m</div>[39m
      [36m<div[39m
        [33mclass[39m=[32m"mb-8"[39m
      [36m>[39m
        [36m<header>[39m
          [36m<header[39m
            [33maria-labelledby[39m=[32m"section-header-material-properties---aluminum-lfxcx"[39m
            [33mclass[39m=[32m"header-wrapper w-full "[39m
            [33mdata-header-level[39m=[32m"section"[39m
            [33mdata-priority[39m=[32m"medium"[39m
            [33mdata-search-keywords[39m=[32m""[39m
          [36m>[39m
            [36m<h2[39m
              [33maria-level[39m=[32m"2"[39m
              [33mclass[39m=[32m"font-semibold text-white transition-all duration-200 ease-in-out focus:outline-none focus:ring-2 focus:ring-blue-500 focus:ring-offset-2 focus:ring-offset-gray-900 text-2xl font-bold mb-4 text-gray-100 text-left priority-medium text-xl font-bold text-white mb-4"[39m
              [33mdata-testid[39m=[32m"header-section"[39m
              [33mid[39m=[32m"section-header-material-properties---aluminum-lfxcx"[39m
              [33mrole[39m=[32m"heading"[39m
              [33mtabindex[39m=[32m"-1"[39m
            [36m>[39m
              [0mMaterial Properties - Aluminum 6061-T6[0m
            [36m</h2>[39m
          [36m</header>[39m
        [36m</header>[39m
        [36m<figure[39m
          [33maria-describedby[39m=[32m"caption-image-analysis-Aluminum 6061-T6-1759343132107"[39m
          [33maria-labelledby[39m=[32m"caption-title-analysis-Aluminum 6061-T6-1759343132107"[39m
          [33mclass[39m=[32m"caption-container"[39m
          [33mitemscope[39m=[32m""[39m
          [33mitemtype[39m=[32m"https://schema.org/ImageObject"[39m
          [33mrole[39m=[32m"img"[39m
        [36m>[39m
          [36m<div[39m
            [33mclass[39m=[32m"sr-only"[39m
            [33mid[39m=[32m"caption-image-analysis-Aluminum 6061-T6-1759343132107"[39m
          [36m>[39m
            [0mNo image available for Aluminum 6061-T6 surface analysis[0m
          [36m</div>[39m
          [36m<div[39m
            [33maria-label[39m=[32m"No surface analysis image available"[39m
            [33mclass[39m=[32m"w-full h-[300px] md:h-[400px] flex items-center justify-center bg-gray-600 rounded-lg"[39m
          [36m>[39m
            [36m<img[39m
              [33malt[39m=[32m"Z-Beam company logo"[39m
              [33mclass[39m=[32m"opacity-30 object-contain"[39m
              [33mheight[39m=[32m"72"[39m
              [33msrc[39m=[32m"/images/Site/Logo/logo_.png"[39m
              [33mwidth[39m=[32m"120"[39m
            [36m/>[39m
          [36m</div>[39m
          [36m<figcaption[39m
            [33maria-labelledby[39m=[32m"caption-title-analysis-Aluminum 6061-T6-1759343132107"[39m
            [33mclass[39m=[32m"mt-4 pb-4 mb-2 text-sm max-w-none"[39m
            [33mrole[39m=[32m"group"[39m
          [36m>[39m
            [36m<div[39m
              [33maria-label[39m=[32m"Before and after treatment comparison"[39m
              [33mclass[39m=[32m"grid grid-cols-1 md:grid-cols-2 gap-4"[39m
              [33mrole[39m=[32m"group"[39m
            [36m>[39m
              [36m<section[39m
                [33maria-labelledby[39m=[32m"before-treatment-analysis-Aluminum 6061-T6-1759343132107"[39m
                [33mclass[39m=[32m"px-2"[39m
                [33mrole[39m=[32m"region"[39m
              [36m>[39m
                [36m<h4[39m
                  [33maria-level[39m=[32m"4"[39m
                  [33mclass[39m=[32m"text-base font-semibold text-gray-900 dark:text-gray-100 mb-2 flex items-center"[39m
                  [33mid[39m=[32m"before-treatment-analysis-Aluminum 6061-T6-1759343132107"[39m
                  [33mrole[39m=[32m"heading"[39m
                [36m>[39m
                  [36m<span[39m
                    [33maria-hidden[39m=[32m"true"[39m
                    [33mclass[39m=[32m"w-2 h-2 bg-red-500 rounded-full mr-2"[39m
                    [33mrole[39m=[32m"presentation"[39m
                  [36m/>[39m
                  [0mBefore Treatment[0m
                [36m</h4>[39m
                [36m<p[39m
                  [33maria-labelledby[39m=[32m"before-treatment-analysis-Aluminum 6061-T6-1759343132107"[39m
                  [33mclass[39m=[32m"text-gray-600 dark:text-gray-400 text-sm leading-relaxed mb-4 md:mb-0"[39m
                [36m>[39m
                  [0mSurface shows oxidation, contamination, and roughness from manufacturing processes[0m
                [36m</p>[39m
              [36m</section>[39m
              [36m<section[39m
                [33maria-labelledby[39m=[32m"after-treatment-analysis-Aluminum 6061-T6-1759343132107"[39m
                [33mclass[39m=[32m"px-2"[39m
                [33mrole[39m=[32m"region"[39m
              [36m>[39m
                [36m<h4[39m
                  [33maria-level[39m=[32m"4"[39m
                  [33mclass[39m=[32m"text-base font-semibold text-gray-900 dark:text-gray-100 mb-2 flex items-center"[39m
                  [33mid[39m=[32m"after-treatment-analysis-Aluminum 6061-T6-1759343132107"[39m
                  [33mrole[39m=[32m"heading"[39m
                [36m>[39m
                  [36m<span[39m
                    [33maria-hidden[39m=[32m"true"[39m
                    [33mclass[39m=[32m"w-2 h-2 bg-green-500 rounded-full mr-2"[39m
                    [33mrole[39m=[32m"presentation"[39m
                  [36m/>[39m
                  [0mAfter Treatment[0m
                [36m</h4>[39m
                [36m<p[39m
                  [33maria-labelledby[39m=[32m"after-treatment-analysis-Aluminum 6061-T6-1759343132107"[39m
                  [33mclass[39m=[32m"text-gray-600 dark:text-gray-400 text-sm leading-relaxed"[39m
                [36m>[39m
                  [0mClean, smooth surface with improved thermal and electrical properties for optimal performance[0m
                [36m</p>[39m
              [36m</section>[39m
            [36m</div>[39m
          [36m</figcaption>[39m
        [36m</figure>[39m
      [36m</div>[39m
    [36m</section>[39m

    Ignored nodes: comments, script, style
    [36m<section[39m
      [33maria-labelledby[39m=[32m"before-treatment-analysis-Aluminum 6061-T6-1759343132107"[39m
      [33mclass[39m=[32m"px-2"[39m
      [33mrole[39m=[32m"region"[39m
    [36m>[39m
      [36m<h4[39m
        [33maria-level[39m=[32m"4"[39m
        [33mclass[39m=[32m"text-base font-semibold text-gray-900 dark:text-gray-100 mb-2 flex items-center"[39m
        [33mid[39m=[32m"before-treatment-analysis-Aluminum 6061-T6-1759343132107"[39m
        [33mrole[39m=[32m"heading"[39m
      [36m>[39m
        [36m<span[39m
          [33maria-hidden[39m=[32m"true"[39m
          [33mclass[39m=[32m"w-2 h-2 bg-red-500 rounded-full mr-2"[39m
          [33mrole[39m=[32m"presentation"[39m
        [36m/>[39m
        [0mBefore Treatment[0m
      [36m</h4>[39m
      [36m<p[39m
        [33maria-labelledby[39m=[32m"before-treatment-analysis-Aluminum 6061-T6-1759343132107"[39m
        [33mclass[39m=[32m"text-gray-600 dark:text-gray-400 text-sm leading-relaxed mb-4 md:mb-0"[39m
      [36m>[39m
        [0mSurface shows oxidation, contamination, and roughness from manufacturing processes[0m
      [36m</p>[39m
    [36m</section>[39m

    Ignored nodes: comments, script, style
    [36m<section[39m
      [33maria-labelledby[39m=[32m"after-treatment-analysis-Aluminum 6061-T6-1759343132107"[39m
      [33mclass[39m=[32m"px-2"[39m
      [33mrole[39m=[32m"region"[39m
    [36m>[39m
      [36m<h4[39m
        [33maria-level[39m=[32m"4"[39m
        [33mclass[39m=[32m"text-base font-semibold text-gray-900 dark:text-gray-100 mb-2 flex items-center"[39m
        [33mid[39m=[32m"after-treatment-analysis-Aluminum 6061-T6-1759343132107"[39m
        [33mrole[39m=[32m"heading"[39m
      [36m>[39m
        [36m<span[39m
          [33maria-hidden[39m=[32m"true"[39m
          [33mclass[39m=[32m"w-2 h-2 bg-green-500 rounded-full mr-2"[39m
          [33mrole[39m=[32m"presentation"[39m
        [36m/>[39m
        [0mAfter Treatment[0m
      [36m</h4>[39m
      [36m<p[39m
        [33maria-labelledby[39m=[32m"after-treatment-analysis-Aluminum 6061-T6-1759343132107"[39m
        [33mclass[39m=[32m"text-gray-600 dark:text-gray-400 text-sm leading-relaxed"[39m
      [36m>[39m
        [0mClean, smooth surface with improved thermal and electrical properties for optimal performance[0m
      [36m</p>[39m
    [36m</section>[39m

    (If this is intentional, then use the `*AllBy*` variant of the query (like `queryAllByText`, `getAllByText`, or `findAllByText`)).

    Ignored nodes: comments, script, style
    [36m<body>[39m
      [36m<div>[39m
        [36m<section[39m
          [33maria-describedby[39m=[32m"caption-desc-analysis-Aluminum 6061-T6-1759343132107 caption-announcements-analysis-Aluminum 6061-T6-1759343132107"[39m
          [33maria-label[39m=[32m"Surface analysis section for Aluminum 6061-T6 laser cleaning treatment"[39m
          [33mclass[39m=[32m"enhanced-seo-caption "[39m
          [33mid[39m=[32m"caption-section-analysis-Aluminum 6061-T6-1759343132107"[39m
          [33mitemscope[39m=[32m""[39m
          [33mitemtype[39m=[32m"https://schema.org/TechArticle"[39m
          [33mrole[39m=[32m"region"[39m
          [33mtabindex[39m=[32m"0"[39m
        [36m>[39m
          [36m<div[39m
            [33maria-atomic[39m=[32m"true"[39m
            [33maria-live[39m=[32m"polite"[39m
            [33mclass[39m=[32m"sr-only"[39m
            [33mid[39m=[32m"caption-announcements-analysis-Aluminum 6061-T6-1759343132107"[39m
            [33mrole[39m=[32m"status"[39m
          [36m/>[39m
          [36m<div[39m
            [33mclass[39m=[32m"sr-only"[39m
            [33mid[39m=[32m"caption-desc-analysis-Aluminum 6061-T6-1759343132107"[39m
          [36m>[39m
            [0mInteractive Aluminum 6061-T6 laser cleaning analysis with quality metrics overlay and before/after comparison. Use arrow keys to navigate metrics, Enter to toggle expansion, Escape to return focus.[0m
          [36m</div>[39m
          [36m<div[39m
            [33mclass[39m=[32m"mb-8"[39m
          [36m>[39m
            [36m<header>[39m
              [36m<header[39m
                [33maria-labelledby[39m=[32m"section-header-material-properties---aluminum-lfxcx"[39m
                [33mclass[39m=[32m"header-wrapper w-full "[39m
                [33mdata-header-level[39m=[32m"section"[39m
                [33mdata-priority[39m=[32m"medium"[39m
                [33mdata-search-keywords[39m=[32m""[39m
              [36m>[39m
                [36m<h2[39m
                  [33maria-level[39m=[32m"2"[39m
                  [33mclass[39m=[32m"font-semibold text-white transition-all duration-200 ease-in-out focus:outline-none focus:ring-2 focus:ring-blue-500 focus:ring-offset-2 focus:ring-offset-gray-900 text-2xl font-bold mb-4 text-gray-100 text-left priority-medium text-xl font-bold text-white mb-4"[39m
                  [33mdata-testid[39m=[32m"header-section"[39m
                  [33mid[39m=[32m"section-header-material-properties---aluminum-lfxcx"[39m
                  [33mrole[39m=[32m"heading"[39m
                  [33mtabindex[39m=[32m"-1"[39m
                [36m>[39m
                  [0mMaterial Properties - Aluminum 6061-T6[0m
                [36m</h2>[39m
              [36m</header>[39m
            [36m</header>[39m
            [36m<figure[39m
              [33maria-describedby[39m=[32m"caption-image-analysis-Aluminum 6061-T6-1759343132107"[39m
              [33maria-labelledby[39m=[32m"caption-title-analysis-Aluminum 6061-T6-1759343132107"[39m
              [33mclass[39m=[32m"caption-container"[39m
              [33mitemscope[39m=[32m""[39m
              [33mitemtype[39m=[32m"https://schema.org/ImageObject"[39m
              [33mrole[39m=[32m"img"[39m
            [36m>[39m
              [36m<div[39m
                [33mclass[39m=[32m"sr-only"[39m
                [33mid[39m=[32m"caption-image-analysis-Aluminum 6061-T6-1759343132107"[39m
              [36m>[39m
                [0mNo image available for Aluminum 6061-T6 surface analysis[0m
              [36m</div>[39m
              [36m<div[39m
                [33maria-label[39m=[32m"No surface analysis image available"[39m
                [33mclass[39m=[32m"w-full h-[300px] md:h-[400px] flex items-center justify-center bg-gray-600 rounded-lg"[39m
              [36m>[39m
                [36m<img[39m
                  [33malt[39m=[32m"Z-Beam company logo"[39m
                  [33mclass[39m=[32m"opacity-30 object-contain"[39m
                  [33mheight[39m=[32m"72"[39m
                  [33msrc[39m=[32m"/images/Site/Logo/logo_.png"[39m
                  [33mwidth[39m=[32m"120"[39m
                [36m/>[39m
              [36m</div>[39m
              [36m<figcaption[39m
                [33maria-labelledby[39m=[32m"caption-title-analysis-Aluminum 6061-T6-1759343132107"[39m
                [33mclass[39m=[32m"mt-4 pb-4 mb-2 text-sm max-w-none"[39m
                [33mrole[39m=[32m"group"[39m
              [36m>[39m
                [36m<div[39m
                  [33maria-label[39m=[32m"Before and after treatment comparison"[39m
                  [33mclass[39m=[32m"grid grid-cols-1 md:grid-cols-2 gap-4"[39m
                  [33mrole[39m=[32m"group"[39m
                [36m>[39m
                  [36m<section[39m
                    [33maria-labelledby[39m=[32m"before-treatment-analysis-Aluminum 6061-T6-1759343132107"[39m
                    [33mclass[39m=[32m"px-2"[39m
                    [33mrole[39m=[32m"region"[39m
                  [36m>[39m
                    [36m<h4[39m
                      [33maria-level[39m=[32m"4"[39m
                      [33mclass[39m=[32m"text-base font-semibold text-gray-900 dark:text-gray-100 mb-2 flex items-center"[39m
                      [33mid[39m=[32m"before-treatment-analysis-Aluminum 6061-T6-1759343132107"[39m
                      [33mrole[39m=[32m"heading"[39m
                    [36m>[39m
                      [36m<span[39m
                        [33maria-hidden[39m=[32m"true"[39m
                        [33mclass[39m=[32m"w-2 h-2 bg-red-500 rounded-full mr-2"[39m
                        [33mrole[39m=[32m"presentation"[39m
                      [36m/>[39m
                      [0mBefore Treatment[0m
                    [36m</h4>[39m
                    [36m<p[39m
                      [33maria-labelledby[39m=[32m"before-treatment-analysis-Aluminum 6061-T6-1759343132107"[39m
                      [33mclass[39m=[32m"text-gray-600 dark:text-gray-400 text-sm leading-relaxed mb-4 md:mb-0"[39m
                    [36m>[39m
                      [0mSurface shows oxidation, contamination, and roughness from manufacturing processes[0m
                    [36m</p>[39m
                  [36m</section>[39m
                  [36m<section[39m
                    [33maria-labelledby[39m=[32m"after-treatment-analysis-Aluminum 6061-T6-1759343132107"[39m
                    [33mclass[39m=[32m"px-2"[39m
                    [33mrole[39m=[32m"region"[39m
                  [36m>[39m
                    [36m<h4[39m
                      [33maria-level[39m=[32m"4"[39m
                      [33mclass[39m=[32m"text-base font-semibold text-gray-900 dark:text-gray-100 mb-2 flex items-center"[39m
                      [33mid[39m=[32m"after-treatment-analysis-Aluminum 6061-T6-1759343132107"[39m
                      [33mrole[39m=[32m"heading"[39m
                    [36m>[39m
                      [36m<span[39m
                        [33maria-hidden[39m=[32m"true"[39m
                        [33mclass[39m=[32m"w-2 h-2 bg-green-500 rounded-full mr-2"[39m
                        [33mrole[39m=[32m"presentation"[39m
                      [36m/>[39m
                      [0mAfter Treatment[0m
                    [36m</h4>[39m
                    [36m<p[39m
                      [33maria-labelledby[39m=[32m"after-treatment-analysis-Aluminum 6061-T6-1759343132107"[39m
                      [33mclass[39m=[32m"text-gray-600 dark:text-gray-400 text-sm leading-relaxed"[39m
                    [36m>[39m
                      [0mClean, smooth surface with improved thermal and electrical properties for optimal performance[0m
                    [36m</p>[39m
                  [36m</section>[39m
                [36m</div>[39m
              [36m</figcaption>[39m
            [36m</figure>[39m
          [36m</div>[39m
        [36m</section>[39m
      [36m</div>[39m
    [36m</body>[39m

      323 |       render(<Caption frontmatter={{ caption: mockData }} />);
      324 |       
    > 325 |       const mainSection = screen.getByRole('region');
          |                                  ^
      326 |       await user.tab();
      327 |       await user.keyboard('{Enter}');
      328 |       await user.keyboard('{ArrowRight}');

      at Object.getElementError (node_modules/@testing-library/dom/dist/config.js:37:19)
      at getElementError (node_modules/@testing-library/dom/dist/query-helpers.js:20:35)
      at getMultipleElementsFoundError (node_modules/@testing-library/dom/dist/query-helpers.js:23:10)
      at node_modules/@testing-library/dom/dist/query-helpers.js:55:13
      at node_modules/@testing-library/dom/dist/query-helpers.js:95:19
      at Object.getByRole (tests/accessibility/Caption.comprehensive.test.tsx:325:34)

  ● Caption Comprehensive Accessibility › Progressive Enhancement › works with minimal data

    expect(element).toHaveAttribute("aria-labelledby") // element.hasAttribute("aria-labelledby")

    Expected the element to have attribute:
      aria-labelledby
    Received:
      null

      341 |       // Should still provide accessible structure
      342 |       const mainSection = screen.getByRole('region');
    > 343 |       expect(mainSection).toHaveAttribute('aria-labelledby');
          |                           ^
      344 |       
      345 |       const heading = screen.getByRole('heading', { level: 3 });
      346 |       expect(heading).toHaveTextContent('Test Material');

      at Object.toHaveAttribute (tests/accessibility/Caption.comprehensive.test.tsx:343:27)

  ● Caption Comprehensive Accessibility › Progressive Enhancement › handles missing quality metrics gracefully

    TestingLibraryElementError: Found multiple elements with the role "region"

    Here are the matching elements:

    Ignored nodes: comments, script, style
    [36m<section[39m
      [33maria-describedby[39m=[32m"caption-desc-analysis-Test-1759343132129 caption-announcements-analysis-Test-1759343132129"[39m
      [33maria-label[39m=[32m"Surface analysis section for Test laser cleaning treatment"[39m
      [33mclass[39m=[32m"enhanced-seo-caption "[39m
      [33mid[39m=[32m"caption-section-analysis-Test-1759343132129"[39m
      [33mitemscope[39m=[32m""[39m
      [33mitemtype[39m=[32m"https://schema.org/TechArticle"[39m
      [33mrole[39m=[32m"region"[39m
      [33mtabindex[39m=[32m"0"[39m
    [36m>[39m
      [36m<div[39m
        [33maria-atomic[39m=[32m"true"[39m
        [33maria-live[39m=[32m"polite"[39m
        [33mclass[39m=[32m"sr-only"[39m
        [33mid[39m=[32m"caption-announcements-analysis-Test-1759343132129"[39m
        [33mrole[39m=[32m"status"[39m
      [36m/>[39m
      [36m<div[39m
        [33mclass[39m=[32m"sr-only"[39m
        [33mid[39m=[32m"caption-desc-analysis-Test-1759343132129"[39m
      [36m>[39m
        [0mInteractive Test laser cleaning analysis and before/after comparison. Use arrow keys to navigate metrics, Enter to toggle expansion, Escape to return focus.[0m
      [36m</div>[39m
      [36m<div[39m
        [33mclass[39m=[32m"mb-8"[39m
      [36m>[39m
        [36m<header>[39m
          [36m<header[39m
            [33maria-labelledby[39m=[32m"section-header-material-properties---test-yf9ml5"[39m
            [33mclass[39m=[32m"header-wrapper w-full "[39m
            [33mdata-header-level[39m=[32m"section"[39m
            [33mdata-priority[39m=[32m"medium"[39m
            [33mdata-search-keywords[39m=[32m""[39m
          [36m>[39m
            [36m<h2[39m
              [33maria-level[39m=[32m"2"[39m
              [33mclass[39m=[32m"font-semibold text-white transition-all duration-200 ease-in-out focus:outline-none focus:ring-2 focus:ring-blue-500 focus:ring-offset-2 focus:ring-offset-gray-900 text-2xl font-bold mb-4 text-gray-100 text-left priority-medium text-xl font-bold text-white mb-4"[39m
              [33mdata-testid[39m=[32m"header-section"[39m
              [33mid[39m=[32m"section-header-material-properties---test-yf9ml5"[39m
              [33mrole[39m=[32m"heading"[39m
              [33mtabindex[39m=[32m"-1"[39m
            [36m>[39m
              [0mMaterial Properties - Test[0m
            [36m</h2>[39m
          [36m</header>[39m
        [36m</header>[39m
        [36m<figure[39m
          [33maria-describedby[39m=[32m"caption-image-analysis-Test-1759343132129"[39m
          [33maria-labelledby[39m=[32m"caption-title-analysis-Test-1759343132129"[39m
          [33mclass[39m=[32m"caption-container"[39m
          [33mitemscope[39m=[32m""[39m
          [33mitemtype[39m=[32m"https://schema.org/ImageObject"[39m
          [33mrole[39m=[32m"img"[39m
        [36m>[39m
          [36m<div[39m
            [33mclass[39m=[32m"sr-only"[39m
            [33mid[39m=[32m"caption-image-analysis-Test-1759343132129"[39m
          [36m>[39m
            [0mNo image available for Test surface analysis[0m
          [36m</div>[39m
          [36m<div[39m
            [33maria-label[39m=[32m"No surface analysis image available"[39m
            [33mclass[39m=[32m"w-full h-[300px] md:h-[400px] flex items-center justify-center bg-gray-600 rounded-lg"[39m
          [36m>[39m
            [36m<img[39m
              [33malt[39m=[32m"Z-Beam company logo"[39m
              [33mclass[39m=[32m"opacity-30 object-contain"[39m
              [33mheight[39m=[32m"72"[39m
              [33msrc[39m=[32m"/images/Site/Logo/logo_.png"[39m
              [33mwidth[39m=[32m"120"[39m
            [36m/>[39m
          [36m</div>[39m
          [36m<figcaption[39m
            [33maria-labelledby[39m=[32m"caption-title-analysis-Test-1759343132129"[39m
            [33mclass[39m=[32m"mt-4 pb-4 mb-2 text-sm max-w-none"[39m
            [33mrole[39m=[32m"group"[39m
          [36m>[39m
            [36m<div[39m
              [33maria-label[39m=[32m"Before and after treatment comparison"[39m
              [33mclass[39m=[32m"grid grid-cols-1 md:grid-cols-2 gap-4"[39m
              [33mrole[39m=[32m"group"[39m
            [36m>[39m
              [36m<section[39m
                [33maria-labelledby[39m=[32m"before-treatment-analysis-Test-1759343132129"[39m
                [33mclass[39m=[32m"px-2"[39m
                [33mrole[39m=[32m"region"[39m
              [36m>[39m
                [36m<h4[39m
                  [33maria-level[39m=[32m"4"[39m
                  [33mclass[39m=[32m"text-base font-semibold text-gray-900 dark:text-gray-100 mb-2 flex items-center"[39m
                  [33mid[39m=[32m"before-treatment-analysis-Test-1759343132129"[39m
                  [33mrole[39m=[32m"heading"[39m
                [36m>[39m
                  [36m<span[39m
                    [33maria-hidden[39m=[32m"true"[39m
                    [33mclass[39m=[32m"w-2 h-2 bg-red-500 rounded-full mr-2"[39m
                    [33mrole[39m=[32m"presentation"[39m
                  [36m/>[39m
                  [0mBefore Treatment[0m
                [36m</h4>[39m
                [36m<p[39m
                  [33maria-labelledby[39m=[32m"before-treatment-analysis-Test-1759343132129"[39m
                  [33mclass[39m=[32m"text-gray-600 dark:text-gray-400 text-sm leading-relaxed mb-4 md:mb-0"[39m
                [36m>[39m
                  [0mBefore[0m
                [36m</p>[39m
              [36m</section>[39m
              [36m<section[39m
                [33maria-labelledby[39m=[32m"after-treatment-analysis-Test-1759343132129"[39m
                [33mclass[39m=[32m"px-2"[39m
                [33mrole[39m=[32m"region"[39m
              [36m>[39m
                [36m<h4[39m
                  [33maria-level[39m=[32m"4"[39m
                  [33mclass[39m=[32m"text-base font-semibold text-gray-900 dark:text-gray-100 mb-2 flex items-center"[39m
                  [33mid[39m=[32m"after-treatment-analysis-Test-1759343132129"[39m
                  [33mrole[39m=[32m"heading"[39m
                [36m>[39m
                  [36m<span[39m
                    [33maria-hidden[39m=[32m"true"[39m
                    [33mclass[39m=[32m"w-2 h-2 bg-green-500 rounded-full mr-2"[39m
                    [33mrole[39m=[32m"presentation"[39m
                  [36m/>[39m
                  [0mAfter Treatment[0m
                [36m</h4>[39m
                [36m<p[39m
                  [33maria-labelledby[39m=[32m"after-treatment-analysis-Test-1759343132129"[39m
                  [33mclass[39m=[32m"text-gray-600 dark:text-gray-400 text-sm leading-relaxed"[39m
                [36m>[39m
                  [0mAfter[0m
                [36m</p>[39m
              [36m</section>[39m
            [36m</div>[39m
          [36m</figcaption>[39m
        [36m</figure>[39m
      [36m</div>[39m
    [36m</section>[39m

    Ignored nodes: comments, script, style
    [36m<section[39m
      [33maria-labelledby[39m=[32m"before-treatment-analysis-Test-1759343132129"[39m
      [33mclass[39m=[32m"px-2"[39m
      [33mrole[39m=[32m"region"[39m
    [36m>[39m
      [36m<h4[39m
        [33maria-level[39m=[32m"4"[39m
        [33mclass[39m=[32m"text-base font-semibold text-gray-900 dark:text-gray-100 mb-2 flex items-center"[39m
        [33mid[39m=[32m"before-treatment-analysis-Test-1759343132129"[39m
        [33mrole[39m=[32m"heading"[39m
      [36m>[39m
        [36m<span[39m
          [33maria-hidden[39m=[32m"true"[39m
          [33mclass[39m=[32m"w-2 h-2 bg-red-500 rounded-full mr-2"[39m
          [33mrole[39m=[32m"presentation"[39m
        [36m/>[39m
        [0mBefore Treatment[0m
      [36m</h4>[39m
      [36m<p[39m
        [33maria-labelledby[39m=[32m"before-treatment-analysis-Test-1759343132129"[39m
        [33mclass[39m=[32m"text-gray-600 dark:text-gray-400 text-sm leading-relaxed mb-4 md:mb-0"[39m
      [36m>[39m
        [0mBefore[0m
      [36m</p>[39m
    [36m</section>[39m

    Ignored nodes: comments, script, style
    [36m<section[39m
      [33maria-labelledby[39m=[32m"after-treatment-analysis-Test-1759343132129"[39m
      [33mclass[39m=[32m"px-2"[39m
      [33mrole[39m=[32m"region"[39m
    [36m>[39m
      [36m<h4[39m
        [33maria-level[39m=[32m"4"[39m
        [33mclass[39m=[32m"text-base font-semibold text-gray-900 dark:text-gray-100 mb-2 flex items-center"[39m
        [33mid[39m=[32m"after-treatment-analysis-Test-1759343132129"[39m
        [33mrole[39m=[32m"heading"[39m
      [36m>[39m
        [36m<span[39m
          [33maria-hidden[39m=[32m"true"[39m
          [33mclass[39m=[32m"w-2 h-2 bg-green-500 rounded-full mr-2"[39m
          [33mrole[39m=[32m"presentation"[39m
        [36m/>[39m
        [0mAfter Treatment[0m
      [36m</h4>[39m
      [36m<p[39m
        [33maria-labelledby[39m=[32m"after-treatment-analysis-Test-1759343132129"[39m
        [33mclass[39m=[32m"text-gray-600 dark:text-gray-400 text-sm leading-relaxed"[39m
      [36m>[39m
        [0mAfter[0m
      [36m</p>[39m
    [36m</section>[39m

    (If this is intentional, then use the `*AllBy*` variant of the query (like `queryAllByText`, `getAllByText`, or `findAllByText`)).

    Ignored nodes: comments, script, style
    [36m<body>[39m
      [36m<div>[39m
        [36m<section[39m
          [33maria-describedby[39m=[32m"caption-desc-analysis-Test-1759343132129 caption-announcements-analysis-Test-1759343132129"[39m
          [33maria-label[39m=[32m"Surface analysis section for Test laser cleaning treatment"[39m
          [33mclass[39m=[32m"enhanced-seo-caption "[39m
          [33mid[39m=[32m"caption-section-analysis-Test-1759343132129"[39m
          [33mitemscope[39m=[32m""[39m
          [33mitemtype[39m=[32m"https://schema.org/TechArticle"[39m
          [33mrole[39m=[32m"region"[39m
          [33mtabindex[39m=[32m"0"[39m
        [36m>[39m
          [36m<div[39m
            [33maria-atomic[39m=[32m"true"[39m
            [33maria-live[39m=[32m"polite"[39m
            [33mclass[39m=[32m"sr-only"[39m
            [33mid[39m=[32m"caption-announcements-analysis-Test-1759343132129"[39m
            [33mrole[39m=[32m"status"[39m
          [36m/>[39m
          [36m<div[39m
            [33mclass[39m=[32m"sr-only"[39m
            [33mid[39m=[32m"caption-desc-analysis-Test-1759343132129"[39m
          [36m>[39m
            [0mInteractive Test laser cleaning analysis and before/after comparison. Use arrow keys to navigate metrics, Enter to toggle expansion, Escape to return focus.[0m
          [36m</div>[39m
          [36m<div[39m
            [33mclass[39m=[32m"mb-8"[39m
          [36m>[39m
            [36m<header>[39m
              [36m<header[39m
                [33maria-labelledby[39m=[32m"section-header-material-properties---test-yf9ml5"[39m
                [33mclass[39m=[32m"header-wrapper w-full "[39m
                [33mdata-header-level[39m=[32m"section"[39m
                [33mdata-priority[39m=[32m"medium"[39m
                [33mdata-search-keywords[39m=[32m""[39m
              [36m>[39m
                [36m<h2[39m
                  [33maria-level[39m=[32m"2"[39m
                  [33mclass[39m=[32m"font-semibold text-white transition-all duration-200 ease-in-out focus:outline-none focus:ring-2 focus:ring-blue-500 focus:ring-offset-2 focus:ring-offset-gray-900 text-2xl font-bold mb-4 text-gray-100 text-left priority-medium text-xl font-bold text-white mb-4"[39m
                  [33mdata-testid[39m=[32m"header-section"[39m
                  [33mid[39m=[32m"section-header-material-properties---test-yf9ml5"[39m
                  [33mrole[39m=[32m"heading"[39m
                  [33mtabindex[39m=[32m"-1"[39m
                [36m>[39m
                  [0mMaterial Properties - Test[0m
                [36m</h2>[39m
              [36m</header>[39m
            [36m</header>[39m
            [36m<figure[39m
              [33maria-describedby[39m=[32m"caption-image-analysis-Test-1759343132129"[39m
              [33maria-labelledby[39m=[32m"caption-title-analysis-Test-1759343132129"[39m
              [33mclass[39m=[32m"caption-container"[39m
              [33mitemscope[39m=[32m""[39m
              [33mitemtype[39m=[32m"https://schema.org/ImageObject"[39m
              [33mrole[39m=[32m"img"[39m
            [36m>[39m
              [36m<div[39m
                [33mclass[39m=[32m"sr-only"[39m
                [33mid[39m=[32m"caption-image-analysis-Test-1759343132129"[39m
              [36m>[39m
                [0mNo image available for Test surface analysis[0m
              [36m</div>[39m
              [36m<div[39m
                [33maria-label[39m=[32m"No surface analysis image available"[39m
                [33mclass[39m=[32m"w-full h-[300px] md:h-[400px] flex items-center justify-center bg-gray-600 rounded-lg"[39m
              [36m>[39m
                [36m<img[39m
                  [33malt[39m=[32m"Z-Beam company logo"[39m
                  [33mclass[39m=[32m"opacity-30 object-contain"[39m
                  [33mheight[39m=[32m"72"[39m
                  [33msrc[39m=[32m"/images/Site/Logo/logo_.png"[39m
                  [33mwidth[39m=[32m"120"[39m
                [36m/>[39m
              [36m</div>[39m
              [36m<figcaption[39m
                [33maria-labelledby[39m=[32m"caption-title-analysis-Test-1759343132129"[39m
                [33mclass[39m=[32m"mt-4 pb-4 mb-2 text-sm max-w-none"[39m
                [33mrole[39m=[32m"group"[39m
              [36m>[39m
                [36m<div[39m
                  [33maria-label[39m=[32m"Before and after treatment comparison"[39m
                  [33mclass[39m=[32m"grid grid-cols-1 md:grid-cols-2 gap-4"[39m
                  [33mrole[39m=[32m"group"[39m
                [36m>[39m
                  [36m<section[39m
                    [33maria-labelledby[39m=[32m"before-treatment-analysis-Test-1759343132129"[39m
                    [33mclass[39m=[32m"px-2"[39m
                    [33mrole[39m=[32m"region"[39m
                  [36m>[39m
                    [36m<h4[39m
                      [33maria-level[39m=[32m"4"[39m
                      [33mclass[39m=[32m"text-base font-semibold text-gray-900 dark:text-gray-100 mb-2 flex items-center"[39m
                      [33mid[39m=[32m"before-treatment-analysis-Test-1759343132129"[39m
                      [33mrole[39m=[32m"heading"[39m
                    [36m>[39m
                      [36m<span[39m
                        [33maria-hidden[39m=[32m"true"[39m
                        [33mclass[39m=[32m"w-2 h-2 bg-red-500 rounded-full mr-2"[39m
                        [33mrole[39m=[32m"presentation"[39m
                      [36m/>[39m
                      [0mBefore Treatment[0m
                    [36m</h4>[39m
                    [36m<p[39m
                      [33maria-labelledby[39m=[32m"before-treatment-analysis-Test-1759343132129"[39m
                      [33mclass[39m=[32m"text-gray-600 dark:text-gray-400 text-sm leading-relaxed mb-4 md:mb-0"[39m
                    [36m>[39m
                      [0mBefore[0m
                    [36m</p>[39m
                  [36m</section>[39m
                  [36m<section[39m
                    [33maria-labelledby[39m=[32m"after-treatment-analysis-Test-1759343132129"[39m
                    [33mclass[39m=[32m"px-2"[39m
                    [33mrole[39m=[32m"region"[39m
                  [36m>[39m
                    [36m<h4[39m
                      [33maria-level[39m=[32m"4"[39m
                      [33mclass[39m=[32m"text-base font-semibold text-gray-900 dark:text-gray-100 mb-2 flex items-center"[39m
                      [33mid[39m=[32m"after-treatment-analysis-Test-1759343132129"[39m
                      [33mrole[39m=[32m"heading"[39m
                    [36m>[39m
                      [36m<span[39m
                        [33maria-hidden[39m=[32m"true"[39m
                        [33mclass[39m=[32m"w-2 h-2 bg-green-500 rounded-full mr-2"[39m
                        [33mrole[39m=[32m"presentation"[39m
                      [36m/>[39m
                      [0mAfter Treatment[0m
                    [36m</h4>[39m
                    [36m<p[39m
                      [33maria-labelledby[39m=[32m"after-treatment-analysis-Test-1759343132129"[39m
                      [33mclass[39m=[32m"text-gray-600 dark:text-gray-400 text-sm leading-relaxed"[39m
                    [36m>[39m
                      [0mAfter[0m
                    [36m</p>[39m
                  [36m</section>[39m
                [36m</div>[39m
              [36m</figcaption>[39m
            [36m</figure>[39m
          [36m</div>[39m
        [36m</section>[39m
      [36m</div>[39m
    [36m</body>[39m

      356 |       
      357 |       // Should not break without metrics
    > 358 |       const mainSection = screen.getByRole('region');
          |                                  ^
      359 |       expect(mainSection).toBeInTheDocument();
      360 |       
      361 |       // Should not show metrics overlay

      at Object.getElementError (node_modules/@testing-library/dom/dist/config.js:37:19)
      at getElementError (node_modules/@testing-library/dom/dist/query-helpers.js:20:35)
      at getMultipleElementsFoundError (node_modules/@testing-library/dom/dist/query-helpers.js:23:10)
      at node_modules/@testing-library/dom/dist/query-helpers.js:55:13
      at node_modules/@testing-library/dom/dist/query-helpers.js:95:19
      at Object.getByRole (tests/accessibility/Caption.comprehensive.test.tsx:358:34)

  ● Caption Comprehensive Accessibility › Progressive Enhancement › handles missing treatment descriptions

    TestingLibraryElementError: Unable to find a label with the text of: Interactive quality metrics overlay

    Ignored nodes: comments, script, style
    [36m<body>[39m
      [36m<div>[39m
        [36m<section[39m
          [33maria-describedby[39m=[32m"caption-desc-analysis-Test-1759343132142 caption-announcements-analysis-Test-1759343132142"[39m
          [33maria-label[39m=[32m"Surface analysis section for Test laser cleaning treatment"[39m
          [33mclass[39m=[32m"enhanced-seo-caption "[39m
          [33mid[39m=[32m"caption-section-analysis-Test-1759343132142"[39m
          [33mitemscope[39m=[32m""[39m
          [33mitemtype[39m=[32m"https://schema.org/TechArticle"[39m
          [33mrole[39m=[32m"region"[39m
          [33mtabindex[39m=[32m"0"[39m
        [36m>[39m
          [36m<div[39m
            [33maria-atomic[39m=[32m"true"[39m
            [33maria-live[39m=[32m"polite"[39m
            [33mclass[39m=[32m"sr-only"[39m
            [33mid[39m=[32m"caption-announcements-analysis-Test-1759343132142"[39m
            [33mrole[39m=[32m"status"[39m
          [36m/>[39m
          [36m<div[39m
            [33mclass[39m=[32m"sr-only"[39m
            [33mid[39m=[32m"caption-desc-analysis-Test-1759343132142"[39m
          [36m>[39m
            [0mInteractive Test laser cleaning analysis with quality metrics overlay. Use arrow keys to navigate metrics, Enter to toggle expansion, Escape to return focus.[0m
          [36m</div>[39m
          [36m<div[39m
            [33mclass[39m=[32m"mb-8"[39m
          [36m>[39m
            [36m<header>[39m
              [36m<header[39m
                [33maria-labelledby[39m=[32m"section-header-material-properties---test-yf9ml5"[39m
                [33mclass[39m=[32m"header-wrapper w-full "[39m
                [33mdata-header-level[39m=[32m"section"[39m
                [33mdata-priority[39m=[32m"medium"[39m
                [33mdata-search-keywords[39m=[32m""[39m
              [36m>[39m
                [36m<h2[39m
                  [33maria-level[39m=[32m"2"[39m
                  [33mclass[39m=[32m"font-semibold text-white transition-all duration-200 ease-in-out focus:outline-none focus:ring-2 focus:ring-blue-500 focus:ring-offset-2 focus:ring-offset-gray-900 text-2xl font-bold mb-4 text-gray-100 text-left priority-medium text-xl font-bold text-white mb-4"[39m
                  [33mdata-testid[39m=[32m"header-section"[39m
                  [33mid[39m=[32m"section-header-material-properties---test-yf9ml5"[39m
                  [33mrole[39m=[32m"heading"[39m
                  [33mtabindex[39m=[32m"-1"[39m
                [36m>[39m
                  [0mMaterial Properties - Test[0m
                [36m</h2>[39m
              [36m</header>[39m
            [36m</header>[39m
            [36m<figure[39m
              [33maria-describedby[39m=[32m"caption-image-analysis-Test-1759343132142"[39m
              [33maria-labelledby[39m=[32m"caption-title-analysis-Test-1759343132142"[39m
              [33mclass[39m=[32m"caption-container"[39m
              [33mitemscope[39m=[32m""[39m
              [33mitemtype[39m=[32m"https://schema.org/ImageObject"[39m
              [33mrole[39m=[32m"img"[39m
            [36m>[39m
              [36m<div[39m
                [33mclass[39m=[32m"sr-only"[39m
                [33mid[39m=[32m"caption-image-analysis-Test-1759343132142"[39m
              [36m>[39m
                [0mNo image available for Test surface analysis[0m
              [36m</div>[39m
              [36m<div[39m
                [33maria-label[39m=[32m"No surface analysis image available"[39m
                [33mclass[39m=[32m"w-full h-[300px] md:h-[400px] flex items-center justify-center bg-gray-600 rounded-lg"[39m
              [36m>[39m
                [36m<img[39m
                  [33malt[39m=[32m"Z-Beam company logo"[39m
                  [33mclass[39m=[32m"opacity-30 object-contain"[39m
                  [33mheight[39m=[32m"72"[39m
                  [33msrc[39m=[32m"/images/Site/Logo/logo_.png"[39m
                  [33mwidth[39m=[32m"120"[39m
                [36m/>[39m
              [36m</div>[39m
              [36m<figcaption[39m
                [33maria-labelledby[39m=[32m"caption-title-analysis-Test-1759343132142"[39m
                [33mclass[39m=[32m"mt-4 pb-4 mb-2 text-sm max-w-none"[39m
                [33mrole[39m=[32m"group"[39m
              [36m/>[39m
            [36m</figure>[39m
          [36m</div>[39m
        [36m</section>[39m
      [36m</div>[39m
    [36m</body>[39m

      375 |       expect(mainSection).toBeInTheDocument();
      376 |       
    > 377 |       const metricsOverlay = screen.getByLabelText('Interactive quality metrics overlay');
          |                                     ^
      378 |       expect(metricsOverlay).toBeInTheDocument();
      379 |     });
      380 |   });

      at Object.getElementError (node_modules/@testing-library/dom/dist/config.js:37:19)
      at getAllByLabelText (node_modules/@testing-library/dom/dist/queries/label-text.js:111:38)
      at node_modules/@testing-library/dom/dist/query-helpers.js:52:17
      at node_modules/@testing-library/dom/dist/query-helpers.js:95:19
      at Object.getByLabelText (tests/accessibility/Caption.comprehensive.test.tsx:377:37)

  ● Caption Comprehensive Accessibility › Performance and Scaling › handles large number of quality metrics efficiently

    TestingLibraryElementError: Unable to find an accessible element with the role "article"

    Here are the accessible roles:

      region:

      Name "Surface analysis section for Test laser cleaning treatment":
      [36m<section[39m
        [33maria-describedby[39m=[32m"caption-desc-analysis-Test-1759343132153 caption-announcements-analysis-Test-1759343132153"[39m
        [33maria-label[39m=[32m"Surface analysis section for Test laser cleaning treatment"[39m
        [33mclass[39m=[32m"enhanced-seo-caption "[39m
        [33mid[39m=[32m"caption-section-analysis-Test-1759343132153"[39m
        [33mitemscope[39m=[32m""[39m
        [33mitemtype[39m=[32m"https://schema.org/TechArticle"[39m
        [33mrole[39m=[32m"region"[39m
        [33mtabindex[39m=[32m"0"[39m
      [36m/>[39m

      --------------------------------------------------
      status:

      Name "":
      [36m<div[39m
        [33maria-atomic[39m=[32m"true"[39m
        [33maria-live[39m=[32m"polite"[39m
        [33mclass[39m=[32m"sr-only"[39m
        [33mid[39m=[32m"caption-announcements-analysis-Test-1759343132153"[39m
        [33mrole[39m=[32m"status"[39m
      [36m/>[39m

      --------------------------------------------------
      banner:

      Name "":
      [36m<header />[39m

      Name "Material Properties - Test":
      [36m<header[39m
        [33maria-labelledby[39m=[32m"section-header-material-properties---test-yf9ml5"[39m
        [33mclass[39m=[32m"header-wrapper w-full "[39m
        [33mdata-header-level[39m=[32m"section"[39m
        [33mdata-priority[39m=[32m"medium"[39m
        [33mdata-search-keywords[39m=[32m""[39m
      [36m/>[39m

      --------------------------------------------------
      heading:

      Name "Material Properties - Test":
      [36m<h2[39m
        [33maria-level[39m=[32m"2"[39m
        [33mclass[39m=[32m"font-semibold text-white transition-all duration-200 ease-in-out focus:outline-none focus:ring-2 focus:ring-blue-500 focus:ring-offset-2 focus:ring-offset-gray-900 text-2xl font-bold mb-4 text-gray-100 text-left priority-medium text-xl font-bold text-white mb-4"[39m
        [33mdata-testid[39m=[32m"header-section"[39m
        [33mid[39m=[32m"section-header-material-properties---test-yf9ml5"[39m
        [33mrole[39m=[32m"heading"[39m
        [33mtabindex[39m=[32m"-1"[39m
      [36m/>[39m

      --------------------------------------------------
      img:

      Name "":
      [36m<figure[39m
        [33maria-describedby[39m=[32m"caption-image-analysis-Test-1759343132153"[39m
        [33maria-labelledby[39m=[32m"caption-title-analysis-Test-1759343132153"[39m
        [33mclass[39m=[32m"caption-container"[39m
        [33mitemscope[39m=[32m""[39m
        [33mitemtype[39m=[32m"https://schema.org/ImageObject"[39m
        [33mrole[39m=[32m"img"[39m
      [36m/>[39m

      Name "Z-Beam company logo":
      [36m<img[39m
        [33malt[39m=[32m"Z-Beam company logo"[39m
        [33mclass[39m=[32m"opacity-30 object-contain"[39m
        [33mheight[39m=[32m"72"[39m
        [33msrc[39m=[32m"/images/Site/Logo/logo_.png"[39m
        [33mwidth[39m=[32m"120"[39m
      [36m/>[39m

      --------------------------------------------------
      group:

      Name "":
      [36m<figcaption[39m
        [33maria-labelledby[39m=[32m"caption-title-analysis-Test-1759343132153"[39m
        [33mclass[39m=[32m"mt-4 pb-4 mb-2 text-sm max-w-none"[39m
        [33mrole[39m=[32m"group"[39m
      [36m/>[39m

      --------------------------------------------------

    Ignored nodes: comments, script, style
    [36m<body>[39m
      [36m<div>[39m
        [36m<section[39m
          [33maria-describedby[39m=[32m"caption-desc-analysis-Test-1759343132153 caption-announcements-analysis-Test-1759343132153"[39m
          [33maria-label[39m=[32m"Surface analysis section for Test laser cleaning treatment"[39m
          [33mclass[39m=[32m"enhanced-seo-caption "[39m
          [33mid[39m=[32m"caption-section-analysis-Test-1759343132153"[39m
          [33mitemscope[39m=[32m""[39m
          [33mitemtype[39m=[32m"https://schema.org/TechArticle"[39m
          [33mrole[39m=[32m"region"[39m
          [33mtabindex[39m=[32m"0"[39m
        [36m>[39m
          [36m<div[39m
            [33maria-atomic[39m=[32m"true"[39m
            [33maria-live[39m=[32m"polite"[39m
            [33mclass[39m=[32m"sr-only"[39m
            [33mid[39m=[32m"caption-announcements-analysis-Test-1759343132153"[39m
            [33mrole[39m=[32m"status"[39m
          [36m/>[39m
          [36m<div[39m
            [33mclass[39m=[32m"sr-only"[39m
            [33mid[39m=[32m"caption-desc-analysis-Test-1759343132153"[39m
          [36m>[39m
            [0mInteractive Test laser cleaning analysis with quality metrics overlay. Use arrow keys to navigate metrics, Enter to toggle expansion, Escape to return focus.[0m
          [36m</div>[39m
          [36m<div[39m
            [33mclass[39m=[32m"mb-8"[39m
          [36m>[39m
            [36m<header>[39m
              [36m<header[39m
                [33maria-labelledby[39m=[32m"section-header-material-properties---test-yf9ml5"[39m
                [33mclass[39m=[32m"header-wrapper w-full "[39m
                [33mdata-header-level[39m=[32m"section"[39m
                [33mdata-priority[39m=[32m"medium"[39m
                [33mdata-search-keywords[39m=[32m""[39m
              [36m>[39m
                [36m<h2[39m
                  [33maria-level[39m=[32m"2"[39m
                  [33mclass[39m=[32m"font-semibold text-white transition-all duration-200 ease-in-out focus:outline-none focus:ring-2 focus:ring-blue-500 focus:ring-offset-2 focus:ring-offset-gray-900 text-2xl font-bold mb-4 text-gray-100 text-left priority-medium text-xl font-bold text-white mb-4"[39m
                  [33mdata-testid[39m=[32m"header-section"[39m
                  [33mid[39m=[32m"section-header-material-properties---test-yf9ml5"[39m
                  [33mrole[39m=[32m"heading"[39m
                  [33mtabindex[39m=[32m"-1"[39m
                [36m>[39m
                  [0mMaterial Properties - Test[0m
                [36m</h2>[39m
              [36m</header>[39m
            [36m</header>[39m
            [36m<figure[39m
              [33maria-describedby[39m=[32m"caption-image-analysis-Test-1759343132153"[39m
              [33maria-labelledby[39m=[32m"caption-title-analysis-Test-1759343132153"[39m
              [33mclass[39m=[32m"caption-container"[39m
              [33mitemscope[39m=[32m""[39m
              [33mitemtype[39m=[32m"https://schema.org/ImageObject"[39m
              [33mrole[39m=[32m"img"[39m
            [36m>[39m
              [36m<div[39m
                [33mclass[39m=[32m"sr-only"[39m
                [33mid[39m=[32m"caption-image-analysis-Test-1759343132153"[39m
              [36m>[39m
                [0mNo image available for Test surface analysis[0m
              [36m</div>[39m
              [36m<div[39m
                [33maria-label[39m=[32m"No surface analysis image available"[39m
                [33mclass[39m=[32m"w-full h-[300px] md:h-[400px] flex items-center justify-center bg-gray-600 rounded-lg"[39m
              [36m>[39m
                [36m<img[39m
                  [33malt[39m=[32m"Z-Beam company logo"[39m
                  [33mclass[39m=[32m"opacity-30 object-contain"[39m
                  [33mheight[39m=[32m"72"[39m
                  [33msrc[39m=[32m"/images/Site/Logo/logo_.png"[39m
                  [33mwidth[39m=[32m"120"[39m
                [36m/>[39m
              [36m</div>[39m
              [36m<figcaption[39m
                [33maria-labelledby[39m=[32m"caption-title-analysis-Test-1759343132153"[39m
                [33mclass[39m=[32m"mt-4 pb-4 mb-2 text-sm max-w-none"[39m
                [33mrole[39m=[32m"group"[39m
              [36m/>[39m
            [36m</figure>[39m
          [36m</div>[39m
        [36m</section>[39m
      [36m</div>[39m
    [36m</body>[39m

      397 |       
      398 |       // All metrics should be accessible
    > 399 |       const metricArticles = screen.getAllByRole('article');
          |                                     ^
      400 |       expect(metricArticles).toHaveLength(50);
      401 |       
      402 |       const metricItems = screen.getAllByRole('listitem');

      at Object.getElementError (node_modules/@testing-library/dom/dist/config.js:37:19)
      at node_modules/@testing-library/dom/dist/query-helpers.js:76:38
      at node_modules/@testing-library/dom/dist/query-helpers.js:109:15
      at Object.getAllByRole (tests/accessibility/Caption.comprehensive.test.tsx:399:37)

FAIL tests/components/Layout.test.tsx
  ● Layout Component › Regular Page Layout › should render basic page layout with title and description

    TestingLibraryElementError: Unable to find an element with the text: Test page description. This could be because the text is broken up by multiple elements. In this case, you can provide a function for your text matcher to make your matcher more flexible.

    Ignored nodes: comments, script, style
    [36m<body>[39m
      [36m<div>[39m
        [36m<main[39m
          [33mclass[39m=[32m"max-w-7xl mx-auto px-4 sm:px-6 lg:px-8"[39m
          [33mid[39m=[32m"main-content"[39m
          [33mrole[39m=[32m"main"[39m
        [36m>[39m
          [36m<div[39m
            [33mclass[39m=[32m"mb-8"[39m
          [36m>[39m
            [36m<header[39m
              [33maria-labelledby[39m=[32m"page-header-test-page-cn7rdp"[39m
              [33mclass[39m=[32m"header-wrapper w-full "[39m
              [33mdata-header-level[39m=[32m"page"[39m
              [33mdata-priority[39m=[32m"medium"[39m
              [33mdata-search-keywords[39m=[32m""[39m
            [36m>[39m
              [36m<h1[39m
                [33maria-level[39m=[32m"1"[39m
                [33mclass[39m=[32m"font-semibold text-white transition-all duration-200 ease-in-out focus:outline-none focus:ring-2 focus:ring-blue-500 focus:ring-offset-2 focus:ring-offset-gray-900 text-3xl font-bold mb-6 text-white text-left priority-medium"[39m
                [33mdata-testid[39m=[32m"header-page"[39m
                [33mid[39m=[32m"page-header-test-page-cn7rdp"[39m
                [33mrole[39m=[32m"heading"[39m
                [33mtabindex[39m=[32m"0"[39m
              [36m>[39m
                [0mTest Page[0m
              [36m</h1>[39m
            [36m</header>[39m
          [36m</div>[39m
          [36m<div[39m
            [33mclass[39m=[32m"space-y-6"[39m
          [36m>[39m
            [36m<div[39m
              [33mdata-testid[39m=[32m"page-content"[39m
            [36m>[39m
              [0mPage content[0m
            [36m</div>[39m
          [36m</div>[39m
        [36m</main>[39m
      [36m</div>[39m
    [36m</body>[39m

      109 |       expect(screen.getByRole('main')).toBeInTheDocument();
      110 |       expect(screen.getByText('Test Page')).toBeInTheDocument();
    > 111 |       expect(screen.getByText('Test page description')).toBeInTheDocument();
          |                     ^
      112 |       expect(screen.getByTestId('page-content')).toBeInTheDocument();
      113 |     });
      114 |

      at Object.getElementError (node_modules/@testing-library/dom/dist/config.js:37:19)
      at node_modules/@testing-library/dom/dist/query-helpers.js:76:38
      at node_modules/@testing-library/dom/dist/query-helpers.js:52:17
      at node_modules/@testing-library/dom/dist/query-helpers.js:95:19
      at Object.getByText (tests/components/Layout.test.tsx:111:21)

  ● Layout Component › Article Layout › should render article layout with components

    TestingLibraryElementError: Unable to find an element by: [data-testid="title"]

    Ignored nodes: comments, script, style
    [36m<body>[39m
      [36m<div>[39m
        [36m<main[39m
          [33mclass[39m=[32m"max-w-7xl mx-auto px-4 sm:px-6 lg:px-8"[39m
          [33mid[39m=[32m"main-content"[39m
          [33mrole[39m=[32m"main"[39m
        [36m>[39m
          [36m<div[39m
            [33mclass[39m=[32m"header-section mb-6"[39m
          [36m>[39m
            [36m<div[39m
              [33mdata-testid[39m=[32m"hero"[39m
              [33mdata-theme[39m=[32m"dark"[39m
            [36m>[39m
              [0mHero for [0m
              [0mTest Article[0m
            [36m</div>[39m
            [36m<header[39m
              [33maria-labelledby[39m=[32m"page-header-test-article-rt7jhk"[39m
              [33mclass[39m=[32m"header-wrapper w-full "[39m
              [33mdata-header-level[39m=[32m"page"[39m
              [33mdata-priority[39m=[32m"medium"[39m
              [33mdata-search-keywords[39m=[32m""[39m
            [36m>[39m
              [36m<h1[39m
                [33maria-level[39m=[32m"1"[39m
                [33mclass[39m=[32m"font-semibold text-white transition-all duration-200 ease-in-out focus:outline-none focus:ring-2 focus:ring-blue-500 focus:ring-offset-2 focus:ring-offset-gray-900 text-3xl font-bold mb-6 text-white text-left priority-medium"[39m
                [33mdata-testid[39m=[32m"header-page"[39m
                [33mid[39m=[32m"page-header-test-article-rt7jhk"[39m
                [33mrole[39m=[32m"heading"[39m
                [33mtabindex[39m=[32m"0"[39m
              [36m>[39m
                [0mTest Article[0m
              [36m</h1>[39m
            [36m</header>[39m
            [36m<div[39m
              [33mdata-testid[39m=[32m"author"[39m
            [36m>[39m
              [0mAuthor: [0m
              [0mTest Author[0m
            [36m</div>[39m
          [36m</div>[39m
          [0m        [0m
          [36m<article[39m
            [33mclass[39m=[32m"space-y-8"[39m
            [33mrole[39m=[32m"article"[39m
          [36m>[39m
            [36m<section[39m
              [33maria-label[39m=[32m"Tags and categories"[39m
            [36m>[39m
              [36m<div[39m
                [33mdata-testid[39m=[32m"tags-component"[39m
              [36m>[39m
                [0mTags Component[0m
              [36m</div>[39m
            [36m</section>[39m
          [36m</article>[39m
        [36m</main>[39m
      [36m</div>[39m
    [36m</body>[39m

      181 |       expect(screen.getByRole('article')).toBeInTheDocument();
      182 |       expect(screen.getByTestId('hero')).toBeInTheDocument();
    > 183 |       expect(screen.getByTestId('title')).toBeInTheDocument();
          |                     ^
      184 |       expect(screen.getByTestId('author')).toBeInTheDocument();
      185 |       expect(screen.getByTestId('caption-component')).toBeInTheDocument();
      186 |       expect(screen.getByTestId('tags-component')).toBeInTheDocument();

      at Object.getElementError (node_modules/@testing-library/dom/dist/config.js:37:19)
      at node_modules/@testing-library/dom/dist/query-helpers.js:76:38
      at node_modules/@testing-library/dom/dist/query-helpers.js:52:17
      at node_modules/@testing-library/dom/dist/query-helpers.js:95:19
      at Object.getByTestId (tests/components/Layout.test.tsx:183:21)

FAIL tests/api/routes.test.tsx
  ● Test suite failed to run

    ReferenceError: Request is not defined

       5 |  */
       6 |
    >  7 | import { NextRequest } from 'next/server';
         | ^
       8 |
       9 | jest.mock('../../app/api/search/route', () => ({
      10 |   GET: async (request: NextRequest) => {

      at Object.Request (node_modules/next/src/server/web/spec-extension/request.ts:15:34)
      at Object.<anonymous> (node_modules/next/server.js:2:16)
      at Object.require (tests/api/routes.test.tsx:7:1)

FAIL tests/pages/HomePage.test.tsx
  ● Test suite failed to run

    Jest encountered an unexpected token

    Jest failed to parse a file. This happens e.g. when your code or its dependencies use non-standard JavaScript syntax, or when Jest is not configured to support such syntax.

    Out of the box Jest supports Babel, which will be used to transform your files into valid JS based on your Babel configuration.

    By default "node_modules" folder is ignored by transformers.

    Here's what you can do:
     • If you are trying to use ECMAScript Modules, see https://jestjs.io/docs/ecmascript-modules for how to enable it.
     • If you are trying to use TypeScript, see https://jestjs.io/docs/getting-started#using-typescript
     • To have some of your "node_modules" files transformed, you can specify a custom "transformIgnorePatterns" in your config.
     • If you need a custom transformation, specify a "transform" option in your config.
     • If you simply want to mock your non-JS modules (e.g. binary assets) you can stub them out with the "moduleNameMapper" config option.

    You'll find more details and examples of these config options in the docs:
    https://jestjs.io/docs/configuration
    For information about custom transformations, see:
    https://jestjs.io/docs/code-transformation

    Details:

    SyntaxError: /Users/todddunning/Desktop/Z-Beam/z-beam-test-push/tests/pages/HomePage.test.tsx: Unexpected token (303:3)

      301 |     });
      302 |   });
    > 303 | });
          |    ^

      at constructor (node_modules/@babel/parser/src/parse-error.ts:95:45)
      at TypeScriptParserMixin.toParseError [as raise] (node_modules/@babel/parser/src/tokenizer/index.ts:1503:19)
      at TypeScriptParserMixin.raise [as unexpected] (node_modules/@babel/parser/src/tokenizer/index.ts:1543:16)
      at TypeScriptParserMixin.unexpected (node_modules/@babel/parser/src/parser/expression.ts:1350:16)
      at TypeScriptParserMixin.parseExprAtom (node_modules/@babel/parser/src/plugins/jsx/index.ts:583:22)
      at TypeScriptParserMixin.parseExprAtom [as parseExprSubscripts] (node_modules/@babel/parser/src/parser/expression.ts:734:23)
      at TypeScriptParserMixin.parseExprSubscripts [as parseUpdate] (node_modules/@babel/parser/src/parser/expression.ts:713:21)
      at TypeScriptParserMixin.parseUpdate (node_modules/@babel/parser/src/parser/expression.ts:675:23)
      at TypeScriptParserMixin.parseMaybeUnary (node_modules/@babel/parser/src/plugins/typescript/index.ts:3855:20)
      at TypeScriptParserMixin.parseMaybeUnary [as parseMaybeUnaryOrPrivate] (node_modules/@babel/parser/src/parser/expression.ts:409:14)
      at TypeScriptParserMixin.parseMaybeUnaryOrPrivate [as parseExprOps] (node_modules/@babel/parser/src/parser/expression.ts:421:23)
      at TypeScriptParserMixin.parseExprOps [as parseMaybeConditional] (node_modules/@babel/parser/src/parser/expression.ts:376:23)
      at TypeScriptParserMixin.parseMaybeConditional (node_modules/@babel/parser/src/parser/expression.ts:301:21)
      at TypeScriptParserMixin.parseMaybeAssign (node_modules/@babel/parser/src/plugins/typescript/index.ts:3727:22)
      at TypeScriptParserMixin.parseMaybeAssign [as parseExpressionBase] (node_modules/@babel/parser/src/parser/expression.ts:226:23)
      at parseExpressionBase (node_modules/@babel/parser/src/parser/expression.ts:217:39)
      at TypeScriptParserMixin.callback [as allowInAnd] (node_modules/@babel/parser/src/parser/expression.ts:3187:16)
      at TypeScriptParserMixin.allowInAnd [as parseExpression] (node_modules/@babel/parser/src/parser/expression.ts:217:17)
      at TypeScriptParserMixin.parseExpression (node_modules/@babel/parser/src/parser/statement.ts:683:23)
      at TypeScriptParserMixin.parseStatementContent (node_modules/@babel/parser/src/plugins/typescript/index.ts:3185:20)
      at TypeScriptParserMixin.parseStatementContent [as parseStatementLike] (node_modules/@babel/parser/src/parser/statement.ts:477:17)
      at TypeScriptParserMixin.parseStatementLike [as parseStatementListItem] (node_modules/@babel/parser/src/parser/statement.ts:426:17)
      at TypeScriptParserMixin.parseStatementListItem [as parseBlockOrModuleBlockBody] (node_modules/@babel/parser/src/parser/statement.ts:1439:16)
      at TypeScriptParserMixin.parseBlockOrModuleBlockBody [as parseBlockBody] (node_modules/@babel/parser/src/parser/statement.ts:1412:10)
      at TypeScriptParserMixin.parseBlockBody [as parseBlock] (node_modules/@babel/parser/src/parser/statement.ts:1380:10)
      at TypeScriptParserMixin.parseBlock [as parseFunctionBody] (node_modules/@babel/parser/src/parser/expression.ts:2616:24)
      at TypeScriptParserMixin.parseFunctionBody [as parseArrowExpression] (node_modules/@babel/parser/src/parser/expression.ts:2553:10)
      at TypeScriptParserMixin.parseArrowExpression [as parseParenAndDistinguishExpression] (node_modules/@babel/parser/src/parser/expression.ts:1837:12)
      at TypeScriptParserMixin.parseParenAndDistinguishExpression (node_modules/@babel/parser/src/parser/expression.ts:1162:21)
      at TypeScriptParserMixin.parseExprAtom (node_modules/@babel/parser/src/plugins/jsx/index.ts:583:22)
      at TypeScriptParserMixin.parseExprAtom [as parseExprSubscripts] (node_modules/@babel/parser/src/parser/expression.ts:734:23)
      at TypeScriptParserMixin.parseExprSubscripts [as parseUpdate] (node_modules/@babel/parser/src/parser/expression.ts:713:21)
      at TypeScriptParserMixin.parseUpdate (node_modules/@babel/parser/src/parser/expression.ts:675:23)
      at TypeScriptParserMixin.parseMaybeUnary (node_modules/@babel/parser/src/plugins/typescript/index.ts:3855:20)
      at TypeScriptParserMixin.parseMaybeUnary [as parseMaybeUnaryOrPrivate] (node_modules/@babel/parser/src/parser/expression.ts:409:14)
      at TypeScriptParserMixin.parseMaybeUnaryOrPrivate [as parseExprOps] (node_modules/@babel/parser/src/parser/expression.ts:421:23)
      at TypeScriptParserMixin.parseExprOps [as parseMaybeConditional] (node_modules/@babel/parser/src/parser/expression.ts:376:23)
      at TypeScriptParserMixin.parseMaybeConditional (node_modules/@babel/parser/src/parser/expression.ts:301:21)
      at TypeScriptParserMixin.parseMaybeAssign (node_modules/@babel/parser/src/plugins/typescript/index.ts:3727:22)
      at parseMaybeAssign (node_modules/@babel/parser/src/parser/expression.ts:257:12)
      at TypeScriptParserMixin.callback [as allowInAnd] (node_modules/@babel/parser/src/parser/expression.ts:3192:12)
      at TypeScriptParserMixin.allowInAnd [as parseMaybeAssignAllowIn] (node_modules/@babel/parser/src/parser/expression.ts:256:17)
      at TypeScriptParserMixin.parseMaybeAssignAllowIn [as parseMaybeAssignAllowInOrVoidPattern] (node_modules/@babel/parser/src/parser/expression.ts:3306:17)
      at TypeScriptParserMixin.parseMaybeAssignAllowInOrVoidPattern [as parseExprListItem] (node_modules/@babel/parser/src/parser/expression.ts:2788:18)
      at TypeScriptParserMixin.parseExprListItem [as parseCallExpressionArguments] (node_modules/@babel/parser/src/parser/expression.ts:1034:14)
      at TypeScriptParserMixin.parseCallExpressionArguments [as parseCoverCallAndAsyncArrowHead] (node_modules/@babel/parser/src/parser/expression.ts:914:29)
      at TypeScriptParserMixin.parseCoverCallAndAsyncArrowHead (node_modules/@babel/parser/src/parser/expression.ts:796:19)
      at TypeScriptParserMixin.parseSubscript (node_modules/@babel/parser/src/plugins/typescript/index.ts:2850:20)
      at TypeScriptParserMixin.parseSubscript [as parseSubscripts] (node_modules/@babel/parser/src/parser/expression.ts:755:19)
      at TypeScriptParserMixin.parseSubscripts [as parseExprSubscripts] (node_modules/@babel/parser/src/parser/expression.ts:740:17)
      at TypeScriptParserMixin.parseExprSubscripts [as parseUpdate] (node_modules/@babel/parser/src/parser/expression.ts:713:21)
      at TypeScriptParserMixin.parseUpdate (node_modules/@babel/parser/src/parser/expression.ts:675:23)
      at TypeScriptParserMixin.parseMaybeUnary (node_modules/@babel/parser/src/plugins/typescript/index.ts:3855:20)
      at TypeScriptParserMixin.parseMaybeUnary [as parseMaybeUnaryOrPrivate] (node_modules/@babel/parser/src/parser/expression.ts:409:14)
      at TypeScriptParserMixin.parseMaybeUnaryOrPrivate [as parseExprOps] (node_modules/@babel/parser/src/parser/expression.ts:421:23)
      at TypeScriptParserMixin.parseExprOps [as parseMaybeConditional] (node_modules/@babel/parser/src/parser/expression.ts:376:23)
      at TypeScriptParserMixin.parseMaybeConditional (node_modules/@babel/parser/src/parser/expression.ts:301:21)
      at TypeScriptParserMixin.parseMaybeAssign (node_modules/@babel/parser/src/plugins/typescript/index.ts:3727:22)
      at TypeScriptParserMixin.parseMaybeAssign [as parseExpressionBase] (node_modules/@babel/parser/src/parser/expression.ts:226:23)
      at parseExpressionBase (node_modules/@babel/parser/src/parser/expression.ts:217:39)
      at TypeScriptParserMixin.callback [as allowInAnd] (node_modules/@babel/parser/src/parser/expression.ts:3187:16)
      at TypeScriptParserMixin.allowInAnd [as parseExpression] (node_modules/@babel/parser/src/parser/expression.ts:217:17)
      at TypeScriptParserMixin.parseExpression (node_modules/@babel/parser/src/parser/statement.ts:683:23)
      at TypeScriptParserMixin.parseStatementContent (node_modules/@babel/parser/src/plugins/typescript/index.ts:3185:20)
      at TypeScriptParserMixin.parseStatementContent [as parseStatementLike] (node_modules/@babel/parser/src/parser/statement.ts:477:17)
      at TypeScriptParserMixin.parseStatementLike [as parseModuleItem] (node_modules/@babel/parser/src/parser/statement.ts:414:17)
      at TypeScriptParserMixin.parseModuleItem [as parseBlockOrModuleBlockBody] (node_modules/@babel/parser/src/parser/statement.ts:1438:16)
      at TypeScriptParserMixin.parseBlockOrModuleBlockBody [as parseBlockBody] (node_modules/@babel/parser/src/parser/statement.ts:1412:10)
      at TypeScriptParserMixin.parseBlockBody [as parseProgram] (node_modules/@babel/parser/src/parser/statement.ts:229:10)
      at TypeScriptParserMixin.parseProgram [as parseTopLevel] (node_modules/@babel/parser/src/parser/statement.ts:203:25)
      at TypeScriptParserMixin.parseTopLevel (node_modules/@babel/parser/src/parser/index.ts:93:10)
      at TypeScriptParserMixin.parse (node_modules/@babel/parser/src/plugins/typescript/index.ts:4309:20)
      at parse (node_modules/@babel/parser/src/index.ts:54:26)
      at parser (node_modules/@babel/core/src/parser/index.ts:28:19)
          at parser.next (<anonymous>)
      at normalizeFile (node_modules/@babel/core/src/transformation/normalize-file.ts:49:24)
          at normalizeFile.next (<anonymous>)
      at run (node_modules/@babel/core/src/transformation/index.ts:40:36)
          at run.next (<anonymous>)
      at transform (node_modules/@babel/core/src/transform.ts:29:20)
          at transform.next (<anonymous>)
      at evaluateSync (node_modules/gensync/index.js:251:28)
      at sync (node_modules/gensync/index.js:89:14)
      at fn (node_modules/@babel/core/src/errors/rewrite-stack-trace.ts:99:14)
      at transformSync (node_modules/@babel/core/src/transform.ts:66:52)
      at ScriptTransformer.transformSource (node_modules/@jest/transform/build/index.js:422:31)
      at ScriptTransformer._transformAndBuildScript (node_modules/@jest/transform/build/index.js:519:40)
      at ScriptTransformer.transform (node_modules/@jest/transform/build/index.js:558:19)


Test Suites: 19 failed, 1 skipped, 39 passed, 58 of 59 total
Tests:       67 failed, 19 skipped, 975 passed, 1061 total
Snapshots:   0 total
Time:        8.184 s
Ran all test suites in 2 projects.
